http: panic serving 127.0.0.1:48942: template: index.html:3:5: executing "content" at <ne .data.upcomingCon...>: error calling ne: invalid type for comparison
goroutine 108 [running]:
net/http.(*conn).serve.func1(0xc000228320)
	/usr/local/go/src/net/http/server.go:1746 +0xd0
panic(0xb736c0, 0xc0002e2ee0)
	/usr/local/go/src/runtime/panic.go:513 +0x1b9
github.com/gin-gonic/gin.(*Context).Render(0xc0002ea8f0, 0xc8, 0xce5bc0, 0xc0001e79e0)
	/home/dev/go/src/github.com/gin-gonic/gin/context.go:725 +0x160
github.com/gin-gonic/gin.(*Context).HTML(0xc0002ea8f0, 0xc8, 0xc10c4a, 0x5, 0x0, 0x0)
	/home/dev/go/src/github.com/gin-gonic/gin/context.go:734 +0x93
_/mnt/CC9EDBF69EDBD6D4/Development_World/Backup_22-4-18/Projects/Interni/Programming_Contest_Management_Platform/app/views.Render(0xc0002ea8f0, 0xc10c4a, 0x5, 0xc0001ffad0)
	/mnt/CC9EDBF69EDBD6D4/Development World/Backup 22-4-18/Projects/Interni/Programming Contest Management Platform/app/views/views.go:49 +0x2f3
_/mnt/CC9EDBF69EDBD6D4/Development_World/Backup_22-4-18/Projects/Interni/Programming_Contest_Management_Platform/app/controllers.Index(0xc0002ea8f0)
	/mnt/CC9EDBF69EDBD6D4/Development World/Backup 22-4-18/Projects/Interni/Programming Contest Management Platform/app/controllers/common.controllers.go:12 +0x1a0
github.com/gin-gonic/gin.(*Context).Next(0xc0002ea8f0)
	/home/dev/go/src/github.com/gin-gonic/gin/context.go:108 +0x43
github.com/gin-contrib/sessions.Sessions.func1(0xc0002ea8f0)
	/home/dev/go/src/github.com/gin-contrib/sessions/sessions.go:65 +0x19f
github.com/gin-gonic/gin.(*Context).Next(0xc0002ea8f0)
	/home/dev/go/src/github.com/gin-gonic/gin/context.go:108 +0x43
github.com/gin-gonic/gin.LoggerWithWriter.func1(0xc0002ea8f0)
	/home/dev/go/src/github.com/gin-gonic/gin/logger.go:84 +0xd2
github.com/gin-gonic/gin.(*Context).Next(0xc0002ea8f0)
	/home/dev/go/src/github.com/gin-gonic/gin/context.go:108 +0x43
github.com/gin-gonic/gin.(*Engine).handleHTTPRequest(0xc000418900, 0xc0002ea8f0)
	/home/dev/go/src/github.com/gin-gonic/gin/gin.go:363 +0x5ab
github.com/gin-gonic/gin.(*Engine).ServeHTTP(0xc000418900, 0xce6b40, 0xc000034380, 0xc0002d8900)
	/home/dev/go/src/github.com/gin-gonic/gin/gin.go:328 +0x132
net/http.serverHandler.ServeHTTP(0xc0000d7ee0, 0xce6b40, 0xc000034380, 0xc0002d8900)
	/usr/local/go/src/net/http/server.go:2741 +0xab
net/http.(*conn).serve(0xc000228320, 0xce7680, 0xc000204e40)
	/usr/local/go/src/net/http/server.go:1847 +0x646
created by net/http.(*Server).Serve
	/usr/local/go/src/net/http/server.go:2851 +0x2f5
http: panic serving 127.0.0.1:48944: template: index.html:3:5: executing "content" at <ne .data.upcomingCon...>: error calling ne: invalid type for comparison
goroutine 72 [running]:
net/http.(*conn).serve.func1(0xc0000ce820)
	/usr/local/go/src/net/http/server.go:1746 +0xd0
panic(0xb736c0, 0xc0005aca60)
	/usr/local/go/src/runtime/panic.go:513 +0x1b9
github.com/gin-gonic/gin.(*Context).Render(0xc00011c2c0, 0xc8, 0xce5bc0, 0xc000579b00)
	/home/dev/go/src/github.com/gin-gonic/gin/context.go:725 +0x160
github.com/gin-gonic/gin.(*Context).HTML(0xc00011c2c0, 0xc8, 0xc10c4a, 0x5, 0x0, 0x0)
	/home/dev/go/src/github.com/gin-gonic/gin/context.go:734 +0x93
_/mnt/CC9EDBF69EDBD6D4/Development_World/Backup_22-4-18/Projects/Interni/Programming_Contest_Management_Platform/app/views.Render(0xc00011c2c0, 0xc10c4a, 0x5, 0xc000578660)
	/mnt/CC9EDBF69EDBD6D4/Development World/Backup 22-4-18/Projects/Interni/Programming Contest Management Platform/app/views/views.go:49 +0x2f3
_/mnt/CC9EDBF69EDBD6D4/Development_World/Backup_22-4-18/Projects/Interni/Programming_Contest_Management_Platform/app/controllers.Index(0xc00011c2c0)
	/mnt/CC9EDBF69EDBD6D4/Development World/Backup 22-4-18/Projects/Interni/Programming Contest Management Platform/app/controllers/common.controllers.go:12 +0x1a0
github.com/gin-gonic/gin.(*Context).Next(0xc00011c2c0)
	/home/dev/go/src/github.com/gin-gonic/gin/context.go:108 +0x43
github.com/gin-contrib/sessions.Sessions.func1(0xc00011c2c0)
	/home/dev/go/src/github.com/gin-contrib/sessions/sessions.go:65 +0x19f
github.com/gin-gonic/gin.(*Context).Next(0xc00011c2c0)
	/home/dev/go/src/github.com/gin-gonic/gin/context.go:108 +0x43
github.com/gin-gonic/gin.LoggerWithWriter.func1(0xc00011c2c0)
	/home/dev/go/src/github.com/gin-gonic/gin/logger.go:84 +0xd2
github.com/gin-gonic/gin.(*Context).Next(0xc00011c2c0)
	/home/dev/go/src/github.com/gin-gonic/gin/context.go:108 +0x43
github.com/gin-gonic/gin.(*Engine).handleHTTPRequest(0xc000418900, 0xc00011c2c0)
	/home/dev/go/src/github.com/gin-gonic/gin/gin.go:363 +0x5ab
github.com/gin-gonic/gin.(*Engine).ServeHTTP(0xc000418900, 0xce6b40, 0xc0005a6000, 0xc000168000)
	/home/dev/go/src/github.com/gin-gonic/gin/gin.go:328 +0x132
net/http.serverHandler.ServeHTTP(0xc0000d7ee0, 0xce6b40, 0xc0005a6000, 0xc000168000)
	/usr/local/go/src/net/http/server.go:2741 +0xab
net/http.(*conn).serve(0xc0000ce820, 0xce7680, 0xc0000e20c0)
	/usr/local/go/src/net/http/server.go:1847 +0x646
created by net/http.(*Server).Serve
	/usr/local/go/src/net/http/server.go:2851 +0x2f5
http: panic serving 127.0.0.1:48946: template: index.html:3:5: executing "content" at <ne .data.upcomingCon...>: error calling ne: invalid type for comparison
goroutine 43 [running]:
net/http.(*conn).serve.func1(0xc000252000)
	/usr/local/go/src/net/http/server.go:1746 +0xd0
panic(0xb736c0, 0xc0002e3360)
	/usr/local/go/src/runtime/panic.go:513 +0x1b9
github.com/gin-gonic/gin.(*Context).Render(0xc00011c840, 0xc8, 0xce5bc0, 0xc0000d5380)
	/home/dev/go/src/github.com/gin-gonic/gin/context.go:725 +0x160
github.com/gin-gonic/gin.(*Context).HTML(0xc00011c840, 0xc8, 0xc10c4a, 0x5, 0x0, 0x0)
	/home/dev/go/src/github.com/gin-gonic/gin/context.go:734 +0x93
_/mnt/CC9EDBF69EDBD6D4/Development_World/Backup_22-4-18/Projects/Interni/Programming_Contest_Management_Platform/app/views.Render(0xc00011c840, 0xc10c4a, 0x5, 0xc0005ca780)
	/mnt/CC9EDBF69EDBD6D4/Development World/Backup 22-4-18/Projects/Interni/Programming Contest Management Platform/app/views/views.go:49 +0x2f3
_/mnt/CC9EDBF69EDBD6D4/Development_World/Backup_22-4-18/Projects/Interni/Programming_Contest_Management_Platform/app/controllers.Index(0xc00011c840)
	/mnt/CC9EDBF69EDBD6D4/Development World/Backup 22-4-18/Projects/Interni/Programming Contest Management Platform/app/controllers/common.controllers.go:12 +0x1a0
github.com/gin-gonic/gin.(*Context).Next(0xc00011c840)
	/home/dev/go/src/github.com/gin-gonic/gin/context.go:108 +0x43
github.com/gin-contrib/sessions.Sessions.func1(0xc00011c840)
	/home/dev/go/src/github.com/gin-contrib/sessions/sessions.go:65 +0x19f
github.com/gin-gonic/gin.(*Context).Next(0xc00011c840)
	/home/dev/go/src/github.com/gin-gonic/gin/context.go:108 +0x43
github.com/gin-gonic/gin.LoggerWithWriter.func1(0xc00011c840)
	/home/dev/go/src/github.com/gin-gonic/gin/logger.go:84 +0xd2
github.com/gin-gonic/gin.(*Context).Next(0xc00011c840)
	/home/dev/go/src/github.com/gin-gonic/gin/context.go:108 +0x43
github.com/gin-gonic/gin.(*Engine).handleHTTPRequest(0xc000418900, 0xc00011c840)
	/home/dev/go/src/github.com/gin-gonic/gin/gin.go:363 +0x5ab
github.com/gin-gonic/gin.(*Engine).ServeHTTP(0xc000418900, 0xce6b40, 0xc0005a60e0, 0xc000168500)
	/home/dev/go/src/github.com/gin-gonic/gin/gin.go:328 +0x132
net/http.serverHandler.ServeHTTP(0xc0000d7ee0, 0xce6b40, 0xc0005a60e0, 0xc000168500)
	/usr/local/go/src/net/http/server.go:2741 +0xab
net/http.(*conn).serve(0xc000252000, 0xce7680, 0xc0000e2d00)
	/usr/local/go/src/net/http/server.go:1847 +0x646
created by net/http.(*Server).Serve
	/usr/local/go/src/net/http/server.go:2851 +0x2f5
http: panic serving 127.0.0.1:48948: template: index.html:3:5: executing "content" at <ne .data.upcomingCon...>: error calling ne: invalid type for comparison
goroutine 45 [running]:
net/http.(*conn).serve.func1(0xc000252140)
	/usr/local/go/src/net/http/server.go:1746 +0xd0
panic(0xb736c0, 0xc0002e3980)
	/usr/local/go/src/runtime/panic.go:513 +0x1b9
github.com/gin-gonic/gin.(*Context).Render(0xc000696000, 0xc8, 0xce5bc0, 0xc0005f0bd0)
	/home/dev/go/src/github.com/gin-gonic/gin/context.go:725 +0x160
github.com/gin-gonic/gin.(*Context).HTML(0xc000696000, 0xc8, 0xc10c4a, 0x5, 0x0, 0x0)
	/home/dev/go/src/github.com/gin-gonic/gin/context.go:734 +0x93
_/mnt/CC9EDBF69EDBD6D4/Development_World/Backup_22-4-18/Projects/Interni/Programming_Contest_Management_Platform/app/views.Render(0xc000696000, 0xc10c4a, 0x5, 0xc0005fb290)
	/mnt/CC9EDBF69EDBD6D4/Development World/Backup 22-4-18/Projects/Interni/Programming Contest Management Platform/app/views/views.go:49 +0x2f3
_/mnt/CC9EDBF69EDBD6D4/Development_World/Backup_22-4-18/Projects/Interni/Programming_Contest_Management_Platform/app/controllers.Index(0xc000696000)
	/mnt/CC9EDBF69EDBD6D4/Development World/Backup 22-4-18/Projects/Interni/Programming Contest Management Platform/app/controllers/common.controllers.go:12 +0x1a0
github.com/gin-gonic/gin.(*Context).Next(0xc000696000)
	/home/dev/go/src/github.com/gin-gonic/gin/context.go:108 +0x43
github.com/gin-contrib/sessions.Sessions.func1(0xc000696000)
	/home/dev/go/src/github.com/gin-contrib/sessions/sessions.go:65 +0x19f
github.com/gin-gonic/gin.(*Context).Next(0xc000696000)
	/home/dev/go/src/github.com/gin-gonic/gin/context.go:108 +0x43
github.com/gin-gonic/gin.LoggerWithWriter.func1(0xc000696000)
	/home/dev/go/src/github.com/gin-gonic/gin/logger.go:84 +0xd2
github.com/gin-gonic/gin.(*Context).Next(0xc000696000)
	/home/dev/go/src/github.com/gin-gonic/gin/context.go:108 +0x43
github.com/gin-gonic/gin.(*Engine).handleHTTPRequest(0xc000418900, 0xc000696000)
	/home/dev/go/src/github.com/gin-gonic/gin/gin.go:363 +0x5ab
github.com/gin-gonic/gin.(*Engine).ServeHTTP(0xc000418900, 0xce6b40, 0xc000694000, 0xc000576300)
	/home/dev/go/src/github.com/gin-gonic/gin/gin.go:328 +0x132
net/http.serverHandler.ServeHTTP(0xc0000d7ee0, 0xce6b40, 0xc000694000, 0xc000576300)
	/usr/local/go/src/net/http/server.go:2741 +0xab
net/http.(*conn).serve(0xc000252140, 0xce7680, 0xc0001ee9c0)
	/usr/local/go/src/net/http/server.go:1847 +0x646
created by net/http.(*Server).Serve
	/usr/local/go/src/net/http/server.go:2851 +0x2f5
http: panic serving 127.0.0.1:48950: template: index.html:3:5: executing "content" at <ne .data.upcomingCon...>: error calling ne: invalid type for comparison
goroutine 48 [running]:
net/http.(*conn).serve.func1(0xc0002523c0)
	/usr/local/go/src/net/http/server.go:1746 +0xd0
panic(0xb736c0, 0xc0006ce420)
	/usr/local/go/src/runtime/panic.go:513 +0x1b9
github.com/gin-gonic/gin.(*Context).Render(0xc0002eb600, 0xc8, 0xce5bc0, 0xc0006c8cf0)
	/home/dev/go/src/github.com/gin-gonic/gin/context.go:725 +0x160
github.com/gin-gonic/gin.(*Context).HTML(0xc0002eb600, 0xc8, 0xc10c4a, 0x5, 0x0, 0x0)
	/home/dev/go/src/github.com/gin-gonic/gin/context.go:734 +0x93
_/mnt/CC9EDBF69EDBD6D4/Development_World/Backup_22-4-18/Projects/Interni/Programming_Contest_Management_Platform/app/views.Render(0xc0002eb600, 0xc10c4a, 0x5, 0xc0005f1980)
	/mnt/CC9EDBF69EDBD6D4/Development World/Backup 22-4-18/Projects/Interni/Programming Contest Management Platform/app/views/views.go:49 +0x2f3
_/mnt/CC9EDBF69EDBD6D4/Development_World/Backup_22-4-18/Projects/Interni/Programming_Contest_Management_Platform/app/controllers.Index(0xc0002eb600)
	/mnt/CC9EDBF69EDBD6D4/Development World/Backup 22-4-18/Projects/Interni/Programming Contest Management Platform/app/controllers/common.controllers.go:12 +0x1a0
github.com/gin-gonic/gin.(*Context).Next(0xc0002eb600)
	/home/dev/go/src/github.com/gin-gonic/gin/context.go:108 +0x43
github.com/gin-contrib/sessions.Sessions.func1(0xc0002eb600)
	/home/dev/go/src/github.com/gin-contrib/sessions/sessions.go:65 +0x19f
github.com/gin-gonic/gin.(*Context).Next(0xc0002eb600)
	/home/dev/go/src/github.com/gin-gonic/gin/context.go:108 +0x43
github.com/gin-gonic/gin.LoggerWithWriter.func1(0xc0002eb600)
	/home/dev/go/src/github.com/gin-gonic/gin/logger.go:84 +0xd2
github.com/gin-gonic/gin.(*Context).Next(0xc0002eb600)
	/home/dev/go/src/github.com/gin-gonic/gin/context.go:108 +0x43
github.com/gin-gonic/gin.(*Engine).handleHTTPRequest(0xc000418900, 0xc0002eb600)
	/home/dev/go/src/github.com/gin-gonic/gin/gin.go:363 +0x5ab
github.com/gin-gonic/gin.(*Engine).ServeHTTP(0xc000418900, 0xce6b40, 0xc000034460, 0xc0002d9100)
	/home/dev/go/src/github.com/gin-gonic/gin/gin.go:328 +0x132
net/http.serverHandler.ServeHTTP(0xc0000d7ee0, 0xce6b40, 0xc000034460, 0xc0002d9100)
	/usr/local/go/src/net/http/server.go:2741 +0xab
net/http.(*conn).serve(0xc0002523c0, 0xce7680, 0xc000205fc0)
	/usr/local/go/src/net/http/server.go:1847 +0x646
created by net/http.(*Server).Serve
	/usr/local/go/src/net/http/server.go:2851 +0x2f5
http: panic serving 127.0.0.1:48952: template: index.html:3:5: executing "content" at <ne .data.upcomingCon...>: error calling ne: invalid type for comparison
goroutine 116 [running]:
net/http.(*conn).serve.func1(0xc000229360)
	/usr/local/go/src/net/http/server.go:1746 +0xd0
panic(0xb736c0, 0xc000672c60)
	/usr/local/go/src/runtime/panic.go:513 +0x1b9
github.com/gin-gonic/gin.(*Context).Render(0xc00011cd10, 0xc8, 0xce5bc0, 0xc0006e8660)
	/home/dev/go/src/github.com/gin-gonic/gin/context.go:725 +0x160
github.com/gin-gonic/gin.(*Context).HTML(0xc00011cd10, 0xc8, 0xc10c4a, 0x5, 0x0, 0x0)
	/home/dev/go/src/github.com/gin-gonic/gin/context.go:734 +0x93
_/mnt/CC9EDBF69EDBD6D4/Development_World/Backup_22-4-18/Projects/Interni/Programming_Contest_Management_Platform/app/views.Render(0xc00011cd10, 0xc10c4a, 0x5, 0xc0005cb920)
	/mnt/CC9EDBF69EDBD6D4/Development World/Backup 22-4-18/Projects/Interni/Programming Contest Management Platform/app/views/views.go:49 +0x2f3
_/mnt/CC9EDBF69EDBD6D4/Development_World/Backup_22-4-18/Projects/Interni/Programming_Contest_Management_Platform/app/controllers.Index(0xc00011cd10)
	/mnt/CC9EDBF69EDBD6D4/Development World/Backup 22-4-18/Projects/Interni/Programming Contest Management Platform/app/controllers/common.controllers.go:12 +0x1a0
github.com/gin-gonic/gin.(*Context).Next(0xc00011cd10)
	/home/dev/go/src/github.com/gin-gonic/gin/context.go:108 +0x43
github.com/gin-contrib/sessions.Sessions.func1(0xc00011cd10)
	/home/dev/go/src/github.com/gin-contrib/sessions/sessions.go:65 +0x19f
github.com/gin-gonic/gin.(*Context).Next(0xc00011cd10)
	/home/dev/go/src/github.com/gin-gonic/gin/context.go:108 +0x43
github.com/gin-gonic/gin.LoggerWithWriter.func1(0xc00011cd10)
	/home/dev/go/src/github.com/gin-gonic/gin/logger.go:84 +0xd2
github.com/gin-gonic/gin.(*Context).Next(0xc00011cd10)
	/home/dev/go/src/github.com/gin-gonic/gin/context.go:108 +0x43
github.com/gin-gonic/gin.(*Engine).handleHTTPRequest(0xc000418900, 0xc00011cd10)
	/home/dev/go/src/github.com/gin-gonic/gin/gin.go:363 +0x5ab
github.com/gin-gonic/gin.(*Engine).ServeHTTP(0xc000418900, 0xce6b40, 0xc0005a61c0, 0xc000168900)
	/home/dev/go/src/github.com/gin-gonic/gin/gin.go:328 +0x132
net/http.serverHandler.ServeHTTP(0xc0000d7ee0, 0xce6b40, 0xc0005a61c0, 0xc000168900)
	/usr/local/go/src/net/http/server.go:2741 +0xab
net/http.(*conn).serve(0xc000229360, 0xce7680, 0xc0000e30c0)
	/usr/local/go/src/net/http/server.go:1847 +0x646
created by net/http.(*Server).Serve
	/usr/local/go/src/net/http/server.go:2851 +0x2f5
http: panic serving 127.0.0.1:48954: template: index.html:3:5: executing "content" at <ne .data.upcomingCon...>: error calling ne: invalid type for comparison
goroutine 130 [running]:
net/http.(*conn).serve.func1(0xc000252780)
	/usr/local/go/src/net/http/server.go:1746 +0xd0
panic(0xb736c0, 0xc000673700)
	/usr/local/go/src/runtime/panic.go:513 +0x1b9
github.com/gin-gonic/gin.(*Context).Render(0xc0006964d0, 0xc8, 0xce5bc0, 0xc000712690)
	/home/dev/go/src/github.com/gin-gonic/gin/context.go:725 +0x160
github.com/gin-gonic/gin.(*Context).HTML(0xc0006964d0, 0xc8, 0xc10c4a, 0x5, 0x0, 0x0)
	/home/dev/go/src/github.com/gin-gonic/gin/context.go:734 +0x93
_/mnt/CC9EDBF69EDBD6D4/Development_World/Backup_22-4-18/Projects/Interni/Programming_Contest_Management_Platform/app/views.Render(0xc0006964d0, 0xc10c4a, 0x5, 0xc0006e9320)
	/mnt/CC9EDBF69EDBD6D4/Development World/Backup 22-4-18/Projects/Interni/Programming Contest Management Platform/app/views/views.go:49 +0x2f3
_/mnt/CC9EDBF69EDBD6D4/Development_World/Backup_22-4-18/Projects/Interni/Programming_Contest_Management_Platform/app/controllers.Index(0xc0006964d0)
	/mnt/CC9EDBF69EDBD6D4/Development World/Backup 22-4-18/Projects/Interni/Programming Contest Management Platform/app/controllers/common.controllers.go:12 +0x1a0
github.com/gin-gonic/gin.(*Context).Next(0xc0006964d0)
	/home/dev/go/src/github.com/gin-gonic/gin/context.go:108 +0x43
github.com/gin-contrib/sessions.Sessions.func1(0xc0006964d0)
	/home/dev/go/src/github.com/gin-contrib/sessions/sessions.go:65 +0x19f
github.com/gin-gonic/gin.(*Context).Next(0xc0006964d0)
	/home/dev/go/src/github.com/gin-gonic/gin/context.go:108 +0x43
github.com/gin-gonic/gin.LoggerWithWriter.func1(0xc0006964d0)
	/home/dev/go/src/github.com/gin-gonic/gin/logger.go:84 +0xd2
github.com/gin-gonic/gin.(*Context).Next(0xc0006964d0)
	/home/dev/go/src/github.com/gin-gonic/gin/context.go:108 +0x43
github.com/gin-gonic/gin.(*Engine).handleHTTPRequest(0xc000418900, 0xc0006964d0)
	/home/dev/go/src/github.com/gin-gonic/gin/gin.go:363 +0x5ab
github.com/gin-gonic/gin.(*Engine).ServeHTTP(0xc000418900, 0xce6b40, 0xc0006940e0, 0xc000576900)
	/home/dev/go/src/github.com/gin-gonic/gin/gin.go:328 +0x132
net/http.serverHandler.ServeHTTP(0xc0000d7ee0, 0xce6b40, 0xc0006940e0, 0xc000576900)
	/usr/local/go/src/net/http/server.go:2741 +0xab
net/http.(*conn).serve(0xc000252780, 0xce7680, 0xc0001ef500)
	/usr/local/go/src/net/http/server.go:1847 +0x646
created by net/http.(*Server).Serve
	/usr/local/go/src/net/http/server.go:2851 +0x2f5
http: panic serving 127.0.0.1:48956: template: index.html:3:5: executing "content" at <ne .data.upcomingCon...>: error calling ne: invalid type for comparison
goroutine 134 [running]:
net/http.(*conn).serve.func1(0xc000252c80)
	/usr/local/go/src/net/http/server.go:1746 +0xd0
panic(0xb736c0, 0xc00072e1a0)
	/usr/local/go/src/runtime/panic.go:513 +0x1b9
github.com/gin-gonic/gin.(*Context).Render(0xc0006969a0, 0xc8, 0xce5bc0, 0xc00072a6c0)
	/home/dev/go/src/github.com/gin-gonic/gin/context.go:725 +0x160
github.com/gin-gonic/gin.(*Context).HTML(0xc0006969a0, 0xc8, 0xc10c4a, 0x5, 0x0, 0x0)
	/home/dev/go/src/github.com/gin-gonic/gin/context.go:734 +0x93
_/mnt/CC9EDBF69EDBD6D4/Development_World/Backup_22-4-18/Projects/Interni/Programming_Contest_Management_Platform/app/views.Render(0xc0006969a0, 0xc10c4a, 0x5, 0xc000713350)
	/mnt/CC9EDBF69EDBD6D4/Development World/Backup 22-4-18/Projects/Interni/Programming Contest Management Platform/app/views/views.go:49 +0x2f3
_/mnt/CC9EDBF69EDBD6D4/Development_World/Backup_22-4-18/Projects/Interni/Programming_Contest_Management_Platform/app/controllers.Index(0xc0006969a0)
	/mnt/CC9EDBF69EDBD6D4/Development World/Backup 22-4-18/Projects/Interni/Programming Contest Management Platform/app/controllers/common.controllers.go:12 +0x1a0
github.com/gin-gonic/gin.(*Context).Next(0xc0006969a0)
	/home/dev/go/src/github.com/gin-gonic/gin/context.go:108 +0x43
github.com/gin-contrib/sessions.Sessions.func1(0xc0006969a0)
	/home/dev/go/src/github.com/gin-contrib/sessions/sessions.go:65 +0x19f
github.com/gin-gonic/gin.(*Context).Next(0xc0006969a0)
	/home/dev/go/src/github.com/gin-gonic/gin/context.go:108 +0x43
github.com/gin-gonic/gin.LoggerWithWriter.func1(0xc0006969a0)
	/home/dev/go/src/github.com/gin-gonic/gin/logger.go:84 +0xd2
github.com/gin-gonic/gin.(*Context).Next(0xc0006969a0)
	/home/dev/go/src/github.com/gin-gonic/gin/context.go:108 +0x43
github.com/gin-gonic/gin.(*Engine).handleHTTPRequest(0xc000418900, 0xc0006969a0)
	/home/dev/go/src/github.com/gin-gonic/gin/gin.go:363 +0x5ab
github.com/gin-gonic/gin.(*Engine).ServeHTTP(0xc000418900, 0xce6b40, 0xc0006941c0, 0xc000576e00)
	/home/dev/go/src/github.com/gin-gonic/gin/gin.go:328 +0x132
net/http.serverHandler.ServeHTTP(0xc0000d7ee0, 0xce6b40, 0xc0006941c0, 0xc000576e00)
	/usr/local/go/src/net/http/server.go:2741 +0xab
net/http.(*conn).serve(0xc000252c80, 0xce7680, 0xc0001efec0)
	/usr/local/go/src/net/http/server.go:1847 +0x646
created by net/http.(*Server).Serve
	/usr/local/go/src/net/http/server.go:2851 +0x2f5
http: panic serving 127.0.0.1:48958: template: index.html:3:5: executing "content" at <ne .data.upcomingCon...>: error calling ne: invalid type for comparison
goroutine 138 [running]:
net/http.(*conn).serve.func1(0xc000253180)
	/usr/local/go/src/net/http/server.go:1746 +0xd0
panic(0xb736c0, 0xc0005ad880)
	/usr/local/go/src/runtime/panic.go:513 +0x1b9
github.com/gin-gonic/gin.(*Context).Render(0xc000696e70, 0xc8, 0xce5bc0, 0xc0006e6810)
	/home/dev/go/src/github.com/gin-gonic/gin/context.go:725 +0x160
github.com/gin-gonic/gin.(*Context).HTML(0xc000696e70, 0xc8, 0xc10c4a, 0x5, 0x0, 0x0)
	/home/dev/go/src/github.com/gin-gonic/gin/context.go:734 +0x93
_/mnt/CC9EDBF69EDBD6D4/Development_World/Backup_22-4-18/Projects/Interni/Programming_Contest_Management_Platform/app/views.Render(0xc000696e70, 0xc10c4a, 0x5, 0xc00072b380)
	/mnt/CC9EDBF69EDBD6D4/Development World/Backup 22-4-18/Projects/Interni/Programming Contest Management Platform/app/views/views.go:49 +0x2f3
_/mnt/CC9EDBF69EDBD6D4/Development_World/Backup_22-4-18/Projects/Interni/Programming_Contest_Management_Platform/app/controllers.Index(0xc000696e70)
	/mnt/CC9EDBF69EDBD6D4/Development World/Backup 22-4-18/Projects/Interni/Programming Contest Management Platform/app/controllers/common.controllers.go:12 +0x1a0
github.com/gin-gonic/gin.(*Context).Next(0xc000696e70)
	/home/dev/go/src/github.com/gin-gonic/gin/context.go:108 +0x43
github.com/gin-contrib/sessions.Sessions.func1(0xc000696e70)
	/home/dev/go/src/github.com/gin-contrib/sessions/sessions.go:65 +0x19f
github.com/gin-gonic/gin.(*Context).Next(0xc000696e70)
	/home/dev/go/src/github.com/gin-gonic/gin/context.go:108 +0x43
github.com/gin-gonic/gin.LoggerWithWriter.func1(0xc000696e70)
	/home/dev/go/src/github.com/gin-gonic/gin/logger.go:84 +0xd2
github.com/gin-gonic/gin.(*Context).Next(0xc000696e70)
	/home/dev/go/src/github.com/gin-gonic/gin/context.go:108 +0x43
github.com/gin-gonic/gin.(*Engine).handleHTTPRequest(0xc000418900, 0xc000696e70)
	/home/dev/go/src/github.com/gin-gonic/gin/gin.go:363 +0x5ab
github.com/gin-gonic/gin.(*Engine).ServeHTTP(0xc000418900, 0xce6b40, 0xc0006942a0, 0xc000577300)
	/home/dev/go/src/github.com/gin-gonic/gin/gin.go:328 +0x132
net/http.serverHandler.ServeHTTP(0xc0000d7ee0, 0xce6b40, 0xc0006942a0, 0xc000577300)
	/usr/local/go/src/net/http/server.go:2741 +0xab
net/http.(*conn).serve(0xc000253180, 0xce7680, 0xc0005d2a00)
	/usr/local/go/src/net/http/server.go:1847 +0x646
created by net/http.(*Server).Serve
	/usr/local/go/src/net/http/server.go:2851 +0x2f5
http: panic serving 127.0.0.1:48960: template: index.html:3:5: executing "content" at <ne .data.upcomingCon...>: error calling ne: invalid type for comparison
goroutine 80 [running]:
net/http.(*conn).serve.func1(0xc0000cf180)
	/usr/local/go/src/net/http/server.go:1746 +0xd0
panic(0xb736c0, 0xc0006ceb20)
	/usr/local/go/src/runtime/panic.go:513 +0x1b9
github.com/gin-gonic/gin.(*Context).Render(0xc00011d1e0, 0xc8, 0xce5bc0, 0xc0007602a0)
	/home/dev/go/src/github.com/gin-gonic/gin/context.go:725 +0x160
github.com/gin-gonic/gin.(*Context).HTML(0xc00011d1e0, 0xc8, 0xc10c4a, 0x5, 0x0, 0x0)
	/home/dev/go/src/github.com/gin-gonic/gin/context.go:734 +0x93
_/mnt/CC9EDBF69EDBD6D4/Development_World/Backup_22-4-18/Projects/Interni/Programming_Contest_Management_Platform/app/views.Render(0xc00011d1e0, 0xc10c4a, 0x5, 0xc0006e74d0)
	/mnt/CC9EDBF69EDBD6D4/Development World/Backup 22-4-18/Projects/Interni/Programming Contest Management Platform/app/views/views.go:49 +0x2f3
_/mnt/CC9EDBF69EDBD6D4/Development_World/Backup_22-4-18/Projects/Interni/Programming_Contest_Management_Platform/app/controllers.Index(0xc00011d1e0)
	/mnt/CC9EDBF69EDBD6D4/Development World/Backup 22-4-18/Projects/Interni/Programming Contest Management Platform/app/controllers/common.controllers.go:12 +0x1a0
github.com/gin-gonic/gin.(*Context).Next(0xc00011d1e0)
	/home/dev/go/src/github.com/gin-gonic/gin/context.go:108 +0x43
github.com/gin-contrib/sessions.Sessions.func1(0xc00011d1e0)
	/home/dev/go/src/github.com/gin-contrib/sessions/sessions.go:65 +0x19f
github.com/gin-gonic/gin.(*Context).Next(0xc00011d1e0)
	/home/dev/go/src/github.com/gin-gonic/gin/context.go:108 +0x43
github.com/gin-gonic/gin.LoggerWithWriter.func1(0xc00011d1e0)
	/home/dev/go/src/github.com/gin-gonic/gin/logger.go:84 +0xd2
github.com/gin-gonic/gin.(*Context).Next(0xc00011d1e0)
	/home/dev/go/src/github.com/gin-gonic/gin/context.go:108 +0x43
github.com/gin-gonic/gin.(*Engine).handleHTTPRequest(0xc000418900, 0xc00011d1e0)
	/home/dev/go/src/github.com/gin-gonic/gin/gin.go:363 +0x5ab
github.com/gin-gonic/gin.(*Engine).ServeHTTP(0xc000418900, 0xce6b40, 0xc0005a62a0, 0xc000168c00)
	/home/dev/go/src/github.com/gin-gonic/gin/gin.go:328 +0x132
net/http.serverHandler.ServeHTTP(0xc0000d7ee0, 0xce6b40, 0xc0005a62a0, 0xc000168c00)
	/usr/local/go/src/net/http/server.go:2741 +0xab
net/http.(*conn).serve(0xc0000cf180, 0xce7680, 0xc0002e0880)
	/usr/local/go/src/net/http/server.go:1847 +0x646
created by net/http.(*Server).Serve
	/usr/local/go/src/net/http/server.go:2851 +0x2f5
dial tcp 74.125.24.109:587: connect: connection timed out
EOF
http: panic serving 127.0.0.1:51176: template: index.html:3:5: executing "content" at <ne .data.upcomingCon...>: error calling ne: invalid type for comparison
goroutine 63 [running]:
net/http.(*conn).serve.func1(0xc0000ca1e0)
	/usr/local/go/src/net/http/server.go:1746 +0xd0
panic(0xb73720, 0xc00000d1c0)
	/usr/local/go/src/runtime/panic.go:513 +0x1b9
github.com/gin-gonic/gin.(*Context).Render(0xc0001022c0, 0xc8, 0xce5c60, 0xc0002633e0)
	/home/dev/go/src/github.com/gin-gonic/gin/context.go:725 +0x160
github.com/gin-gonic/gin.(*Context).HTML(0xc0001022c0, 0xc8, 0xc10caa, 0x5, 0x0, 0x0)
	/home/dev/go/src/github.com/gin-gonic/gin/context.go:734 +0x93
_/mnt/CC9EDBF69EDBD6D4/Development_World/Backup_22-4-18/Projects/Interni/Programming_Contest_Management_Platform/app/views.Render(0xc0001022c0, 0xc10caa, 0x5, 0xc000299020)
	/mnt/CC9EDBF69EDBD6D4/Development World/Backup 22-4-18/Projects/Interni/Programming Contest Management Platform/app/views/views.go:49 +0x2f3
_/mnt/CC9EDBF69EDBD6D4/Development_World/Backup_22-4-18/Projects/Interni/Programming_Contest_Management_Platform/app/controllers.Index(0xc0001022c0)
	/mnt/CC9EDBF69EDBD6D4/Development World/Backup 22-4-18/Projects/Interni/Programming Contest Management Platform/app/controllers/common.controllers.go:12 +0x1a0
github.com/gin-gonic/gin.(*Context).Next(0xc0001022c0)
	/home/dev/go/src/github.com/gin-gonic/gin/context.go:108 +0x43
github.com/gin-contrib/sessions.Sessions.func1(0xc0001022c0)
	/home/dev/go/src/github.com/gin-contrib/sessions/sessions.go:65 +0x19f
github.com/gin-gonic/gin.(*Context).Next(0xc0001022c0)
	/home/dev/go/src/github.com/gin-gonic/gin/context.go:108 +0x43
github.com/gin-gonic/gin.LoggerWithWriter.func1(0xc0001022c0)
	/home/dev/go/src/github.com/gin-gonic/gin/logger.go:84 +0xd2
github.com/gin-gonic/gin.(*Context).Next(0xc0001022c0)
	/home/dev/go/src/github.com/gin-gonic/gin/context.go:108 +0x43
github.com/gin-gonic/gin.(*Engine).handleHTTPRequest(0xc0002c0000, 0xc0001022c0)
	/home/dev/go/src/github.com/gin-gonic/gin/gin.go:363 +0x5ab
github.com/gin-gonic/gin.(*Engine).ServeHTTP(0xc0002c0000, 0xce6be0, 0xc0000341c0, 0xc00014e800)
	/home/dev/go/src/github.com/gin-gonic/gin/gin.go:328 +0x132
net/http.serverHandler.ServeHTTP(0xc000554d00, 0xce6be0, 0xc0000341c0, 0xc00014e800)
	/usr/local/go/src/net/http/server.go:2741 +0xab
net/http.(*conn).serve(0xc0000ca1e0, 0xce7720, 0xc0002bc000)
	/usr/local/go/src/net/http/server.go:1847 +0x646
created by net/http.(*Server).Serve
	/usr/local/go/src/net/http/server.go:2851 +0x2f5
http: panic serving 127.0.0.1:51178: template: index.html:3:5: executing "content" at <ne .data.upcomingCon...>: error calling ne: invalid type for comparison
goroutine 85 [running]:
net/http.(*conn).serve.func1(0xc0001b00a0)
	/usr/local/go/src/net/http/server.go:1746 +0xd0
panic(0xb73720, 0xc000260920)
	/usr/local/go/src/runtime/panic.go:513 +0x1b9
github.com/gin-gonic/gin.(*Context).Render(0xc000103c30, 0xc8, 0xce5c60, 0xc0001d59e0)
	/home/dev/go/src/github.com/gin-gonic/gin/context.go:725 +0x160
github.com/gin-gonic/gin.(*Context).HTML(0xc000103c30, 0xc8, 0xc10caa, 0x5, 0x0, 0x0)
	/home/dev/go/src/github.com/gin-gonic/gin/context.go:734 +0x93
_/mnt/CC9EDBF69EDBD6D4/Development_World/Backup_22-4-18/Projects/Interni/Programming_Contest_Management_Platform/app/views.Render(0xc000103c30, 0xc10caa, 0x5, 0xc000229920)
	/mnt/CC9EDBF69EDBD6D4/Development World/Backup 22-4-18/Projects/Interni/Programming Contest Management Platform/app/views/views.go:49 +0x2f3
_/mnt/CC9EDBF69EDBD6D4/Development_World/Backup_22-4-18/Projects/Interni/Programming_Contest_Management_Platform/app/controllers.Index(0xc000103c30)
	/mnt/CC9EDBF69EDBD6D4/Development World/Backup 22-4-18/Projects/Interni/Programming Contest Management Platform/app/controllers/common.controllers.go:12 +0x1a0
github.com/gin-gonic/gin.(*Context).Next(0xc000103c30)
	/home/dev/go/src/github.com/gin-gonic/gin/context.go:108 +0x43
github.com/gin-contrib/sessions.Sessions.func1(0xc000103c30)
	/home/dev/go/src/github.com/gin-contrib/sessions/sessions.go:65 +0x19f
github.com/gin-gonic/gin.(*Context).Next(0xc000103c30)
	/home/dev/go/src/github.com/gin-gonic/gin/context.go:108 +0x43
github.com/gin-gonic/gin.LoggerWithWriter.func1(0xc000103c30)
	/home/dev/go/src/github.com/gin-gonic/gin/logger.go:84 +0xd2
github.com/gin-gonic/gin.(*Context).Next(0xc000103c30)
	/home/dev/go/src/github.com/gin-gonic/gin/context.go:108 +0x43
github.com/gin-gonic/gin.(*Engine).handleHTTPRequest(0xc0002c0000, 0xc000103c30)
	/home/dev/go/src/github.com/gin-gonic/gin/gin.go:363 +0x5ab
github.com/gin-gonic/gin.(*Engine).ServeHTTP(0xc0002c0000, 0xce6be0, 0xc0000342a0, 0xc00014ed00)
	/home/dev/go/src/github.com/gin-gonic/gin/gin.go:328 +0x132
net/http.serverHandler.ServeHTTP(0xc000554d00, 0xce6be0, 0xc0000342a0, 0xc00014ed00)
	/usr/local/go/src/net/http/server.go:2741 +0xab
net/http.(*conn).serve(0xc0001b00a0, 0xce7720, 0xc0002bce00)
	/usr/local/go/src/net/http/server.go:1847 +0x646
created by net/http.(*Server).Serve
	/usr/local/go/src/net/http/server.go:2851 +0x2f5
http: panic serving 127.0.0.1:51180: template: index.html:3:5: executing "content" at <ne .data.upcomingCon...>: error calling ne: invalid type for comparison
goroutine 102 [running]:
net/http.(*conn).serve.func1(0xc0000caf00)
	/usr/local/go/src/net/http/server.go:1746 +0xd0
panic(0xb73720, 0xc0002616a0)
	/usr/local/go/src/runtime/panic.go:513 +0x1b9
github.com/gin-gonic/gin.(*Context).Render(0xc0006a8000, 0xc8, 0xce5c60, 0xc0001c3770)
	/home/dev/go/src/github.com/gin-gonic/gin/context.go:725 +0x160
github.com/gin-gonic/gin.(*Context).HTML(0xc0006a8000, 0xc8, 0xc10caa, 0x5, 0x0, 0x0)
	/home/dev/go/src/github.com/gin-gonic/gin/context.go:734 +0x93
_/mnt/CC9EDBF69EDBD6D4/Development_World/Backup_22-4-18/Projects/Interni/Programming_Contest_Management_Platform/app/views.Render(0xc0006a8000, 0xc10caa, 0x5, 0xc0001e0990)
	/mnt/CC9EDBF69EDBD6D4/Development World/Backup 22-4-18/Projects/Interni/Programming Contest Management Platform/app/views/views.go:49 +0x2f3
_/mnt/CC9EDBF69EDBD6D4/Development_World/Backup_22-4-18/Projects/Interni/Programming_Contest_Management_Platform/app/controllers.Index(0xc0006a8000)
	/mnt/CC9EDBF69EDBD6D4/Development World/Backup 22-4-18/Projects/Interni/Programming Contest Management Platform/app/controllers/common.controllers.go:12 +0x1a0
github.com/gin-gonic/gin.(*Context).Next(0xc0006a8000)
	/home/dev/go/src/github.com/gin-gonic/gin/context.go:108 +0x43
github.com/gin-contrib/sessions.Sessions.func1(0xc0006a8000)
	/home/dev/go/src/github.com/gin-contrib/sessions/sessions.go:65 +0x19f
github.com/gin-gonic/gin.(*Context).Next(0xc0006a8000)
	/home/dev/go/src/github.com/gin-gonic/gin/context.go:108 +0x43
github.com/gin-gonic/gin.LoggerWithWriter.func1(0xc0006a8000)
	/home/dev/go/src/github.com/gin-gonic/gin/logger.go:84 +0xd2
github.com/gin-gonic/gin.(*Context).Next(0xc0006a8000)
	/home/dev/go/src/github.com/gin-gonic/gin/context.go:108 +0x43
github.com/gin-gonic/gin.(*Engine).handleHTTPRequest(0xc0002c0000, 0xc0006a8000)
	/home/dev/go/src/github.com/gin-gonic/gin/gin.go:363 +0x5ab
github.com/gin-gonic/gin.(*Engine).ServeHTTP(0xc0002c0000, 0xce6be0, 0xc0006a4000, 0xc0001f2100)
	/home/dev/go/src/github.com/gin-gonic/gin/gin.go:328 +0x132
net/http.serverHandler.ServeHTTP(0xc000554d00, 0xce6be0, 0xc0006a4000, 0xc0001f2100)
	/usr/local/go/src/net/http/server.go:2741 +0xab
net/http.(*conn).serve(0xc0000caf00, 0xce7720, 0xc0001c4580)
	/usr/local/go/src/net/http/server.go:1847 +0x646
created by net/http.(*Server).Serve
	/usr/local/go/src/net/http/server.go:2851 +0x2f5
http: panic serving 127.0.0.1:51182: template: index.html:3:5: executing "content" at <ne .data.upcomingCon...>: error calling ne: invalid type for comparison
goroutine 103 [running]:
net/http.(*conn).serve.func1(0xc0000cb2c0)
	/usr/local/go/src/net/http/server.go:1746 +0xd0
panic(0xb73720, 0xc000261f00)
	/usr/local/go/src/runtime/panic.go:513 +0x1b9
github.com/gin-gonic/gin.(*Context).Render(0xc0006e6000, 0xc8, 0xce5c60, 0xc00070a510)
	/home/dev/go/src/github.com/gin-gonic/gin/context.go:725 +0x160
github.com/gin-gonic/gin.(*Context).HTML(0xc0006e6000, 0xc8, 0xc10caa, 0x5, 0x0, 0x0)
	/home/dev/go/src/github.com/gin-gonic/gin/context.go:734 +0x93
_/mnt/CC9EDBF69EDBD6D4/Development_World/Backup_22-4-18/Projects/Interni/Programming_Contest_Management_Platform/app/views.Render(0xc0006e6000, 0xc10caa, 0x5, 0xc000574600)
	/mnt/CC9EDBF69EDBD6D4/Development World/Backup 22-4-18/Projects/Interni/Programming Contest Management Platform/app/views/views.go:49 +0x2f3
_/mnt/CC9EDBF69EDBD6D4/Development_World/Backup_22-4-18/Projects/Interni/Programming_Contest_Management_Platform/app/controllers.Index(0xc0006e6000)
	/mnt/CC9EDBF69EDBD6D4/Development World/Backup 22-4-18/Projects/Interni/Programming Contest Management Platform/app/controllers/common.controllers.go:12 +0x1a0
github.com/gin-gonic/gin.(*Context).Next(0xc0006e6000)
	/home/dev/go/src/github.com/gin-gonic/gin/context.go:108 +0x43
github.com/gin-contrib/sessions.Sessions.func1(0xc0006e6000)
	/home/dev/go/src/github.com/gin-contrib/sessions/sessions.go:65 +0x19f
github.com/gin-gonic/gin.(*Context).Next(0xc0006e6000)
	/home/dev/go/src/github.com/gin-gonic/gin/context.go:108 +0x43
github.com/gin-gonic/gin.LoggerWithWriter.func1(0xc0006e6000)
	/home/dev/go/src/github.com/gin-gonic/gin/logger.go:84 +0xd2
github.com/gin-gonic/gin.(*Context).Next(0xc0006e6000)
	/home/dev/go/src/github.com/gin-gonic/gin/context.go:108 +0x43
github.com/gin-gonic/gin.(*Engine).handleHTTPRequest(0xc0002c0000, 0xc0006e6000)
	/home/dev/go/src/github.com/gin-gonic/gin/gin.go:363 +0x5ab
github.com/gin-gonic/gin.(*Engine).ServeHTTP(0xc0002c0000, 0xce6be0, 0xc0006e2000, 0xc0006d4000)
	/home/dev/go/src/github.com/gin-gonic/gin/gin.go:328 +0x132
net/http.serverHandler.ServeHTTP(0xc000554d00, 0xce6be0, 0xc0006e2000, 0xc0006d4000)
	/usr/local/go/src/net/http/server.go:2741 +0xab
net/http.(*conn).serve(0xc0000cb2c0, 0xce7720, 0xc0000a6400)
	/usr/local/go/src/net/http/server.go:1847 +0x646
created by net/http.(*Server).Serve
	/usr/local/go/src/net/http/server.go:2851 +0x2f5
http: panic serving 127.0.0.1:51184: template: index.html:3:5: executing "content" at <ne .data.upcomingCon...>: error calling ne: invalid type for comparison
goroutine 89 [running]:
net/http.(*conn).serve.func1(0xc0001b0320)
	/usr/local/go/src/net/http/server.go:1746 +0xd0
panic(0xb73720, 0xc0001ea440)
	/usr/local/go/src/runtime/panic.go:513 +0x1b9
github.com/gin-gonic/gin.(*Context).Render(0xc0006a86e0, 0xc8, 0xce5c60, 0xc00070aea0)
	/home/dev/go/src/github.com/gin-gonic/gin/context.go:725 +0x160
github.com/gin-gonic/gin.(*Context).HTML(0xc0006a86e0, 0xc8, 0xc10caa, 0x5, 0x0, 0x0)
	/home/dev/go/src/github.com/gin-gonic/gin/context.go:734 +0x93
_/mnt/CC9EDBF69EDBD6D4/Development_World/Backup_22-4-18/Projects/Interni/Programming_Contest_Management_Platform/app/views.Render(0xc0006a86e0, 0xc10caa, 0x5, 0xc0007201e0)
	/mnt/CC9EDBF69EDBD6D4/Development World/Backup 22-4-18/Projects/Interni/Programming Contest Management Platform/app/views/views.go:49 +0x2f3
_/mnt/CC9EDBF69EDBD6D4/Development_World/Backup_22-4-18/Projects/Interni/Programming_Contest_Management_Platform/app/controllers.Index(0xc0006a86e0)
	/mnt/CC9EDBF69EDBD6D4/Development World/Backup 22-4-18/Projects/Interni/Programming Contest Management Platform/app/controllers/common.controllers.go:12 +0x1a0
github.com/gin-gonic/gin.(*Context).Next(0xc0006a86e0)
	/home/dev/go/src/github.com/gin-gonic/gin/context.go:108 +0x43
github.com/gin-contrib/sessions.Sessions.func1(0xc0006a86e0)
	/home/dev/go/src/github.com/gin-contrib/sessions/sessions.go:65 +0x19f
github.com/gin-gonic/gin.(*Context).Next(0xc0006a86e0)
	/home/dev/go/src/github.com/gin-gonic/gin/context.go:108 +0x43
github.com/gin-gonic/gin.LoggerWithWriter.func1(0xc0006a86e0)
	/home/dev/go/src/github.com/gin-gonic/gin/logger.go:84 +0xd2
github.com/gin-gonic/gin.(*Context).Next(0xc0006a86e0)
	/home/dev/go/src/github.com/gin-gonic/gin/context.go:108 +0x43
github.com/gin-gonic/gin.(*Engine).handleHTTPRequest(0xc0002c0000, 0xc0006a86e0)
	/home/dev/go/src/github.com/gin-gonic/gin/gin.go:363 +0x5ab
github.com/gin-gonic/gin.(*Engine).ServeHTTP(0xc0002c0000, 0xce6be0, 0xc0006a40e0, 0xc0001f2600)
	/home/dev/go/src/github.com/gin-gonic/gin/gin.go:328 +0x132
net/http.serverHandler.ServeHTTP(0xc000554d00, 0xce6be0, 0xc0006a40e0, 0xc0001f2600)
	/usr/local/go/src/net/http/server.go:2741 +0xab
net/http.(*conn).serve(0xc0001b0320, 0xce7720, 0xc0001c4fc0)
	/usr/local/go/src/net/http/server.go:1847 +0x646
created by net/http.(*Server).Serve
	/usr/local/go/src/net/http/server.go:2851 +0x2f5
http: panic serving 127.0.0.1:51186: template: index.html:3:5: executing "content" at <ne .data.upcomingCon...>: error calling ne: invalid type for comparison
goroutine 105 [running]:
net/http.(*conn).serve.func1(0xc0000cb900)
	/usr/local/go/src/net/http/server.go:1746 +0xd0
panic(0xb73720, 0xc00021bca0)
	/usr/local/go/src/runtime/panic.go:513 +0x1b9
github.com/gin-gonic/gin.(*Context).Render(0xc0006e66e0, 0xc8, 0xce5c60, 0xc000721560)
	/home/dev/go/src/github.com/gin-gonic/gin/context.go:725 +0x160
github.com/gin-gonic/gin.(*Context).HTML(0xc0006e66e0, 0xc8, 0xc10caa, 0x5, 0x0, 0x0)
	/home/dev/go/src/github.com/gin-gonic/gin/context.go:734 +0x93
_/mnt/CC9EDBF69EDBD6D4/Development_World/Backup_22-4-18/Projects/Interni/Programming_Contest_Management_Platform/app/views.Render(0xc0006e66e0, 0xc10caa, 0x5, 0xc000575a10)
	/mnt/CC9EDBF69EDBD6D4/Development World/Backup 22-4-18/Projects/Interni/Programming Contest Management Platform/app/views/views.go:49 +0x2f3
_/mnt/CC9EDBF69EDBD6D4/Development_World/Backup_22-4-18/Projects/Interni/Programming_Contest_Management_Platform/app/controllers.Index(0xc0006e66e0)
	/mnt/CC9EDBF69EDBD6D4/Development World/Backup 22-4-18/Projects/Interni/Programming Contest Management Platform/app/controllers/common.controllers.go:12 +0x1a0
github.com/gin-gonic/gin.(*Context).Next(0xc0006e66e0)
	/home/dev/go/src/github.com/gin-gonic/gin/context.go:108 +0x43
github.com/gin-contrib/sessions.Sessions.func1(0xc0006e66e0)
	/home/dev/go/src/github.com/gin-contrib/sessions/sessions.go:65 +0x19f
github.com/gin-gonic/gin.(*Context).Next(0xc0006e66e0)
	/home/dev/go/src/github.com/gin-gonic/gin/context.go:108 +0x43
github.com/gin-gonic/gin.LoggerWithWriter.func1(0xc0006e66e0)
	/home/dev/go/src/github.com/gin-gonic/gin/logger.go:84 +0xd2
github.com/gin-gonic/gin.(*Context).Next(0xc0006e66e0)
	/home/dev/go/src/github.com/gin-gonic/gin/context.go:108 +0x43
github.com/gin-gonic/gin.(*Engine).handleHTTPRequest(0xc0002c0000, 0xc0006e66e0)
	/home/dev/go/src/github.com/gin-gonic/gin/gin.go:363 +0x5ab
github.com/gin-gonic/gin.(*Engine).ServeHTTP(0xc0002c0000, 0xce6be0, 0xc0006e20e0, 0xc0006d4300)
	/home/dev/go/src/github.com/gin-gonic/gin/gin.go:328 +0x132
net/http.serverHandler.ServeHTTP(0xc000554d00, 0xce6be0, 0xc0006e20e0, 0xc0006d4300)
	/usr/local/go/src/net/http/server.go:2741 +0xab
net/http.(*conn).serve(0xc0000cb900, 0xce7720, 0xc0000a6bc0)
	/usr/local/go/src/net/http/server.go:1847 +0x646
created by net/http.(*Server).Serve
	/usr/local/go/src/net/http/server.go:2851 +0x2f5
http: panic serving 127.0.0.1:51188: template: index.html:3:5: executing "content" at <ne .data.upcomingCon...>: error calling ne: invalid type for comparison
goroutine 106 [running]:
net/http.(*conn).serve.func1(0xc0000cba40)
	/usr/local/go/src/net/http/server.go:1746 +0xd0
panic(0xb73720, 0xc0001dc460)
	/usr/local/go/src/runtime/panic.go:513 +0x1b9
github.com/gin-gonic/gin.(*Context).Render(0xc0005c4370, 0xc8, 0xce5c60, 0xc0007627b0)
	/home/dev/go/src/github.com/gin-gonic/gin/context.go:725 +0x160
github.com/gin-gonic/gin.(*Context).HTML(0xc0005c4370, 0xc8, 0xc10caa, 0x5, 0x0, 0x0)
	/home/dev/go/src/github.com/gin-gonic/gin/context.go:734 +0x93
_/mnt/CC9EDBF69EDBD6D4/Development_World/Backup_22-4-18/Projects/Interni/Programming_Contest_Management_Platform/app/views.Render(0xc0005c4370, 0xc10caa, 0x5, 0xc00070bbc0)
	/mnt/CC9EDBF69EDBD6D4/Development World/Backup 22-4-18/Projects/Interni/Programming Contest Management Platform/app/views/views.go:49 +0x2f3
_/mnt/CC9EDBF69EDBD6D4/Development_World/Backup_22-4-18/Projects/Interni/Programming_Contest_Management_Platform/app/controllers.Index(0xc0005c4370)
	/mnt/CC9EDBF69EDBD6D4/Development World/Backup 22-4-18/Projects/Interni/Programming Contest Management Platform/app/controllers/common.controllers.go:12 +0x1a0
github.com/gin-gonic/gin.(*Context).Next(0xc0005c4370)
	/home/dev/go/src/github.com/gin-gonic/gin/context.go:108 +0x43
github.com/gin-contrib/sessions.Sessions.func1(0xc0005c4370)
	/home/dev/go/src/github.com/gin-contrib/sessions/sessions.go:65 +0x19f
github.com/gin-gonic/gin.(*Context).Next(0xc0005c4370)
	/home/dev/go/src/github.com/gin-gonic/gin/context.go:108 +0x43
github.com/gin-gonic/gin.LoggerWithWriter.func1(0xc0005c4370)
	/home/dev/go/src/github.com/gin-gonic/gin/logger.go:84 +0xd2
github.com/gin-gonic/gin.(*Context).Next(0xc0005c4370)
	/home/dev/go/src/github.com/gin-gonic/gin/context.go:108 +0x43
github.com/gin-gonic/gin.(*Engine).handleHTTPRequest(0xc0002c0000, 0xc0005c4370)
	/home/dev/go/src/github.com/gin-gonic/gin/gin.go:363 +0x5ab
github.com/gin-gonic/gin.(*Engine).ServeHTTP(0xc0002c0000, 0xce6be0, 0xc000034380, 0xc00014f400)
	/home/dev/go/src/github.com/gin-gonic/gin/gin.go:328 +0x132
net/http.serverHandler.ServeHTTP(0xc000554d00, 0xce6be0, 0xc000034380, 0xc00014f400)
	/usr/local/go/src/net/http/server.go:2741 +0xab
net/http.(*conn).serve(0xc0000cba40, 0xce7720, 0xc0001ee800)
	/usr/local/go/src/net/http/server.go:1847 +0x646
created by net/http.(*Server).Serve
	/usr/local/go/src/net/http/server.go:2851 +0x2f5
http: panic serving 127.0.0.1:51190: template: index.html:3:5: executing "content" at <ne .data.upcomingCon...>: error calling ne: invalid type for comparison
goroutine 94 [running]:
net/http.(*conn).serve.func1(0xc0001b0dc0)
	/usr/local/go/src/net/http/server.go:1746 +0xd0
panic(0xb73720, 0xc0002ad700)
	/usr/local/go/src/runtime/panic.go:513 +0x1b9
github.com/gin-gonic/gin.(*Context).Render(0xc0006a8dc0, 0xc8, 0xce5c60, 0xc000737320)
	/home/dev/go/src/github.com/gin-gonic/gin/context.go:725 +0x160
github.com/gin-gonic/gin.(*Context).HTML(0xc0006a8dc0, 0xc8, 0xc10caa, 0x5, 0x0, 0x0)
	/home/dev/go/src/github.com/gin-gonic/gin/context.go:734 +0x93
_/mnt/CC9EDBF69EDBD6D4/Development_World/Backup_22-4-18/Projects/Interni/Programming_Contest_Management_Platform/app/views.Render(0xc0006a8dc0, 0xc10caa, 0x5, 0xc000763470)
	/mnt/CC9EDBF69EDBD6D4/Development World/Backup 22-4-18/Projects/Interni/Programming Contest Management Platform/app/views/views.go:49 +0x2f3
_/mnt/CC9EDBF69EDBD6D4/Development_World/Backup_22-4-18/Projects/Interni/Programming_Contest_Management_Platform/app/controllers.Index(0xc0006a8dc0)
	/mnt/CC9EDBF69EDBD6D4/Development World/Backup 22-4-18/Projects/Interni/Programming Contest Management Platform/app/controllers/common.controllers.go:12 +0x1a0
github.com/gin-gonic/gin.(*Context).Next(0xc0006a8dc0)
	/home/dev/go/src/github.com/gin-gonic/gin/context.go:108 +0x43
github.com/gin-contrib/sessions.Sessions.func1(0xc0006a8dc0)
	/home/dev/go/src/github.com/gin-contrib/sessions/sessions.go:65 +0x19f
github.com/gin-gonic/gin.(*Context).Next(0xc0006a8dc0)
	/home/dev/go/src/github.com/gin-gonic/gin/context.go:108 +0x43
github.com/gin-gonic/gin.LoggerWithWriter.func1(0xc0006a8dc0)
	/home/dev/go/src/github.com/gin-gonic/gin/logger.go:84 +0xd2
github.com/gin-gonic/gin.(*Context).Next(0xc0006a8dc0)
	/home/dev/go/src/github.com/gin-gonic/gin/context.go:108 +0x43
github.com/gin-gonic/gin.(*Engine).handleHTTPRequest(0xc0002c0000, 0xc0006a8dc0)
	/home/dev/go/src/github.com/gin-gonic/gin/gin.go:363 +0x5ab
github.com/gin-gonic/gin.(*Engine).ServeHTTP(0xc0002c0000, 0xce6be0, 0xc0006a41c0, 0xc0001f2e00)
	/home/dev/go/src/github.com/gin-gonic/gin/gin.go:328 +0x132
net/http.serverHandler.ServeHTTP(0xc000554d00, 0xce6be0, 0xc0006a41c0, 0xc0001f2e00)
	/usr/local/go/src/net/http/server.go:2741 +0xab
net/http.(*conn).serve(0xc0001b0dc0, 0xce7720, 0xc000766180)
	/usr/local/go/src/net/http/server.go:1847 +0x646
created by net/http.(*Server).Serve
	/usr/local/go/src/net/http/server.go:2851 +0x2f5
http: panic serving 127.0.0.1:51192: template: index.html:3:5: executing "content" at <ne .data.upcomingCon...>: error calling ne: invalid type for comparison
goroutine 109 [running]:
net/http.(*conn).serve.func1(0xc0000cbb80)
	/usr/local/go/src/net/http/server.go:1746 +0xd0
panic(0xb73720, 0xc0002adc60)
	/usr/local/go/src/runtime/panic.go:513 +0x1b9
github.com/gin-gonic/gin.(*Context).Render(0xc0005c4a50, 0xc8, 0xce5c60, 0xc000737dd0)
	/home/dev/go/src/github.com/gin-gonic/gin/context.go:725 +0x160
github.com/gin-gonic/gin.(*Context).HTML(0xc0005c4a50, 0xc8, 0xc10caa, 0x5, 0x0, 0x0)
	/home/dev/go/src/github.com/gin-gonic/gin/context.go:734 +0x93
_/mnt/CC9EDBF69EDBD6D4/Development_World/Backup_22-4-18/Projects/Interni/Programming_Contest_Management_Platform/app/views.Render(0xc0005c4a50, 0xc10caa, 0x5, 0xc00075ec60)
	/mnt/CC9EDBF69EDBD6D4/Development World/Backup 22-4-18/Projects/Interni/Programming Contest Management Platform/app/views/views.go:49 +0x2f3
_/mnt/CC9EDBF69EDBD6D4/Development_World/Backup_22-4-18/Projects/Interni/Programming_Contest_Management_Platform/app/controllers.Index(0xc0005c4a50)
	/mnt/CC9EDBF69EDBD6D4/Development World/Backup 22-4-18/Projects/Interni/Programming Contest Management Platform/app/controllers/common.controllers.go:12 +0x1a0
github.com/gin-gonic/gin.(*Context).Next(0xc0005c4a50)
	/home/dev/go/src/github.com/gin-gonic/gin/context.go:108 +0x43
github.com/gin-contrib/sessions.Sessions.func1(0xc0005c4a50)
	/home/dev/go/src/github.com/gin-contrib/sessions/sessions.go:65 +0x19f
github.com/gin-gonic/gin.(*Context).Next(0xc0005c4a50)
	/home/dev/go/src/github.com/gin-gonic/gin/context.go:108 +0x43
github.com/gin-gonic/gin.LoggerWithWriter.func1(0xc0005c4a50)
	/home/dev/go/src/github.com/gin-gonic/gin/logger.go:84 +0xd2
github.com/gin-gonic/gin.(*Context).Next(0xc0005c4a50)
	/home/dev/go/src/github.com/gin-gonic/gin/context.go:108 +0x43
github.com/gin-gonic/gin.(*Engine).handleHTTPRequest(0xc0002c0000, 0xc0005c4a50)
	/home/dev/go/src/github.com/gin-gonic/gin/gin.go:363 +0x5ab
github.com/gin-gonic/gin.(*Engine).ServeHTTP(0xc0002c0000, 0xce6be0, 0xc000034460, 0xc00014f600)
	/home/dev/go/src/github.com/gin-gonic/gin/gin.go:328 +0x132
net/http.serverHandler.ServeHTTP(0xc000554d00, 0xce6be0, 0xc000034460, 0xc00014f600)
	/usr/local/go/src/net/http/server.go:2741 +0xab
net/http.(*conn).serve(0xc0000cbb80, 0xce7720, 0xc0001eed80)
	/usr/local/go/src/net/http/server.go:1847 +0x646
created by net/http.(*Server).Serve
	/usr/local/go/src/net/http/server.go:2851 +0x2f5
http: panic serving 127.0.0.1:51194: template: index.html:3:5: executing "content" at <ne .data.upcomingCon...>: error calling ne: invalid type for comparison
goroutine 114 [running]:
net/http.(*conn).serve.func1(0xc0001b0f00)
	/usr/local/go/src/net/http/server.go:1746 +0xd0
panic(0xb73720, 0xc0001ddb00)
	/usr/local/go/src/runtime/panic.go:513 +0x1b9
github.com/gin-gonic/gin.(*Context).Render(0xc0006a94a0, 0xc8, 0xce5c60, 0xc0007c8330)
	/home/dev/go/src/github.com/gin-gonic/gin/context.go:725 +0x160
github.com/gin-gonic/gin.(*Context).HTML(0xc0006a94a0, 0xc8, 0xc10caa, 0x5, 0x0, 0x0)
	/home/dev/go/src/github.com/gin-gonic/gin/context.go:734 +0x93
_/mnt/CC9EDBF69EDBD6D4/Development_World/Backup_22-4-18/Projects/Interni/Programming_Contest_Management_Platform/app/views.Render(0xc0006a94a0, 0xc10caa, 0x5, 0xc000780d20)
	/mnt/CC9EDBF69EDBD6D4/Development World/Backup 22-4-18/Projects/Interni/Programming Contest Management Platform/app/views/views.go:49 +0x2f3
_/mnt/CC9EDBF69EDBD6D4/Development_World/Backup_22-4-18/Projects/Interni/Programming_Contest_Management_Platform/app/controllers.Index(0xc0006a94a0)
	/mnt/CC9EDBF69EDBD6D4/Development World/Backup 22-4-18/Projects/Interni/Programming Contest Management Platform/app/controllers/common.controllers.go:12 +0x1a0
github.com/gin-gonic/gin.(*Context).Next(0xc0006a94a0)
	/home/dev/go/src/github.com/gin-gonic/gin/context.go:108 +0x43
github.com/gin-contrib/sessions.Sessions.func1(0xc0006a94a0)
	/home/dev/go/src/github.com/gin-contrib/sessions/sessions.go:65 +0x19f
github.com/gin-gonic/gin.(*Context).Next(0xc0006a94a0)
	/home/dev/go/src/github.com/gin-gonic/gin/context.go:108 +0x43
github.com/gin-gonic/gin.LoggerWithWriter.func1(0xc0006a94a0)
	/home/dev/go/src/github.com/gin-gonic/gin/logger.go:84 +0xd2
github.com/gin-gonic/gin.(*Context).Next(0xc0006a94a0)
	/home/dev/go/src/github.com/gin-gonic/gin/context.go:108 +0x43
github.com/gin-gonic/gin.(*Engine).handleHTTPRequest(0xc0002c0000, 0xc0006a94a0)
	/home/dev/go/src/github.com/gin-gonic/gin/gin.go:363 +0x5ab
github.com/gin-gonic/gin.(*Engine).ServeHTTP(0xc0002c0000, 0xce6be0, 0xc0006a42a0, 0xc0001f3300)
	/home/dev/go/src/github.com/gin-gonic/gin/gin.go:328 +0x132
net/http.serverHandler.ServeHTTP(0xc000554d00, 0xce6be0, 0xc0006a42a0, 0xc0001f3300)
	/usr/local/go/src/net/http/server.go:2741 +0xab
net/http.(*conn).serve(0xc0001b0f00, 0xce7720, 0xc000766a00)
	/usr/local/go/src/net/http/server.go:1847 +0x646
created by net/http.(*Server).Serve
	/usr/local/go/src/net/http/server.go:2851 +0x2f5
http: panic serving 127.0.0.1:51198: template: index.html:3:5: executing "content" at <ne .data.upcomingCon...>: error calling ne: invalid type for comparison
goroutine 118 [running]:
net/http.(*conn).serve.func1(0xc0001b1360)
	/usr/local/go/src/net/http/server.go:1746 +0xd0
panic(0xb73720, 0xc0001eb820)
	/usr/local/go/src/runtime/panic.go:513 +0x1b9
github.com/gin-gonic/gin.(*Context).Render(0xc0006a9b80, 0xc8, 0xce5c60, 0xc00075fec0)
	/home/dev/go/src/github.com/gin-gonic/gin/context.go:725 +0x160
github.com/gin-gonic/gin.(*Context).HTML(0xc0006a9b80, 0xc8, 0xc10caa, 0x5, 0x0, 0x0)
	/home/dev/go/src/github.com/gin-gonic/gin/context.go:734 +0x93
_/mnt/CC9EDBF69EDBD6D4/Development_World/Backup_22-4-18/Projects/Interni/Programming_Contest_Management_Platform/app/views.Render(0xc0006a9b80, 0xc10caa, 0x5, 0xc0007c8ff0)
	/mnt/CC9EDBF69EDBD6D4/Development World/Backup 22-4-18/Projects/Interni/Programming Contest Management Platform/app/views/views.go:49 +0x2f3
_/mnt/CC9EDBF69EDBD6D4/Development_World/Backup_22-4-18/Projects/Interni/Programming_Contest_Management_Platform/app/controllers.Index(0xc0006a9b80)
	/mnt/CC9EDBF69EDBD6D4/Development World/Backup 22-4-18/Projects/Interni/Programming Contest Management Platform/app/controllers/common.controllers.go:12 +0x1a0
github.com/gin-gonic/gin.(*Context).Next(0xc0006a9b80)
	/home/dev/go/src/github.com/gin-gonic/gin/context.go:108 +0x43
github.com/gin-contrib/sessions.Sessions.func1(0xc0006a9b80)
	/home/dev/go/src/github.com/gin-contrib/sessions/sessions.go:65 +0x19f
github.com/gin-gonic/gin.(*Context).Next(0xc0006a9b80)
	/home/dev/go/src/github.com/gin-gonic/gin/context.go:108 +0x43
github.com/gin-gonic/gin.LoggerWithWriter.func1(0xc0006a9b80)
	/home/dev/go/src/github.com/gin-gonic/gin/logger.go:84 +0xd2
github.com/gin-gonic/gin.(*Context).Next(0xc0006a9b80)
	/home/dev/go/src/github.com/gin-gonic/gin/context.go:108 +0x43
github.com/gin-gonic/gin.(*Engine).handleHTTPRequest(0xc0002c0000, 0xc0006a9b80)
	/home/dev/go/src/github.com/gin-gonic/gin/gin.go:363 +0x5ab
github.com/gin-gonic/gin.(*Engine).ServeHTTP(0xc0002c0000, 0xce6be0, 0xc0006a4380, 0xc0001f3800)
	/home/dev/go/src/github.com/gin-gonic/gin/gin.go:328 +0x132
net/http.serverHandler.ServeHTTP(0xc000554d00, 0xce6be0, 0xc0006a4380, 0xc0001f3800)
	/usr/local/go/src/net/http/server.go:2741 +0xab
net/http.(*conn).serve(0xc0001b1360, 0xce7720, 0xc000767600)
	/usr/local/go/src/net/http/server.go:1847 +0x646
created by net/http.(*Server).Serve
	/usr/local/go/src/net/http/server.go:2851 +0x2f5
http: panic serving 127.0.0.1:51200: template: index.html:3:5: executing "content" at <ne .data.upcomingCon...>: error calling ne: invalid type for comparison
goroutine 113 [running]:
net/http.(*conn).serve.func1(0xc0000cbf40)
	/usr/local/go/src/net/http/server.go:1746 +0xd0
panic(0xb73720, 0xc0007fe600)
	/usr/local/go/src/runtime/panic.go:513 +0x1b9
github.com/gin-gonic/gin.(*Context).Render(0xc0005c5130, 0xc8, 0xce5c60, 0xc0008061b0)
	/home/dev/go/src/github.com/gin-gonic/gin/context.go:725 +0x160
github.com/gin-gonic/gin.(*Context).HTML(0xc0005c5130, 0xc8, 0xc10caa, 0x5, 0x0, 0x0)
	/home/dev/go/src/github.com/gin-gonic/gin/context.go:734 +0x93
_/mnt/CC9EDBF69EDBD6D4/Development_World/Backup_22-4-18/Projects/Interni/Programming_Contest_Management_Platform/app/views.Render(0xc0005c5130, 0xc10caa, 0x5, 0xc0007e8ba0)
	/mnt/CC9EDBF69EDBD6D4/Development World/Backup 22-4-18/Projects/Interni/Programming Contest Management Platform/app/views/views.go:49 +0x2f3
_/mnt/CC9EDBF69EDBD6D4/Development_World/Backup_22-4-18/Projects/Interni/Programming_Contest_Management_Platform/app/controllers.Index(0xc0005c5130)
	/mnt/CC9EDBF69EDBD6D4/Development World/Backup 22-4-18/Projects/Interni/Programming Contest Management Platform/app/controllers/common.controllers.go:12 +0x1a0
github.com/gin-gonic/gin.(*Context).Next(0xc0005c5130)
	/home/dev/go/src/github.com/gin-gonic/gin/context.go:108 +0x43
github.com/gin-contrib/sessions.Sessions.func1(0xc0005c5130)
	/home/dev/go/src/github.com/gin-contrib/sessions/sessions.go:65 +0x19f
github.com/gin-gonic/gin.(*Context).Next(0xc0005c5130)
	/home/dev/go/src/github.com/gin-gonic/gin/context.go:108 +0x43
github.com/gin-gonic/gin.LoggerWithWriter.func1(0xc0005c5130)
	/home/dev/go/src/github.com/gin-gonic/gin/logger.go:84 +0xd2
github.com/gin-gonic/gin.(*Context).Next(0xc0005c5130)
	/home/dev/go/src/github.com/gin-gonic/gin/context.go:108 +0x43
github.com/gin-gonic/gin.(*Engine).handleHTTPRequest(0xc0002c0000, 0xc0005c5130)
	/home/dev/go/src/github.com/gin-gonic/gin/gin.go:363 +0x5ab
github.com/gin-gonic/gin.(*Engine).ServeHTTP(0xc0002c0000, 0xce6be0, 0xc000034540, 0xc00014fc00)
	/home/dev/go/src/github.com/gin-gonic/gin/gin.go:328 +0x132
net/http.serverHandler.ServeHTTP(0xc000554d00, 0xce6be0, 0xc000034540, 0xc00014fc00)
	/usr/local/go/src/net/http/server.go:2741 +0xab
net/http.(*conn).serve(0xc0000cbf40, 0xce7720, 0xc0001ef7c0)
	/usr/local/go/src/net/http/server.go:1847 +0x646
created by net/http.(*Server).Serve
	/usr/local/go/src/net/http/server.go:2851 +0x2f5
http: panic serving 127.0.0.1:51202: template: index.html:3:5: executing "content" at <ne .data.upcomingCon...>: error calling ne: invalid type for comparison
goroutine 133 [running]:
net/http.(*conn).serve.func1(0xc00022c460)
	/usr/local/go/src/net/http/server.go:1746 +0xd0
panic(0xb73720, 0xc0008262a0)
	/usr/local/go/src/runtime/panic.go:513 +0x1b9
github.com/gin-gonic/gin.(*Context).Render(0xc0005c5810, 0xc8, 0xce5c60, 0xc0007aca20)
	/home/dev/go/src/github.com/gin-gonic/gin/context.go:725 +0x160
github.com/gin-gonic/gin.(*Context).HTML(0xc0005c5810, 0xc8, 0xc10caa, 0x5, 0x0, 0x0)
	/home/dev/go/src/github.com/gin-gonic/gin/context.go:734 +0x93
_/mnt/CC9EDBF69EDBD6D4/Development_World/Backup_22-4-18/Projects/Interni/Programming_Contest_Management_Platform/app/views.Render(0xc0005c5810, 0xc10caa, 0x5, 0xc000806e70)
	/mnt/CC9EDBF69EDBD6D4/Development World/Backup 22-4-18/Projects/Interni/Programming Contest Management Platform/app/views/views.go:49 +0x2f3
_/mnt/CC9EDBF69EDBD6D4/Development_World/Backup_22-4-18/Projects/Interni/Programming_Contest_Management_Platform/app/controllers.Index(0xc0005c5810)
	/mnt/CC9EDBF69EDBD6D4/Development World/Backup 22-4-18/Projects/Interni/Programming Contest Management Platform/app/controllers/common.controllers.go:12 +0x1a0
github.com/gin-gonic/gin.(*Context).Next(0xc0005c5810)
	/home/dev/go/src/github.com/gin-gonic/gin/context.go:108 +0x43
github.com/gin-contrib/sessions.Sessions.func1(0xc0005c5810)
	/home/dev/go/src/github.com/gin-contrib/sessions/sessions.go:65 +0x19f
github.com/gin-gonic/gin.(*Context).Next(0xc0005c5810)
	/home/dev/go/src/github.com/gin-gonic/gin/context.go:108 +0x43
github.com/gin-gonic/gin.LoggerWithWriter.func1(0xc0005c5810)
	/home/dev/go/src/github.com/gin-gonic/gin/logger.go:84 +0xd2
github.com/gin-gonic/gin.(*Context).Next(0xc0005c5810)
	/home/dev/go/src/github.com/gin-gonic/gin/context.go:108 +0x43
github.com/gin-gonic/gin.(*Engine).handleHTTPRequest(0xc0002c0000, 0xc0005c5810)
	/home/dev/go/src/github.com/gin-gonic/gin/gin.go:363 +0x5ab
github.com/gin-gonic/gin.(*Engine).ServeHTTP(0xc0002c0000, 0xce6be0, 0xc000034620, 0xc000800100)
	/home/dev/go/src/github.com/gin-gonic/gin/gin.go:328 +0x132
net/http.serverHandler.ServeHTTP(0xc000554d00, 0xce6be0, 0xc000034620, 0xc000800100)
	/usr/local/go/src/net/http/server.go:2741 +0xab
net/http.(*conn).serve(0xc00022c460, 0xce7720, 0xc000804340)
	/usr/local/go/src/net/http/server.go:1847 +0x646
created by net/http.(*Server).Serve
	/usr/local/go/src/net/http/server.go:2851 +0x2f5
http: panic serving 127.0.0.1:51204: template: index.html:3:5: executing "content" at <ne .data.upcomingCon...>: error calling ne: invalid type for comparison
goroutine 122 [running]:
net/http.(*conn).serve.func1(0xc0001b15e0)
	/usr/local/go/src/net/http/server.go:1746 +0xd0
panic(0xb73720, 0xc000826f20)
	/usr/local/go/src/runtime/panic.go:513 +0x1b9
github.com/gin-gonic/gin.(*Context).Render(0xc0006e6dc0, 0xc8, 0xce5c60, 0xc00083c840)
	/home/dev/go/src/github.com/gin-gonic/gin/context.go:725 +0x160
github.com/gin-gonic/gin.(*Context).HTML(0xc0006e6dc0, 0xc8, 0xc10caa, 0x5, 0x0, 0x0)
	/home/dev/go/src/github.com/gin-gonic/gin/context.go:734 +0x93
_/mnt/CC9EDBF69EDBD6D4/Development_World/Backup_22-4-18/Projects/Interni/Programming_Contest_Management_Platform/app/views.Render(0xc0006e6dc0, 0xc10caa, 0x5, 0xc0007ad680)
	/mnt/CC9EDBF69EDBD6D4/Development World/Backup 22-4-18/Projects/Interni/Programming Contest Management Platform/app/views/views.go:49 +0x2f3
_/mnt/CC9EDBF69EDBD6D4/Development_World/Backup_22-4-18/Projects/Interni/Programming_Contest_Management_Platform/app/controllers.Index(0xc0006e6dc0)
	/mnt/CC9EDBF69EDBD6D4/Development World/Backup 22-4-18/Projects/Interni/Programming Contest Management Platform/app/controllers/common.controllers.go:12 +0x1a0
github.com/gin-gonic/gin.(*Context).Next(0xc0006e6dc0)
	/home/dev/go/src/github.com/gin-gonic/gin/context.go:108 +0x43
github.com/gin-contrib/sessions.Sessions.func1(0xc0006e6dc0)
	/home/dev/go/src/github.com/gin-contrib/sessions/sessions.go:65 +0x19f
github.com/gin-gonic/gin.(*Context).Next(0xc0006e6dc0)
	/home/dev/go/src/github.com/gin-gonic/gin/context.go:108 +0x43
github.com/gin-gonic/gin.LoggerWithWriter.func1(0xc0006e6dc0)
	/home/dev/go/src/github.com/gin-gonic/gin/logger.go:84 +0xd2
github.com/gin-gonic/gin.(*Context).Next(0xc0006e6dc0)
	/home/dev/go/src/github.com/gin-gonic/gin/context.go:108 +0x43
github.com/gin-gonic/gin.(*Engine).handleHTTPRequest(0xc0002c0000, 0xc0006e6dc0)
	/home/dev/go/src/github.com/gin-gonic/gin/gin.go:363 +0x5ab
github.com/gin-gonic/gin.(*Engine).ServeHTTP(0xc0002c0000, 0xce6be0, 0xc0006e21c0, 0xc0006d4800)
	/home/dev/go/src/github.com/gin-gonic/gin/gin.go:328 +0x132
net/http.serverHandler.ServeHTTP(0xc000554d00, 0xce6be0, 0xc0006e21c0, 0xc0006d4800)
	/usr/local/go/src/net/http/server.go:2741 +0xab
net/http.(*conn).serve(0xc0001b15e0, 0xce7720, 0xc0001dae80)
	/usr/local/go/src/net/http/server.go:1847 +0x646
created by net/http.(*Server).Serve
	/usr/local/go/src/net/http/server.go:2851 +0x2f5
http: panic serving 127.0.0.1:51206: template: index.html:3:5: executing "content" at <ne .data.upcomingCon...>: error calling ne: invalid type for comparison
goroutine 147 [running]:
net/http.(*conn).serve.func1(0xc000220b40)
	/usr/local/go/src/net/http/server.go:1746 +0xd0
panic(0xb73720, 0xc0002bec20)
	/usr/local/go/src/runtime/panic.go:513 +0x1b9
github.com/gin-gonic/gin.(*Context).Render(0xc0005c5ef0, 0xc8, 0xce5c60, 0xc0007e2d20)
	/home/dev/go/src/github.com/gin-gonic/gin/context.go:725 +0x160
github.com/gin-gonic/gin.(*Context).HTML(0xc0005c5ef0, 0xc8, 0xc10caa, 0x5, 0x0, 0x0)
	/home/dev/go/src/github.com/gin-gonic/gin/context.go:734 +0x93
_/mnt/CC9EDBF69EDBD6D4/Development_World/Backup_22-4-18/Projects/Interni/Programming_Contest_Management_Platform/app/views.Render(0xc0005c5ef0, 0xc10caa, 0x5, 0xc00085a4b0)
	/mnt/CC9EDBF69EDBD6D4/Development World/Backup 22-4-18/Projects/Interni/Programming Contest Management Platform/app/views/views.go:49 +0x2f3
_/mnt/CC9EDBF69EDBD6D4/Development_World/Backup_22-4-18/Projects/Interni/Programming_Contest_Management_Platform/app/controllers.Index(0xc0005c5ef0)
	/mnt/CC9EDBF69EDBD6D4/Development World/Backup 22-4-18/Projects/Interni/Programming Contest Management Platform/app/controllers/common.controllers.go:12 +0x1a0
github.com/gin-gonic/gin.(*Context).Next(0xc0005c5ef0)
	/home/dev/go/src/github.com/gin-gonic/gin/context.go:108 +0x43
github.com/gin-contrib/sessions.Sessions.func1(0xc0005c5ef0)
	/home/dev/go/src/github.com/gin-contrib/sessions/sessions.go:65 +0x19f
github.com/gin-gonic/gin.(*Context).Next(0xc0005c5ef0)
	/home/dev/go/src/github.com/gin-gonic/gin/context.go:108 +0x43
github.com/gin-gonic/gin.LoggerWithWriter.func1(0xc0005c5ef0)
	/home/dev/go/src/github.com/gin-gonic/gin/logger.go:84 +0xd2
github.com/gin-gonic/gin.(*Context).Next(0xc0005c5ef0)
	/home/dev/go/src/github.com/gin-gonic/gin/context.go:108 +0x43
github.com/gin-gonic/gin.(*Engine).handleHTTPRequest(0xc0002c0000, 0xc0005c5ef0)
	/home/dev/go/src/github.com/gin-gonic/gin/gin.go:363 +0x5ab
github.com/gin-gonic/gin.(*Engine).ServeHTTP(0xc0002c0000, 0xce6be0, 0xc000034700, 0xc000800600)
	/home/dev/go/src/github.com/gin-gonic/gin/gin.go:328 +0x132
net/http.serverHandler.ServeHTTP(0xc000554d00, 0xce6be0, 0xc000034700, 0xc000800600)
	/usr/local/go/src/net/http/server.go:2741 +0xab
net/http.(*conn).serve(0xc000220b40, 0xce7720, 0xc000804b00)
	/usr/local/go/src/net/http/server.go:1847 +0x646
created by net/http.(*Server).Serve
	/usr/local/go/src/net/http/server.go:2851 +0x2f5
http: panic serving 127.0.0.1:51208: template: index.html:3:5: executing "content" at <ne .data.upcomingCon...>: error calling ne: invalid type for comparison
goroutine 123 [running]:
net/http.(*conn).serve.func1(0xc0001b19a0)
	/usr/local/go/src/net/http/server.go:1746 +0xd0
panic(0xb73720, 0xc0007ffb80)
	/usr/local/go/src/runtime/panic.go:513 +0x1b9
github.com/gin-gonic/gin.(*Context).Render(0xc0007de2c0, 0xc8, 0xce5c60, 0xc00085b770)
	/home/dev/go/src/github.com/gin-gonic/gin/context.go:725 +0x160
github.com/gin-gonic/gin.(*Context).HTML(0xc0007de2c0, 0xc8, 0xc10caa, 0x5, 0x0, 0x0)
	/home/dev/go/src/github.com/gin-gonic/gin/context.go:734 +0x93
_/mnt/CC9EDBF69EDBD6D4/Development_World/Backup_22-4-18/Projects/Interni/Programming_Contest_Management_Platform/app/views.Render(0xc0007de2c0, 0xc10caa, 0x5, 0xc0007e39e0)
	/mnt/CC9EDBF69EDBD6D4/Development World/Backup 22-4-18/Projects/Interni/Programming Contest Management Platform/app/views/views.go:49 +0x2f3
_/mnt/CC9EDBF69EDBD6D4/Development_World/Backup_22-4-18/Projects/Interni/Programming_Contest_Management_Platform/app/controllers.Index(0xc0007de2c0)
	/mnt/CC9EDBF69EDBD6D4/Development World/Backup 22-4-18/Projects/Interni/Programming Contest Management Platform/app/controllers/common.controllers.go:12 +0x1a0
github.com/gin-gonic/gin.(*Context).Next(0xc0007de2c0)
	/home/dev/go/src/github.com/gin-gonic/gin/context.go:108 +0x43
github.com/gin-contrib/sessions.Sessions.func1(0xc0007de2c0)
	/home/dev/go/src/github.com/gin-contrib/sessions/sessions.go:65 +0x19f
github.com/gin-gonic/gin.(*Context).Next(0xc0007de2c0)
	/home/dev/go/src/github.com/gin-gonic/gin/context.go:108 +0x43
github.com/gin-gonic/gin.LoggerWithWriter.func1(0xc0007de2c0)
	/home/dev/go/src/github.com/gin-gonic/gin/logger.go:84 +0xd2
github.com/gin-gonic/gin.(*Context).Next(0xc0007de2c0)
	/home/dev/go/src/github.com/gin-gonic/gin/context.go:108 +0x43
github.com/gin-gonic/gin.(*Engine).handleHTTPRequest(0xc0002c0000, 0xc0007de2c0)
	/home/dev/go/src/github.com/gin-gonic/gin/gin.go:363 +0x5ab
github.com/gin-gonic/gin.(*Engine).ServeHTTP(0xc0002c0000, 0xce6be0, 0xc0006a4460, 0xc0001f3d00)
	/home/dev/go/src/github.com/gin-gonic/gin/gin.go:328 +0x132
net/http.serverHandler.ServeHTTP(0xc000554d00, 0xce6be0, 0xc0006a4460, 0xc0001f3d00)
	/usr/local/go/src/net/http/server.go:2741 +0xab
net/http.(*conn).serve(0xc0001b19a0, 0xce7720, 0xc0007e4580)
	/usr/local/go/src/net/http/server.go:1847 +0x646
created by net/http.(*Server).Serve
	/usr/local/go/src/net/http/server.go:2851 +0x2f5
http: panic serving 127.0.0.1:51210: template: index.html:3:5: executing "content" at <ne .data.upcomingCon...>: error calling ne: invalid type for comparison
goroutine 126 [running]:
net/http.(*conn).serve.func1(0xc0001b1c20)
	/usr/local/go/src/net/http/server.go:1746 +0xd0
panic(0xb73720, 0xc0008a8180)
	/usr/local/go/src/runtime/panic.go:513 +0x1b9
github.com/gin-gonic/gin.(*Context).Render(0xc0007de9a0, 0xc8, 0xce5c60, 0xc0008a4210)
	/home/dev/go/src/github.com/gin-gonic/gin/context.go:725 +0x160
github.com/gin-gonic/gin.(*Context).HTML(0xc0007de9a0, 0xc8, 0xc10caa, 0x5, 0x0, 0x0)
	/home/dev/go/src/github.com/gin-gonic/gin/context.go:734 +0x93
_/mnt/CC9EDBF69EDBD6D4/Development_World/Backup_22-4-18/Projects/Interni/Programming_Contest_Management_Platform/app/views.Render(0xc0007de9a0, 0xc10caa, 0x5, 0xc00087cc00)
	/mnt/CC9EDBF69EDBD6D4/Development World/Backup 22-4-18/Projects/Interni/Programming Contest Management Platform/app/views/views.go:49 +0x2f3
_/mnt/CC9EDBF69EDBD6D4/Development_World/Backup_22-4-18/Projects/Interni/Programming_Contest_Management_Platform/app/controllers.Index(0xc0007de9a0)
	/mnt/CC9EDBF69EDBD6D4/Development World/Backup 22-4-18/Projects/Interni/Programming Contest Management Platform/app/controllers/common.controllers.go:12 +0x1a0
github.com/gin-gonic/gin.(*Context).Next(0xc0007de9a0)
	/home/dev/go/src/github.com/gin-gonic/gin/context.go:108 +0x43
github.com/gin-contrib/sessions.Sessions.func1(0xc0007de9a0)
	/home/dev/go/src/github.com/gin-contrib/sessions/sessions.go:65 +0x19f
github.com/gin-gonic/gin.(*Context).Next(0xc0007de9a0)
	/home/dev/go/src/github.com/gin-gonic/gin/context.go:108 +0x43
github.com/gin-gonic/gin.LoggerWithWriter.func1(0xc0007de9a0)
	/home/dev/go/src/github.com/gin-gonic/gin/logger.go:84 +0xd2
github.com/gin-gonic/gin.(*Context).Next(0xc0007de9a0)
	/home/dev/go/src/github.com/gin-gonic/gin/context.go:108 +0x43
github.com/gin-gonic/gin.(*Engine).handleHTTPRequest(0xc0002c0000, 0xc0007de9a0)
	/home/dev/go/src/github.com/gin-gonic/gin/gin.go:363 +0x5ab
github.com/gin-gonic/gin.(*Engine).ServeHTTP(0xc0002c0000, 0xce6be0, 0xc0006a4540, 0xc0001f3f00)
	/home/dev/go/src/github.com/gin-gonic/gin/gin.go:328 +0x132
net/http.serverHandler.ServeHTTP(0xc000554d00, 0xce6be0, 0xc0006a4540, 0xc0001f3f00)
	/usr/local/go/src/net/http/server.go:2741 +0xab
net/http.(*conn).serve(0xc0001b1c20, 0xce7720, 0xc0007e4b80)
	/usr/local/go/src/net/http/server.go:1847 +0x646
created by net/http.(*Server).Serve
	/usr/local/go/src/net/http/server.go:2851 +0x2f5
http: panic serving 127.0.0.1:51212: template: index.html:3:5: executing "content" at <ne .data.upcomingCon...>: error calling ne: invalid type for comparison
goroutine 140 [running]:
net/http.(*conn).serve.func1(0xc00022caa0)
	/usr/local/go/src/net/http/server.go:1746 +0xd0
panic(0xb73720, 0xc000826c20)
	/usr/local/go/src/runtime/panic.go:513 +0x1b9
github.com/gin-gonic/gin.(*Context).Render(0xc00085c630, 0xc8, 0xce5c60, 0xc00083d7a0)
	/home/dev/go/src/github.com/gin-gonic/gin/context.go:725 +0x160
github.com/gin-gonic/gin.(*Context).HTML(0xc00085c630, 0xc8, 0xc10caa, 0x5, 0x0, 0x0)
	/home/dev/go/src/github.com/gin-gonic/gin/context.go:734 +0x93
_/mnt/CC9EDBF69EDBD6D4/Development_World/Backup_22-4-18/Projects/Interni/Programming_Contest_Management_Platform/app/views.Render(0xc00085c630, 0xc10caa, 0x5, 0xc00083c1b0)
	/mnt/CC9EDBF69EDBD6D4/Development World/Backup 22-4-18/Projects/Interni/Programming Contest Management Platform/app/views/views.go:49 +0x2f3
_/mnt/CC9EDBF69EDBD6D4/Development_World/Backup_22-4-18/Projects/Interni/Programming_Contest_Management_Platform/app/controllers.Index(0xc00085c630)
	/mnt/CC9EDBF69EDBD6D4/Development World/Backup 22-4-18/Projects/Interni/Programming Contest Management Platform/app/controllers/common.controllers.go:12 +0x1a0
github.com/gin-gonic/gin.(*Context).Next(0xc00085c630)
	/home/dev/go/src/github.com/gin-gonic/gin/context.go:108 +0x43
github.com/gin-contrib/sessions.Sessions.func1(0xc00085c630)
	/home/dev/go/src/github.com/gin-contrib/sessions/sessions.go:65 +0x19f
github.com/gin-gonic/gin.(*Context).Next(0xc00085c630)
	/home/dev/go/src/github.com/gin-gonic/gin/context.go:108 +0x43
github.com/gin-gonic/gin.LoggerWithWriter.func1(0xc00085c630)
	/home/dev/go/src/github.com/gin-gonic/gin/logger.go:84 +0xd2
github.com/gin-gonic/gin.(*Context).Next(0xc00085c630)
	/home/dev/go/src/github.com/gin-gonic/gin/context.go:108 +0x43
github.com/gin-gonic/gin.(*Engine).handleHTTPRequest(0xc0002c0000, 0xc00085c630)
	/home/dev/go/src/github.com/gin-gonic/gin/gin.go:363 +0x5ab
github.com/gin-gonic/gin.(*Engine).ServeHTTP(0xc0002c0000, 0xce6be0, 0xc0000347e0, 0xc000800b00)
	/home/dev/go/src/github.com/gin-gonic/gin/gin.go:328 +0x132
net/http.serverHandler.ServeHTTP(0xc000554d00, 0xce6be0, 0xc0000347e0, 0xc000800b00)
	/usr/local/go/src/net/http/server.go:2741 +0xab
net/http.(*conn).serve(0xc00022caa0, 0xce7720, 0xc000805580)
	/usr/local/go/src/net/http/server.go:1847 +0x646
created by net/http.(*Server).Serve
	/usr/local/go/src/net/http/server.go:2851 +0x2f5
http: panic serving 127.0.0.1:51214: template: index.html:3:5: executing "content" at <ne .data.upcomingCon...>: error calling ne: invalid type for comparison
goroutine 162 [running]:
net/http.(*conn).serve.func1(0xc0001b00a0)
	/usr/local/go/src/net/http/server.go:1746 +0xd0
panic(0xb73720, 0xc000827160)
	/usr/local/go/src/runtime/panic.go:513 +0x1b9
github.com/gin-gonic/gin.(*Context).Render(0xc0001022c0, 0xc8, 0xce5c60, 0xc0000cd1a0)
	/home/dev/go/src/github.com/gin-gonic/gin/context.go:725 +0x160
github.com/gin-gonic/gin.(*Context).HTML(0xc0001022c0, 0xc8, 0xc10caa, 0x5, 0x0, 0x0)
	/home/dev/go/src/github.com/gin-gonic/gin/context.go:734 +0x93
_/mnt/CC9EDBF69EDBD6D4/Development_World/Backup_22-4-18/Projects/Interni/Programming_Contest_Management_Platform/app/views.Render(0xc0001022c0, 0xc10caa, 0x5, 0xc000574660)
	/mnt/CC9EDBF69EDBD6D4/Development World/Backup 22-4-18/Projects/Interni/Programming Contest Management Platform/app/views/views.go:49 +0x2f3
_/mnt/CC9EDBF69EDBD6D4/Development_World/Backup_22-4-18/Projects/Interni/Programming_Contest_Management_Platform/app/controllers.Index(0xc0001022c0)
	/mnt/CC9EDBF69EDBD6D4/Development World/Backup 22-4-18/Projects/Interni/Programming Contest Management Platform/app/controllers/common.controllers.go:12 +0x1a0
github.com/gin-gonic/gin.(*Context).Next(0xc0001022c0)
	/home/dev/go/src/github.com/gin-gonic/gin/context.go:108 +0x43
github.com/gin-contrib/sessions.Sessions.func1(0xc0001022c0)
	/home/dev/go/src/github.com/gin-contrib/sessions/sessions.go:65 +0x19f
github.com/gin-gonic/gin.(*Context).Next(0xc0001022c0)
	/home/dev/go/src/github.com/gin-gonic/gin/context.go:108 +0x43
github.com/gin-gonic/gin.LoggerWithWriter.func1(0xc0001022c0)
	/home/dev/go/src/github.com/gin-gonic/gin/logger.go:84 +0xd2
github.com/gin-gonic/gin.(*Context).Next(0xc0001022c0)
	/home/dev/go/src/github.com/gin-gonic/gin/context.go:108 +0x43
github.com/gin-gonic/gin.(*Engine).handleHTTPRequest(0xc0002c0000, 0xc0001022c0)
	/home/dev/go/src/github.com/gin-gonic/gin/gin.go:363 +0x5ab
github.com/gin-gonic/gin.(*Engine).ServeHTTP(0xc0002c0000, 0xce6be0, 0xc0000341c0, 0xc0001f2100)
	/home/dev/go/src/github.com/gin-gonic/gin/gin.go:328 +0x132
net/http.serverHandler.ServeHTTP(0xc000554d00, 0xce6be0, 0xc0000341c0, 0xc0001f2100)
	/usr/local/go/src/net/http/server.go:2741 +0xab
net/http.(*conn).serve(0xc0001b00a0, 0xce7720, 0xc0000a6400)
	/usr/local/go/src/net/http/server.go:1847 +0x646
created by net/http.(*Server).Serve
	/usr/local/go/src/net/http/server.go:2851 +0x2f5
http: panic serving 127.0.0.1:51216: template: index.html:3:5: executing "content" at <ne .data.upcomingCon...>: error calling ne: invalid type for comparison
goroutine 144 [running]:
net/http.(*conn).serve.func1(0xc0000cadc0)
	/usr/local/go/src/net/http/server.go:1746 +0xd0
panic(0xb73720, 0xc000827f40)
	/usr/local/go/src/runtime/panic.go:513 +0x1b9
github.com/gin-gonic/gin.(*Context).Render(0xc0006e62c0, 0xc8, 0xce5c60, 0xc0001d5a70)
	/home/dev/go/src/github.com/gin-gonic/gin/context.go:725 +0x160
github.com/gin-gonic/gin.(*Context).HTML(0xc0006e62c0, 0xc8, 0xc10caa, 0x5, 0x0, 0x0)
	/home/dev/go/src/github.com/gin-gonic/gin/context.go:734 +0x93
_/mnt/CC9EDBF69EDBD6D4/Development_World/Backup_22-4-18/Projects/Interni/Programming_Contest_Management_Platform/app/views.Render(0xc0006e62c0, 0xc10caa, 0x5, 0xc0001c3c50)
	/mnt/CC9EDBF69EDBD6D4/Development World/Backup 22-4-18/Projects/Interni/Programming Contest Management Platform/app/views/views.go:49 +0x2f3
_/mnt/CC9EDBF69EDBD6D4/Development_World/Backup_22-4-18/Projects/Interni/Programming_Contest_Management_Platform/app/controllers.Index(0xc0006e62c0)
	/mnt/CC9EDBF69EDBD6D4/Development World/Backup 22-4-18/Projects/Interni/Programming Contest Management Platform/app/controllers/common.controllers.go:12 +0x1a0
github.com/gin-gonic/gin.(*Context).Next(0xc0006e62c0)
	/home/dev/go/src/github.com/gin-gonic/gin/context.go:108 +0x43
github.com/gin-contrib/sessions.Sessions.func1(0xc0006e62c0)
	/home/dev/go/src/github.com/gin-contrib/sessions/sessions.go:65 +0x19f
github.com/gin-gonic/gin.(*Context).Next(0xc0006e62c0)
	/home/dev/go/src/github.com/gin-gonic/gin/context.go:108 +0x43
github.com/gin-gonic/gin.LoggerWithWriter.func1(0xc0006e62c0)
	/home/dev/go/src/github.com/gin-gonic/gin/logger.go:84 +0xd2
github.com/gin-gonic/gin.(*Context).Next(0xc0006e62c0)
	/home/dev/go/src/github.com/gin-gonic/gin/context.go:108 +0x43
github.com/gin-gonic/gin.(*Engine).handleHTTPRequest(0xc0002c0000, 0xc0006e62c0)
	/home/dev/go/src/github.com/gin-gonic/gin/gin.go:363 +0x5ab
github.com/gin-gonic/gin.(*Engine).ServeHTTP(0xc0002c0000, 0xce6be0, 0xc000808000, 0xc00014ec00)
	/home/dev/go/src/github.com/gin-gonic/gin/gin.go:328 +0x132
net/http.serverHandler.ServeHTTP(0xc000554d00, 0xce6be0, 0xc000808000, 0xc00014ec00)
	/usr/local/go/src/net/http/server.go:2741 +0xab
net/http.(*conn).serve(0xc0000cadc0, 0xce7720, 0xc0001dae40)
	/usr/local/go/src/net/http/server.go:1847 +0x646
created by net/http.(*Server).Serve
	/usr/local/go/src/net/http/server.go:2851 +0x2f5
http: panic serving 127.0.0.1:51218: template: index.html:3:5: executing "content" at <ne .data.upcomingCon...>: error calling ne: invalid type for comparison
goroutine 180 [running]:
net/http.(*conn).serve.func1(0xc0000cb2c0)
	/usr/local/go/src/net/http/server.go:1746 +0xd0
panic(0xb73720, 0xc0001ea640)
	/usr/local/go/src/runtime/panic.go:513 +0x1b9
github.com/gin-gonic/gin.(*Context).Render(0xc0006e69a0, 0xc8, 0xce5c60, 0xc000262510)
	/home/dev/go/src/github.com/gin-gonic/gin/context.go:725 +0x160
github.com/gin-gonic/gin.(*Context).HTML(0xc0006e69a0, 0xc8, 0xc10caa, 0x5, 0x0, 0x0)
	/home/dev/go/src/github.com/gin-gonic/gin/context.go:734 +0x93
_/mnt/CC9EDBF69EDBD6D4/Development_World/Backup_22-4-18/Projects/Interni/Programming_Contest_Management_Platform/app/views.Render(0xc0006e69a0, 0xc10caa, 0x5, 0xc0001e0ab0)
	/mnt/CC9EDBF69EDBD6D4/Development World/Backup 22-4-18/Projects/Interni/Programming Contest Management Platform/app/views/views.go:49 +0x2f3
_/mnt/CC9EDBF69EDBD6D4/Development_World/Backup_22-4-18/Projects/Interni/Programming_Contest_Management_Platform/app/controllers.Index(0xc0006e69a0)
	/mnt/CC9EDBF69EDBD6D4/Development World/Backup 22-4-18/Projects/Interni/Programming Contest Management Platform/app/controllers/common.controllers.go:12 +0x1a0
github.com/gin-gonic/gin.(*Context).Next(0xc0006e69a0)
	/home/dev/go/src/github.com/gin-gonic/gin/context.go:108 +0x43
github.com/gin-contrib/sessions.Sessions.func1(0xc0006e69a0)
	/home/dev/go/src/github.com/gin-contrib/sessions/sessions.go:65 +0x19f
github.com/gin-gonic/gin.(*Context).Next(0xc0006e69a0)
	/home/dev/go/src/github.com/gin-gonic/gin/context.go:108 +0x43
github.com/gin-gonic/gin.LoggerWithWriter.func1(0xc0006e69a0)
	/home/dev/go/src/github.com/gin-gonic/gin/logger.go:84 +0xd2
github.com/gin-gonic/gin.(*Context).Next(0xc0006e69a0)
	/home/dev/go/src/github.com/gin-gonic/gin/context.go:108 +0x43
github.com/gin-gonic/gin.(*Engine).handleHTTPRequest(0xc0002c0000, 0xc0006e69a0)
	/home/dev/go/src/github.com/gin-gonic/gin/gin.go:363 +0x5ab
github.com/gin-gonic/gin.(*Engine).ServeHTTP(0xc0002c0000, 0xce6be0, 0xc0008080e0, 0xc00014f100)
	/home/dev/go/src/github.com/gin-gonic/gin/gin.go:328 +0x132
net/http.serverHandler.ServeHTTP(0xc000554d00, 0xce6be0, 0xc0008080e0, 0xc00014f100)
	/usr/local/go/src/net/http/server.go:2741 +0xab
net/http.(*conn).serve(0xc0000cb2c0, 0xce7720, 0xc0001db9c0)
	/usr/local/go/src/net/http/server.go:1847 +0x646
created by net/http.(*Server).Serve
	/usr/local/go/src/net/http/server.go:2851 +0x2f5
http: panic serving 127.0.0.1:51220: template: index.html:3:5: executing "content" at <ne .data.upcomingCon...>: error calling ne: invalid type for comparison
goroutine 166 [running]:
net/http.(*conn).serve.func1(0xc0001b0460)
	/usr/local/go/src/net/http/server.go:1746 +0xd0
panic(0xb73720, 0xc00021a0c0)
	/usr/local/go/src/runtime/panic.go:513 +0x1b9
github.com/gin-gonic/gin.(*Context).Render(0xc000103c30, 0xc8, 0xce5c60, 0xc00085a150)
	/home/dev/go/src/github.com/gin-gonic/gin/context.go:725 +0x160
github.com/gin-gonic/gin.(*Context).HTML(0xc000103c30, 0xc8, 0xc10caa, 0x5, 0x0, 0x0)
	/home/dev/go/src/github.com/gin-gonic/gin/context.go:734 +0x93
_/mnt/CC9EDBF69EDBD6D4/Development_World/Backup_22-4-18/Projects/Interni/Programming_Contest_Management_Platform/app/views.Render(0xc000103c30, 0xc10caa, 0x5, 0xc0002982a0)
	/mnt/CC9EDBF69EDBD6D4/Development World/Backup 22-4-18/Projects/Interni/Programming Contest Management Platform/app/views/views.go:49 +0x2f3
_/mnt/CC9EDBF69EDBD6D4/Development_World/Backup_22-4-18/Projects/Interni/Programming_Contest_Management_Platform/app/controllers.Index(0xc000103c30)
	/mnt/CC9EDBF69EDBD6D4/Development World/Backup 22-4-18/Projects/Interni/Programming Contest Management Platform/app/controllers/common.controllers.go:12 +0x1a0
github.com/gin-gonic/gin.(*Context).Next(0xc000103c30)
	/home/dev/go/src/github.com/gin-gonic/gin/context.go:108 +0x43
github.com/gin-contrib/sessions.Sessions.func1(0xc000103c30)
	/home/dev/go/src/github.com/gin-contrib/sessions/sessions.go:65 +0x19f
github.com/gin-gonic/gin.(*Context).Next(0xc000103c30)
	/home/dev/go/src/github.com/gin-gonic/gin/context.go:108 +0x43
github.com/gin-gonic/gin.LoggerWithWriter.func1(0xc000103c30)
	/home/dev/go/src/github.com/gin-gonic/gin/logger.go:84 +0xd2
github.com/gin-gonic/gin.(*Context).Next(0xc000103c30)
	/home/dev/go/src/github.com/gin-gonic/gin/context.go:108 +0x43
github.com/gin-gonic/gin.(*Engine).handleHTTPRequest(0xc0002c0000, 0xc000103c30)
	/home/dev/go/src/github.com/gin-gonic/gin/gin.go:363 +0x5ab
github.com/gin-gonic/gin.(*Engine).ServeHTTP(0xc0002c0000, 0xce6be0, 0xc0000342a0, 0xc0001f2600)
	/home/dev/go/src/github.com/gin-gonic/gin/gin.go:328 +0x132
net/http.serverHandler.ServeHTTP(0xc000554d00, 0xce6be0, 0xc0000342a0, 0xc0001f2600)
	/usr/local/go/src/net/http/server.go:2741 +0xab
net/http.(*conn).serve(0xc0001b0460, 0xce7720, 0xc0000a6f00)
	/usr/local/go/src/net/http/server.go:1847 +0x646
created by net/http.(*Server).Serve
	/usr/local/go/src/net/http/server.go:2851 +0x2f5
http: panic serving 127.0.0.1:51222: template: index.html:3:5: executing "content" at <ne .data.upcomingCon...>: error calling ne: invalid type for comparison
goroutine 183 [running]:
net/http.(*conn).serve.func1(0xc0000cb540)
	/usr/local/go/src/net/http/server.go:1746 +0xd0
panic(0xb73720, 0xc00021b240)
	/usr/local/go/src/runtime/panic.go:513 +0x1b9
github.com/gin-gonic/gin.(*Context).Render(0xc00085c370, 0xc8, 0xce5c60, 0xc00087c570)
	/home/dev/go/src/github.com/gin-gonic/gin/context.go:725 +0x160
github.com/gin-gonic/gin.(*Context).HTML(0xc00085c370, 0xc8, 0xc10caa, 0x5, 0x0, 0x0)
	/home/dev/go/src/github.com/gin-gonic/gin/context.go:734 +0x93
_/mnt/CC9EDBF69EDBD6D4/Development_World/Backup_22-4-18/Projects/Interni/Programming_Contest_Management_Platform/app/views.Render(0xc00085c370, 0xc10caa, 0x5, 0xc00085adb0)
	/mnt/CC9EDBF69EDBD6D4/Development World/Backup 22-4-18/Projects/Interni/Programming Contest Management Platform/app/views/views.go:49 +0x2f3
_/mnt/CC9EDBF69EDBD6D4/Development_World/Backup_22-4-18/Projects/Interni/Programming_Contest_Management_Platform/app/controllers.Index(0xc00085c370)
	/mnt/CC9EDBF69EDBD6D4/Development World/Backup 22-4-18/Projects/Interni/Programming Contest Management Platform/app/controllers/common.controllers.go:12 +0x1a0
github.com/gin-gonic/gin.(*Context).Next(0xc00085c370)
	/home/dev/go/src/github.com/gin-gonic/gin/context.go:108 +0x43
github.com/gin-contrib/sessions.Sessions.func1(0xc00085c370)
	/home/dev/go/src/github.com/gin-contrib/sessions/sessions.go:65 +0x19f
github.com/gin-gonic/gin.(*Context).Next(0xc00085c370)
	/home/dev/go/src/github.com/gin-gonic/gin/context.go:108 +0x43
github.com/gin-gonic/gin.LoggerWithWriter.func1(0xc00085c370)
	/home/dev/go/src/github.com/gin-gonic/gin/logger.go:84 +0xd2
github.com/gin-gonic/gin.(*Context).Next(0xc00085c370)
	/home/dev/go/src/github.com/gin-gonic/gin/context.go:108 +0x43
github.com/gin-gonic/gin.(*Engine).handleHTTPRequest(0xc0002c0000, 0xc00085c370)
	/home/dev/go/src/github.com/gin-gonic/gin/gin.go:363 +0x5ab
github.com/gin-gonic/gin.(*Engine).ServeHTTP(0xc0002c0000, 0xce6be0, 0xc000034380, 0xc0001f2b00)
	/home/dev/go/src/github.com/gin-gonic/gin/gin.go:328 +0x132
net/http.serverHandler.ServeHTTP(0xc000554d00, 0xce6be0, 0xc000034380, 0xc0001f2b00)
	/usr/local/go/src/net/http/server.go:2741 +0xab
net/http.(*conn).serve(0xc0000cb540, 0xce7720, 0xc0001ee980)
	/usr/local/go/src/net/http/server.go:1847 +0x646
created by net/http.(*Server).Serve
	/usr/local/go/src/net/http/server.go:2851 +0x2f5
http: panic serving 127.0.0.1:51224: template: index.html:3:5: executing "content" at <ne .data.upcomingCon...>: error calling ne: invalid type for comparison
goroutine 184 [running]:
net/http.(*conn).serve.func1(0xc0000cb680)
	/usr/local/go/src/net/http/server.go:1746 +0xd0
panic(0xb73720, 0xc0001eaca0)
	/usr/local/go/src/runtime/panic.go:513 +0x1b9
github.com/gin-gonic/gin.(*Context).Render(0xc0006e7080, 0xc8, 0xce5c60, 0xc000696570)
	/home/dev/go/src/github.com/gin-gonic/gin/context.go:725 +0x160
github.com/gin-gonic/gin.(*Context).HTML(0xc0006e7080, 0xc8, 0xc10caa, 0x5, 0x0, 0x0)
	/home/dev/go/src/github.com/gin-gonic/gin/context.go:734 +0x93
_/mnt/CC9EDBF69EDBD6D4/Development_World/Backup_22-4-18/Projects/Interni/Programming_Contest_Management_Platform/app/views.Render(0xc0006e7080, 0xc10caa, 0x5, 0xc0001e1ce0)
	/mnt/CC9EDBF69EDBD6D4/Development World/Backup 22-4-18/Projects/Interni/Programming Contest Management Platform/app/views/views.go:49 +0x2f3
_/mnt/CC9EDBF69EDBD6D4/Development_World/Backup_22-4-18/Projects/Interni/Programming_Contest_Management_Platform/app/controllers.Index(0xc0006e7080)
	/mnt/CC9EDBF69EDBD6D4/Development World/Backup 22-4-18/Projects/Interni/Programming Contest Management Platform/app/controllers/common.controllers.go:12 +0x1a0
github.com/gin-gonic/gin.(*Context).Next(0xc0006e7080)
	/home/dev/go/src/github.com/gin-gonic/gin/context.go:108 +0x43
github.com/gin-contrib/sessions.Sessions.func1(0xc0006e7080)
	/home/dev/go/src/github.com/gin-contrib/sessions/sessions.go:65 +0x19f
github.com/gin-gonic/gin.(*Context).Next(0xc0006e7080)
	/home/dev/go/src/github.com/gin-gonic/gin/context.go:108 +0x43
github.com/gin-gonic/gin.LoggerWithWriter.func1(0xc0006e7080)
	/home/dev/go/src/github.com/gin-gonic/gin/logger.go:84 +0xd2
github.com/gin-gonic/gin.(*Context).Next(0xc0006e7080)
	/home/dev/go/src/github.com/gin-gonic/gin/context.go:108 +0x43
github.com/gin-gonic/gin.(*Engine).handleHTTPRequest(0xc0002c0000, 0xc0006e7080)
	/home/dev/go/src/github.com/gin-gonic/gin/gin.go:363 +0x5ab
github.com/gin-gonic/gin.(*Engine).ServeHTTP(0xc0002c0000, 0xce6be0, 0xc0008081c0, 0xc00014f300)
	/home/dev/go/src/github.com/gin-gonic/gin/gin.go:328 +0x132
net/http.serverHandler.ServeHTTP(0xc000554d00, 0xce6be0, 0xc0008081c0, 0xc00014f300)
	/usr/local/go/src/net/http/server.go:2741 +0xab
net/http.(*conn).serve(0xc0000cb680, 0xce7720, 0xc0001dbfc0)
	/usr/local/go/src/net/http/server.go:1847 +0x646
created by net/http.(*Server).Serve
	/usr/local/go/src/net/http/server.go:2851 +0x2f5
http: panic serving 127.0.0.1:51226: template: index.html:3:5: executing "content" at <ne .data.upcomingCon...>: error calling ne: invalid type for comparison
goroutine 196 [running]:
net/http.(*conn).serve.func1(0xc000220500)
	/usr/local/go/src/net/http/server.go:1746 +0xd0
panic(0xb73720, 0xc0001eb0c0)
	/usr/local/go/src/runtime/panic.go:513 +0x1b9
github.com/gin-gonic/gin.(*Context).Render(0xc0006e7760, 0xc8, 0xce5c60, 0xc000696cf0)
	/home/dev/go/src/github.com/gin-gonic/gin/context.go:725 +0x160
github.com/gin-gonic/gin.(*Context).HTML(0xc0006e7760, 0xc8, 0xc10caa, 0x5, 0x0, 0x0)
	/home/dev/go/src/github.com/gin-gonic/gin/context.go:734 +0x93
_/mnt/CC9EDBF69EDBD6D4/Development_World/Backup_22-4-18/Projects/Interni/Programming_Contest_Management_Platform/app/views.Render(0xc0006e7760, 0xc10caa, 0x5, 0xc0008c3170)
	/mnt/CC9EDBF69EDBD6D4/Development World/Backup 22-4-18/Projects/Interni/Programming Contest Management Platform/app/views/views.go:49 +0x2f3
_/mnt/CC9EDBF69EDBD6D4/Development_World/Backup_22-4-18/Projects/Interni/Programming_Contest_Management_Platform/app/controllers.Index(0xc0006e7760)
	/mnt/CC9EDBF69EDBD6D4/Development World/Backup 22-4-18/Projects/Interni/Programming Contest Management Platform/app/controllers/common.controllers.go:12 +0x1a0
github.com/gin-gonic/gin.(*Context).Next(0xc0006e7760)
	/home/dev/go/src/github.com/gin-gonic/gin/context.go:108 +0x43
github.com/gin-contrib/sessions.Sessions.func1(0xc0006e7760)
	/home/dev/go/src/github.com/gin-contrib/sessions/sessions.go:65 +0x19f
github.com/gin-gonic/gin.(*Context).Next(0xc0006e7760)
	/home/dev/go/src/github.com/gin-gonic/gin/context.go:108 +0x43
github.com/gin-gonic/gin.LoggerWithWriter.func1(0xc0006e7760)
	/home/dev/go/src/github.com/gin-gonic/gin/logger.go:84 +0xd2
github.com/gin-gonic/gin.(*Context).Next(0xc0006e7760)
	/home/dev/go/src/github.com/gin-gonic/gin/context.go:108 +0x43
github.com/gin-gonic/gin.(*Engine).handleHTTPRequest(0xc0002c0000, 0xc0006e7760)
	/home/dev/go/src/github.com/gin-gonic/gin/gin.go:363 +0x5ab
github.com/gin-gonic/gin.(*Engine).ServeHTTP(0xc0002c0000, 0xce6be0, 0xc0008082a0, 0xc00014f500)
	/home/dev/go/src/github.com/gin-gonic/gin/gin.go:328 +0x132
net/http.serverHandler.ServeHTTP(0xc000554d00, 0xce6be0, 0xc0008082a0, 0xc00014f500)
	/usr/local/go/src/net/http/server.go:2741 +0xab
net/http.(*conn).serve(0xc000220500, 0xce7720, 0xc0002bc800)
	/usr/local/go/src/net/http/server.go:1847 +0x646
created by net/http.(*Server).Serve
	/usr/local/go/src/net/http/server.go:2851 +0x2f5
http: panic serving 127.0.0.1:51228: template: index.html:3:5: executing "content" at <ne .data.upcomingCon...>: error calling ne: invalid type for comparison
goroutine 173 [running]:
net/http.(*conn).serve.func1(0xc0001b1220)
	/usr/local/go/src/net/http/server.go:1746 +0xd0
panic(0xb73720, 0xc0001eb5c0)
	/usr/local/go/src/runtime/panic.go:513 +0x1b9
github.com/gin-gonic/gin.(*Context).Render(0xc00085ce70, 0xc8, 0xce5c60, 0xc000697680)
	/home/dev/go/src/github.com/gin-gonic/gin/context.go:725 +0x160
github.com/gin-gonic/gin.(*Context).HTML(0xc00085ce70, 0xc8, 0xc10caa, 0x5, 0x0, 0x0)
	/home/dev/go/src/github.com/gin-gonic/gin/context.go:734 +0x93
_/mnt/CC9EDBF69EDBD6D4/Development_World/Backup_22-4-18/Projects/Interni/Programming_Contest_Management_Platform/app/views.Render(0xc00085ce70, 0xc10caa, 0x5, 0xc00087d260)
	/mnt/CC9EDBF69EDBD6D4/Development World/Backup 22-4-18/Projects/Interni/Programming Contest Management Platform/app/views/views.go:49 +0x2f3
_/mnt/CC9EDBF69EDBD6D4/Development_World/Backup_22-4-18/Projects/Interni/Programming_Contest_Management_Platform/app/controllers.Index(0xc00085ce70)
	/mnt/CC9EDBF69EDBD6D4/Development World/Backup 22-4-18/Projects/Interni/Programming Contest Management Platform/app/controllers/common.controllers.go:12 +0x1a0
github.com/gin-gonic/gin.(*Context).Next(0xc00085ce70)
	/home/dev/go/src/github.com/gin-gonic/gin/context.go:108 +0x43
github.com/gin-contrib/sessions.Sessions.func1(0xc00085ce70)
	/home/dev/go/src/github.com/gin-contrib/sessions/sessions.go:65 +0x19f
github.com/gin-gonic/gin.(*Context).Next(0xc00085ce70)
	/home/dev/go/src/github.com/gin-gonic/gin/context.go:108 +0x43
github.com/gin-gonic/gin.LoggerWithWriter.func1(0xc00085ce70)
	/home/dev/go/src/github.com/gin-gonic/gin/logger.go:84 +0xd2
github.com/gin-gonic/gin.(*Context).Next(0xc00085ce70)
	/home/dev/go/src/github.com/gin-gonic/gin/context.go:108 +0x43
github.com/gin-gonic/gin.(*Engine).handleHTTPRequest(0xc0002c0000, 0xc00085ce70)
	/home/dev/go/src/github.com/gin-gonic/gin/gin.go:363 +0x5ab
github.com/gin-gonic/gin.(*Engine).ServeHTTP(0xc0002c0000, 0xce6be0, 0xc000034460, 0xc0001f3000)
	/home/dev/go/src/github.com/gin-gonic/gin/gin.go:328 +0x132
net/http.serverHandler.ServeHTTP(0xc000554d00, 0xce6be0, 0xc000034460, 0xc0001f3000)
	/usr/local/go/src/net/http/server.go:2741 +0xab
net/http.(*conn).serve(0xc0001b1220, 0xce7720, 0xc0001ef640)
	/usr/local/go/src/net/http/server.go:1847 +0x646
created by net/http.(*Server).Serve
	/usr/local/go/src/net/http/server.go:2851 +0x2f5
http: panic serving 127.0.0.1:51230: template: index.html:3:5: executing "content" at <ne .data.upcomingCon...>: error calling ne: invalid type for comparison
goroutine 177 [running]:
net/http.(*conn).serve.func1(0xc0001b14a0)
	/usr/local/go/src/net/http/server.go:1746 +0xd0
panic(0xb73720, 0xc000260640)
	/usr/local/go/src/runtime/panic.go:513 +0x1b9
github.com/gin-gonic/gin.(*Context).Render(0xc000778000, 0xc8, 0xce5c60, 0xc000783920)
	/home/dev/go/src/github.com/gin-gonic/gin/context.go:725 +0x160
github.com/gin-gonic/gin.(*Context).HTML(0xc000778000, 0xc8, 0xc10caa, 0x5, 0x0, 0x0)
	/home/dev/go/src/github.com/gin-gonic/gin/context.go:734 +0x93
_/mnt/CC9EDBF69EDBD6D4/Development_World/Backup_22-4-18/Projects/Interni/Programming_Contest_Management_Platform/app/views.Render(0xc000778000, 0xc10caa, 0x5, 0xc000782330)
	/mnt/CC9EDBF69EDBD6D4/Development World/Backup 22-4-18/Projects/Interni/Programming Contest Management Platform/app/views/views.go:49 +0x2f3
_/mnt/CC9EDBF69EDBD6D4/Development_World/Backup_22-4-18/Projects/Interni/Programming_Contest_Management_Platform/app/controllers.Index(0xc000778000)
	/mnt/CC9EDBF69EDBD6D4/Development World/Backup 22-4-18/Projects/Interni/Programming Contest Management Platform/app/controllers/common.controllers.go:12 +0x1a0
github.com/gin-gonic/gin.(*Context).Next(0xc000778000)
	/home/dev/go/src/github.com/gin-gonic/gin/context.go:108 +0x43
github.com/gin-contrib/sessions.Sessions.func1(0xc000778000)
	/home/dev/go/src/github.com/gin-contrib/sessions/sessions.go:65 +0x19f
github.com/gin-gonic/gin.(*Context).Next(0xc000778000)
	/home/dev/go/src/github.com/gin-gonic/gin/context.go:108 +0x43
github.com/gin-gonic/gin.LoggerWithWriter.func1(0xc000778000)
	/home/dev/go/src/github.com/gin-gonic/gin/logger.go:84 +0xd2
github.com/gin-gonic/gin.(*Context).Next(0xc000778000)
	/home/dev/go/src/github.com/gin-gonic/gin/context.go:108 +0x43
github.com/gin-gonic/gin.(*Engine).handleHTTPRequest(0xc0002c0000, 0xc000778000)
	/home/dev/go/src/github.com/gin-gonic/gin/gin.go:363 +0x5ab
github.com/gin-gonic/gin.(*Engine).ServeHTTP(0xc0002c0000, 0xce6be0, 0xc0006d8000, 0xc000800600)
	/home/dev/go/src/github.com/gin-gonic/gin/gin.go:328 +0x132
net/http.serverHandler.ServeHTTP(0xc000554d00, 0xce6be0, 0xc0006d8000, 0xc000800600)
	/usr/local/go/src/net/http/server.go:2741 +0xab
net/http.(*conn).serve(0xc0001b14a0, 0xce7720, 0xc0001c5880)
	/usr/local/go/src/net/http/server.go:1847 +0x646
created by net/http.(*Server).Serve
	/usr/local/go/src/net/http/server.go:2851 +0x2f5
http: panic serving 127.0.0.1:51232: template: index.html:3:5: executing "content" at <ne .data.upcomingCon...>: error calling ne: invalid type for comparison
goroutine 210 [running]:
net/http.(*conn).serve.func1(0xc0001b15e0)
	/usr/local/go/src/net/http/server.go:1746 +0xd0
panic(0xb73720, 0xc000261240)
	/usr/local/go/src/runtime/panic.go:513 +0x1b9
github.com/gin-gonic/gin.(*Context).Render(0xc00085d550, 0xc8, 0xce5c60, 0xc0007aa210)
	/home/dev/go/src/github.com/gin-gonic/gin/context.go:725 +0x160
github.com/gin-gonic/gin.(*Context).HTML(0xc00085d550, 0xc8, 0xc10caa, 0x5, 0x0, 0x0)
	/home/dev/go/src/github.com/gin-gonic/gin/context.go:734 +0x93
_/mnt/CC9EDBF69EDBD6D4/Development_World/Backup_22-4-18/Projects/Interni/Programming_Contest_Management_Platform/app/views.Render(0xc00085d550, 0xc10caa, 0x5, 0xc0006ccc30)
	/mnt/CC9EDBF69EDBD6D4/Development World/Backup 22-4-18/Projects/Interni/Programming Contest Management Platform/app/views/views.go:49 +0x2f3
_/mnt/CC9EDBF69EDBD6D4/Development_World/Backup_22-4-18/Projects/Interni/Programming_Contest_Management_Platform/app/controllers.Index(0xc00085d550)
	/mnt/CC9EDBF69EDBD6D4/Development World/Backup 22-4-18/Projects/Interni/Programming Contest Management Platform/app/controllers/common.controllers.go:12 +0x1a0
github.com/gin-gonic/gin.(*Context).Next(0xc00085d550)
	/home/dev/go/src/github.com/gin-gonic/gin/context.go:108 +0x43
github.com/gin-contrib/sessions.Sessions.func1(0xc00085d550)
	/home/dev/go/src/github.com/gin-contrib/sessions/sessions.go:65 +0x19f
github.com/gin-gonic/gin.(*Context).Next(0xc00085d550)
	/home/dev/go/src/github.com/gin-gonic/gin/context.go:108 +0x43
github.com/gin-gonic/gin.LoggerWithWriter.func1(0xc00085d550)
	/home/dev/go/src/github.com/gin-gonic/gin/logger.go:84 +0xd2
github.com/gin-gonic/gin.(*Context).Next(0xc00085d550)
	/home/dev/go/src/github.com/gin-gonic/gin/context.go:108 +0x43
github.com/gin-gonic/gin.(*Engine).handleHTTPRequest(0xc0002c0000, 0xc00085d550)
	/home/dev/go/src/github.com/gin-gonic/gin/gin.go:363 +0x5ab
github.com/gin-gonic/gin.(*Engine).ServeHTTP(0xc0002c0000, 0xce6be0, 0xc000034540, 0xc0001f3500)
	/home/dev/go/src/github.com/gin-gonic/gin/gin.go:328 +0x132
net/http.serverHandler.ServeHTTP(0xc000554d00, 0xce6be0, 0xc000034540, 0xc0001f3500)
	/usr/local/go/src/net/http/server.go:2741 +0xab
net/http.(*conn).serve(0xc0001b15e0, 0xce7720, 0xc0001eff00)
	/usr/local/go/src/net/http/server.go:1847 +0x646
created by net/http.(*Server).Serve
	/usr/local/go/src/net/http/server.go:2851 +0x2f5
http: panic serving 127.0.0.1:51234: template: index.html:3:5: executing "content" at <ne .data.upcomingCon...>: error calling ne: invalid type for comparison
goroutine 190 [running]:
net/http.(*conn).serve.func1(0xc0000cba40)
	/usr/local/go/src/net/http/server.go:1746 +0xd0
panic(0xb73720, 0xc0002be700)
	/usr/local/go/src/runtime/panic.go:513 +0x1b9
github.com/gin-gonic/gin.(*Context).Render(0xc0006e7e40, 0xc8, 0xce5c60, 0xc0007c6360)
	/home/dev/go/src/github.com/gin-gonic/gin/context.go:725 +0x160
github.com/gin-gonic/gin.(*Context).HTML(0xc0006e7e40, 0xc8, 0xc10caa, 0x5, 0x0, 0x0)
	/home/dev/go/src/github.com/gin-gonic/gin/context.go:734 +0x93
_/mnt/CC9EDBF69EDBD6D4/Development_World/Backup_22-4-18/Projects/Interni/Programming_Contest_Management_Platform/app/views.Render(0xc0006e7e40, 0xc10caa, 0x5, 0xc0006b6d50)
	/mnt/CC9EDBF69EDBD6D4/Development World/Backup 22-4-18/Projects/Interni/Programming Contest Management Platform/app/views/views.go:49 +0x2f3
_/mnt/CC9EDBF69EDBD6D4/Development_World/Backup_22-4-18/Projects/Interni/Programming_Contest_Management_Platform/app/controllers.Index(0xc0006e7e40)
	/mnt/CC9EDBF69EDBD6D4/Development World/Backup 22-4-18/Projects/Interni/Programming Contest Management Platform/app/controllers/common.controllers.go:12 +0x1a0
github.com/gin-gonic/gin.(*Context).Next(0xc0006e7e40)
	/home/dev/go/src/github.com/gin-gonic/gin/context.go:108 +0x43
github.com/gin-contrib/sessions.Sessions.func1(0xc0006e7e40)
	/home/dev/go/src/github.com/gin-contrib/sessions/sessions.go:65 +0x19f
github.com/gin-gonic/gin.(*Context).Next(0xc0006e7e40)
	/home/dev/go/src/github.com/gin-gonic/gin/context.go:108 +0x43
github.com/gin-gonic/gin.LoggerWithWriter.func1(0xc0006e7e40)
	/home/dev/go/src/github.com/gin-gonic/gin/logger.go:84 +0xd2
github.com/gin-gonic/gin.(*Context).Next(0xc0006e7e40)
	/home/dev/go/src/github.com/gin-gonic/gin/context.go:108 +0x43
github.com/gin-gonic/gin.(*Engine).handleHTTPRequest(0xc0002c0000, 0xc0006e7e40)
	/home/dev/go/src/github.com/gin-gonic/gin/gin.go:363 +0x5ab
github.com/gin-gonic/gin.(*Engine).ServeHTTP(0xc0002c0000, 0xce6be0, 0xc000808380, 0xc00014fb00)
	/home/dev/go/src/github.com/gin-gonic/gin/gin.go:328 +0x132
net/http.serverHandler.ServeHTTP(0xc000554d00, 0xce6be0, 0xc000808380, 0xc00014fb00)
	/usr/local/go/src/net/http/server.go:2741 +0xab
net/http.(*conn).serve(0xc0000cba40, 0xce7720, 0xc0002bd4c0)
	/usr/local/go/src/net/http/server.go:1847 +0x646
created by net/http.(*Server).Serve
	/usr/local/go/src/net/http/server.go:2851 +0x2f5
http: panic serving 127.0.0.1:51236: template: index.html:3:5: executing "content" at <ne .data.upcomingCon...>: error calling ne: invalid type for comparison
goroutine 214 [running]:
net/http.(*conn).serve.func1(0xc0001b1860)
	/usr/local/go/src/net/http/server.go:1746 +0xd0
panic(0xb73720, 0xc0002ad760)
	/usr/local/go/src/runtime/panic.go:513 +0x1b9
github.com/gin-gonic/gin.(*Context).Render(0xc00085dc30, 0xc8, 0xce5c60, 0xc0007a9c50)
	/home/dev/go/src/github.com/gin-gonic/gin/context.go:725 +0x160
github.com/gin-gonic/gin.(*Context).HTML(0xc00085dc30, 0xc8, 0xc10caa, 0x5, 0x0, 0x0)
	/home/dev/go/src/github.com/gin-gonic/gin/context.go:734 +0x93
_/mnt/CC9EDBF69EDBD6D4/Development_World/Backup_22-4-18/Projects/Interni/Programming_Contest_Management_Platform/app/views.Render(0xc00085dc30, 0xc10caa, 0x5, 0xc0007a8660)
	/mnt/CC9EDBF69EDBD6D4/Development World/Backup 22-4-18/Projects/Interni/Programming Contest Management Platform/app/views/views.go:49 +0x2f3
_/mnt/CC9EDBF69EDBD6D4/Development_World/Backup_22-4-18/Projects/Interni/Programming_Contest_Management_Platform/app/controllers.Index(0xc00085dc30)
	/mnt/CC9EDBF69EDBD6D4/Development World/Backup 22-4-18/Projects/Interni/Programming Contest Management Platform/app/controllers/common.controllers.go:12 +0x1a0
github.com/gin-gonic/gin.(*Context).Next(0xc00085dc30)
	/home/dev/go/src/github.com/gin-gonic/gin/context.go:108 +0x43
github.com/gin-contrib/sessions.Sessions.func1(0xc00085dc30)
	/home/dev/go/src/github.com/gin-contrib/sessions/sessions.go:65 +0x19f
github.com/gin-gonic/gin.(*Context).Next(0xc00085dc30)
	/home/dev/go/src/github.com/gin-gonic/gin/context.go:108 +0x43
github.com/gin-gonic/gin.LoggerWithWriter.func1(0xc00085dc30)
	/home/dev/go/src/github.com/gin-gonic/gin/logger.go:84 +0xd2
github.com/gin-gonic/gin.(*Context).Next(0xc00085dc30)
	/home/dev/go/src/github.com/gin-gonic/gin/context.go:108 +0x43
github.com/gin-gonic/gin.(*Engine).handleHTTPRequest(0xc0002c0000, 0xc00085dc30)
	/home/dev/go/src/github.com/gin-gonic/gin/gin.go:363 +0x5ab
github.com/gin-gonic/gin.(*Engine).ServeHTTP(0xc0002c0000, 0xce6be0, 0xc000034620, 0xc0001f3a00)
	/home/dev/go/src/github.com/gin-gonic/gin/gin.go:328 +0x132
net/http.serverHandler.ServeHTTP(0xc000554d00, 0xce6be0, 0xc000034620, 0xc0001f3a00)
	/usr/local/go/src/net/http/server.go:2741 +0xab
net/http.(*conn).serve(0xc0001b1860, 0xce7720, 0xc000804940)
	/usr/local/go/src/net/http/server.go:1847 +0x646
created by net/http.(*Server).Serve
	/usr/local/go/src/net/http/server.go:2851 +0x2f5
http: panic serving 127.0.0.1:51242: template: index.html:3:5: executing "content" at <ne .data.upcomingCon...>: error calling ne: invalid type for comparison
goroutine 63 [running]:
net/http.(*conn).serve.func1(0xc0000ce280)
	/usr/local/go/src/net/http/server.go:1746 +0xd0
panic(0xb73740, 0xc0000e66c0)
	/usr/local/go/src/runtime/panic.go:513 +0x1b9
github.com/gin-gonic/gin.(*Context).Render(0xc00011c2c0, 0xc8, 0xce5c80, 0xc0005c8810)
	/home/dev/go/src/github.com/gin-gonic/gin/context.go:725 +0x160
github.com/gin-gonic/gin.(*Context).HTML(0xc00011c2c0, 0xc8, 0xc10cca, 0x5, 0x0, 0x0)
	/home/dev/go/src/github.com/gin-gonic/gin/context.go:734 +0x93
_/mnt/CC9EDBF69EDBD6D4/Development_World/Backup_22-4-18/Projects/Interni/Programming_Contest_Management_Platform/app/views.Render(0xc00011c2c0, 0xc10cca, 0x5, 0xc000575f50)
	/mnt/CC9EDBF69EDBD6D4/Development World/Backup 22-4-18/Projects/Interni/Programming Contest Management Platform/app/views/views.go:49 +0x2f3
_/mnt/CC9EDBF69EDBD6D4/Development_World/Backup_22-4-18/Projects/Interni/Programming_Contest_Management_Platform/app/controllers.Index(0xc00011c2c0)
	/mnt/CC9EDBF69EDBD6D4/Development World/Backup 22-4-18/Projects/Interni/Programming Contest Management Platform/app/controllers/common.controllers.go:12 +0x1a0
github.com/gin-gonic/gin.(*Context).Next(0xc00011c2c0)
	/home/dev/go/src/github.com/gin-gonic/gin/context.go:108 +0x43
github.com/gin-contrib/sessions.Sessions.func1(0xc00011c2c0)
	/home/dev/go/src/github.com/gin-contrib/sessions/sessions.go:65 +0x19f
github.com/gin-gonic/gin.(*Context).Next(0xc00011c2c0)
	/home/dev/go/src/github.com/gin-gonic/gin/context.go:108 +0x43
github.com/gin-gonic/gin.LoggerWithWriter.func1(0xc00011c2c0)
	/home/dev/go/src/github.com/gin-gonic/gin/logger.go:84 +0xd2
github.com/gin-gonic/gin.(*Context).Next(0xc00011c2c0)
	/home/dev/go/src/github.com/gin-gonic/gin/context.go:108 +0x43
github.com/gin-gonic/gin.(*Engine).handleHTTPRequest(0xc0004a25a0, 0xc00011c2c0)
	/home/dev/go/src/github.com/gin-gonic/gin/gin.go:363 +0x5ab
github.com/gin-gonic/gin.(*Engine).ServeHTTP(0xc0004a25a0, 0xce6c00, 0xc0000341c0, 0xc0005d0000)
	/home/dev/go/src/github.com/gin-gonic/gin/gin.go:328 +0x132
net/http.serverHandler.ServeHTTP(0xc0001f1790, 0xce6c00, 0xc0000341c0, 0xc0005d0000)
	/usr/local/go/src/net/http/server.go:2741 +0xab
net/http.(*conn).serve(0xc0000ce280, 0xce7740, 0xc0001ef480)
	/usr/local/go/src/net/http/server.go:1847 +0x646
created by net/http.(*Server).Serve
	/usr/local/go/src/net/http/server.go:2851 +0x2f5
http: panic serving 127.0.0.1:51244: template: index.html:3:5: executing "content" at <ne .data.upcomingCon...>: error calling ne: invalid type for comparison
goroutine 32 [running]:
net/http.(*conn).serve.func1(0xc000232320)
	/usr/local/go/src/net/http/server.go:1746 +0xd0
panic(0xb73740, 0xc0000e74e0)
	/usr/local/go/src/runtime/panic.go:513 +0x1b9
github.com/gin-gonic/gin.(*Context).Render(0xc0003048f0, 0xc8, 0xce5c80, 0xc0002b6ba0)
	/home/dev/go/src/github.com/gin-gonic/gin/context.go:725 +0x160
github.com/gin-gonic/gin.(*Context).HTML(0xc0003048f0, 0xc8, 0xc10cca, 0x5, 0x0, 0x0)
	/home/dev/go/src/github.com/gin-gonic/gin/context.go:734 +0x93
_/mnt/CC9EDBF69EDBD6D4/Development_World/Backup_22-4-18/Projects/Interni/Programming_Contest_Management_Platform/app/views.Render(0xc0003048f0, 0xc10cca, 0x5, 0xc000206cf0)
	/mnt/CC9EDBF69EDBD6D4/Development World/Backup 22-4-18/Projects/Interni/Programming Contest Management Platform/app/views/views.go:49 +0x2f3
_/mnt/CC9EDBF69EDBD6D4/Development_World/Backup_22-4-18/Projects/Interni/Programming_Contest_Management_Platform/app/controllers.Index(0xc0003048f0)
	/mnt/CC9EDBF69EDBD6D4/Development World/Backup 22-4-18/Projects/Interni/Programming Contest Management Platform/app/controllers/common.controllers.go:12 +0x1a0
github.com/gin-gonic/gin.(*Context).Next(0xc0003048f0)
	/home/dev/go/src/github.com/gin-gonic/gin/context.go:108 +0x43
github.com/gin-contrib/sessions.Sessions.func1(0xc0003048f0)
	/home/dev/go/src/github.com/gin-contrib/sessions/sessions.go:65 +0x19f
github.com/gin-gonic/gin.(*Context).Next(0xc0003048f0)
	/home/dev/go/src/github.com/gin-gonic/gin/context.go:108 +0x43
github.com/gin-gonic/gin.LoggerWithWriter.func1(0xc0003048f0)
	/home/dev/go/src/github.com/gin-gonic/gin/logger.go:84 +0xd2
github.com/gin-gonic/gin.(*Context).Next(0xc0003048f0)
	/home/dev/go/src/github.com/gin-gonic/gin/context.go:108 +0x43
github.com/gin-gonic/gin.(*Engine).handleHTTPRequest(0xc0004a25a0, 0xc0003048f0)
	/home/dev/go/src/github.com/gin-gonic/gin/gin.go:363 +0x5ab
github.com/gin-gonic/gin.(*Engine).ServeHTTP(0xc0004a25a0, 0xce6c00, 0xc0000342a0, 0xc000168000)
	/home/dev/go/src/github.com/gin-gonic/gin/gin.go:328 +0x132
net/http.serverHandler.ServeHTTP(0xc0001f1790, 0xce6c00, 0xc0000342a0, 0xc000168000)
	/usr/local/go/src/net/http/server.go:2741 +0xab
net/http.(*conn).serve(0xc000232320, 0xce7740, 0xc0002fa040)
	/usr/local/go/src/net/http/server.go:1847 +0x646
created by net/http.(*Server).Serve
	/usr/local/go/src/net/http/server.go:2851 +0x2f5
http: panic serving 127.0.0.1:51246: template: index.html:3:5: executing "content" at <ne .data.upcomingCon...>: error calling ne: invalid type for comparison
goroutine 70 [running]:
net/http.(*conn).serve.func1(0xc00026a000)
	/usr/local/go/src/net/http/server.go:1746 +0xd0
panic(0xb73740, 0xc0000e7fe0)
	/usr/local/go/src/runtime/panic.go:513 +0x1b9
github.com/gin-gonic/gin.(*Context).Render(0xc00011c370, 0xc8, 0xce5c80, 0xc000276e70)
	/home/dev/go/src/github.com/gin-gonic/gin/context.go:725 +0x160
github.com/gin-gonic/gin.(*Context).HTML(0xc00011c370, 0xc8, 0xc10cca, 0x5, 0x0, 0x0)
	/home/dev/go/src/github.com/gin-gonic/gin/context.go:734 +0x93
_/mnt/CC9EDBF69EDBD6D4/Development_World/Backup_22-4-18/Projects/Interni/Programming_Contest_Management_Platform/app/views.Render(0xc00011c370, 0xc10cca, 0x5, 0xc0001ff5c0)
	/mnt/CC9EDBF69EDBD6D4/Development World/Backup 22-4-18/Projects/Interni/Programming Contest Management Platform/app/views/views.go:49 +0x2f3
_/mnt/CC9EDBF69EDBD6D4/Development_World/Backup_22-4-18/Projects/Interni/Programming_Contest_Management_Platform/app/controllers.Index(0xc00011c370)
	/mnt/CC9EDBF69EDBD6D4/Development World/Backup 22-4-18/Projects/Interni/Programming Contest Management Platform/app/controllers/common.controllers.go:12 +0x1a0
github.com/gin-gonic/gin.(*Context).Next(0xc00011c370)
	/home/dev/go/src/github.com/gin-gonic/gin/context.go:108 +0x43
github.com/gin-contrib/sessions.Sessions.func1(0xc00011c370)
	/home/dev/go/src/github.com/gin-contrib/sessions/sessions.go:65 +0x19f
github.com/gin-gonic/gin.(*Context).Next(0xc00011c370)
	/home/dev/go/src/github.com/gin-gonic/gin/context.go:108 +0x43
github.com/gin-gonic/gin.LoggerWithWriter.func1(0xc00011c370)
	/home/dev/go/src/github.com/gin-gonic/gin/logger.go:84 +0xd2
github.com/gin-gonic/gin.(*Context).Next(0xc00011c370)
	/home/dev/go/src/github.com/gin-gonic/gin/context.go:108 +0x43
github.com/gin-gonic/gin.(*Engine).handleHTTPRequest(0xc0004a25a0, 0xc00011c370)
	/home/dev/go/src/github.com/gin-gonic/gin/gin.go:363 +0x5ab
github.com/gin-gonic/gin.(*Engine).ServeHTTP(0xc0004a25a0, 0xce6c00, 0xc0005e8000, 0xc000212800)
	/home/dev/go/src/github.com/gin-gonic/gin/gin.go:328 +0x132
net/http.serverHandler.ServeHTTP(0xc0001f1790, 0xce6c00, 0xc0005e8000, 0xc000212800)
	/usr/local/go/src/net/http/server.go:2741 +0xab
net/http.(*conn).serve(0xc00026a000, 0xce7740, 0xc00020a080)
	/usr/local/go/src/net/http/server.go:1847 +0x646
created by net/http.(*Server).Serve
	/usr/local/go/src/net/http/server.go:2851 +0x2f5
http: panic serving 127.0.0.1:51248: template: index.html:3:5: executing "content" at <ne .data.upcomingCon...>: error calling ne: invalid type for comparison
goroutine 85 [running]:
net/http.(*conn).serve.func1(0xc0000cf220)
	/usr/local/go/src/net/http/server.go:1746 +0xd0
panic(0xb73740, 0xc00020d0e0)
	/usr/local/go/src/runtime/panic.go:513 +0x1b9
github.com/gin-gonic/gin.(*Context).Render(0xc0005a2000, 0xc8, 0xce5c80, 0xc0005743c0)
	/home/dev/go/src/github.com/gin-gonic/gin/context.go:725 +0x160
github.com/gin-gonic/gin.(*Context).HTML(0xc0005a2000, 0xc8, 0xc10cca, 0x5, 0x0, 0x0)
	/home/dev/go/src/github.com/gin-gonic/gin/context.go:734 +0x93
_/mnt/CC9EDBF69EDBD6D4/Development_World/Backup_22-4-18/Projects/Interni/Programming_Contest_Management_Platform/app/views.Render(0xc0005a2000, 0xc10cca, 0x5, 0xc0002f0db0)
	/mnt/CC9EDBF69EDBD6D4/Development World/Backup 22-4-18/Projects/Interni/Programming Contest Management Platform/app/views/views.go:49 +0x2f3
_/mnt/CC9EDBF69EDBD6D4/Development_World/Backup_22-4-18/Projects/Interni/Programming_Contest_Management_Platform/app/controllers.Index(0xc0005a2000)
	/mnt/CC9EDBF69EDBD6D4/Development World/Backup 22-4-18/Projects/Interni/Programming Contest Management Platform/app/controllers/common.controllers.go:12 +0x1a0
github.com/gin-gonic/gin.(*Context).Next(0xc0005a2000)
	/home/dev/go/src/github.com/gin-gonic/gin/context.go:108 +0x43
github.com/gin-contrib/sessions.Sessions.func1(0xc0005a2000)
	/home/dev/go/src/github.com/gin-contrib/sessions/sessions.go:65 +0x19f
github.com/gin-gonic/gin.(*Context).Next(0xc0005a2000)
	/home/dev/go/src/github.com/gin-gonic/gin/context.go:108 +0x43
github.com/gin-gonic/gin.LoggerWithWriter.func1(0xc0005a2000)
	/home/dev/go/src/github.com/gin-gonic/gin/logger.go:84 +0xd2
github.com/gin-gonic/gin.(*Context).Next(0xc0005a2000)
	/home/dev/go/src/github.com/gin-gonic/gin/context.go:108 +0x43
github.com/gin-gonic/gin.(*Engine).handleHTTPRequest(0xc0004a25a0, 0xc0005a2000)
	/home/dev/go/src/github.com/gin-gonic/gin/gin.go:363 +0x5ab
github.com/gin-gonic/gin.(*Engine).ServeHTTP(0xc0004a25a0, 0xce6c00, 0xc00059e000, 0xc0005d0300)
	/home/dev/go/src/github.com/gin-gonic/gin/gin.go:328 +0x132
net/http.serverHandler.ServeHTTP(0xc0001f1790, 0xce6c00, 0xc00059e000, 0xc0005d0300)
	/usr/local/go/src/net/http/server.go:2741 +0xab
net/http.(*conn).serve(0xc0000cf220, 0xce7740, 0xc0000a6040)
	/usr/local/go/src/net/http/server.go:1847 +0x646
created by net/http.(*Server).Serve
	/usr/local/go/src/net/http/server.go:2851 +0x2f5
http: panic serving 127.0.0.1:51250: template: index.html:3:5: executing "content" at <ne .data.upcomingCon...>: error calling ne: invalid type for comparison
goroutine 100 [running]:
net/http.(*conn).serve.func1(0xc000232820)
	/usr/local/go/src/net/http/server.go:1746 +0xd0
panic(0xb73740, 0xc0002fc580)
	/usr/local/go/src/runtime/panic.go:513 +0x1b9
github.com/gin-gonic/gin.(*Context).Render(0xc0005a26e0, 0xc8, 0xce5c80, 0xc0005c9230)
	/home/dev/go/src/github.com/gin-gonic/gin/context.go:725 +0x160
github.com/gin-gonic/gin.(*Context).HTML(0xc0005a26e0, 0xc8, 0xc10cca, 0x5, 0x0, 0x0)
	/home/dev/go/src/github.com/gin-gonic/gin/context.go:734 +0x93
_/mnt/CC9EDBF69EDBD6D4/Development_World/Backup_22-4-18/Projects/Interni/Programming_Contest_Management_Platform/app/views.Render(0xc0005a26e0, 0xc10cca, 0x5, 0xc000575080)
	/mnt/CC9EDBF69EDBD6D4/Development World/Backup 22-4-18/Projects/Interni/Programming Contest Management Platform/app/views/views.go:49 +0x2f3
_/mnt/CC9EDBF69EDBD6D4/Development_World/Backup_22-4-18/Projects/Interni/Programming_Contest_Management_Platform/app/controllers.Index(0xc0005a26e0)
	/mnt/CC9EDBF69EDBD6D4/Development World/Backup 22-4-18/Projects/Interni/Programming Contest Management Platform/app/controllers/common.controllers.go:12 +0x1a0
github.com/gin-gonic/gin.(*Context).Next(0xc0005a26e0)
	/home/dev/go/src/github.com/gin-gonic/gin/context.go:108 +0x43
github.com/gin-contrib/sessions.Sessions.func1(0xc0005a26e0)
	/home/dev/go/src/github.com/gin-contrib/sessions/sessions.go:65 +0x19f
github.com/gin-gonic/gin.(*Context).Next(0xc0005a26e0)
	/home/dev/go/src/github.com/gin-gonic/gin/context.go:108 +0x43
github.com/gin-gonic/gin.LoggerWithWriter.func1(0xc0005a26e0)
	/home/dev/go/src/github.com/gin-gonic/gin/logger.go:84 +0xd2
github.com/gin-gonic/gin.(*Context).Next(0xc0005a26e0)
	/home/dev/go/src/github.com/gin-gonic/gin/context.go:108 +0x43
github.com/gin-gonic/gin.(*Engine).handleHTTPRequest(0xc0004a25a0, 0xc0005a26e0)
	/home/dev/go/src/github.com/gin-gonic/gin/gin.go:363 +0x5ab
github.com/gin-gonic/gin.(*Engine).ServeHTTP(0xc0004a25a0, 0xce6c00, 0xc00059e0e0, 0xc0005d0800)
	/home/dev/go/src/github.com/gin-gonic/gin/gin.go:328 +0x132
net/http.serverHandler.ServeHTTP(0xc0001f1790, 0xce6c00, 0xc00059e0e0, 0xc0005d0800)
	/usr/local/go/src/net/http/server.go:2741 +0xab
net/http.(*conn).serve(0xc000232820, 0xce7740, 0xc0000a6d80)
	/usr/local/go/src/net/http/server.go:1847 +0x646
created by net/http.(*Server).Serve
	/usr/local/go/src/net/http/server.go:2851 +0x2f5
http: panic serving 127.0.0.1:51252: template: index.html:3:5: executing "content" at <ne .data.upcomingCon...>: error calling ne: invalid type for comparison
goroutine 104 [running]:
net/http.(*conn).serve.func1(0xc000232d20)
	/usr/local/go/src/net/http/server.go:1746 +0xd0
panic(0xb73740, 0xc0002fd3a0)
	/usr/local/go/src/runtime/panic.go:513 +0x1b9
github.com/gin-gonic/gin.(*Context).Render(0xc0005a2dc0, 0xc8, 0xce5c80, 0xc0005ed560)
	/home/dev/go/src/github.com/gin-gonic/gin/context.go:725 +0x160
github.com/gin-gonic/gin.(*Context).HTML(0xc0005a2dc0, 0xc8, 0xc10cca, 0x5, 0x0, 0x0)
	/home/dev/go/src/github.com/gin-gonic/gin/context.go:734 +0x93
_/mnt/CC9EDBF69EDBD6D4/Development_World/Backup_22-4-18/Projects/Interni/Programming_Contest_Management_Platform/app/views.Render(0xc0005a2dc0, 0xc10cca, 0x5, 0xc0005c9ef0)
	/mnt/CC9EDBF69EDBD6D4/Development World/Backup 22-4-18/Projects/Interni/Programming Contest Management Platform/app/views/views.go:49 +0x2f3
_/mnt/CC9EDBF69EDBD6D4/Development_World/Backup_22-4-18/Projects/Interni/Programming_Contest_Management_Platform/app/controllers.Index(0xc0005a2dc0)
	/mnt/CC9EDBF69EDBD6D4/Development World/Backup 22-4-18/Projects/Interni/Programming Contest Management Platform/app/controllers/common.controllers.go:12 +0x1a0
github.com/gin-gonic/gin.(*Context).Next(0xc0005a2dc0)
	/home/dev/go/src/github.com/gin-gonic/gin/context.go:108 +0x43
github.com/gin-contrib/sessions.Sessions.func1(0xc0005a2dc0)
	/home/dev/go/src/github.com/gin-contrib/sessions/sessions.go:65 +0x19f
github.com/gin-gonic/gin.(*Context).Next(0xc0005a2dc0)
	/home/dev/go/src/github.com/gin-gonic/gin/context.go:108 +0x43
github.com/gin-gonic/gin.LoggerWithWriter.func1(0xc0005a2dc0)
	/home/dev/go/src/github.com/gin-gonic/gin/logger.go:84 +0xd2
github.com/gin-gonic/gin.(*Context).Next(0xc0005a2dc0)
	/home/dev/go/src/github.com/gin-gonic/gin/context.go:108 +0x43
github.com/gin-gonic/gin.(*Engine).handleHTTPRequest(0xc0004a25a0, 0xc0005a2dc0)
	/home/dev/go/src/github.com/gin-gonic/gin/gin.go:363 +0x5ab
github.com/gin-gonic/gin.(*Engine).ServeHTTP(0xc0004a25a0, 0xce6c00, 0xc00059e1c0, 0xc0005d0d00)
	/home/dev/go/src/github.com/gin-gonic/gin/gin.go:328 +0x132
net/http.serverHandler.ServeHTTP(0xc0001f1790, 0xce6c00, 0xc00059e1c0, 0xc0005d0d00)
	/usr/local/go/src/net/http/server.go:2741 +0xab
net/http.(*conn).serve(0xc000232d20, 0xce7740, 0xc0000a7b00)
	/usr/local/go/src/net/http/server.go:1847 +0x646
created by net/http.(*Server).Serve
	/usr/local/go/src/net/http/server.go:2851 +0x2f5
http: panic serving 127.0.0.1:51254: template: index.html:3:5: executing "content" at <ne .data.upcomingCon...>: error calling ne: invalid type for comparison
goroutine 74 [running]:
net/http.(*conn).serve.func1(0xc00026a280)
	/usr/local/go/src/net/http/server.go:1746 +0xd0
panic(0xb73740, 0xc00029e940)
	/usr/local/go/src/runtime/panic.go:513 +0x1b9
github.com/gin-gonic/gin.(*Context).Render(0xc00011cb00, 0xc8, 0xce5c80, 0xc00069e330)
	/home/dev/go/src/github.com/gin-gonic/gin/context.go:725 +0x160
github.com/gin-gonic/gin.(*Context).HTML(0xc00011cb00, 0xc8, 0xc10cca, 0x5, 0x0, 0x0)
	/home/dev/go/src/github.com/gin-gonic/gin/context.go:734 +0x93
_/mnt/CC9EDBF69EDBD6D4/Development_World/Backup_22-4-18/Projects/Interni/Programming_Contest_Management_Platform/app/views.Render(0xc00011cb00, 0xc10cca, 0x5, 0xc0001e7ec0)
	/mnt/CC9EDBF69EDBD6D4/Development World/Backup 22-4-18/Projects/Interni/Programming Contest Management Platform/app/views/views.go:49 +0x2f3
_/mnt/CC9EDBF69EDBD6D4/Development_World/Backup_22-4-18/Projects/Interni/Programming_Contest_Management_Platform/app/controllers.Index(0xc00011cb00)
	/mnt/CC9EDBF69EDBD6D4/Development World/Backup 22-4-18/Projects/Interni/Programming Contest Management Platform/app/controllers/common.controllers.go:12 +0x1a0
github.com/gin-gonic/gin.(*Context).Next(0xc00011cb00)
	/home/dev/go/src/github.com/gin-gonic/gin/context.go:108 +0x43
github.com/gin-contrib/sessions.Sessions.func1(0xc00011cb00)
	/home/dev/go/src/github.com/gin-contrib/sessions/sessions.go:65 +0x19f
github.com/gin-gonic/gin.(*Context).Next(0xc00011cb00)
	/home/dev/go/src/github.com/gin-gonic/gin/context.go:108 +0x43
github.com/gin-gonic/gin.LoggerWithWriter.func1(0xc00011cb00)
	/home/dev/go/src/github.com/gin-gonic/gin/logger.go:84 +0xd2
github.com/gin-gonic/gin.(*Context).Next(0xc00011cb00)
	/home/dev/go/src/github.com/gin-gonic/gin/context.go:108 +0x43
github.com/gin-gonic/gin.(*Engine).handleHTTPRequest(0xc0004a25a0, 0xc00011cb00)
	/home/dev/go/src/github.com/gin-gonic/gin/gin.go:363 +0x5ab
github.com/gin-gonic/gin.(*Engine).ServeHTTP(0xc0004a25a0, 0xce6c00, 0xc0005e80e0, 0xc000212f00)
	/home/dev/go/src/github.com/gin-gonic/gin/gin.go:328 +0x132
net/http.serverHandler.ServeHTTP(0xc0001f1790, 0xce6c00, 0xc0005e80e0, 0xc000212f00)
	/usr/local/go/src/net/http/server.go:2741 +0xab
net/http.(*conn).serve(0xc00026a280, 0xce7740, 0xc00020abc0)
	/usr/local/go/src/net/http/server.go:1847 +0x646
created by net/http.(*Server).Serve
	/usr/local/go/src/net/http/server.go:2851 +0x2f5
http: panic serving 127.0.0.1:51256: template: index.html:3:5: executing "content" at <ne .data.upcomingCon...>: error calling ne: invalid type for comparison
goroutine 108 [running]:
net/http.(*conn).serve.func1(0xc000233220)
	/usr/local/go/src/net/http/server.go:1746 +0xd0
panic(0xb73740, 0xc00029fcc0)
	/usr/local/go/src/runtime/panic.go:513 +0x1b9
github.com/gin-gonic/gin.(*Context).Render(0xc0003058c0, 0xc8, 0xce5c80, 0xc0006c05a0)
	/home/dev/go/src/github.com/gin-gonic/gin/context.go:725 +0x160
github.com/gin-gonic/gin.(*Context).HTML(0xc0003058c0, 0xc8, 0xc10cca, 0x5, 0x0, 0x0)
	/home/dev/go/src/github.com/gin-gonic/gin/context.go:734 +0x93
_/mnt/CC9EDBF69EDBD6D4/Development_World/Backup_22-4-18/Projects/Interni/Programming_Contest_Management_Platform/app/views.Render(0xc0003058c0, 0xc10cca, 0x5, 0xc00069ef90)
	/mnt/CC9EDBF69EDBD6D4/Development World/Backup 22-4-18/Projects/Interni/Programming Contest Management Platform/app/views/views.go:49 +0x2f3
_/mnt/CC9EDBF69EDBD6D4/Development_World/Backup_22-4-18/Projects/Interni/Programming_Contest_Management_Platform/app/controllers.Index(0xc0003058c0)
	/mnt/CC9EDBF69EDBD6D4/Development World/Backup 22-4-18/Projects/Interni/Programming Contest Management Platform/app/controllers/common.controllers.go:12 +0x1a0
github.com/gin-gonic/gin.(*Context).Next(0xc0003058c0)
	/home/dev/go/src/github.com/gin-gonic/gin/context.go:108 +0x43
github.com/gin-contrib/sessions.Sessions.func1(0xc0003058c0)
	/home/dev/go/src/github.com/gin-contrib/sessions/sessions.go:65 +0x19f
github.com/gin-gonic/gin.(*Context).Next(0xc0003058c0)
	/home/dev/go/src/github.com/gin-gonic/gin/context.go:108 +0x43
github.com/gin-gonic/gin.LoggerWithWriter.func1(0xc0003058c0)
	/home/dev/go/src/github.com/gin-gonic/gin/logger.go:84 +0xd2
github.com/gin-gonic/gin.(*Context).Next(0xc0003058c0)
	/home/dev/go/src/github.com/gin-gonic/gin/context.go:108 +0x43
github.com/gin-gonic/gin.(*Engine).handleHTTPRequest(0xc0004a25a0, 0xc0003058c0)
	/home/dev/go/src/github.com/gin-gonic/gin/gin.go:363 +0x5ab
github.com/gin-gonic/gin.(*Engine).ServeHTTP(0xc0004a25a0, 0xce6c00, 0xc000034380, 0xc000168800)
	/home/dev/go/src/github.com/gin-gonic/gin/gin.go:328 +0x132
net/http.serverHandler.ServeHTTP(0xc0001f1790, 0xce6c00, 0xc000034380, 0xc000168800)
	/usr/local/go/src/net/http/server.go:2741 +0xab
net/http.(*conn).serve(0xc000233220, 0xce7740, 0xc0002fb740)
	/usr/local/go/src/net/http/server.go:1847 +0x646
created by net/http.(*Server).Serve
	/usr/local/go/src/net/http/server.go:2851 +0x2f5
http: panic serving 127.0.0.1:51258: template: index.html:3:5: executing "content" at <ne .data.upcomingCon...>: error calling ne: invalid type for comparison
goroutine 77 [running]:
net/http.(*conn).serve.func1(0xc00026a500)
	/usr/local/go/src/net/http/server.go:1746 +0xd0
panic(0xb73740, 0xc00000c4c0)
	/usr/local/go/src/runtime/panic.go:513 +0x1b9
github.com/gin-gonic/gin.(*Context).Render(0xc00011d1e0, 0xc8, 0xce5c80, 0xc0006db050)
	/home/dev/go/src/github.com/gin-gonic/gin/context.go:725 +0x160
github.com/gin-gonic/gin.(*Context).HTML(0xc00011d1e0, 0xc8, 0xc10cca, 0x5, 0x0, 0x0)
	/home/dev/go/src/github.com/gin-gonic/gin/context.go:734 +0x93
_/mnt/CC9EDBF69EDBD6D4/Development_World/Backup_22-4-18/Projects/Interni/Programming_Contest_Management_Platform/app/views.Render(0xc00011d1e0, 0xc10cca, 0x5, 0xc0005e1a40)
	/mnt/CC9EDBF69EDBD6D4/Development World/Backup 22-4-18/Projects/Interni/Programming Contest Management Platform/app/views/views.go:49 +0x2f3
_/mnt/CC9EDBF69EDBD6D4/Development_World/Backup_22-4-18/Projects/Interni/Programming_Contest_Management_Platform/app/controllers.Index(0xc00011d1e0)
	/mnt/CC9EDBF69EDBD6D4/Development World/Backup 22-4-18/Projects/Interni/Programming Contest Management Platform/app/controllers/common.controllers.go:12 +0x1a0
github.com/gin-gonic/gin.(*Context).Next(0xc00011d1e0)
	/home/dev/go/src/github.com/gin-gonic/gin/context.go:108 +0x43
github.com/gin-contrib/sessions.Sessions.func1(0xc00011d1e0)
	/home/dev/go/src/github.com/gin-contrib/sessions/sessions.go:65 +0x19f
github.com/gin-gonic/gin.(*Context).Next(0xc00011d1e0)
	/home/dev/go/src/github.com/gin-gonic/gin/context.go:108 +0x43
github.com/gin-gonic/gin.LoggerWithWriter.func1(0xc00011d1e0)
	/home/dev/go/src/github.com/gin-gonic/gin/logger.go:84 +0xd2
github.com/gin-gonic/gin.(*Context).Next(0xc00011d1e0)
	/home/dev/go/src/github.com/gin-gonic/gin/context.go:108 +0x43
github.com/gin-gonic/gin.(*Engine).handleHTTPRequest(0xc0004a25a0, 0xc00011d1e0)
	/home/dev/go/src/github.com/gin-gonic/gin/gin.go:363 +0x5ab
github.com/gin-gonic/gin.(*Engine).ServeHTTP(0xc0004a25a0, 0xce6c00, 0xc0005e81c0, 0xc000213300)
	/home/dev/go/src/github.com/gin-gonic/gin/gin.go:328 +0x132
net/http.serverHandler.ServeHTTP(0xc0001f1790, 0xce6c00, 0xc0005e81c0, 0xc000213300)
	/usr/local/go/src/net/http/server.go:2741 +0xab
net/http.(*conn).serve(0xc00026a500, 0xce7740, 0xc00020b3c0)
	/usr/local/go/src/net/http/server.go:1847 +0x646
created by net/http.(*Server).Serve
	/usr/local/go/src/net/http/server.go:2851 +0x2f5
http: panic serving 127.0.0.1:51260: template: index.html:3:5: executing "content" at <ne .data.upcomingCon...>: error calling ne: invalid type for comparison
goroutine 109 [running]:
net/http.(*conn).serve.func1(0xc000233360)
	/usr/local/go/src/net/http/server.go:1746 +0xd0
panic(0xb73740, 0xc00000ca20)
	/usr/local/go/src/runtime/panic.go:513 +0x1b9
github.com/gin-gonic/gin.(*Context).Render(0xc0005a34a0, 0xc8, 0xce5c80, 0xc0006dbad0)
	/home/dev/go/src/github.com/gin-gonic/gin/context.go:725 +0x160
github.com/gin-gonic/gin.(*Context).HTML(0xc0005a34a0, 0xc8, 0xc10cca, 0x5, 0x0, 0x0)
	/home/dev/go/src/github.com/gin-gonic/gin/context.go:734 +0x93
_/mnt/CC9EDBF69EDBD6D4/Development_World/Backup_22-4-18/Projects/Interni/Programming_Contest_Management_Platform/app/views.Render(0xc0005a34a0, 0xc10cca, 0x5, 0xc0007062a0)
	/mnt/CC9EDBF69EDBD6D4/Development World/Backup 22-4-18/Projects/Interni/Programming Contest Management Platform/app/views/views.go:49 +0x2f3
_/mnt/CC9EDBF69EDBD6D4/Development_World/Backup_22-4-18/Projects/Interni/Programming_Contest_Management_Platform/app/controllers.Index(0xc0005a34a0)
	/mnt/CC9EDBF69EDBD6D4/Development World/Backup 22-4-18/Projects/Interni/Programming Contest Management Platform/app/controllers/common.controllers.go:12 +0x1a0
github.com/gin-gonic/gin.(*Context).Next(0xc0005a34a0)
	/home/dev/go/src/github.com/gin-gonic/gin/context.go:108 +0x43
github.com/gin-contrib/sessions.Sessions.func1(0xc0005a34a0)
	/home/dev/go/src/github.com/gin-contrib/sessions/sessions.go:65 +0x19f
github.com/gin-gonic/gin.(*Context).Next(0xc0005a34a0)
	/home/dev/go/src/github.com/gin-gonic/gin/context.go:108 +0x43
github.com/gin-gonic/gin.LoggerWithWriter.func1(0xc0005a34a0)
	/home/dev/go/src/github.com/gin-gonic/gin/logger.go:84 +0xd2
github.com/gin-gonic/gin.(*Context).Next(0xc0005a34a0)
	/home/dev/go/src/github.com/gin-gonic/gin/context.go:108 +0x43
github.com/gin-gonic/gin.(*Engine).handleHTTPRequest(0xc0004a25a0, 0xc0005a34a0)
	/home/dev/go/src/github.com/gin-gonic/gin/gin.go:363 +0x5ab
github.com/gin-gonic/gin.(*Engine).ServeHTTP(0xc0004a25a0, 0xce6c00, 0xc00059e2a0, 0xc0005d1200)
	/home/dev/go/src/github.com/gin-gonic/gin/gin.go:328 +0x132
net/http.serverHandler.ServeHTTP(0xc0001f1790, 0xce6c00, 0xc00059e2a0, 0xc0005d1200)
	/usr/local/go/src/net/http/server.go:2741 +0xab
net/http.(*conn).serve(0xc000233360, 0xce7740, 0xc0000e2b00)
	/usr/local/go/src/net/http/server.go:1847 +0x646
created by net/http.(*Server).Serve
	/usr/local/go/src/net/http/server.go:2851 +0x2f5
http: panic serving 127.0.0.1:51284: template: index.html:3:5: executing "content" at <ne .data.upcomingCon...>: error calling ne: invalid type for comparison
goroutine 63 [running]:
net/http.(*conn).serve.func1(0xc0000ce1e0)
	/usr/local/go/src/net/http/server.go:1746 +0xd0
panic(0xb737c0, 0xc0000e7ee0)
	/usr/local/go/src/runtime/panic.go:513 +0x1b9
github.com/gin-gonic/gin.(*Context).Render(0xc00011cd10, 0xc8, 0xce5d40, 0xc0005ec2d0)
	/home/dev/go/src/github.com/gin-gonic/gin/context.go:725 +0x160
github.com/gin-gonic/gin.(*Context).HTML(0xc00011cd10, 0xc8, 0xc10d4a, 0x5, 0x0, 0x0)
	/home/dev/go/src/github.com/gin-gonic/gin/context.go:734 +0x93
_/mnt/CC9EDBF69EDBD6D4/Development_World/Backup_22-4-18/Projects/Interni/Programming_Contest_Management_Platform/app/views.Render(0xc00011cd10, 0xc10d4a, 0x5, 0xc0005ccc90)
	/mnt/CC9EDBF69EDBD6D4/Development World/Backup 22-4-18/Projects/Interni/Programming Contest Management Platform/app/views/views.go:49 +0x2f3
_/mnt/CC9EDBF69EDBD6D4/Development_World/Backup_22-4-18/Projects/Interni/Programming_Contest_Management_Platform/app/controllers.Index(0xc00011cd10)
	/mnt/CC9EDBF69EDBD6D4/Development World/Backup 22-4-18/Projects/Interni/Programming Contest Management Platform/app/controllers/common.controllers.go:14 +0x231
github.com/gin-gonic/gin.(*Context).Next(0xc00011cd10)
	/home/dev/go/src/github.com/gin-gonic/gin/context.go:108 +0x43
github.com/gin-contrib/sessions.Sessions.func1(0xc00011cd10)
	/home/dev/go/src/github.com/gin-contrib/sessions/sessions.go:65 +0x19f
github.com/gin-gonic/gin.(*Context).Next(0xc00011cd10)
	/home/dev/go/src/github.com/gin-gonic/gin/context.go:108 +0x43
github.com/gin-gonic/gin.LoggerWithWriter.func1(0xc00011cd10)
	/home/dev/go/src/github.com/gin-gonic/gin/logger.go:84 +0xd2
github.com/gin-gonic/gin.(*Context).Next(0xc00011cd10)
	/home/dev/go/src/github.com/gin-gonic/gin/context.go:108 +0x43
github.com/gin-gonic/gin.(*Engine).handleHTTPRequest(0xc0001fa000, 0xc00011cd10)
	/home/dev/go/src/github.com/gin-gonic/gin/gin.go:363 +0x5ab
github.com/gin-gonic/gin.(*Engine).ServeHTTP(0xc0001fa000, 0xce6cc0, 0xc0005d6000, 0xc000203b00)
	/home/dev/go/src/github.com/gin-gonic/gin/gin.go:328 +0x132
net/http.serverHandler.ServeHTTP(0xc0000d7ba0, 0xce6cc0, 0xc0005d6000, 0xc000203b00)
	/usr/local/go/src/net/http/server.go:2741 +0xab
net/http.(*conn).serve(0xc0000ce1e0, 0xce7800, 0xc0005c2840)
	/usr/local/go/src/net/http/server.go:1847 +0x646
created by net/http.(*Server).Serve
	/usr/local/go/src/net/http/server.go:2851 +0x2f5
http: panic serving 127.0.0.1:51286: template: index.html:3:5: executing "content" at <ne .data.upcomingCon...>: error calling ne: invalid type for comparison
goroutine 86 [running]:
net/http.(*conn).serve.func1(0xc0000ceb40)
	/usr/local/go/src/net/http/server.go:1746 +0xd0
panic(0xb737c0, 0xc00000d100)
	/usr/local/go/src/runtime/panic.go:513 +0x1b9
github.com/gin-gonic/gin.(*Context).Render(0xc00011c2c0, 0xc8, 0xce5d40, 0xc0002c68d0)
	/home/dev/go/src/github.com/gin-gonic/gin/context.go:725 +0x160
github.com/gin-gonic/gin.(*Context).HTML(0xc00011c2c0, 0xc8, 0xc10d4a, 0x5, 0x0, 0x0)
	/home/dev/go/src/github.com/gin-gonic/gin/context.go:734 +0x93
_/mnt/CC9EDBF69EDBD6D4/Development_World/Backup_22-4-18/Projects/Interni/Programming_Contest_Management_Platform/app/views.Render(0xc00011c2c0, 0xc10d4a, 0x5, 0xc0005cc990)
	/mnt/CC9EDBF69EDBD6D4/Development World/Backup 22-4-18/Projects/Interni/Programming Contest Management Platform/app/views/views.go:49 +0x2f3
_/mnt/CC9EDBF69EDBD6D4/Development_World/Backup_22-4-18/Projects/Interni/Programming_Contest_Management_Platform/app/controllers.Index(0xc00011c2c0)
	/mnt/CC9EDBF69EDBD6D4/Development World/Backup 22-4-18/Projects/Interni/Programming Contest Management Platform/app/controllers/common.controllers.go:14 +0x231
github.com/gin-gonic/gin.(*Context).Next(0xc00011c2c0)
	/home/dev/go/src/github.com/gin-gonic/gin/context.go:108 +0x43
github.com/gin-contrib/sessions.Sessions.func1(0xc00011c2c0)
	/home/dev/go/src/github.com/gin-contrib/sessions/sessions.go:65 +0x19f
github.com/gin-gonic/gin.(*Context).Next(0xc00011c2c0)
	/home/dev/go/src/github.com/gin-gonic/gin/context.go:108 +0x43
github.com/gin-gonic/gin.LoggerWithWriter.func1(0xc00011c2c0)
	/home/dev/go/src/github.com/gin-gonic/gin/logger.go:84 +0xd2
github.com/gin-gonic/gin.(*Context).Next(0xc00011c2c0)
	/home/dev/go/src/github.com/gin-gonic/gin/context.go:108 +0x43
github.com/gin-gonic/gin.(*Engine).handleHTTPRequest(0xc0001fa000, 0xc00011c2c0)
	/home/dev/go/src/github.com/gin-gonic/gin/gin.go:363 +0x5ab
github.com/gin-gonic/gin.(*Engine).ServeHTTP(0xc0001fa000, 0xce6cc0, 0xc0000341c0, 0xc000202800)
	/home/dev/go/src/github.com/gin-gonic/gin/gin.go:328 +0x132
net/http.serverHandler.ServeHTTP(0xc0000d7ba0, 0xce6cc0, 0xc0000341c0, 0xc000202800)
	/usr/local/go/src/net/http/server.go:2741 +0xab
net/http.(*conn).serve(0xc0000ceb40, 0xce7800, 0xc0000e20c0)
	/usr/local/go/src/net/http/server.go:1847 +0x646
created by net/http.(*Server).Serve
	/usr/local/go/src/net/http/server.go:2851 +0x2f5
http: panic serving 127.0.0.1:51288: template: index.html:3:5: executing "content" at <ne .data.upcomingCon...>: error calling ne: invalid type for comparison
goroutine 87 [running]:
net/http.(*conn).serve.func1(0xc0000cec80)
	/usr/local/go/src/net/http/server.go:1746 +0xd0
panic(0xb737c0, 0xc000278600)
	/usr/local/go/src/runtime/panic.go:513 +0x1b9
github.com/gin-gonic/gin.(*Context).Render(0xc00011cbb0, 0xc8, 0xce5d40, 0xc00024e1b0)
	/home/dev/go/src/github.com/gin-gonic/gin/context.go:725 +0x160
github.com/gin-gonic/gin.(*Context).HTML(0xc00011cbb0, 0xc8, 0xc10d4a, 0x5, 0x0, 0x0)
	/home/dev/go/src/github.com/gin-gonic/gin/context.go:734 +0x93
_/mnt/CC9EDBF69EDBD6D4/Development_World/Backup_22-4-18/Projects/Interni/Programming_Contest_Management_Platform/app/views.Render(0xc00011cbb0, 0xc10d4a, 0x5, 0xc0002c7530)
	/mnt/CC9EDBF69EDBD6D4/Development World/Backup 22-4-18/Projects/Interni/Programming Contest Management Platform/app/views/views.go:49 +0x2f3
_/mnt/CC9EDBF69EDBD6D4/Development_World/Backup_22-4-18/Projects/Interni/Programming_Contest_Management_Platform/app/controllers.Index(0xc00011cbb0)
	/mnt/CC9EDBF69EDBD6D4/Development World/Backup 22-4-18/Projects/Interni/Programming Contest Management Platform/app/controllers/common.controllers.go:14 +0x231
github.com/gin-gonic/gin.(*Context).Next(0xc00011cbb0)
	/home/dev/go/src/github.com/gin-gonic/gin/context.go:108 +0x43
github.com/gin-contrib/sessions.Sessions.func1(0xc00011cbb0)
	/home/dev/go/src/github.com/gin-contrib/sessions/sessions.go:65 +0x19f
github.com/gin-gonic/gin.(*Context).Next(0xc00011cbb0)
	/home/dev/go/src/github.com/gin-gonic/gin/context.go:108 +0x43
github.com/gin-gonic/gin.LoggerWithWriter.func1(0xc00011cbb0)
	/home/dev/go/src/github.com/gin-gonic/gin/logger.go:84 +0xd2
github.com/gin-gonic/gin.(*Context).Next(0xc00011cbb0)
	/home/dev/go/src/github.com/gin-gonic/gin/context.go:108 +0x43
github.com/gin-gonic/gin.(*Engine).handleHTTPRequest(0xc0001fa000, 0xc00011cbb0)
	/home/dev/go/src/github.com/gin-gonic/gin/gin.go:363 +0x5ab
github.com/gin-gonic/gin.(*Engine).ServeHTTP(0xc0001fa000, 0xce6cc0, 0xc0000342a0, 0xc000202d00)
	/home/dev/go/src/github.com/gin-gonic/gin/gin.go:328 +0x132
net/http.serverHandler.ServeHTTP(0xc0000d7ba0, 0xce6cc0, 0xc0000342a0, 0xc000202d00)
	/usr/local/go/src/net/http/server.go:2741 +0xab
net/http.(*conn).serve(0xc0000cec80, 0xce7800, 0xc0000e2ec0)
	/usr/local/go/src/net/http/server.go:1847 +0x646
created by net/http.(*Server).Serve
	/usr/local/go/src/net/http/server.go:2851 +0x2f5
http: panic serving 127.0.0.1:51290: template: index.html:3:5: executing "content" at <ne .data.upcomingCon...>: error calling ne: invalid type for comparison
goroutine 130 [running]:
net/http.(*conn).serve.func1(0xc000248000)
	/usr/local/go/src/net/http/server.go:1746 +0xd0
panic(0xb737c0, 0xc0000e6ce0)
	/usr/local/go/src/runtime/panic.go:513 +0x1b9
github.com/gin-gonic/gin.(*Context).Render(0xc0002e08f0, 0xc8, 0xce5d40, 0xc000590a50)
	/home/dev/go/src/github.com/gin-gonic/gin/context.go:725 +0x160
github.com/gin-gonic/gin.(*Context).HTML(0xc0002e08f0, 0xc8, 0xc10d4a, 0x5, 0x0, 0x0)
	/home/dev/go/src/github.com/gin-gonic/gin/context.go:734 +0x93
_/mnt/CC9EDBF69EDBD6D4/Development_World/Backup_22-4-18/Projects/Interni/Programming_Contest_Management_Platform/app/views.Render(0xc0002e08f0, 0xc10d4a, 0x5, 0xc0001fd8f0)
	/mnt/CC9EDBF69EDBD6D4/Development World/Backup 22-4-18/Projects/Interni/Programming Contest Management Platform/app/views/views.go:49 +0x2f3
_/mnt/CC9EDBF69EDBD6D4/Development_World/Backup_22-4-18/Projects/Interni/Programming_Contest_Management_Platform/app/controllers.Index(0xc0002e08f0)
	/mnt/CC9EDBF69EDBD6D4/Development World/Backup 22-4-18/Projects/Interni/Programming Contest Management Platform/app/controllers/common.controllers.go:14 +0x231
github.com/gin-gonic/gin.(*Context).Next(0xc0002e08f0)
	/home/dev/go/src/github.com/gin-gonic/gin/context.go:108 +0x43
github.com/gin-contrib/sessions.Sessions.func1(0xc0002e08f0)
	/home/dev/go/src/github.com/gin-contrib/sessions/sessions.go:65 +0x19f
github.com/gin-gonic/gin.(*Context).Next(0xc0002e08f0)
	/home/dev/go/src/github.com/gin-gonic/gin/context.go:108 +0x43
github.com/gin-gonic/gin.LoggerWithWriter.func1(0xc0002e08f0)
	/home/dev/go/src/github.com/gin-gonic/gin/logger.go:84 +0xd2
github.com/gin-gonic/gin.(*Context).Next(0xc0002e08f0)
	/home/dev/go/src/github.com/gin-gonic/gin/context.go:108 +0x43
github.com/gin-gonic/gin.(*Engine).handleHTTPRequest(0xc0001fa000, 0xc0002e08f0)
	/home/dev/go/src/github.com/gin-gonic/gin/gin.go:363 +0x5ab
github.com/gin-gonic/gin.(*Engine).ServeHTTP(0xc0001fa000, 0xce6cc0, 0xc0005d60e0, 0xc000168000)
	/home/dev/go/src/github.com/gin-gonic/gin/gin.go:328 +0x132
net/http.serverHandler.ServeHTTP(0xc0000d7ba0, 0xce6cc0, 0xc0005d60e0, 0xc000168000)
	/usr/local/go/src/net/http/server.go:2741 +0xab
net/http.(*conn).serve(0xc000248000, 0xce7800, 0xc0001ee5c0)
	/usr/local/go/src/net/http/server.go:1847 +0x646
created by net/http.(*Server).Serve
	/usr/local/go/src/net/http/server.go:2851 +0x2f5
http: panic serving 127.0.0.1:51292: template: index.html:3:5: executing "content" at <ne .data.upcomingCon...>: error calling ne: invalid type for comparison
goroutine 89 [running]:
net/http.(*conn).serve.func1(0xc0000cf040)
	/usr/local/go/src/net/http/server.go:1746 +0xd0
panic(0xb737c0, 0xc0000e7360)
	/usr/local/go/src/runtime/panic.go:513 +0x1b9
github.com/gin-gonic/gin.(*Context).Render(0xc00011d340, 0xc8, 0xce5d40, 0xc000591b30)
	/home/dev/go/src/github.com/gin-gonic/gin/context.go:725 +0x160
github.com/gin-gonic/gin.(*Context).HTML(0xc00011d340, 0xc8, 0xc10d4a, 0x5, 0x0, 0x0)
	/home/dev/go/src/github.com/gin-gonic/gin/context.go:734 +0x93
_/mnt/CC9EDBF69EDBD6D4/Development_World/Backup_22-4-18/Projects/Interni/Programming_Contest_Management_Platform/app/views.Render(0xc00011d340, 0xc10d4a, 0x5, 0xc0000d5290)
	/mnt/CC9EDBF69EDBD6D4/Development World/Backup 22-4-18/Projects/Interni/Programming Contest Management Platform/app/views/views.go:49 +0x2f3
_/mnt/CC9EDBF69EDBD6D4/Development_World/Backup_22-4-18/Projects/Interni/Programming_Contest_Management_Platform/app/controllers.Index(0xc00011d340)
	/mnt/CC9EDBF69EDBD6D4/Development World/Backup 22-4-18/Projects/Interni/Programming Contest Management Platform/app/controllers/common.controllers.go:14 +0x231
github.com/gin-gonic/gin.(*Context).Next(0xc00011d340)
	/home/dev/go/src/github.com/gin-gonic/gin/context.go:108 +0x43
github.com/gin-contrib/sessions.Sessions.func1(0xc00011d340)
	/home/dev/go/src/github.com/gin-contrib/sessions/sessions.go:65 +0x19f
github.com/gin-gonic/gin.(*Context).Next(0xc00011d340)
	/home/dev/go/src/github.com/gin-gonic/gin/context.go:108 +0x43
github.com/gin-gonic/gin.LoggerWithWriter.func1(0xc00011d340)
	/home/dev/go/src/github.com/gin-gonic/gin/logger.go:84 +0xd2
github.com/gin-gonic/gin.(*Context).Next(0xc00011d340)
	/home/dev/go/src/github.com/gin-gonic/gin/context.go:108 +0x43
github.com/gin-gonic/gin.(*Engine).handleHTTPRequest(0xc0001fa000, 0xc00011d340)
	/home/dev/go/src/github.com/gin-gonic/gin/gin.go:363 +0x5ab
github.com/gin-gonic/gin.(*Engine).ServeHTTP(0xc0001fa000, 0xce6cc0, 0xc000034380, 0xc000203300)
	/home/dev/go/src/github.com/gin-gonic/gin/gin.go:328 +0x132
net/http.serverHandler.ServeHTTP(0xc0000d7ba0, 0xce6cc0, 0xc000034380, 0xc000203300)
	/usr/local/go/src/net/http/server.go:2741 +0xab
net/http.(*conn).serve(0xc0000cf040, 0xce7800, 0xc0000a6c40)
	/usr/local/go/src/net/http/server.go:1847 +0x646
created by net/http.(*Server).Serve
	/usr/local/go/src/net/http/server.go:2851 +0x2f5
http: panic serving 127.0.0.1:51294: template: index.html:3:5: executing "content" at <ne .data.upcomingCon...>: error calling ne: invalid type for comparison
goroutine 133 [running]:
net/http.(*conn).serve.func1(0xc000248280)
	/usr/local/go/src/net/http/server.go:1746 +0xd0
panic(0xb737c0, 0xc0002c37c0)
	/usr/local/go/src/runtime/panic.go:513 +0x1b9
github.com/gin-gonic/gin.(*Context).Render(0xc0002e1810, 0xc8, 0xce5d40, 0xc000644f00)
	/home/dev/go/src/github.com/gin-gonic/gin/context.go:725 +0x160
github.com/gin-gonic/gin.(*Context).HTML(0xc0002e1810, 0xc8, 0xc10d4a, 0x5, 0x0, 0x0)
	/home/dev/go/src/github.com/gin-gonic/gin/context.go:734 +0x93
_/mnt/CC9EDBF69EDBD6D4/Development_World/Backup_22-4-18/Projects/Interni/Programming_Contest_Management_Platform/app/views.Render(0xc0002e1810, 0xc10d4a, 0x5, 0xc0001e78f0)
	/mnt/CC9EDBF69EDBD6D4/Development World/Backup 22-4-18/Projects/Interni/Programming Contest Management Platform/app/views/views.go:49 +0x2f3
_/mnt/CC9EDBF69EDBD6D4/Development_World/Backup_22-4-18/Projects/Interni/Programming_Contest_Management_Platform/app/controllers.Index(0xc0002e1810)
	/mnt/CC9EDBF69EDBD6D4/Development World/Backup 22-4-18/Projects/Interni/Programming Contest Management Platform/app/controllers/common.controllers.go:14 +0x231
github.com/gin-gonic/gin.(*Context).Next(0xc0002e1810)
	/home/dev/go/src/github.com/gin-gonic/gin/context.go:108 +0x43
github.com/gin-contrib/sessions.Sessions.func1(0xc0002e1810)
	/home/dev/go/src/github.com/gin-contrib/sessions/sessions.go:65 +0x19f
github.com/gin-gonic/gin.(*Context).Next(0xc0002e1810)
	/home/dev/go/src/github.com/gin-gonic/gin/context.go:108 +0x43
github.com/gin-gonic/gin.LoggerWithWriter.func1(0xc0002e1810)
	/home/dev/go/src/github.com/gin-gonic/gin/logger.go:84 +0xd2
github.com/gin-gonic/gin.(*Context).Next(0xc0002e1810)
	/home/dev/go/src/github.com/gin-gonic/gin/context.go:108 +0x43
github.com/gin-gonic/gin.(*Engine).handleHTTPRequest(0xc0001fa000, 0xc0002e1810)
	/home/dev/go/src/github.com/gin-gonic/gin/gin.go:363 +0x5ab
github.com/gin-gonic/gin.(*Engine).ServeHTTP(0xc0001fa000, 0xce6cc0, 0xc0005d61c0, 0xc000168300)
	/home/dev/go/src/github.com/gin-gonic/gin/gin.go:328 +0x132
net/http.serverHandler.ServeHTTP(0xc0000d7ba0, 0xce6cc0, 0xc0005d61c0, 0xc000168300)
	/usr/local/go/src/net/http/server.go:2741 +0xab
net/http.(*conn).serve(0xc000248280, 0xce7800, 0xc0001eee40)
	/usr/local/go/src/net/http/server.go:1847 +0x646
created by net/http.(*Server).Serve
	/usr/local/go/src/net/http/server.go:2851 +0x2f5
http: panic serving 127.0.0.1:51296: template: index.html:3:5: executing "content" at <ne .data.upcomingCon...>: error calling ne: invalid type for comparison
goroutine 137 [running]:
net/http.(*conn).serve.func1(0xc000248780)
	/usr/local/go/src/net/http/server.go:1746 +0xd0
panic(0xb737c0, 0xc000279720)
	/usr/local/go/src/runtime/panic.go:513 +0x1b9
github.com/gin-gonic/gin.(*Context).Render(0xc0002e1ef0, 0xc8, 0xce5d40, 0xc0005ecc60)
	/home/dev/go/src/github.com/gin-gonic/gin/context.go:725 +0x160
github.com/gin-gonic/gin.(*Context).HTML(0xc0002e1ef0, 0xc8, 0xc10d4a, 0x5, 0x0, 0x0)
	/home/dev/go/src/github.com/gin-gonic/gin/context.go:734 +0x93
_/mnt/CC9EDBF69EDBD6D4/Development_World/Backup_22-4-18/Projects/Interni/Programming_Contest_Management_Platform/app/views.Render(0xc0002e1ef0, 0xc10d4a, 0x5, 0xc000645bc0)
	/mnt/CC9EDBF69EDBD6D4/Development World/Backup 22-4-18/Projects/Interni/Programming Contest Management Platform/app/views/views.go:49 +0x2f3
_/mnt/CC9EDBF69EDBD6D4/Development_World/Backup_22-4-18/Projects/Interni/Programming_Contest_Management_Platform/app/controllers.Index(0xc0002e1ef0)
	/mnt/CC9EDBF69EDBD6D4/Development World/Backup 22-4-18/Projects/Interni/Programming Contest Management Platform/app/controllers/common.controllers.go:14 +0x231
github.com/gin-gonic/gin.(*Context).Next(0xc0002e1ef0)
	/home/dev/go/src/github.com/gin-gonic/gin/context.go:108 +0x43
github.com/gin-contrib/sessions.Sessions.func1(0xc0002e1ef0)
	/home/dev/go/src/github.com/gin-contrib/sessions/sessions.go:65 +0x19f
github.com/gin-gonic/gin.(*Context).Next(0xc0002e1ef0)
	/home/dev/go/src/github.com/gin-gonic/gin/context.go:108 +0x43
github.com/gin-gonic/gin.LoggerWithWriter.func1(0xc0002e1ef0)
	/home/dev/go/src/github.com/gin-gonic/gin/logger.go:84 +0xd2
github.com/gin-gonic/gin.(*Context).Next(0xc0002e1ef0)
	/home/dev/go/src/github.com/gin-gonic/gin/context.go:108 +0x43
github.com/gin-gonic/gin.(*Engine).handleHTTPRequest(0xc0001fa000, 0xc0002e1ef0)
	/home/dev/go/src/github.com/gin-gonic/gin/gin.go:363 +0x5ab
github.com/gin-gonic/gin.(*Engine).ServeHTTP(0xc0001fa000, 0xce6cc0, 0xc0005d62a0, 0xc000168900)
	/home/dev/go/src/github.com/gin-gonic/gin/gin.go:328 +0x132
net/http.serverHandler.ServeHTTP(0xc0000d7ba0, 0xce6cc0, 0xc0005d62a0, 0xc000168900)
	/usr/local/go/src/net/http/server.go:2741 +0xab
net/http.(*conn).serve(0xc000248780, 0xce7800, 0xc0001efac0)
	/usr/local/go/src/net/http/server.go:1847 +0x646
created by net/http.(*Server).Serve
	/usr/local/go/src/net/http/server.go:2851 +0x2f5
http: panic serving 127.0.0.1:51298: template: index.html:3:5: executing "content" at <ne .data.upcomingCon...>: error calling ne: invalid type for comparison
goroutine 91 [running]:
net/http.(*conn).serve.func1(0xc0000cf400)
	/usr/local/go/src/net/http/server.go:1746 +0xd0
panic(0xb737c0, 0xc000279fc0)
	/usr/local/go/src/runtime/panic.go:513 +0x1b9
github.com/gin-gonic/gin.(*Context).Render(0xc0006a2000, 0xc8, 0xce5d40, 0xc0005edce0)
	/home/dev/go/src/github.com/gin-gonic/gin/context.go:725 +0x160
github.com/gin-gonic/gin.(*Context).HTML(0xc0006a2000, 0xc8, 0xc10d4a, 0x5, 0x0, 0x0)
	/home/dev/go/src/github.com/gin-gonic/gin/context.go:734 +0x93
_/mnt/CC9EDBF69EDBD6D4/Development_World/Backup_22-4-18/Projects/Interni/Programming_Contest_Management_Platform/app/views.Render(0xc0006a2000, 0xc10d4a, 0x5, 0xc0005b0840)
	/mnt/CC9EDBF69EDBD6D4/Development World/Backup 22-4-18/Projects/Interni/Programming Contest Management Platform/app/views/views.go:49 +0x2f3
_/mnt/CC9EDBF69EDBD6D4/Development_World/Backup_22-4-18/Projects/Interni/Programming_Contest_Management_Platform/app/controllers.Index(0xc0006a2000)
	/mnt/CC9EDBF69EDBD6D4/Development World/Backup 22-4-18/Projects/Interni/Programming Contest Management Platform/app/controllers/common.controllers.go:14 +0x231
github.com/gin-gonic/gin.(*Context).Next(0xc0006a2000)
	/home/dev/go/src/github.com/gin-gonic/gin/context.go:108 +0x43
github.com/gin-contrib/sessions.Sessions.func1(0xc0006a2000)
	/home/dev/go/src/github.com/gin-contrib/sessions/sessions.go:65 +0x19f
github.com/gin-gonic/gin.(*Context).Next(0xc0006a2000)
	/home/dev/go/src/github.com/gin-gonic/gin/context.go:108 +0x43
github.com/gin-gonic/gin.LoggerWithWriter.func1(0xc0006a2000)
	/home/dev/go/src/github.com/gin-gonic/gin/logger.go:84 +0xd2
github.com/gin-gonic/gin.(*Context).Next(0xc0006a2000)
	/home/dev/go/src/github.com/gin-gonic/gin/context.go:108 +0x43
github.com/gin-gonic/gin.(*Engine).handleHTTPRequest(0xc0001fa000, 0xc0006a2000)
	/home/dev/go/src/github.com/gin-gonic/gin/gin.go:363 +0x5ab
github.com/gin-gonic/gin.(*Engine).ServeHTTP(0xc0001fa000, 0xce6cc0, 0xc0006a0000, 0xc000562500)
	/home/dev/go/src/github.com/gin-gonic/gin/gin.go:328 +0x132
net/http.serverHandler.ServeHTTP(0xc0000d7ba0, 0xce6cc0, 0xc0006a0000, 0xc000562500)
	/usr/local/go/src/net/http/server.go:2741 +0xab
net/http.(*conn).serve(0xc0000cf400, 0xce7800, 0xc0002d6dc0)
	/usr/local/go/src/net/http/server.go:1847 +0x646
created by net/http.(*Server).Serve
	/usr/local/go/src/net/http/server.go:2851 +0x2f5
http: panic serving 127.0.0.1:51300: template: index.html:3:5: executing "content" at <ne .data.upcomingCon...>: error calling ne: invalid type for comparison
goroutine 141 [running]:
net/http.(*conn).serve.func1(0xc000248a00)
	/usr/local/go/src/net/http/server.go:1746 +0xd0
panic(0xb737c0, 0xc0002d9000)
	/usr/local/go/src/runtime/panic.go:513 +0x1b9
github.com/gin-gonic/gin.(*Context).Render(0xc000678630, 0xc8, 0xce5d40, 0xc0006caa80)
	/home/dev/go/src/github.com/gin-gonic/gin/context.go:725 +0x160
github.com/gin-gonic/gin.(*Context).HTML(0xc000678630, 0xc8, 0xc10d4a, 0x5, 0x0, 0x0)
	/home/dev/go/src/github.com/gin-gonic/gin/context.go:734 +0x93
_/mnt/CC9EDBF69EDBD6D4/Development_World/Backup_22-4-18/Projects/Interni/Programming_Contest_Management_Platform/app/views.Render(0xc000678630, 0xc10d4a, 0x5, 0xc00067f470)
	/mnt/CC9EDBF69EDBD6D4/Development World/Backup 22-4-18/Projects/Interni/Programming Contest Management Platform/app/views/views.go:49 +0x2f3
_/mnt/CC9EDBF69EDBD6D4/Development_World/Backup_22-4-18/Projects/Interni/Programming_Contest_Management_Platform/app/controllers.Index(0xc000678630)
	/mnt/CC9EDBF69EDBD6D4/Development World/Backup 22-4-18/Projects/Interni/Programming Contest Management Platform/app/controllers/common.controllers.go:14 +0x231
github.com/gin-gonic/gin.(*Context).Next(0xc000678630)
	/home/dev/go/src/github.com/gin-gonic/gin/context.go:108 +0x43
github.com/gin-contrib/sessions.Sessions.func1(0xc000678630)
	/home/dev/go/src/github.com/gin-contrib/sessions/sessions.go:65 +0x19f
github.com/gin-gonic/gin.(*Context).Next(0xc000678630)
	/home/dev/go/src/github.com/gin-gonic/gin/context.go:108 +0x43
github.com/gin-gonic/gin.LoggerWithWriter.func1(0xc000678630)
	/home/dev/go/src/github.com/gin-gonic/gin/logger.go:84 +0xd2
github.com/gin-gonic/gin.(*Context).Next(0xc000678630)
	/home/dev/go/src/github.com/gin-gonic/gin/context.go:108 +0x43
github.com/gin-gonic/gin.(*Engine).handleHTTPRequest(0xc0001fa000, 0xc000678630)
	/home/dev/go/src/github.com/gin-gonic/gin/gin.go:363 +0x5ab
github.com/gin-gonic/gin.(*Engine).ServeHTTP(0xc0001fa000, 0xce6cc0, 0xc0005d6380, 0xc000168e00)
	/home/dev/go/src/github.com/gin-gonic/gin/gin.go:328 +0x132
net/http.serverHandler.ServeHTTP(0xc0000d7ba0, 0xce6cc0, 0xc0005d6380, 0xc000168e00)
	/usr/local/go/src/net/http/server.go:2741 +0xab
net/http.(*conn).serve(0xc000248a00, 0xce7800, 0xc0005c2340)
	/usr/local/go/src/net/http/server.go:1847 +0x646
created by net/http.(*Server).Serve
	/usr/local/go/src/net/http/server.go:2851 +0x2f5
http: panic serving 127.0.0.1:51302: template: index.html:3:5: executing "content" at <ne .data.upcomingCon...>: error calling ne: invalid type for comparison
goroutine 123 [running]:
net/http.(*conn).serve.func1(0xc000220e60)
	/usr/local/go/src/net/http/server.go:1746 +0xd0
panic(0xb737c0, 0xc0006ea480)
	/usr/local/go/src/runtime/panic.go:513 +0x1b9
github.com/gin-gonic/gin.(*Context).Render(0xc000678d10, 0xc8, 0xce5d40, 0xc0006b2630)
	/home/dev/go/src/github.com/gin-gonic/gin/context.go:725 +0x160
github.com/gin-gonic/gin.(*Context).HTML(0xc000678d10, 0xc8, 0xc10d4a, 0x5, 0x0, 0x0)
	/home/dev/go/src/github.com/gin-gonic/gin/context.go:734 +0x93
_/mnt/CC9EDBF69EDBD6D4/Development_World/Backup_22-4-18/Projects/Interni/Programming_Contest_Management_Platform/app/views.Render(0xc000678d10, 0xc10d4a, 0x5, 0xc0006cb6e0)
	/mnt/CC9EDBF69EDBD6D4/Development World/Backup 22-4-18/Projects/Interni/Programming Contest Management Platform/app/views/views.go:49 +0x2f3
_/mnt/CC9EDBF69EDBD6D4/Development_World/Backup_22-4-18/Projects/Interni/Programming_Contest_Management_Platform/app/controllers.Index(0xc000678d10)
	/mnt/CC9EDBF69EDBD6D4/Development World/Backup 22-4-18/Projects/Interni/Programming Contest Management Platform/app/controllers/common.controllers.go:14 +0x231
github.com/gin-gonic/gin.(*Context).Next(0xc000678d10)
	/home/dev/go/src/github.com/gin-gonic/gin/context.go:108 +0x43
github.com/gin-contrib/sessions.Sessions.func1(0xc000678d10)
	/home/dev/go/src/github.com/gin-contrib/sessions/sessions.go:65 +0x19f
github.com/gin-gonic/gin.(*Context).Next(0xc000678d10)
	/home/dev/go/src/github.com/gin-gonic/gin/context.go:108 +0x43
github.com/gin-gonic/gin.LoggerWithWriter.func1(0xc000678d10)
	/home/dev/go/src/github.com/gin-gonic/gin/logger.go:84 +0xd2
github.com/gin-gonic/gin.(*Context).Next(0xc000678d10)
	/home/dev/go/src/github.com/gin-gonic/gin/context.go:108 +0x43
github.com/gin-gonic/gin.(*Engine).handleHTTPRequest(0xc0001fa000, 0xc000678d10)
	/home/dev/go/src/github.com/gin-gonic/gin/gin.go:363 +0x5ab
github.com/gin-gonic/gin.(*Engine).ServeHTTP(0xc0001fa000, 0xce6cc0, 0xc0005d6460, 0xc000169300)
	/home/dev/go/src/github.com/gin-gonic/gin/gin.go:328 +0x132
net/http.serverHandler.ServeHTTP(0xc0000d7ba0, 0xce6cc0, 0xc0005d6460, 0xc000169300)
	/usr/local/go/src/net/http/server.go:2741 +0xab
net/http.(*conn).serve(0xc000220e60, 0xce7800, 0xc0005c32c0)
	/usr/local/go/src/net/http/server.go:1847 +0x646
created by net/http.(*Server).Serve
	/usr/local/go/src/net/http/server.go:2851 +0x2f5
http: panic serving 127.0.0.1:51322: template: index.html:3:5: executing "content" at <ne .data.upcomingCon...>: error calling ne: invalid type for comparison
goroutine 124 [running]:
net/http.(*conn).serve.func1(0xc000221220)
	/usr/local/go/src/net/http/server.go:1746 +0xd0
panic(0xb737c0, 0xc0006eb1c0)
	/usr/local/go/src/runtime/panic.go:513 +0x1b9
github.com/gin-gonic/gin.(*Context).Render(0xc00011da20, 0xc8, 0xce5d40, 0xc00070a720)
	/home/dev/go/src/github.com/gin-gonic/gin/context.go:725 +0x160
github.com/gin-gonic/gin.(*Context).HTML(0xc00011da20, 0xc8, 0xc10d4a, 0x5, 0x0, 0x0)
	/home/dev/go/src/github.com/gin-gonic/gin/context.go:734 +0x93
_/mnt/CC9EDBF69EDBD6D4/Development_World/Backup_22-4-18/Projects/Interni/Programming_Contest_Management_Platform/app/views.Render(0xc00011da20, 0xc10d4a, 0x5, 0xc0006b32f0)
	/mnt/CC9EDBF69EDBD6D4/Development World/Backup 22-4-18/Projects/Interni/Programming Contest Management Platform/app/views/views.go:49 +0x2f3
_/mnt/CC9EDBF69EDBD6D4/Development_World/Backup_22-4-18/Projects/Interni/Programming_Contest_Management_Platform/app/controllers.Index(0xc00011da20)
	/mnt/CC9EDBF69EDBD6D4/Development World/Backup 22-4-18/Projects/Interni/Programming Contest Management Platform/app/controllers/common.controllers.go:14 +0x231
github.com/gin-gonic/gin.(*Context).Next(0xc00011da20)
	/home/dev/go/src/github.com/gin-gonic/gin/context.go:108 +0x43
github.com/gin-contrib/sessions.Sessions.func1(0xc00011da20)
	/home/dev/go/src/github.com/gin-contrib/sessions/sessions.go:65 +0x19f
github.com/gin-gonic/gin.(*Context).Next(0xc00011da20)
	/home/dev/go/src/github.com/gin-gonic/gin/context.go:108 +0x43
github.com/gin-gonic/gin.LoggerWithWriter.func1(0xc00011da20)
	/home/dev/go/src/github.com/gin-gonic/gin/logger.go:84 +0xd2
github.com/gin-gonic/gin.(*Context).Next(0xc00011da20)
	/home/dev/go/src/github.com/gin-gonic/gin/context.go:108 +0x43
github.com/gin-gonic/gin.(*Engine).handleHTTPRequest(0xc0001fa000, 0xc00011da20)
	/home/dev/go/src/github.com/gin-gonic/gin/gin.go:363 +0x5ab
github.com/gin-gonic/gin.(*Engine).ServeHTTP(0xc0001fa000, 0xce6cc0, 0xc000034460, 0xc000203800)
	/home/dev/go/src/github.com/gin-gonic/gin/gin.go:328 +0x132
net/http.serverHandler.ServeHTTP(0xc0000d7ba0, 0xce6cc0, 0xc000034460, 0xc000203800)
	/usr/local/go/src/net/http/server.go:2741 +0xab
net/http.(*conn).serve(0xc000221220, 0xce7800, 0xc0000a7dc0)
	/usr/local/go/src/net/http/server.go:1847 +0x646
created by net/http.(*Server).Serve
	/usr/local/go/src/net/http/server.go:2851 +0x2f5
http: panic serving 127.0.0.1:51324: template: index.html:3:5: executing "content" at <ne .data.upcomingCon...>: error calling ne: invalid type for comparison
goroutine 147 [running]:
net/http.(*conn).serve.func1(0xc000249040)
	/usr/local/go/src/net/http/server.go:1746 +0xd0
panic(0xb737c0, 0xc0006a6a80)
	/usr/local/go/src/runtime/panic.go:513 +0x1b9
github.com/gin-gonic/gin.(*Context).Render(0xc0006793f0, 0xc8, 0xce5d40, 0xc00070cab0)
	/home/dev/go/src/github.com/gin-gonic/gin/context.go:725 +0x160
github.com/gin-gonic/gin.(*Context).HTML(0xc0006793f0, 0xc8, 0xc10d4a, 0x5, 0x0, 0x0)
	/home/dev/go/src/github.com/gin-gonic/gin/context.go:734 +0x93
_/mnt/CC9EDBF69EDBD6D4/Development_World/Backup_22-4-18/Projects/Interni/Programming_Contest_Management_Platform/app/views.Render(0xc0006793f0, 0xc10d4a, 0x5, 0xc0006e86f0)
	/mnt/CC9EDBF69EDBD6D4/Development World/Backup 22-4-18/Projects/Interni/Programming Contest Management Platform/app/views/views.go:49 +0x2f3
_/mnt/CC9EDBF69EDBD6D4/Development_World/Backup_22-4-18/Projects/Interni/Programming_Contest_Management_Platform/app/controllers.Index(0xc0006793f0)
	/mnt/CC9EDBF69EDBD6D4/Development World/Backup 22-4-18/Projects/Interni/Programming Contest Management Platform/app/controllers/common.controllers.go:14 +0x231
github.com/gin-gonic/gin.(*Context).Next(0xc0006793f0)
	/home/dev/go/src/github.com/gin-gonic/gin/context.go:108 +0x43
github.com/gin-contrib/sessions.Sessions.func1(0xc0006793f0)
	/home/dev/go/src/github.com/gin-contrib/sessions/sessions.go:65 +0x19f
github.com/gin-gonic/gin.(*Context).Next(0xc0006793f0)
	/home/dev/go/src/github.com/gin-gonic/gin/context.go:108 +0x43
github.com/gin-gonic/gin.LoggerWithWriter.func1(0xc0006793f0)
	/home/dev/go/src/github.com/gin-gonic/gin/logger.go:84 +0xd2
github.com/gin-gonic/gin.(*Context).Next(0xc0006793f0)
	/home/dev/go/src/github.com/gin-gonic/gin/context.go:108 +0x43
github.com/gin-gonic/gin.(*Engine).handleHTTPRequest(0xc0001fa000, 0xc0006793f0)
	/home/dev/go/src/github.com/gin-gonic/gin/gin.go:363 +0x5ab
github.com/gin-gonic/gin.(*Engine).ServeHTTP(0xc0001fa000, 0xce6cc0, 0xc0005d6540, 0xc000169500)
	/home/dev/go/src/github.com/gin-gonic/gin/gin.go:328 +0x132
net/http.serverHandler.ServeHTTP(0xc0000d7ba0, 0xce6cc0, 0xc0005d6540, 0xc000169500)
	/usr/local/go/src/net/http/server.go:2741 +0xab
net/http.(*conn).serve(0xc000249040, 0xce7800, 0xc0005c37c0)
	/usr/local/go/src/net/http/server.go:1847 +0x646
created by net/http.(*Server).Serve
	/usr/local/go/src/net/http/server.go:2851 +0x2f5
http: panic serving 127.0.0.1:51326: template: index.html:3:5: executing "content" at <ne .data.upcomingCon...>: error calling ne: invalid type for comparison
goroutine 128 [running]:
net/http.(*conn).serve.func1(0xc000221720)
	/usr/local/go/src/net/http/server.go:1746 +0xd0
panic(0xb737c0, 0xc0006ebfa0)
	/usr/local/go/src/runtime/panic.go:513 +0x1b9
github.com/gin-gonic/gin.(*Context).Render(0xc000704160, 0xc8, 0xce5d40, 0xc00073e9f0)
	/home/dev/go/src/github.com/gin-gonic/gin/context.go:725 +0x160
github.com/gin-gonic/gin.(*Context).HTML(0xc000704160, 0xc8, 0xc10d4a, 0x5, 0x0, 0x0)
	/home/dev/go/src/github.com/gin-gonic/gin/context.go:734 +0x93
_/mnt/CC9EDBF69EDBD6D4/Development_World/Backup_22-4-18/Projects/Interni/Programming_Contest_Management_Platform/app/views.Render(0xc000704160, 0xc10d4a, 0x5, 0xc00070b3e0)
	/mnt/CC9EDBF69EDBD6D4/Development World/Backup 22-4-18/Projects/Interni/Programming Contest Management Platform/app/views/views.go:49 +0x2f3
_/mnt/CC9EDBF69EDBD6D4/Development_World/Backup_22-4-18/Projects/Interni/Programming_Contest_Management_Platform/app/controllers.Index(0xc000704160)
	/mnt/CC9EDBF69EDBD6D4/Development World/Backup 22-4-18/Projects/Interni/Programming Contest Management Platform/app/controllers/common.controllers.go:14 +0x231
github.com/gin-gonic/gin.(*Context).Next(0xc000704160)
	/home/dev/go/src/github.com/gin-gonic/gin/context.go:108 +0x43
github.com/gin-contrib/sessions.Sessions.func1(0xc000704160)
	/home/dev/go/src/github.com/gin-contrib/sessions/sessions.go:65 +0x19f
github.com/gin-gonic/gin.(*Context).Next(0xc000704160)
	/home/dev/go/src/github.com/gin-gonic/gin/context.go:108 +0x43
github.com/gin-gonic/gin.LoggerWithWriter.func1(0xc000704160)
	/home/dev/go/src/github.com/gin-gonic/gin/logger.go:84 +0xd2
github.com/gin-gonic/gin.(*Context).Next(0xc000704160)
	/home/dev/go/src/github.com/gin-gonic/gin/context.go:108 +0x43
github.com/gin-gonic/gin.(*Engine).handleHTTPRequest(0xc0001fa000, 0xc000704160)
	/home/dev/go/src/github.com/gin-gonic/gin/gin.go:363 +0x5ab
github.com/gin-gonic/gin.(*Engine).ServeHTTP(0xc0001fa000, 0xce6cc0, 0xc000034540, 0xc000203e00)
	/home/dev/go/src/github.com/gin-gonic/gin/gin.go:328 +0x132
net/http.serverHandler.ServeHTTP(0xc0000d7ba0, 0xce6cc0, 0xc000034540, 0xc000203e00)
	/usr/local/go/src/net/http/server.go:2741 +0xab
net/http.(*conn).serve(0xc000221720, 0xce7800, 0xc000706800)
	/usr/local/go/src/net/http/server.go:1847 +0x646
created by net/http.(*Server).Serve
	/usr/local/go/src/net/http/server.go:2851 +0x2f5
http: panic serving 127.0.0.1:51328: template: index.html:3:5: executing "content" at <ne .data.upcomingCon...>: error calling ne: invalid type for comparison
goroutine 96 [running]:
net/http.(*conn).serve.func1(0xc0000cf900)
	/usr/local/go/src/net/http/server.go:1746 +0xd0
panic(0xb737c0, 0xc00076e460)
	/usr/local/go/src/runtime/panic.go:513 +0x1b9
github.com/gin-gonic/gin.(*Context).Render(0xc0006a26e0, 0xc8, 0xce5d40, 0xc0006e9950)
	/home/dev/go/src/github.com/gin-gonic/gin/context.go:725 +0x160
github.com/gin-gonic/gin.(*Context).HTML(0xc0006a26e0, 0xc8, 0xc10d4a, 0x5, 0x0, 0x0)
	/home/dev/go/src/github.com/gin-gonic/gin/context.go:734 +0x93
_/mnt/CC9EDBF69EDBD6D4/Development_World/Backup_22-4-18/Projects/Interni/Programming_Contest_Management_Platform/app/views.Render(0xc0006a26e0, 0xc10d4a, 0x5, 0xc00070d770)
	/mnt/CC9EDBF69EDBD6D4/Development World/Backup 22-4-18/Projects/Interni/Programming Contest Management Platform/app/views/views.go:49 +0x2f3
_/mnt/CC9EDBF69EDBD6D4/Development_World/Backup_22-4-18/Projects/Interni/Programming_Contest_Management_Platform/app/controllers.Index(0xc0006a26e0)
	/mnt/CC9EDBF69EDBD6D4/Development World/Backup 22-4-18/Projects/Interni/Programming Contest Management Platform/app/controllers/common.controllers.go:14 +0x231
github.com/gin-gonic/gin.(*Context).Next(0xc0006a26e0)
	/home/dev/go/src/github.com/gin-gonic/gin/context.go:108 +0x43
github.com/gin-contrib/sessions.Sessions.func1(0xc0006a26e0)
	/home/dev/go/src/github.com/gin-contrib/sessions/sessions.go:65 +0x19f
github.com/gin-gonic/gin.(*Context).Next(0xc0006a26e0)
	/home/dev/go/src/github.com/gin-gonic/gin/context.go:108 +0x43
github.com/gin-gonic/gin.LoggerWithWriter.func1(0xc0006a26e0)
	/home/dev/go/src/github.com/gin-gonic/gin/logger.go:84 +0xd2
github.com/gin-gonic/gin.(*Context).Next(0xc0006a26e0)
	/home/dev/go/src/github.com/gin-gonic/gin/context.go:108 +0x43
github.com/gin-gonic/gin.(*Engine).handleHTTPRequest(0xc0001fa000, 0xc0006a26e0)
	/home/dev/go/src/github.com/gin-gonic/gin/gin.go:363 +0x5ab
github.com/gin-gonic/gin.(*Engine).ServeHTTP(0xc0001fa000, 0xce6cc0, 0xc0006a00e0, 0xc000562d00)
	/home/dev/go/src/github.com/gin-gonic/gin/gin.go:328 +0x132
net/http.serverHandler.ServeHTTP(0xc0000d7ba0, 0xce6cc0, 0xc0006a00e0, 0xc000562d00)
	/usr/local/go/src/net/http/server.go:2741 +0xab
net/http.(*conn).serve(0xc0000cf900, 0xce7800, 0xc0002d7e80)
	/usr/local/go/src/net/http/server.go:1847 +0x646
created by net/http.(*Server).Serve
	/usr/local/go/src/net/http/server.go:2851 +0x2f5
http: panic serving 127.0.0.1:51330: template: index.html:3:5: executing "content" at <ne .data.upcomingCon...>: error calling ne: invalid type for comparison
goroutine 179 [running]:
net/http.(*conn).serve.func1(0xc0000cfb80)
	/usr/local/go/src/net/http/server.go:1746 +0xd0
panic(0xb737c0, 0xc0006a7fe0)
	/usr/local/go/src/runtime/panic.go:513 +0x1b9
github.com/gin-gonic/gin.(*Context).Render(0xc0006a2dc0, 0xc8, 0xce5d40, 0xc000765fb0)
	/home/dev/go/src/github.com/gin-gonic/gin/context.go:725 +0x160
github.com/gin-gonic/gin.(*Context).HTML(0xc0006a2dc0, 0xc8, 0xc10d4a, 0x5, 0x0, 0x0)
	/home/dev/go/src/github.com/gin-gonic/gin/context.go:734 +0x93
_/mnt/CC9EDBF69EDBD6D4/Development_World/Backup_22-4-18/Projects/Interni/Programming_Contest_Management_Platform/app/views.Render(0xc0006a2dc0, 0xc10d4a, 0x5, 0xc0007649c0)
	/mnt/CC9EDBF69EDBD6D4/Development World/Backup 22-4-18/Projects/Interni/Programming Contest Management Platform/app/views/views.go:49 +0x2f3
_/mnt/CC9EDBF69EDBD6D4/Development_World/Backup_22-4-18/Projects/Interni/Programming_Contest_Management_Platform/app/controllers.Index(0xc0006a2dc0)
	/mnt/CC9EDBF69EDBD6D4/Development World/Backup 22-4-18/Projects/Interni/Programming Contest Management Platform/app/controllers/common.controllers.go:14 +0x231
github.com/gin-gonic/gin.(*Context).Next(0xc0006a2dc0)
	/home/dev/go/src/github.com/gin-gonic/gin/context.go:108 +0x43
github.com/gin-contrib/sessions.Sessions.func1(0xc0006a2dc0)
	/home/dev/go/src/github.com/gin-contrib/sessions/sessions.go:65 +0x19f
github.com/gin-gonic/gin.(*Context).Next(0xc0006a2dc0)
	/home/dev/go/src/github.com/gin-gonic/gin/context.go:108 +0x43
github.com/gin-gonic/gin.LoggerWithWriter.func1(0xc0006a2dc0)
	/home/dev/go/src/github.com/gin-gonic/gin/logger.go:84 +0xd2
github.com/gin-gonic/gin.(*Context).Next(0xc0006a2dc0)
	/home/dev/go/src/github.com/gin-gonic/gin/context.go:108 +0x43
github.com/gin-gonic/gin.(*Engine).handleHTTPRequest(0xc0001fa000, 0xc0006a2dc0)
	/home/dev/go/src/github.com/gin-gonic/gin/gin.go:363 +0x5ab
github.com/gin-gonic/gin.(*Engine).ServeHTTP(0xc0001fa000, 0xce6cc0, 0xc0006a01c0, 0xc000562f00)
	/home/dev/go/src/github.com/gin-gonic/gin/gin.go:328 +0x132
net/http.serverHandler.ServeHTTP(0xc0000d7ba0, 0xce6cc0, 0xc0006a01c0, 0xc000562f00)
	/usr/local/go/src/net/http/server.go:2741 +0xab
net/http.(*conn).serve(0xc0000cfb80, 0xce7800, 0xc000760480)
	/usr/local/go/src/net/http/server.go:1847 +0x646
created by net/http.(*Server).Serve
	/usr/local/go/src/net/http/server.go:2851 +0x2f5
http: panic serving 127.0.0.1:51332: template: index.html:3:5: executing "content" at <ne .data.upcomingCon...>: error calling ne: invalid type for comparison
goroutine 183 [running]:
net/http.(*conn).serve.func1(0xc0002520a0)
	/usr/local/go/src/net/http/server.go:1746 +0xd0
panic(0xb737c0, 0xc00079c680)
	/usr/local/go/src/runtime/panic.go:513 +0x1b9
github.com/gin-gonic/gin.(*Context).Render(0xc000679ad0, 0xc8, 0xce5d40, 0xc0007892f0)
	/home/dev/go/src/github.com/gin-gonic/gin/context.go:725 +0x160
github.com/gin-gonic/gin.(*Context).HTML(0xc000679ad0, 0xc8, 0xc10d4a, 0x5, 0x0, 0x0)
	/home/dev/go/src/github.com/gin-gonic/gin/context.go:734 +0x93
_/mnt/CC9EDBF69EDBD6D4/Development_World/Backup_22-4-18/Projects/Interni/Programming_Contest_Management_Platform/app/views.Render(0xc000679ad0, 0xc10d4a, 0x5, 0xc0007725d0)
	/mnt/CC9EDBF69EDBD6D4/Development World/Backup 22-4-18/Projects/Interni/Programming Contest Management Platform/app/views/views.go:49 +0x2f3
_/mnt/CC9EDBF69EDBD6D4/Development_World/Backup_22-4-18/Projects/Interni/Programming_Contest_Management_Platform/app/controllers.Index(0xc000679ad0)
	/mnt/CC9EDBF69EDBD6D4/Development World/Backup 22-4-18/Projects/Interni/Programming Contest Management Platform/app/controllers/common.controllers.go:14 +0x231
github.com/gin-gonic/gin.(*Context).Next(0xc000679ad0)
	/home/dev/go/src/github.com/gin-gonic/gin/context.go:108 +0x43
github.com/gin-contrib/sessions.Sessions.func1(0xc000679ad0)
	/home/dev/go/src/github.com/gin-contrib/sessions/sessions.go:65 +0x19f
github.com/gin-gonic/gin.(*Context).Next(0xc000679ad0)
	/home/dev/go/src/github.com/gin-gonic/gin/context.go:108 +0x43
github.com/gin-gonic/gin.LoggerWithWriter.func1(0xc000679ad0)
	/home/dev/go/src/github.com/gin-gonic/gin/logger.go:84 +0xd2
github.com/gin-gonic/gin.(*Context).Next(0xc000679ad0)
	/home/dev/go/src/github.com/gin-gonic/gin/context.go:108 +0x43
github.com/gin-gonic/gin.(*Engine).handleHTTPRequest(0xc0001fa000, 0xc000679ad0)
	/home/dev/go/src/github.com/gin-gonic/gin/gin.go:363 +0x5ab
github.com/gin-gonic/gin.(*Engine).ServeHTTP(0xc0001fa000, 0xce6cc0, 0xc0005d6620, 0xc000169700)
	/home/dev/go/src/github.com/gin-gonic/gin/gin.go:328 +0x132
net/http.serverHandler.ServeHTTP(0xc0000d7ba0, 0xce6cc0, 0xc0005d6620, 0xc000169700)
	/usr/local/go/src/net/http/server.go:2741 +0xab
net/http.(*conn).serve(0xc0002520a0, 0xce7800, 0xc00076c280)
	/usr/local/go/src/net/http/server.go:1847 +0x646
created by net/http.(*Server).Serve
	/usr/local/go/src/net/http/server.go:2851 +0x2f5
http: panic serving 127.0.0.1:51334: template: index.html:3:5: executing "content" at <ne .data.upcomingCon...>: error calling ne: invalid type for comparison
goroutine 165 [running]:
net/http.(*conn).serve.func1(0xc000221c20)
	/usr/local/go/src/net/http/server.go:1746 +0xd0
panic(0xb737c0, 0xc000768e20)
	/usr/local/go/src/runtime/panic.go:513 +0x1b9
github.com/gin-gonic/gin.(*Context).Render(0xc000704840, 0xc8, 0xce5d40, 0xc0007c2ff0)
	/home/dev/go/src/github.com/gin-gonic/gin/context.go:725 +0x160
github.com/gin-gonic/gin.(*Context).HTML(0xc000704840, 0xc8, 0xc10d4a, 0x5, 0x0, 0x0)
	/home/dev/go/src/github.com/gin-gonic/gin/context.go:734 +0x93
_/mnt/CC9EDBF69EDBD6D4/Development_World/Backup_22-4-18/Projects/Interni/Programming_Contest_Management_Platform/app/views.Render(0xc000704840, 0xc10d4a, 0x5, 0xc00073f9e0)
	/mnt/CC9EDBF69EDBD6D4/Development World/Backup 22-4-18/Projects/Interni/Programming Contest Management Platform/app/views/views.go:49 +0x2f3
_/mnt/CC9EDBF69EDBD6D4/Development_World/Backup_22-4-18/Projects/Interni/Programming_Contest_Management_Platform/app/controllers.Index(0xc000704840)
	/mnt/CC9EDBF69EDBD6D4/Development World/Backup 22-4-18/Projects/Interni/Programming Contest Management Platform/app/controllers/common.controllers.go:14 +0x231
github.com/gin-gonic/gin.(*Context).Next(0xc000704840)
	/home/dev/go/src/github.com/gin-gonic/gin/context.go:108 +0x43
github.com/gin-contrib/sessions.Sessions.func1(0xc000704840)
	/home/dev/go/src/github.com/gin-contrib/sessions/sessions.go:65 +0x19f
github.com/gin-gonic/gin.(*Context).Next(0xc000704840)
	/home/dev/go/src/github.com/gin-gonic/gin/context.go:108 +0x43
github.com/gin-gonic/gin.LoggerWithWriter.func1(0xc000704840)
	/home/dev/go/src/github.com/gin-gonic/gin/logger.go:84 +0xd2
github.com/gin-gonic/gin.(*Context).Next(0xc000704840)
	/home/dev/go/src/github.com/gin-gonic/gin/context.go:108 +0x43
github.com/gin-gonic/gin.(*Engine).handleHTTPRequest(0xc0001fa000, 0xc000704840)
	/home/dev/go/src/github.com/gin-gonic/gin/gin.go:363 +0x5ab
github.com/gin-gonic/gin.(*Engine).ServeHTTP(0xc0001fa000, 0xce6cc0, 0xc000034620, 0xc000740600)
	/home/dev/go/src/github.com/gin-gonic/gin/gin.go:328 +0x132
net/http.serverHandler.ServeHTTP(0xc0000d7ba0, 0xce6cc0, 0xc000034620, 0xc000740600)
	/usr/local/go/src/net/http/server.go:2741 +0xab
net/http.(*conn).serve(0xc000221c20, 0xce7800, 0xc000707500)
	/usr/local/go/src/net/http/server.go:1847 +0x646
created by net/http.(*Server).Serve
	/usr/local/go/src/net/http/server.go:2851 +0x2f5
http: panic serving 127.0.0.1:51336: template: index.html:3:5: executing "content" at <ne .data.upcomingCon...>: error calling ne: invalid type for comparison
goroutine 152 [running]:
net/http.(*conn).serve.func1(0xc000249680)
	/usr/local/go/src/net/http/server.go:1746 +0xd0
panic(0xb737c0, 0xc000769c00)
	/usr/local/go/src/runtime/panic.go:513 +0x1b9
github.com/gin-gonic/gin.(*Context).Render(0xc000704f20, 0xc8, 0xce5d40, 0xc0007dd260)
	/home/dev/go/src/github.com/gin-gonic/gin/context.go:725 +0x160
github.com/gin-gonic/gin.(*Context).HTML(0xc000704f20, 0xc8, 0xc10d4a, 0x5, 0x0, 0x0)
	/home/dev/go/src/github.com/gin-gonic/gin/context.go:734 +0x93
_/mnt/CC9EDBF69EDBD6D4/Development_World/Backup_22-4-18/Projects/Interni/Programming_Contest_Management_Platform/app/views.Render(0xc000704f20, 0xc10d4a, 0x5, 0xc0007c3c50)
	/mnt/CC9EDBF69EDBD6D4/Development World/Backup 22-4-18/Projects/Interni/Programming Contest Management Platform/app/views/views.go:49 +0x2f3
_/mnt/CC9EDBF69EDBD6D4/Development_World/Backup_22-4-18/Projects/Interni/Programming_Contest_Management_Platform/app/controllers.Index(0xc000704f20)
	/mnt/CC9EDBF69EDBD6D4/Development World/Backup 22-4-18/Projects/Interni/Programming Contest Management Platform/app/controllers/common.controllers.go:14 +0x231
github.com/gin-gonic/gin.(*Context).Next(0xc000704f20)
	/home/dev/go/src/github.com/gin-gonic/gin/context.go:108 +0x43
github.com/gin-contrib/sessions.Sessions.func1(0xc000704f20)
	/home/dev/go/src/github.com/gin-contrib/sessions/sessions.go:65 +0x19f
github.com/gin-gonic/gin.(*Context).Next(0xc000704f20)
	/home/dev/go/src/github.com/gin-gonic/gin/context.go:108 +0x43
github.com/gin-gonic/gin.LoggerWithWriter.func1(0xc000704f20)
	/home/dev/go/src/github.com/gin-gonic/gin/logger.go:84 +0xd2
github.com/gin-gonic/gin.(*Context).Next(0xc000704f20)
	/home/dev/go/src/github.com/gin-gonic/gin/context.go:108 +0x43
github.com/gin-gonic/gin.(*Engine).handleHTTPRequest(0xc0001fa000, 0xc000704f20)
	/home/dev/go/src/github.com/gin-gonic/gin/gin.go:363 +0x5ab
github.com/gin-gonic/gin.(*Engine).ServeHTTP(0xc0001fa000, 0xce6cc0, 0xc000034700, 0xc000740b00)
	/home/dev/go/src/github.com/gin-gonic/gin/gin.go:328 +0x132
net/http.serverHandler.ServeHTTP(0xc0000d7ba0, 0xce6cc0, 0xc000034700, 0xc000740b00)
	/usr/local/go/src/net/http/server.go:2741 +0xab
net/http.(*conn).serve(0xc000249680, 0xce7800, 0xc0007c6080)
	/usr/local/go/src/net/http/server.go:1847 +0x646
created by net/http.(*Server).Serve
	/usr/local/go/src/net/http/server.go:2851 +0x2f5
http: panic serving 127.0.0.1:51338: template: index.html:3:5: executing "content" at <ne .data.upcomingCon...>: error calling ne: invalid type for comparison
goroutine 153 [running]:
net/http.(*conn).serve.func1(0xc0002497c0)
	/usr/local/go/src/net/http/server.go:1746 +0xd0
panic(0xb737c0, 0xc0008029e0)
	/usr/local/go/src/runtime/panic.go:513 +0x1b9
github.com/gin-gonic/gin.(*Context).Render(0xc000705600, 0xc8, 0xce5d40, 0xc0008014d0)
	/home/dev/go/src/github.com/gin-gonic/gin/context.go:725 +0x160
github.com/gin-gonic/gin.(*Context).HTML(0xc000705600, 0xc8, 0xc10d4a, 0x5, 0x0, 0x0)
	/home/dev/go/src/github.com/gin-gonic/gin/context.go:734 +0x93
_/mnt/CC9EDBF69EDBD6D4/Development_World/Backup_22-4-18/Projects/Interni/Programming_Contest_Management_Platform/app/views.Render(0xc000705600, 0xc10d4a, 0x5, 0xc0007ddec0)
	/mnt/CC9EDBF69EDBD6D4/Development World/Backup 22-4-18/Projects/Interni/Programming Contest Management Platform/app/views/views.go:49 +0x2f3
_/mnt/CC9EDBF69EDBD6D4/Development_World/Backup_22-4-18/Projects/Interni/Programming_Contest_Management_Platform/app/controllers.Index(0xc000705600)
	/mnt/CC9EDBF69EDBD6D4/Development World/Backup 22-4-18/Projects/Interni/Programming Contest Management Platform/app/controllers/common.controllers.go:14 +0x231
github.com/gin-gonic/gin.(*Context).Next(0xc000705600)
	/home/dev/go/src/github.com/gin-gonic/gin/context.go:108 +0x43
github.com/gin-contrib/sessions.Sessions.func1(0xc000705600)
	/home/dev/go/src/github.com/gin-contrib/sessions/sessions.go:65 +0x19f
github.com/gin-gonic/gin.(*Context).Next(0xc000705600)
	/home/dev/go/src/github.com/gin-gonic/gin/context.go:108 +0x43
github.com/gin-gonic/gin.LoggerWithWriter.func1(0xc000705600)
	/home/dev/go/src/github.com/gin-gonic/gin/logger.go:84 +0xd2
github.com/gin-gonic/gin.(*Context).Next(0xc000705600)
	/home/dev/go/src/github.com/gin-gonic/gin/context.go:108 +0x43
github.com/gin-gonic/gin.(*Engine).handleHTTPRequest(0xc0001fa000, 0xc000705600)
	/home/dev/go/src/github.com/gin-gonic/gin/gin.go:363 +0x5ab
github.com/gin-gonic/gin.(*Engine).ServeHTTP(0xc0001fa000, 0xce6cc0, 0xc0000347e0, 0xc000741000)
	/home/dev/go/src/github.com/gin-gonic/gin/gin.go:328 +0x132
net/http.serverHandler.ServeHTTP(0xc0000d7ba0, 0xce6cc0, 0xc0000347e0, 0xc000741000)
	/usr/local/go/src/net/http/server.go:2741 +0xab
net/http.(*conn).serve(0xc0002497c0, 0xce7800, 0xc0007c6c00)
	/usr/local/go/src/net/http/server.go:1847 +0x646
created by net/http.(*Server).Serve
	/usr/local/go/src/net/http/server.go:2851 +0x2f5
http: panic serving 127.0.0.1:51340: template: index.html:3:5: executing "content" at <ne .data.upcomingCon...>: error calling ne: invalid type for comparison
goroutine 175 [running]:
net/http.(*conn).serve.func1(0xc00026a8c0)
	/usr/local/go/src/net/http/server.go:1746 +0xd0
panic(0xb737c0, 0xc00076e5e0)
	/usr/local/go/src/runtime/panic.go:513 +0x1b9
github.com/gin-gonic/gin.(*Context).Render(0xc000705ce0, 0xc8, 0xce5d40, 0xc0007727b0)
	/home/dev/go/src/github.com/gin-gonic/gin/context.go:725 +0x160
github.com/gin-gonic/gin.(*Context).HTML(0xc000705ce0, 0xc8, 0xc10d4a, 0x5, 0x0, 0x0)
	/home/dev/go/src/github.com/gin-gonic/gin/context.go:734 +0x93
_/mnt/CC9EDBF69EDBD6D4/Development_World/Backup_22-4-18/Projects/Interni/Programming_Contest_Management_Platform/app/views.Render(0xc000705ce0, 0xc10d4a, 0x5, 0xc00081a1b0)
	/mnt/CC9EDBF69EDBD6D4/Development World/Backup 22-4-18/Projects/Interni/Programming Contest Management Platform/app/views/views.go:49 +0x2f3
_/mnt/CC9EDBF69EDBD6D4/Development_World/Backup_22-4-18/Projects/Interni/Programming_Contest_Management_Platform/app/controllers.Index(0xc000705ce0)
	/mnt/CC9EDBF69EDBD6D4/Development World/Backup 22-4-18/Projects/Interni/Programming Contest Management Platform/app/controllers/common.controllers.go:14 +0x231
github.com/gin-gonic/gin.(*Context).Next(0xc000705ce0)
	/home/dev/go/src/github.com/gin-gonic/gin/context.go:108 +0x43
github.com/gin-contrib/sessions.Sessions.func1(0xc000705ce0)
	/home/dev/go/src/github.com/gin-contrib/sessions/sessions.go:65 +0x19f
github.com/gin-gonic/gin.(*Context).Next(0xc000705ce0)
	/home/dev/go/src/github.com/gin-gonic/gin/context.go:108 +0x43
github.com/gin-gonic/gin.LoggerWithWriter.func1(0xc000705ce0)
	/home/dev/go/src/github.com/gin-gonic/gin/logger.go:84 +0xd2
github.com/gin-gonic/gin.(*Context).Next(0xc000705ce0)
	/home/dev/go/src/github.com/gin-gonic/gin/context.go:108 +0x43
github.com/gin-gonic/gin.(*Engine).handleHTTPRequest(0xc0001fa000, 0xc000705ce0)
	/home/dev/go/src/github.com/gin-gonic/gin/gin.go:363 +0x5ab
github.com/gin-gonic/gin.(*Engine).ServeHTTP(0xc0001fa000, 0xce6cc0, 0xc0000348c0, 0xc000741500)
	/home/dev/go/src/github.com/gin-gonic/gin/gin.go:328 +0x132
net/http.serverHandler.ServeHTTP(0xc0000d7ba0, 0xce6cc0, 0xc0000348c0, 0xc000741500)
	/usr/local/go/src/net/http/server.go:2741 +0xab
net/http.(*conn).serve(0xc00026a8c0, 0xce7800, 0xc0007c7780)
	/usr/local/go/src/net/http/server.go:1847 +0x646
created by net/http.(*Server).Serve
	/usr/local/go/src/net/http/server.go:2851 +0x2f5
http: panic serving 127.0.0.1:51342: template: index.html:3:5: executing "content" at <ne .data.upcomingCon...>: error calling ne: invalid type for comparison
goroutine 99 [running]:
net/http.(*conn).serve.func1(0xc000248280)
	/usr/local/go/src/net/http/server.go:1746 +0xd0
panic(0xb737c0, 0xc0000e6d00)
	/usr/local/go/src/runtime/panic.go:513 +0x1b9
github.com/gin-gonic/gin.(*Context).Render(0xc00011c2c0, 0xc8, 0xce5d40, 0xc0005cccf0)
	/home/dev/go/src/github.com/gin-gonic/gin/context.go:725 +0x160
github.com/gin-gonic/gin.(*Context).HTML(0xc00011c2c0, 0xc8, 0xc10d4a, 0x5, 0x0, 0x0)
	/home/dev/go/src/github.com/gin-gonic/gin/context.go:734 +0x93
_/mnt/CC9EDBF69EDBD6D4/Development_World/Backup_22-4-18/Projects/Interni/Programming_Contest_Management_Platform/app/views.Render(0xc00011c2c0, 0xc10d4a, 0x5, 0xc0005ec690)
	/mnt/CC9EDBF69EDBD6D4/Development World/Backup 22-4-18/Projects/Interni/Programming Contest Management Platform/app/views/views.go:49 +0x2f3
_/mnt/CC9EDBF69EDBD6D4/Development_World/Backup_22-4-18/Projects/Interni/Programming_Contest_Management_Platform/app/controllers.Index(0xc00011c2c0)
	/mnt/CC9EDBF69EDBD6D4/Development World/Backup 22-4-18/Projects/Interni/Programming Contest Management Platform/app/controllers/common.controllers.go:14 +0x231
github.com/gin-gonic/gin.(*Context).Next(0xc00011c2c0)
	/home/dev/go/src/github.com/gin-gonic/gin/context.go:108 +0x43
github.com/gin-contrib/sessions.Sessions.func1(0xc00011c2c0)
	/home/dev/go/src/github.com/gin-contrib/sessions/sessions.go:65 +0x19f
github.com/gin-gonic/gin.(*Context).Next(0xc00011c2c0)
	/home/dev/go/src/github.com/gin-gonic/gin/context.go:108 +0x43
github.com/gin-gonic/gin.LoggerWithWriter.func1(0xc00011c2c0)
	/home/dev/go/src/github.com/gin-gonic/gin/logger.go:84 +0xd2
github.com/gin-gonic/gin.(*Context).Next(0xc00011c2c0)
	/home/dev/go/src/github.com/gin-gonic/gin/context.go:108 +0x43
github.com/gin-gonic/gin.(*Engine).handleHTTPRequest(0xc0001fa000, 0xc00011c2c0)
	/home/dev/go/src/github.com/gin-gonic/gin/gin.go:363 +0x5ab
github.com/gin-gonic/gin.(*Engine).ServeHTTP(0xc0001fa000, 0xce6cc0, 0xc0000341c0, 0xc000202800)
	/home/dev/go/src/github.com/gin-gonic/gin/gin.go:328 +0x132
net/http.serverHandler.ServeHTTP(0xc0000d7ba0, 0xce6cc0, 0xc0000341c0, 0xc000202800)
	/usr/local/go/src/net/http/server.go:2741 +0xab
net/http.(*conn).serve(0xc000248280, 0xce7800, 0xc0005c2040)
	/usr/local/go/src/net/http/server.go:1847 +0x646
created by net/http.(*Server).Serve
	/usr/local/go/src/net/http/server.go:2851 +0x2f5
http: panic serving 127.0.0.1:51344: template: index.html:3:5: executing "content" at <ne .data.upcomingCon...>: error calling ne: invalid type for comparison
goroutine 196 [running]:
net/http.(*conn).serve.func1(0xc000220320)
	/usr/local/go/src/net/http/server.go:1746 +0xd0
panic(0xb737c0, 0xc0000e7140)
	/usr/local/go/src/runtime/panic.go:513 +0x1b9
github.com/gin-gonic/gin.(*Context).Render(0xc0002e08f0, 0xc8, 0xce5d40, 0xc0005cd4a0)
	/home/dev/go/src/github.com/gin-gonic/gin/context.go:725 +0x160
github.com/gin-gonic/gin.(*Context).HTML(0xc0002e08f0, 0xc8, 0xc10d4a, 0x5, 0x0, 0x0)
	/home/dev/go/src/github.com/gin-gonic/gin/context.go:734 +0x93
_/mnt/CC9EDBF69EDBD6D4/Development_World/Backup_22-4-18/Projects/Interni/Programming_Contest_Management_Platform/app/views.Render(0xc0002e08f0, 0xc10d4a, 0x5, 0xc0007734a0)
	/mnt/CC9EDBF69EDBD6D4/Development World/Backup 22-4-18/Projects/Interni/Programming Contest Management Platform/app/views/views.go:49 +0x2f3
_/mnt/CC9EDBF69EDBD6D4/Development_World/Backup_22-4-18/Projects/Interni/Programming_Contest_Management_Platform/app/controllers.Index(0xc0002e08f0)
	/mnt/CC9EDBF69EDBD6D4/Development World/Backup 22-4-18/Projects/Interni/Programming Contest Management Platform/app/controllers/common.controllers.go:14 +0x231
github.com/gin-gonic/gin.(*Context).Next(0xc0002e08f0)
	/home/dev/go/src/github.com/gin-gonic/gin/context.go:108 +0x43
github.com/gin-contrib/sessions.Sessions.func1(0xc0002e08f0)
	/home/dev/go/src/github.com/gin-contrib/sessions/sessions.go:65 +0x19f
github.com/gin-gonic/gin.(*Context).Next(0xc0002e08f0)
	/home/dev/go/src/github.com/gin-gonic/gin/context.go:108 +0x43
github.com/gin-gonic/gin.LoggerWithWriter.func1(0xc0002e08f0)
	/home/dev/go/src/github.com/gin-gonic/gin/logger.go:84 +0xd2
github.com/gin-gonic/gin.(*Context).Next(0xc0002e08f0)
	/home/dev/go/src/github.com/gin-gonic/gin/context.go:108 +0x43
github.com/gin-gonic/gin.(*Engine).handleHTTPRequest(0xc0001fa000, 0xc0002e08f0)
	/home/dev/go/src/github.com/gin-gonic/gin/gin.go:363 +0x5ab
github.com/gin-gonic/gin.(*Engine).ServeHTTP(0xc0001fa000, 0xce6cc0, 0xc0001ae000, 0xc000740000)
	/home/dev/go/src/github.com/gin-gonic/gin/gin.go:328 +0x132
net/http.serverHandler.ServeHTTP(0xc0000d7ba0, 0xce6cc0, 0xc0001ae000, 0xc000740000)
	/usr/local/go/src/net/http/server.go:2741 +0xab
net/http.(*conn).serve(0xc000220320, 0xce7800, 0xc00076c4c0)
	/usr/local/go/src/net/http/server.go:1847 +0x646
created by net/http.(*Server).Serve
	/usr/local/go/src/net/http/server.go:2851 +0x2f5
http: panic serving 127.0.0.1:51346: template: index.html:3:5: executing "content" at <ne .data.upcomingCon...>: error calling ne: invalid type for comparison
goroutine 197 [running]:
net/http.(*conn).serve.func1(0xc0002206e0)
	/usr/local/go/src/net/http/server.go:1746 +0xd0
panic(0xb737c0, 0xc00076f380)
	/usr/local/go/src/runtime/panic.go:513 +0x1b9
github.com/gin-gonic/gin.(*Context).Render(0xc000704000, 0xc8, 0xce5d40, 0xc0000d57d0)
	/home/dev/go/src/github.com/gin-gonic/gin/context.go:725 +0x160
github.com/gin-gonic/gin.(*Context).HTML(0xc000704000, 0xc8, 0xc10d4a, 0x5, 0x0, 0x0)
	/home/dev/go/src/github.com/gin-gonic/gin/context.go:734 +0x93
_/mnt/CC9EDBF69EDBD6D4/Development_World/Backup_22-4-18/Projects/Interni/Programming_Contest_Management_Platform/app/views.Render(0xc000704000, 0xc10d4a, 0x5, 0xc0001e6b70)
	/mnt/CC9EDBF69EDBD6D4/Development World/Backup 22-4-18/Projects/Interni/Programming Contest Management Platform/app/views/views.go:49 +0x2f3
_/mnt/CC9EDBF69EDBD6D4/Development_World/Backup_22-4-18/Projects/Interni/Programming_Contest_Management_Platform/app/controllers.Index(0xc000704000)
	/mnt/CC9EDBF69EDBD6D4/Development World/Backup 22-4-18/Projects/Interni/Programming Contest Management Platform/app/controllers/common.controllers.go:14 +0x231
github.com/gin-gonic/gin.(*Context).Next(0xc000704000)
	/home/dev/go/src/github.com/gin-gonic/gin/context.go:108 +0x43
github.com/gin-contrib/sessions.Sessions.func1(0xc000704000)
	/home/dev/go/src/github.com/gin-contrib/sessions/sessions.go:65 +0x19f
github.com/gin-gonic/gin.(*Context).Next(0xc000704000)
	/home/dev/go/src/github.com/gin-gonic/gin/context.go:108 +0x43
github.com/gin-gonic/gin.LoggerWithWriter.func1(0xc000704000)
	/home/dev/go/src/github.com/gin-gonic/gin/logger.go:84 +0xd2
github.com/gin-gonic/gin.(*Context).Next(0xc000704000)
	/home/dev/go/src/github.com/gin-gonic/gin/context.go:108 +0x43
github.com/gin-gonic/gin.(*Engine).handleHTTPRequest(0xc0001fa000, 0xc000704000)
	/home/dev/go/src/github.com/gin-gonic/gin/gin.go:363 +0x5ab
github.com/gin-gonic/gin.(*Engine).ServeHTTP(0xc0001fa000, 0xce6cc0, 0xc000678000, 0xc000168300)
	/home/dev/go/src/github.com/gin-gonic/gin/gin.go:328 +0x132
net/http.serverHandler.ServeHTTP(0xc0000d7ba0, 0xce6cc0, 0xc000678000, 0xc000168300)
	/usr/local/go/src/net/http/server.go:2741 +0xab
net/http.(*conn).serve(0xc0002206e0, 0xce7800, 0xc0000e29c0)
	/usr/local/go/src/net/http/server.go:1847 +0x646
created by net/http.(*Server).Serve
	/usr/local/go/src/net/http/server.go:2851 +0x2f5
http: panic serving 127.0.0.1:51348: template: index.html:3:5: executing "content" at <ne .data.upcomingCon...>: error calling ne: invalid type for comparison
goroutine 213 [running]:
net/http.(*conn).serve.func1(0xc0000ce820)
	/usr/local/go/src/net/http/server.go:1746 +0xd0
panic(0xb737c0, 0xc00000dde0)
	/usr/local/go/src/runtime/panic.go:513 +0x1b9
github.com/gin-gonic/gin.(*Context).Render(0xc00011cbb0, 0xc8, 0xce5d40, 0xc0002c6c00)
	/home/dev/go/src/github.com/gin-gonic/gin/context.go:725 +0x160
github.com/gin-gonic/gin.(*Context).HTML(0xc00011cbb0, 0xc8, 0xc10d4a, 0x5, 0x0, 0x0)
	/home/dev/go/src/github.com/gin-gonic/gin/context.go:734 +0x93
_/mnt/CC9EDBF69EDBD6D4/Development_World/Backup_22-4-18/Projects/Interni/Programming_Contest_Management_Platform/app/views.Render(0xc00011cbb0, 0xc10d4a, 0x5, 0xc00024e900)
	/mnt/CC9EDBF69EDBD6D4/Development World/Backup 22-4-18/Projects/Interni/Programming Contest Management Platform/app/views/views.go:49 +0x2f3
_/mnt/CC9EDBF69EDBD6D4/Development_World/Backup_22-4-18/Projects/Interni/Programming_Contest_Management_Platform/app/controllers.Index(0xc00011cbb0)
	/mnt/CC9EDBF69EDBD6D4/Development World/Backup 22-4-18/Projects/Interni/Programming Contest Management Platform/app/controllers/common.controllers.go:14 +0x231
github.com/gin-gonic/gin.(*Context).Next(0xc00011cbb0)
	/home/dev/go/src/github.com/gin-gonic/gin/context.go:108 +0x43
github.com/gin-contrib/sessions.Sessions.func1(0xc00011cbb0)
	/home/dev/go/src/github.com/gin-contrib/sessions/sessions.go:65 +0x19f
github.com/gin-gonic/gin.(*Context).Next(0xc00011cbb0)
	/home/dev/go/src/github.com/gin-gonic/gin/context.go:108 +0x43
github.com/gin-gonic/gin.LoggerWithWriter.func1(0xc00011cbb0)
	/home/dev/go/src/github.com/gin-gonic/gin/logger.go:84 +0xd2
github.com/gin-gonic/gin.(*Context).Next(0xc00011cbb0)
	/home/dev/go/src/github.com/gin-gonic/gin/context.go:108 +0x43
github.com/gin-gonic/gin.(*Engine).handleHTTPRequest(0xc0001fa000, 0xc00011cbb0)
	/home/dev/go/src/github.com/gin-gonic/gin/gin.go:363 +0x5ab
github.com/gin-gonic/gin.(*Engine).ServeHTTP(0xc0001fa000, 0xce6cc0, 0xc0000342a0, 0xc000202d00)
	/home/dev/go/src/github.com/gin-gonic/gin/gin.go:328 +0x132
net/http.serverHandler.ServeHTTP(0xc0000d7ba0, 0xce6cc0, 0xc0000342a0, 0xc000202d00)
	/usr/local/go/src/net/http/server.go:2741 +0xab
net/http.(*conn).serve(0xc0000ce820, 0xce7800, 0xc0005c2ec0)
	/usr/local/go/src/net/http/server.go:1847 +0x646
created by net/http.(*Server).Serve
	/usr/local/go/src/net/http/server.go:2851 +0x2f5
http: panic serving 127.0.0.1:51350: template: index.html:3:5: executing "content" at <ne .data.upcomingCon...>: error calling ne: invalid type for comparison
goroutine 217 [running]:
net/http.(*conn).serve.func1(0xc0000cef00)
	/usr/local/go/src/net/http/server.go:1746 +0xd0
panic(0xb737c0, 0xc0002c2ee0)
	/usr/local/go/src/runtime/panic.go:513 +0x1b9
github.com/gin-gonic/gin.(*Context).Render(0xc00011d290, 0xc8, 0xce5d40, 0xc00067eed0)
	/home/dev/go/src/github.com/gin-gonic/gin/context.go:725 +0x160
github.com/gin-gonic/gin.(*Context).HTML(0xc00011d290, 0xc8, 0xc10d4a, 0x5, 0x0, 0x0)
	/home/dev/go/src/github.com/gin-gonic/gin/context.go:734 +0x93
_/mnt/CC9EDBF69EDBD6D4/Development_World/Backup_22-4-18/Projects/Interni/Programming_Contest_Management_Platform/app/views.Render(0xc00011d290, 0xc10d4a, 0x5, 0xc0002c78c0)
	/mnt/CC9EDBF69EDBD6D4/Development World/Backup 22-4-18/Projects/Interni/Programming Contest Management Platform/app/views/views.go:49 +0x2f3
_/mnt/CC9EDBF69EDBD6D4/Development_World/Backup_22-4-18/Projects/Interni/Programming_Contest_Management_Platform/app/controllers.Index(0xc00011d290)
	/mnt/CC9EDBF69EDBD6D4/Development World/Backup 22-4-18/Projects/Interni/Programming Contest Management Platform/app/controllers/common.controllers.go:14 +0x231
github.com/gin-gonic/gin.(*Context).Next(0xc00011d290)
	/home/dev/go/src/github.com/gin-gonic/gin/context.go:108 +0x43
github.com/gin-contrib/sessions.Sessions.func1(0xc00011d290)
	/home/dev/go/src/github.com/gin-contrib/sessions/sessions.go:65 +0x19f
github.com/gin-gonic/gin.(*Context).Next(0xc00011d290)
	/home/dev/go/src/github.com/gin-gonic/gin/context.go:108 +0x43
github.com/gin-gonic/gin.LoggerWithWriter.func1(0xc00011d290)
	/home/dev/go/src/github.com/gin-gonic/gin/logger.go:84 +0xd2
github.com/gin-gonic/gin.(*Context).Next(0xc00011d290)
	/home/dev/go/src/github.com/gin-gonic/gin/context.go:108 +0x43
github.com/gin-gonic/gin.(*Engine).handleHTTPRequest(0xc0001fa000, 0xc00011d290)
	/home/dev/go/src/github.com/gin-gonic/gin/gin.go:363 +0x5ab
github.com/gin-gonic/gin.(*Engine).ServeHTTP(0xc0001fa000, 0xce6cc0, 0xc000034380, 0xc000203300)
	/home/dev/go/src/github.com/gin-gonic/gin/gin.go:328 +0x132
net/http.serverHandler.ServeHTTP(0xc0000d7ba0, 0xce6cc0, 0xc000034380, 0xc000203300)
	/usr/local/go/src/net/http/server.go:2741 +0xab
net/http.(*conn).serve(0xc0000cef00, 0xce7800, 0xc0005c3cc0)
	/usr/local/go/src/net/http/server.go:1847 +0x646
created by net/http.(*Server).Serve
	/usr/local/go/src/net/http/server.go:2851 +0x2f5
http: panic serving 127.0.0.1:51352: template: index.html:3:5: executing "content" at <ne .data.upcomingCon...>: error calling ne: invalid type for comparison
goroutine 201 [running]:
net/http.(*conn).serve.func1(0xc000220960)
	/usr/local/go/src/net/http/server.go:1746 +0xd0
panic(0xb737c0, 0xc0002793c0)
	/usr/local/go/src/runtime/panic.go:513 +0x1b9
github.com/gin-gonic/gin.(*Context).Render(0xc0007046e0, 0xc8, 0xce5d40, 0xc0006e99e0)
	/home/dev/go/src/github.com/gin-gonic/gin/context.go:725 +0x160
github.com/gin-gonic/gin.(*Context).HTML(0xc0007046e0, 0xc8, 0xc10d4a, 0x5, 0x0, 0x0)
	/home/dev/go/src/github.com/gin-gonic/gin/context.go:734 +0x93
_/mnt/CC9EDBF69EDBD6D4/Development_World/Backup_22-4-18/Projects/Interni/Programming_Contest_Management_Platform/app/views.Render(0xc0007046e0, 0xc10d4a, 0x5, 0xc0006e83c0)
	/mnt/CC9EDBF69EDBD6D4/Development World/Backup 22-4-18/Projects/Interni/Programming Contest Management Platform/app/views/views.go:49 +0x2f3
_/mnt/CC9EDBF69EDBD6D4/Development_World/Backup_22-4-18/Projects/Interni/Programming_Contest_Management_Platform/app/controllers.Index(0xc0007046e0)
	/mnt/CC9EDBF69EDBD6D4/Development World/Backup 22-4-18/Projects/Interni/Programming Contest Management Platform/app/controllers/common.controllers.go:14 +0x231
github.com/gin-gonic/gin.(*Context).Next(0xc0007046e0)
	/home/dev/go/src/github.com/gin-gonic/gin/context.go:108 +0x43
github.com/gin-contrib/sessions.Sessions.func1(0xc0007046e0)
	/home/dev/go/src/github.com/gin-contrib/sessions/sessions.go:65 +0x19f
github.com/gin-gonic/gin.(*Context).Next(0xc0007046e0)
	/home/dev/go/src/github.com/gin-gonic/gin/context.go:108 +0x43
github.com/gin-gonic/gin.LoggerWithWriter.func1(0xc0007046e0)
	/home/dev/go/src/github.com/gin-gonic/gin/logger.go:84 +0xd2
github.com/gin-gonic/gin.(*Context).Next(0xc0007046e0)
	/home/dev/go/src/github.com/gin-gonic/gin/context.go:108 +0x43
github.com/gin-gonic/gin.(*Engine).handleHTTPRequest(0xc0001fa000, 0xc0007046e0)
	/home/dev/go/src/github.com/gin-gonic/gin/gin.go:363 +0x5ab
github.com/gin-gonic/gin.(*Engine).ServeHTTP(0xc0001fa000, 0xce6cc0, 0xc0006780e0, 0xc000168900)
	/home/dev/go/src/github.com/gin-gonic/gin/gin.go:328 +0x132
net/http.serverHandler.ServeHTTP(0xc0000d7ba0, 0xce6cc0, 0xc0006780e0, 0xc000168900)
	/usr/local/go/src/net/http/server.go:2741 +0xab
net/http.(*conn).serve(0xc000220960, 0xce7800, 0xc0000e3240)
	/usr/local/go/src/net/http/server.go:1847 +0x646
created by net/http.(*Server).Serve
	/usr/local/go/src/net/http/server.go:2851 +0x2f5
http: panic serving 127.0.0.1:51354: template: index.html:3:5: executing "content" at <ne .data.upcomingCon...>: error calling ne: invalid type for comparison
goroutine 205 [running]:
net/http.(*conn).serve.func1(0xc000220e60)
	/usr/local/go/src/net/http/server.go:1746 +0xd0
panic(0xb737c0, 0xc0002d86a0)
	/usr/local/go/src/runtime/panic.go:513 +0x1b9
github.com/gin-gonic/gin.(*Context).Render(0xc000704dc0, 0xc8, 0xce5d40, 0xc000801e30)
	/home/dev/go/src/github.com/gin-gonic/gin/context.go:725 +0x160
github.com/gin-gonic/gin.(*Context).HTML(0xc000704dc0, 0xc8, 0xc10d4a, 0x5, 0x0, 0x0)
	/home/dev/go/src/github.com/gin-gonic/gin/context.go:734 +0x93
_/mnt/CC9EDBF69EDBD6D4/Development_World/Backup_22-4-18/Projects/Interni/Programming_Contest_Management_Platform/app/views.Render(0xc000704dc0, 0xc10d4a, 0x5, 0xc0008006c0)
	/mnt/CC9EDBF69EDBD6D4/Development World/Backup 22-4-18/Projects/Interni/Programming Contest Management Platform/app/views/views.go:49 +0x2f3
_/mnt/CC9EDBF69EDBD6D4/Development_World/Backup_22-4-18/Projects/Interni/Programming_Contest_Management_Platform/app/controllers.Index(0xc000704dc0)
	/mnt/CC9EDBF69EDBD6D4/Development World/Backup 22-4-18/Projects/Interni/Programming Contest Management Platform/app/controllers/common.controllers.go:14 +0x231
github.com/gin-gonic/gin.(*Context).Next(0xc000704dc0)
	/home/dev/go/src/github.com/gin-gonic/gin/context.go:108 +0x43
github.com/gin-contrib/sessions.Sessions.func1(0xc000704dc0)
	/home/dev/go/src/github.com/gin-contrib/sessions/sessions.go:65 +0x19f
github.com/gin-gonic/gin.(*Context).Next(0xc000704dc0)
	/home/dev/go/src/github.com/gin-gonic/gin/context.go:108 +0x43
github.com/gin-gonic/gin.LoggerWithWriter.func1(0xc000704dc0)
	/home/dev/go/src/github.com/gin-gonic/gin/logger.go:84 +0xd2
github.com/gin-gonic/gin.(*Context).Next(0xc000704dc0)
	/home/dev/go/src/github.com/gin-gonic/gin/context.go:108 +0x43
github.com/gin-gonic/gin.(*Engine).handleHTTPRequest(0xc0001fa000, 0xc000704dc0)
	/home/dev/go/src/github.com/gin-gonic/gin/gin.go:363 +0x5ab
github.com/gin-gonic/gin.(*Engine).ServeHTTP(0xc0001fa000, 0xce6cc0, 0xc0006781c0, 0xc000168e00)
	/home/dev/go/src/github.com/gin-gonic/gin/gin.go:328 +0x132
net/http.serverHandler.ServeHTTP(0xc0000d7ba0, 0xce6cc0, 0xc0006781c0, 0xc000168e00)
	/usr/local/go/src/net/http/server.go:2741 +0xab
net/http.(*conn).serve(0xc000220e60, 0xce7800, 0xc0001ef3c0)
	/usr/local/go/src/net/http/server.go:1847 +0x646
created by net/http.(*Server).Serve
	/usr/local/go/src/net/http/server.go:2851 +0x2f5
http: panic serving 127.0.0.1:51356: template: index.html:3:5: executing "content" at <ne .data.upcomingCon...>: error calling ne: invalid type for comparison
goroutine 102 [running]:
net/http.(*conn).serve.func1(0xc000248780)
	/usr/local/go/src/net/http/server.go:1746 +0xd0
panic(0xb737c0, 0xc0002c3520)
	/usr/local/go/src/runtime/panic.go:513 +0x1b9
github.com/gin-gonic/gin.(*Context).Render(0xc0002e1810, 0xc8, 0xce5d40, 0xc00067fef0)
	/home/dev/go/src/github.com/gin-gonic/gin/context.go:725 +0x160
github.com/gin-gonic/gin.(*Context).HTML(0xc0002e1810, 0xc8, 0xc10d4a, 0x5, 0x0, 0x0)
	/home/dev/go/src/github.com/gin-gonic/gin/context.go:734 +0x93
_/mnt/CC9EDBF69EDBD6D4/Development_World/Backup_22-4-18/Projects/Interni/Programming_Contest_Management_Platform/app/views.Render(0xc0002e1810, 0xc10d4a, 0x5, 0xc00081a060)
	/mnt/CC9EDBF69EDBD6D4/Development World/Backup 22-4-18/Projects/Interni/Programming Contest Management Platform/app/views/views.go:49 +0x2f3
_/mnt/CC9EDBF69EDBD6D4/Development_World/Backup_22-4-18/Projects/Interni/Programming_Contest_Management_Platform/app/controllers.Index(0xc0002e1810)
	/mnt/CC9EDBF69EDBD6D4/Development World/Backup 22-4-18/Projects/Interni/Programming Contest Management Platform/app/controllers/common.controllers.go:14 +0x231
github.com/gin-gonic/gin.(*Context).Next(0xc0002e1810)
	/home/dev/go/src/github.com/gin-gonic/gin/context.go:108 +0x43
github.com/gin-contrib/sessions.Sessions.func1(0xc0002e1810)
	/home/dev/go/src/github.com/gin-contrib/sessions/sessions.go:65 +0x19f
github.com/gin-gonic/gin.(*Context).Next(0xc0002e1810)
	/home/dev/go/src/github.com/gin-gonic/gin/context.go:108 +0x43
github.com/gin-gonic/gin.LoggerWithWriter.func1(0xc0002e1810)
	/home/dev/go/src/github.com/gin-gonic/gin/logger.go:84 +0xd2
github.com/gin-gonic/gin.(*Context).Next(0xc0002e1810)
	/home/dev/go/src/github.com/gin-gonic/gin/context.go:108 +0x43
github.com/gin-gonic/gin.(*Engine).handleHTTPRequest(0xc0001fa000, 0xc0002e1810)
	/home/dev/go/src/github.com/gin-gonic/gin/gin.go:363 +0x5ab
github.com/gin-gonic/gin.(*Engine).ServeHTTP(0xc0001fa000, 0xce6cc0, 0xc0001ae0e0, 0xc000740200)
	/home/dev/go/src/github.com/gin-gonic/gin/gin.go:328 +0x132
net/http.serverHandler.ServeHTTP(0xc0000d7ba0, 0xce6cc0, 0xc0001ae0e0, 0xc000740200)
	/usr/local/go/src/net/http/server.go:2741 +0xab
net/http.(*conn).serve(0xc000248780, 0xce7800, 0xc00076cf80)
	/usr/local/go/src/net/http/server.go:1847 +0x646
created by net/http.(*Server).Serve
	/usr/local/go/src/net/http/server.go:2851 +0x2f5
http: panic serving 127.0.0.1:51358: template: index.html:3:5: executing "content" at <ne .data.upcomingCon...>: error calling ne: invalid type for comparison
goroutine 209 [running]:
net/http.(*conn).serve.func1(0xc000221360)
	/usr/local/go/src/net/http/server.go:1746 +0xd0
panic(0xb737c0, 0xc0008021a0)
	/usr/local/go/src/runtime/panic.go:513 +0x1b9
github.com/gin-gonic/gin.(*Context).Render(0xc00011d970, 0xc8, 0xce5d40, 0xc000701950)
	/home/dev/go/src/github.com/gin-gonic/gin/context.go:725 +0x160
github.com/gin-gonic/gin.(*Context).HTML(0xc00011d970, 0xc8, 0xc10d4a, 0x5, 0x0, 0x0)
	/home/dev/go/src/github.com/gin-gonic/gin/context.go:734 +0x93
_/mnt/CC9EDBF69EDBD6D4/Development_World/Backup_22-4-18/Projects/Interni/Programming_Contest_Management_Platform/app/views.Render(0xc00011d970, 0xc10d4a, 0x5, 0xc000700b70)
	/mnt/CC9EDBF69EDBD6D4/Development World/Backup 22-4-18/Projects/Interni/Programming Contest Management Platform/app/views/views.go:49 +0x2f3
_/mnt/CC9EDBF69EDBD6D4/Development_World/Backup_22-4-18/Projects/Interni/Programming_Contest_Management_Platform/app/controllers.Index(0xc00011d970)
	/mnt/CC9EDBF69EDBD6D4/Development World/Backup 22-4-18/Projects/Interni/Programming Contest Management Platform/app/controllers/common.controllers.go:14 +0x231
github.com/gin-gonic/gin.(*Context).Next(0xc00011d970)
	/home/dev/go/src/github.com/gin-gonic/gin/context.go:108 +0x43
github.com/gin-contrib/sessions.Sessions.func1(0xc00011d970)
	/home/dev/go/src/github.com/gin-contrib/sessions/sessions.go:65 +0x19f
github.com/gin-gonic/gin.(*Context).Next(0xc00011d970)
	/home/dev/go/src/github.com/gin-gonic/gin/context.go:108 +0x43
github.com/gin-gonic/gin.LoggerWithWriter.func1(0xc00011d970)
	/home/dev/go/src/github.com/gin-gonic/gin/logger.go:84 +0xd2
github.com/gin-gonic/gin.(*Context).Next(0xc00011d970)
	/home/dev/go/src/github.com/gin-gonic/gin/context.go:108 +0x43
github.com/gin-gonic/gin.(*Engine).handleHTTPRequest(0xc0001fa000, 0xc00011d970)
	/home/dev/go/src/github.com/gin-gonic/gin/gin.go:363 +0x5ab
github.com/gin-gonic/gin.(*Engine).ServeHTTP(0xc0001fa000, 0xce6cc0, 0xc000034460, 0xc000203a00)
	/home/dev/go/src/github.com/gin-gonic/gin/gin.go:328 +0x132
net/http.serverHandler.ServeHTTP(0xc0000d7ba0, 0xce6cc0, 0xc000034460, 0xc000203a00)
	/usr/local/go/src/net/http/server.go:2741 +0xab
net/http.(*conn).serve(0xc000221360, 0xce7800, 0xc0000a72c0)
	/usr/local/go/src/net/http/server.go:1847 +0x646
created by net/http.(*Server).Serve
	/usr/local/go/src/net/http/server.go:2851 +0x2f5
http: panic serving 127.0.0.1:51360: template: index.html:3:5: executing "content" at <ne .data.upcomingCon...>: error calling ne: invalid type for comparison
goroutine 106 [running]:
net/http.(*conn).serve.func1(0xc000248a00)
	/usr/local/go/src/net/http/server.go:1746 +0xd0
panic(0xb737c0, 0xc000802f80)
	/usr/local/go/src/runtime/panic.go:513 +0x1b9
github.com/gin-gonic/gin.(*Context).Render(0xc00071a0b0, 0xc8, 0xce5d40, 0xc000745bc0)
	/home/dev/go/src/github.com/gin-gonic/gin/context.go:725 +0x160
github.com/gin-gonic/gin.(*Context).HTML(0xc00071a0b0, 0xc8, 0xc10d4a, 0x5, 0x0, 0x0)
	/home/dev/go/src/github.com/gin-gonic/gin/context.go:734 +0x93
_/mnt/CC9EDBF69EDBD6D4/Development_World/Backup_22-4-18/Projects/Interni/Programming_Contest_Management_Platform/app/views.Render(0xc00071a0b0, 0xc10d4a, 0x5, 0xc0007445d0)
	/mnt/CC9EDBF69EDBD6D4/Development World/Backup 22-4-18/Projects/Interni/Programming Contest Management Platform/app/views/views.go:49 +0x2f3
_/mnt/CC9EDBF69EDBD6D4/Development_World/Backup_22-4-18/Projects/Interni/Programming_Contest_Management_Platform/app/controllers.Index(0xc00071a0b0)
	/mnt/CC9EDBF69EDBD6D4/Development World/Backup 22-4-18/Projects/Interni/Programming Contest Management Platform/app/controllers/common.controllers.go:14 +0x231
github.com/gin-gonic/gin.(*Context).Next(0xc00071a0b0)
	/home/dev/go/src/github.com/gin-gonic/gin/context.go:108 +0x43
github.com/gin-contrib/sessions.Sessions.func1(0xc00071a0b0)
	/home/dev/go/src/github.com/gin-contrib/sessions/sessions.go:65 +0x19f
github.com/gin-gonic/gin.(*Context).Next(0xc00071a0b0)
	/home/dev/go/src/github.com/gin-gonic/gin/context.go:108 +0x43
github.com/gin-gonic/gin.LoggerWithWriter.func1(0xc00071a0b0)
	/home/dev/go/src/github.com/gin-gonic/gin/logger.go:84 +0xd2
github.com/gin-gonic/gin.(*Context).Next(0xc00071a0b0)
	/home/dev/go/src/github.com/gin-gonic/gin/context.go:108 +0x43
github.com/gin-gonic/gin.(*Engine).handleHTTPRequest(0xc0001fa000, 0xc00071a0b0)
	/home/dev/go/src/github.com/gin-gonic/gin/gin.go:363 +0x5ab
github.com/gin-gonic/gin.(*Engine).ServeHTTP(0xc0001fa000, 0xce6cc0, 0xc000034540, 0xc000203c00)
	/home/dev/go/src/github.com/gin-gonic/gin/gin.go:328 +0x132
net/http.serverHandler.ServeHTTP(0xc0000d7ba0, 0xce6cc0, 0xc000034540, 0xc000203c00)
	/usr/local/go/src/net/http/server.go:2741 +0xab
net/http.(*conn).serve(0xc000248a00, 0xce7800, 0xc0000a7b80)
	/usr/local/go/src/net/http/server.go:1847 +0x646
created by net/http.(*Server).Serve
	/usr/local/go/src/net/http/server.go:2851 +0x2f5
http: panic serving 127.0.0.1:51362: template: index.html:3:5: executing "content" at <ne .data.upcomingCon...>: error calling ne: invalid type for comparison
goroutine 28 [running]:
net/http.(*conn).serve.func1(0xc0000ce1e0)
	/usr/local/go/src/net/http/server.go:1746 +0xd0
panic(0xb737c0, 0xc0002fa180)
	/usr/local/go/src/runtime/panic.go:513 +0x1b9
github.com/gin-gonic/gin.(*Context).Render(0xc00011c2c0, 0xc8, 0xce5d40, 0xc0005cdd40)
	/home/dev/go/src/github.com/gin-gonic/gin/context.go:725 +0x160
github.com/gin-gonic/gin.(*Context).HTML(0xc00011c2c0, 0xc8, 0xc10d4a, 0x5, 0x0, 0x0)
	/home/dev/go/src/github.com/gin-gonic/gin/context.go:734 +0x93
_/mnt/CC9EDBF69EDBD6D4/Development_World/Backup_22-4-18/Projects/Interni/Programming_Contest_Management_Platform/app/views.Render(0xc00011c2c0, 0xc10d4a, 0x5, 0xc0005e84e0)
	/mnt/CC9EDBF69EDBD6D4/Development World/Backup 22-4-18/Projects/Interni/Programming Contest Management Platform/app/views/views.go:49 +0x2f3
_/mnt/CC9EDBF69EDBD6D4/Development_World/Backup_22-4-18/Projects/Interni/Programming_Contest_Management_Platform/app/controllers.Index(0xc00011c2c0)
	/mnt/CC9EDBF69EDBD6D4/Development World/Backup 22-4-18/Projects/Interni/Programming Contest Management Platform/app/controllers/common.controllers.go:14 +0x231
github.com/gin-gonic/gin.(*Context).Next(0xc00011c2c0)
	/home/dev/go/src/github.com/gin-gonic/gin/context.go:108 +0x43
github.com/gin-contrib/sessions.Sessions.func1(0xc00011c2c0)
	/home/dev/go/src/github.com/gin-contrib/sessions/sessions.go:65 +0x19f
github.com/gin-gonic/gin.(*Context).Next(0xc00011c2c0)
	/home/dev/go/src/github.com/gin-gonic/gin/context.go:108 +0x43
github.com/gin-gonic/gin.LoggerWithWriter.func1(0xc00011c2c0)
	/home/dev/go/src/github.com/gin-gonic/gin/logger.go:84 +0xd2
github.com/gin-gonic/gin.(*Context).Next(0xc00011c2c0)
	/home/dev/go/src/github.com/gin-gonic/gin/context.go:108 +0x43
github.com/gin-gonic/gin.(*Engine).handleHTTPRequest(0xc0002f2000, 0xc00011c2c0)
	/home/dev/go/src/github.com/gin-gonic/gin/gin.go:363 +0x5ab
github.com/gin-gonic/gin.(*Engine).ServeHTTP(0xc0002f2000, 0xce6cc0, 0xc0000341c0, 0xc000578800)
	/home/dev/go/src/github.com/gin-gonic/gin/gin.go:328 +0x132
net/http.serverHandler.ServeHTTP(0xc0000d7520, 0xce6cc0, 0xc0000341c0, 0xc000578800)
	/usr/local/go/src/net/http/server.go:2741 +0xab
net/http.(*conn).serve(0xc0000ce1e0, 0xce7800, 0xc0001efb80)
	/usr/local/go/src/net/http/server.go:1847 +0x646
created by net/http.(*Server).Serve
	/usr/local/go/src/net/http/server.go:2851 +0x2f5
http: panic serving 127.0.0.1:51364: template: index.html:3:5: executing "content" at <ne .data.upcomingCon...>: error calling ne: invalid type for comparison
goroutine 30 [running]:
net/http.(*conn).serve.func1(0xc00022e460)
	/usr/local/go/src/net/http/server.go:1746 +0xd0
panic(0xb737c0, 0xc0002e4fa0)
	/usr/local/go/src/runtime/panic.go:513 +0x1b9
github.com/gin-gonic/gin.(*Context).Render(0xc00011c420, 0xc8, 0xce5d40, 0xc0002b4de0)
	/home/dev/go/src/github.com/gin-gonic/gin/context.go:725 +0x160
github.com/gin-gonic/gin.(*Context).HTML(0xc00011c420, 0xc8, 0xc10d4a, 0x5, 0x0, 0x0)
	/home/dev/go/src/github.com/gin-gonic/gin/context.go:734 +0x93
_/mnt/CC9EDBF69EDBD6D4/Development_World/Backup_22-4-18/Projects/Interni/Programming_Contest_Management_Platform/app/views.Render(0xc00011c420, 0xc10d4a, 0x5, 0xc000306cc0)
	/mnt/CC9EDBF69EDBD6D4/Development World/Backup 22-4-18/Projects/Interni/Programming Contest Management Platform/app/views/views.go:49 +0x2f3
_/mnt/CC9EDBF69EDBD6D4/Development_World/Backup_22-4-18/Projects/Interni/Programming_Contest_Management_Platform/app/controllers.Index(0xc00011c420)
	/mnt/CC9EDBF69EDBD6D4/Development World/Backup 22-4-18/Projects/Interni/Programming Contest Management Platform/app/controllers/common.controllers.go:14 +0x231
github.com/gin-gonic/gin.(*Context).Next(0xc00011c420)
	/home/dev/go/src/github.com/gin-gonic/gin/context.go:108 +0x43
github.com/gin-contrib/sessions.Sessions.func1(0xc00011c420)
	/home/dev/go/src/github.com/gin-contrib/sessions/sessions.go:65 +0x19f
github.com/gin-gonic/gin.(*Context).Next(0xc00011c420)
	/home/dev/go/src/github.com/gin-gonic/gin/context.go:108 +0x43
github.com/gin-gonic/gin.LoggerWithWriter.func1(0xc00011c420)
	/home/dev/go/src/github.com/gin-gonic/gin/logger.go:84 +0xd2
github.com/gin-gonic/gin.(*Context).Next(0xc00011c420)
	/home/dev/go/src/github.com/gin-gonic/gin/context.go:108 +0x43
github.com/gin-gonic/gin.(*Engine).handleHTTPRequest(0xc0002f2000, 0xc00011c420)
	/home/dev/go/src/github.com/gin-gonic/gin/gin.go:363 +0x5ab
github.com/gin-gonic/gin.(*Engine).ServeHTTP(0xc0002f2000, 0xce6cc0, 0xc0000342a0, 0xc000168000)
	/home/dev/go/src/github.com/gin-gonic/gin/gin.go:328 +0x132
net/http.serverHandler.ServeHTTP(0xc0000d7520, 0xce6cc0, 0xc0000342a0, 0xc000168000)
	/usr/local/go/src/net/http/server.go:2741 +0xab
net/http.(*conn).serve(0xc00022e460, 0xce7800, 0xc0001fe1c0)
	/usr/local/go/src/net/http/server.go:1847 +0x646
created by net/http.(*Server).Serve
	/usr/local/go/src/net/http/server.go:2851 +0x2f5
http: panic serving 127.0.0.1:51366: template: index.html:3:5: executing "content" at <ne .data.upcomingCon...>: error calling ne: invalid type for comparison
goroutine 98 [running]:
net/http.(*conn).serve.func1(0xc00022e960)
	/usr/local/go/src/net/http/server.go:1746 +0xd0
panic(0xb737c0, 0xc0002fa980)
	/usr/local/go/src/runtime/panic.go:513 +0x1b9
github.com/gin-gonic/gin.(*Context).Render(0xc00011cbb0, 0xc8, 0xce5d40, 0xc0005e9350)
	/home/dev/go/src/github.com/gin-gonic/gin/context.go:725 +0x160
github.com/gin-gonic/gin.(*Context).HTML(0xc00011cbb0, 0xc8, 0xc10d4a, 0x5, 0x0, 0x0)
	/home/dev/go/src/github.com/gin-gonic/gin/context.go:734 +0x93
_/mnt/CC9EDBF69EDBD6D4/Development_World/Backup_22-4-18/Projects/Interni/Programming_Contest_Management_Platform/app/views.Render(0xc00011cbb0, 0xc10d4a, 0x5, 0xc000278f90)
	/mnt/CC9EDBF69EDBD6D4/Development World/Backup 22-4-18/Projects/Interni/Programming Contest Management Platform/app/views/views.go:49 +0x2f3
_/mnt/CC9EDBF69EDBD6D4/Development_World/Backup_22-4-18/Projects/Interni/Programming_Contest_Management_Platform/app/controllers.Index(0xc00011cbb0)
	/mnt/CC9EDBF69EDBD6D4/Development World/Backup 22-4-18/Projects/Interni/Programming Contest Management Platform/app/controllers/common.controllers.go:14 +0x231
github.com/gin-gonic/gin.(*Context).Next(0xc00011cbb0)
	/home/dev/go/src/github.com/gin-gonic/gin/context.go:108 +0x43
github.com/gin-contrib/sessions.Sessions.func1(0xc00011cbb0)
	/home/dev/go/src/github.com/gin-contrib/sessions/sessions.go:65 +0x19f
github.com/gin-gonic/gin.(*Context).Next(0xc00011cbb0)
	/home/dev/go/src/github.com/gin-gonic/gin/context.go:108 +0x43
github.com/gin-gonic/gin.LoggerWithWriter.func1(0xc00011cbb0)
	/home/dev/go/src/github.com/gin-gonic/gin/logger.go:84 +0xd2
github.com/gin-gonic/gin.(*Context).Next(0xc00011cbb0)
	/home/dev/go/src/github.com/gin-gonic/gin/context.go:108 +0x43
github.com/gin-gonic/gin.(*Engine).handleHTTPRequest(0xc0002f2000, 0xc00011cbb0)
	/home/dev/go/src/github.com/gin-gonic/gin/gin.go:363 +0x5ab
github.com/gin-gonic/gin.(*Engine).ServeHTTP(0xc0002f2000, 0xce6cc0, 0xc000034380, 0xc000168500)
	/home/dev/go/src/github.com/gin-gonic/gin/gin.go:328 +0x132
net/http.serverHandler.ServeHTTP(0xc0000d7520, 0xce6cc0, 0xc000034380, 0xc000168500)
	/usr/local/go/src/net/http/server.go:2741 +0xab
net/http.(*conn).serve(0xc00022e960, 0xce7800, 0xc0001fef80)
	/usr/local/go/src/net/http/server.go:1847 +0x646
created by net/http.(*Server).Serve
	/usr/local/go/src/net/http/server.go:2851 +0x2f5
http: panic serving 127.0.0.1:51368: template: index.html:3:5: executing "content" at <ne .data.upcomingCon...>: error calling ne: invalid type for comparison
goroutine 84 [running]:
net/http.(*conn).serve.func1(0xc0000cec80)
	/usr/local/go/src/net/http/server.go:1746 +0xd0
panic(0xb737c0, 0xc0002fb760)
	/usr/local/go/src/runtime/panic.go:513 +0x1b9
github.com/gin-gonic/gin.(*Context).Render(0xc0003028f0, 0xc8, 0xce5d40, 0xc0000d45d0)
	/home/dev/go/src/github.com/gin-gonic/gin/context.go:725 +0x160
github.com/gin-gonic/gin.(*Context).HTML(0xc0003028f0, 0xc8, 0xc10d4a, 0x5, 0x0, 0x0)
	/home/dev/go/src/github.com/gin-gonic/gin/context.go:734 +0x93
_/mnt/CC9EDBF69EDBD6D4/Development_World/Backup_22-4-18/Projects/Interni/Programming_Contest_Management_Platform/app/views.Render(0xc0003028f0, 0xc10d4a, 0x5, 0xc0001e61e0)
	/mnt/CC9EDBF69EDBD6D4/Development World/Backup 22-4-18/Projects/Interni/Programming Contest Management Platform/app/views/views.go:49 +0x2f3
_/mnt/CC9EDBF69EDBD6D4/Development_World/Backup_22-4-18/Projects/Interni/Programming_Contest_Management_Platform/app/controllers.Index(0xc0003028f0)
	/mnt/CC9EDBF69EDBD6D4/Development World/Backup 22-4-18/Projects/Interni/Programming Contest Management Platform/app/controllers/common.controllers.go:14 +0x231
github.com/gin-gonic/gin.(*Context).Next(0xc0003028f0)
	/home/dev/go/src/github.com/gin-gonic/gin/context.go:108 +0x43
github.com/gin-contrib/sessions.Sessions.func1(0xc0003028f0)
	/home/dev/go/src/github.com/gin-contrib/sessions/sessions.go:65 +0x19f
github.com/gin-gonic/gin.(*Context).Next(0xc0003028f0)
	/home/dev/go/src/github.com/gin-gonic/gin/context.go:108 +0x43
github.com/gin-gonic/gin.LoggerWithWriter.func1(0xc0003028f0)
	/home/dev/go/src/github.com/gin-gonic/gin/logger.go:84 +0xd2
github.com/gin-gonic/gin.(*Context).Next(0xc0003028f0)
	/home/dev/go/src/github.com/gin-gonic/gin/context.go:108 +0x43
github.com/gin-gonic/gin.(*Engine).handleHTTPRequest(0xc0002f2000, 0xc0003028f0)
	/home/dev/go/src/github.com/gin-gonic/gin/gin.go:363 +0x5ab
github.com/gin-gonic/gin.(*Engine).ServeHTTP(0xc0002f2000, 0xce6cc0, 0xc000594000, 0xc000578000)
	/home/dev/go/src/github.com/gin-gonic/gin/gin.go:328 +0x132
net/http.serverHandler.ServeHTTP(0xc0000d7520, 0xce6cc0, 0xc000594000, 0xc000578000)
	/usr/local/go/src/net/http/server.go:2741 +0xab
net/http.(*conn).serve(0xc0000cec80, 0xce7800, 0xc0001ee8c0)
	/usr/local/go/src/net/http/server.go:1847 +0x646
created by net/http.(*Server).Serve
	/usr/local/go/src/net/http/server.go:2851 +0x2f5
http: panic serving 127.0.0.1:51370: template: index.html:3:5: executing "content" at <ne .data.upcomingCon...>: error calling ne: invalid type for comparison
goroutine 88 [running]:
net/http.(*conn).serve.func1(0xc0000cf180)
	/usr/local/go/src/net/http/server.go:1746 +0xd0
panic(0xb737c0, 0xc0002e5d80)
	/usr/local/go/src/runtime/panic.go:513 +0x1b9
github.com/gin-gonic/gin.(*Context).Render(0xc0003038c0, 0xc8, 0xce5d40, 0xc0001fc720)
	/home/dev/go/src/github.com/gin-gonic/gin/context.go:725 +0x160
github.com/gin-gonic/gin.(*Context).HTML(0xc0003038c0, 0xc8, 0xc10d4a, 0x5, 0x0, 0x0)
	/home/dev/go/src/github.com/gin-gonic/gin/context.go:734 +0x93
_/mnt/CC9EDBF69EDBD6D4/Development_World/Backup_22-4-18/Projects/Interni/Programming_Contest_Management_Platform/app/views.Render(0xc0003038c0, 0xc10d4a, 0x5, 0xc00057a4e0)
	/mnt/CC9EDBF69EDBD6D4/Development World/Backup 22-4-18/Projects/Interni/Programming Contest Management Platform/app/views/views.go:49 +0x2f3
_/mnt/CC9EDBF69EDBD6D4/Development_World/Backup_22-4-18/Projects/Interni/Programming_Contest_Management_Platform/app/controllers.Index(0xc0003038c0)
	/mnt/CC9EDBF69EDBD6D4/Development World/Backup 22-4-18/Projects/Interni/Programming Contest Management Platform/app/controllers/common.controllers.go:14 +0x231
github.com/gin-gonic/gin.(*Context).Next(0xc0003038c0)
	/home/dev/go/src/github.com/gin-gonic/gin/context.go:108 +0x43
github.com/gin-contrib/sessions.Sessions.func1(0xc0003038c0)
	/home/dev/go/src/github.com/gin-contrib/sessions/sessions.go:65 +0x19f
github.com/gin-gonic/gin.(*Context).Next(0xc0003038c0)
	/home/dev/go/src/github.com/gin-gonic/gin/context.go:108 +0x43
github.com/gin-gonic/gin.LoggerWithWriter.func1(0xc0003038c0)
	/home/dev/go/src/github.com/gin-gonic/gin/logger.go:84 +0xd2
github.com/gin-gonic/gin.(*Context).Next(0xc0003038c0)
	/home/dev/go/src/github.com/gin-gonic/gin/context.go:108 +0x43
github.com/gin-gonic/gin.(*Engine).handleHTTPRequest(0xc0002f2000, 0xc0003038c0)
	/home/dev/go/src/github.com/gin-gonic/gin/gin.go:363 +0x5ab
github.com/gin-gonic/gin.(*Engine).ServeHTTP(0xc0002f2000, 0xce6cc0, 0xc0005940e0, 0xc000578500)
	/home/dev/go/src/github.com/gin-gonic/gin/gin.go:328 +0x132
net/http.serverHandler.ServeHTTP(0xc0000d7520, 0xce6cc0, 0xc0005940e0, 0xc000578500)
	/usr/local/go/src/net/http/server.go:2741 +0xab
net/http.(*conn).serve(0xc0000cf180, 0xce7800, 0xc0001ef480)
	/usr/local/go/src/net/http/server.go:1847 +0x646
created by net/http.(*Server).Serve
	/usr/local/go/src/net/http/server.go:2851 +0x2f5
http: panic serving 127.0.0.1:51372: template: index.html:3:5: executing "content" at <ne .data.upcomingCon...>: error calling ne: invalid type for comparison
goroutine 70 [running]:
net/http.(*conn).serve.func1(0xc000268000)
	/usr/local/go/src/net/http/server.go:1746 +0xd0
panic(0xb737c0, 0xc0000e7320)
	/usr/local/go/src/runtime/panic.go:513 +0x1b9
github.com/gin-gonic/gin.(*Context).Render(0xc000662000, 0xc8, 0xce5d40, 0xc0005f6a50)
	/home/dev/go/src/github.com/gin-gonic/gin/context.go:725 +0x160
github.com/gin-gonic/gin.(*Context).HTML(0xc000662000, 0xc8, 0xc10d4a, 0x5, 0x0, 0x0)
	/home/dev/go/src/github.com/gin-gonic/gin/context.go:734 +0x93
_/mnt/CC9EDBF69EDBD6D4/Development_World/Backup_22-4-18/Projects/Interni/Programming_Contest_Management_Platform/app/views.Render(0xc000662000, 0xc10d4a, 0x5, 0xc0005cc660)
	/mnt/CC9EDBF69EDBD6D4/Development World/Backup 22-4-18/Projects/Interni/Programming Contest Management Platform/app/views/views.go:49 +0x2f3
_/mnt/CC9EDBF69EDBD6D4/Development_World/Backup_22-4-18/Projects/Interni/Programming_Contest_Management_Platform/app/controllers.Index(0xc000662000)
	/mnt/CC9EDBF69EDBD6D4/Development World/Backup 22-4-18/Projects/Interni/Programming Contest Management Platform/app/controllers/common.controllers.go:14 +0x231
github.com/gin-gonic/gin.(*Context).Next(0xc000662000)
	/home/dev/go/src/github.com/gin-gonic/gin/context.go:108 +0x43
github.com/gin-contrib/sessions.Sessions.func1(0xc000662000)
	/home/dev/go/src/github.com/gin-contrib/sessions/sessions.go:65 +0x19f
github.com/gin-gonic/gin.(*Context).Next(0xc000662000)
	/home/dev/go/src/github.com/gin-gonic/gin/context.go:108 +0x43
github.com/gin-gonic/gin.LoggerWithWriter.func1(0xc000662000)
	/home/dev/go/src/github.com/gin-gonic/gin/logger.go:84 +0xd2
github.com/gin-gonic/gin.(*Context).Next(0xc000662000)
	/home/dev/go/src/github.com/gin-gonic/gin/context.go:108 +0x43
github.com/gin-gonic/gin.(*Engine).handleHTTPRequest(0xc0002f2000, 0xc000662000)
	/home/dev/go/src/github.com/gin-gonic/gin/gin.go:363 +0x5ab
github.com/gin-gonic/gin.(*Engine).ServeHTTP(0xc0002f2000, 0xce6cc0, 0xc00065e000, 0xc0002f0700)
	/home/dev/go/src/github.com/gin-gonic/gin/gin.go:328 +0x132
net/http.serverHandler.ServeHTTP(0xc0000d7520, 0xce6cc0, 0xc00065e000, 0xc0002f0700)
	/usr/local/go/src/net/http/server.go:2741 +0xab
net/http.(*conn).serve(0xc000268000, 0xce7800, 0xc0005ea000)
	/usr/local/go/src/net/http/server.go:1847 +0x646
created by net/http.(*Server).Serve
	/usr/local/go/src/net/http/server.go:2851 +0x2f5
http: panic serving 127.0.0.1:51374: template: index.html:3:5: executing "content" at <ne .data.upcomingCon...>: error calling ne: invalid type for comparison
goroutine 74 [running]:
net/http.(*conn).serve.func1(0xc000268500)
	/usr/local/go/src/net/http/server.go:1746 +0xd0
panic(0xb737c0, 0xc000204660)
	/usr/local/go/src/runtime/panic.go:513 +0x1b9
github.com/gin-gonic/gin.(*Context).Render(0xc0006626e0, 0xc8, 0xce5d40, 0xc00057bb00)
	/home/dev/go/src/github.com/gin-gonic/gin/context.go:725 +0x160
github.com/gin-gonic/gin.(*Context).HTML(0xc0006626e0, 0xc8, 0xc10d4a, 0x5, 0x0, 0x0)
	/home/dev/go/src/github.com/gin-gonic/gin/context.go:734 +0x93
_/mnt/CC9EDBF69EDBD6D4/Development_World/Backup_22-4-18/Projects/Interni/Programming_Contest_Management_Platform/app/views.Render(0xc0006626e0, 0xc10d4a, 0x5, 0xc0005f7710)
	/mnt/CC9EDBF69EDBD6D4/Development World/Backup 22-4-18/Projects/Interni/Programming Contest Management Platform/app/views/views.go:49 +0x2f3
_/mnt/CC9EDBF69EDBD6D4/Development_World/Backup_22-4-18/Projects/Interni/Programming_Contest_Management_Platform/app/controllers.Index(0xc0006626e0)
	/mnt/CC9EDBF69EDBD6D4/Development World/Backup 22-4-18/Projects/Interni/Programming Contest Management Platform/app/controllers/common.controllers.go:14 +0x231
github.com/gin-gonic/gin.(*Context).Next(0xc0006626e0)
	/home/dev/go/src/github.com/gin-gonic/gin/context.go:108 +0x43
github.com/gin-contrib/sessions.Sessions.func1(0xc0006626e0)
	/home/dev/go/src/github.com/gin-contrib/sessions/sessions.go:65 +0x19f
github.com/gin-gonic/gin.(*Context).Next(0xc0006626e0)
	/home/dev/go/src/github.com/gin-gonic/gin/context.go:108 +0x43
github.com/gin-gonic/gin.LoggerWithWriter.func1(0xc0006626e0)
	/home/dev/go/src/github.com/gin-gonic/gin/logger.go:84 +0xd2
github.com/gin-gonic/gin.(*Context).Next(0xc0006626e0)
	/home/dev/go/src/github.com/gin-gonic/gin/context.go:108 +0x43
github.com/gin-gonic/gin.(*Engine).handleHTTPRequest(0xc0002f2000, 0xc0006626e0)
	/home/dev/go/src/github.com/gin-gonic/gin/gin.go:363 +0x5ab
github.com/gin-gonic/gin.(*Engine).ServeHTTP(0xc0002f2000, 0xce6cc0, 0xc00065e0e0, 0xc0002f0c00)
	/home/dev/go/src/github.com/gin-gonic/gin/gin.go:328 +0x132
net/http.serverHandler.ServeHTTP(0xc0000d7520, 0xce6cc0, 0xc00065e0e0, 0xc0002f0c00)
	/usr/local/go/src/net/http/server.go:2741 +0xab
net/http.(*conn).serve(0xc000268500, 0xce7800, 0xc0005eaf00)
	/usr/local/go/src/net/http/server.go:1847 +0x646
created by net/http.(*Server).Serve
	/usr/local/go/src/net/http/server.go:2851 +0x2f5
http: panic serving 127.0.0.1:51376: template: index.html:3:5: executing "content" at <ne .data.upcomingCon...>: error calling ne: invalid type for comparison
goroutine 92 [running]:
net/http.(*conn).serve.func1(0xc0000cf680)
	/usr/local/go/src/net/http/server.go:1746 +0xd0
panic(0xb737c0, 0xc000205fa0)
	/usr/local/go/src/runtime/panic.go:513 +0x1b9
github.com/gin-gonic/gin.(*Context).Render(0xc0006c2000, 0xc8, 0xce5d40, 0xc0006afef0)
	/home/dev/go/src/github.com/gin-gonic/gin/context.go:725 +0x160
github.com/gin-gonic/gin.(*Context).HTML(0xc0006c2000, 0xc8, 0xc10d4a, 0x5, 0x0, 0x0)
	/home/dev/go/src/github.com/gin-gonic/gin/context.go:734 +0x93
_/mnt/CC9EDBF69EDBD6D4/Development_World/Backup_22-4-18/Projects/Interni/Programming_Contest_Management_Platform/app/views.Render(0xc0006c2000, 0xc10d4a, 0x5, 0xc0006ae900)
	/mnt/CC9EDBF69EDBD6D4/Development World/Backup 22-4-18/Projects/Interni/Programming Contest Management Platform/app/views/views.go:49 +0x2f3
_/mnt/CC9EDBF69EDBD6D4/Development_World/Backup_22-4-18/Projects/Interni/Programming_Contest_Management_Platform/app/controllers.Index(0xc0006c2000)
	/mnt/CC9EDBF69EDBD6D4/Development World/Backup 22-4-18/Projects/Interni/Programming Contest Management Platform/app/controllers/common.controllers.go:14 +0x231
github.com/gin-gonic/gin.(*Context).Next(0xc0006c2000)
	/home/dev/go/src/github.com/gin-gonic/gin/context.go:108 +0x43
github.com/gin-contrib/sessions.Sessions.func1(0xc0006c2000)
	/home/dev/go/src/github.com/gin-contrib/sessions/sessions.go:65 +0x19f
github.com/gin-gonic/gin.(*Context).Next(0xc0006c2000)
	/home/dev/go/src/github.com/gin-gonic/gin/context.go:108 +0x43
github.com/gin-gonic/gin.LoggerWithWriter.func1(0xc0006c2000)
	/home/dev/go/src/github.com/gin-gonic/gin/logger.go:84 +0xd2
github.com/gin-gonic/gin.(*Context).Next(0xc0006c2000)
	/home/dev/go/src/github.com/gin-gonic/gin/context.go:108 +0x43
github.com/gin-gonic/gin.(*Engine).handleHTTPRequest(0xc0002f2000, 0xc0006c2000)
	/home/dev/go/src/github.com/gin-gonic/gin/gin.go:363 +0x5ab
github.com/gin-gonic/gin.(*Engine).ServeHTTP(0xc0002f2000, 0xce6cc0, 0xc0005941c0, 0xc000578d00)
	/home/dev/go/src/github.com/gin-gonic/gin/gin.go:328 +0x132
net/http.serverHandler.ServeHTTP(0xc0000d7520, 0xce6cc0, 0xc0005941c0, 0xc000578d00)
	/usr/local/go/src/net/http/server.go:2741 +0xab
net/http.(*conn).serve(0xc0000cf680, 0xce7800, 0xc0000e2740)
	/usr/local/go/src/net/http/server.go:1847 +0x646
created by net/http.(*Server).Serve
	/usr/local/go/src/net/http/server.go:2851 +0x2f5
http: panic serving 127.0.0.1:51378: template: index.html:3:5: executing "content" at <ne .data.upcomingCon...>: error calling ne: invalid type for comparison
goroutine 96 [running]:
net/http.(*conn).serve.func1(0xc0000cfb80)
	/usr/local/go/src/net/http/server.go:1746 +0xd0
panic(0xb737c0, 0xc0006e8400)
	/usr/local/go/src/runtime/panic.go:513 +0x1b9
github.com/gin-gonic/gin.(*Context).Render(0xc00011d290, 0xc8, 0xce5d40, 0xc0006ca7b0)
	/home/dev/go/src/github.com/gin-gonic/gin/context.go:725 +0x160
github.com/gin-gonic/gin.(*Context).HTML(0xc00011d290, 0xc8, 0xc10d4a, 0x5, 0x0, 0x0)
	/home/dev/go/src/github.com/gin-gonic/gin/context.go:734 +0x93
_/mnt/CC9EDBF69EDBD6D4/Development_World/Backup_22-4-18/Projects/Interni/Programming_Contest_Management_Platform/app/views.Render(0xc00011d290, 0xc10d4a, 0x5, 0xc0001fd380)
	/mnt/CC9EDBF69EDBD6D4/Development World/Backup 22-4-18/Projects/Interni/Programming Contest Management Platform/app/views/views.go:49 +0x2f3
_/mnt/CC9EDBF69EDBD6D4/Development_World/Backup_22-4-18/Projects/Interni/Programming_Contest_Management_Platform/app/controllers.Index(0xc00011d290)
	/mnt/CC9EDBF69EDBD6D4/Development World/Backup 22-4-18/Projects/Interni/Programming Contest Management Platform/app/controllers/common.controllers.go:14 +0x231
github.com/gin-gonic/gin.(*Context).Next(0xc00011d290)
	/home/dev/go/src/github.com/gin-gonic/gin/context.go:108 +0x43
github.com/gin-contrib/sessions.Sessions.func1(0xc00011d290)
	/home/dev/go/src/github.com/gin-contrib/sessions/sessions.go:65 +0x19f
github.com/gin-gonic/gin.(*Context).Next(0xc00011d290)
	/home/dev/go/src/github.com/gin-gonic/gin/context.go:108 +0x43
github.com/gin-gonic/gin.LoggerWithWriter.func1(0xc00011d290)
	/home/dev/go/src/github.com/gin-gonic/gin/logger.go:84 +0xd2
github.com/gin-gonic/gin.(*Context).Next(0xc00011d290)
	/home/dev/go/src/github.com/gin-gonic/gin/context.go:108 +0x43
github.com/gin-gonic/gin.(*Engine).handleHTTPRequest(0xc0002f2000, 0xc00011d290)
	/home/dev/go/src/github.com/gin-gonic/gin/gin.go:363 +0x5ab
github.com/gin-gonic/gin.(*Engine).ServeHTTP(0xc0002f2000, 0xce6cc0, 0xc000034460, 0xc000168c00)
	/home/dev/go/src/github.com/gin-gonic/gin/gin.go:328 +0x132
net/http.serverHandler.ServeHTTP(0xc0000d7520, 0xce6cc0, 0xc000034460, 0xc000168c00)
	/usr/local/go/src/net/http/server.go:2741 +0xab
net/http.(*conn).serve(0xc0000cfb80, 0xce7800, 0xc0001ffb40)
	/usr/local/go/src/net/http/server.go:1847 +0x646
created by net/http.(*Server).Serve
	/usr/local/go/src/net/http/server.go:2851 +0x2f5
http: panic serving 127.0.0.1:51380: template: index.html:3:5: executing "content" at <ne .data.upcomingCon...>: error calling ne: invalid type for comparison
goroutine 97 [running]:
net/http.(*conn).serve.func1(0xc0000cff40)
	/usr/local/go/src/net/http/server.go:1746 +0xd0
panic(0xb737c0, 0xc0006e91e0)
	/usr/local/go/src/runtime/panic.go:513 +0x1b9
github.com/gin-gonic/gin.(*Context).Render(0xc0006c26e0, 0xc8, 0xce5d40, 0xc000670a80)
	/home/dev/go/src/github.com/gin-gonic/gin/context.go:725 +0x160
github.com/gin-gonic/gin.(*Context).HTML(0xc0006c26e0, 0xc8, 0xc10d4a, 0x5, 0x0, 0x0)
	/home/dev/go/src/github.com/gin-gonic/gin/context.go:734 +0x93
_/mnt/CC9EDBF69EDBD6D4/Development_World/Backup_22-4-18/Projects/Interni/Programming_Contest_Management_Platform/app/views.Render(0xc0006c26e0, 0xc10d4a, 0x5, 0xc0006cb470)
	/mnt/CC9EDBF69EDBD6D4/Development World/Backup 22-4-18/Projects/Interni/Programming Contest Management Platform/app/views/views.go:49 +0x2f3
_/mnt/CC9EDBF69EDBD6D4/Development_World/Backup_22-4-18/Projects/Interni/Programming_Contest_Management_Platform/app/controllers.Index(0xc0006c26e0)
	/mnt/CC9EDBF69EDBD6D4/Development World/Backup 22-4-18/Projects/Interni/Programming Contest Management Platform/app/controllers/common.controllers.go:14 +0x231
github.com/gin-gonic/gin.(*Context).Next(0xc0006c26e0)
	/home/dev/go/src/github.com/gin-gonic/gin/context.go:108 +0x43
github.com/gin-contrib/sessions.Sessions.func1(0xc0006c26e0)
	/home/dev/go/src/github.com/gin-contrib/sessions/sessions.go:65 +0x19f
github.com/gin-gonic/gin.(*Context).Next(0xc0006c26e0)
	/home/dev/go/src/github.com/gin-gonic/gin/context.go:108 +0x43
github.com/gin-gonic/gin.LoggerWithWriter.func1(0xc0006c26e0)
	/home/dev/go/src/github.com/gin-gonic/gin/logger.go:84 +0xd2
github.com/gin-gonic/gin.(*Context).Next(0xc0006c26e0)
	/home/dev/go/src/github.com/gin-gonic/gin/context.go:108 +0x43
github.com/gin-gonic/gin.(*Engine).handleHTTPRequest(0xc0002f2000, 0xc0006c26e0)
	/home/dev/go/src/github.com/gin-gonic/gin/gin.go:363 +0x5ab
github.com/gin-gonic/gin.(*Engine).ServeHTTP(0xc0002f2000, 0xce6cc0, 0xc0005942a0, 0xc000579200)
	/home/dev/go/src/github.com/gin-gonic/gin/gin.go:328 +0x132
net/http.serverHandler.ServeHTTP(0xc0000d7520, 0xce6cc0, 0xc0005942a0, 0xc000579200)
	/usr/local/go/src/net/http/server.go:2741 +0xab
net/http.(*conn).serve(0xc0000cff40, 0xce7800, 0xc0002f81c0)
	/usr/local/go/src/net/http/server.go:1847 +0x646
created by net/http.(*Server).Serve
	/usr/local/go/src/net/http/server.go:2851 +0x2f5
http: panic serving 127.0.0.1:51382: template: index.html:3:5: executing "content" at <ne .data.upcomingCon...>: error calling ne: invalid type for comparison
goroutine 117 [running]:
net/http.(*conn).serve.func1(0xc000270460)
	/usr/local/go/src/net/http/server.go:1746 +0xd0
panic(0xb737c0, 0xc00029ca40)
	/usr/local/go/src/runtime/panic.go:513 +0x1b9
github.com/gin-gonic/gin.(*Context).Render(0xc0006c2dc0, 0xc8, 0xce5d40, 0xc0006a4d20)
	/home/dev/go/src/github.com/gin-gonic/gin/context.go:725 +0x160
github.com/gin-gonic/gin.(*Context).HTML(0xc0006c2dc0, 0xc8, 0xc10d4a, 0x5, 0x0, 0x0)
	/home/dev/go/src/github.com/gin-gonic/gin/context.go:734 +0x93
_/mnt/CC9EDBF69EDBD6D4/Development_World/Backup_22-4-18/Projects/Interni/Programming_Contest_Management_Platform/app/views.Render(0xc0006c2dc0, 0xc10d4a, 0x5, 0xc000671740)
	/mnt/CC9EDBF69EDBD6D4/Development World/Backup 22-4-18/Projects/Interni/Programming Contest Management Platform/app/views/views.go:49 +0x2f3
_/mnt/CC9EDBF69EDBD6D4/Development_World/Backup_22-4-18/Projects/Interni/Programming_Contest_Management_Platform/app/controllers.Index(0xc0006c2dc0)
	/mnt/CC9EDBF69EDBD6D4/Development World/Backup 22-4-18/Projects/Interni/Programming Contest Management Platform/app/controllers/common.controllers.go:14 +0x231
github.com/gin-gonic/gin.(*Context).Next(0xc0006c2dc0)
	/home/dev/go/src/github.com/gin-gonic/gin/context.go:108 +0x43
github.com/gin-contrib/sessions.Sessions.func1(0xc0006c2dc0)
	/home/dev/go/src/github.com/gin-contrib/sessions/sessions.go:65 +0x19f
github.com/gin-gonic/gin.(*Context).Next(0xc0006c2dc0)
	/home/dev/go/src/github.com/gin-gonic/gin/context.go:108 +0x43
github.com/gin-gonic/gin.LoggerWithWriter.func1(0xc0006c2dc0)
	/home/dev/go/src/github.com/gin-gonic/gin/logger.go:84 +0xd2
github.com/gin-gonic/gin.(*Context).Next(0xc0006c2dc0)
	/home/dev/go/src/github.com/gin-gonic/gin/context.go:108 +0x43
github.com/gin-gonic/gin.(*Engine).handleHTTPRequest(0xc0002f2000, 0xc0006c2dc0)
	/home/dev/go/src/github.com/gin-gonic/gin/gin.go:363 +0x5ab
github.com/gin-gonic/gin.(*Engine).ServeHTTP(0xc0002f2000, 0xce6cc0, 0xc000594380, 0xc000579700)
	/home/dev/go/src/github.com/gin-gonic/gin/gin.go:328 +0x132
net/http.serverHandler.ServeHTTP(0xc0000d7520, 0xce6cc0, 0xc000594380, 0xc000579700)
	/usr/local/go/src/net/http/server.go:2741 +0xab
net/http.(*conn).serve(0xc000270460, 0xce7800, 0xc0002f8f80)
	/usr/local/go/src/net/http/server.go:1847 +0x646
created by net/http.(*Server).Serve
	/usr/local/go/src/net/http/server.go:2851 +0x2f5
http: panic serving 127.0.0.1:51384: template: index.html:3:5: executing "content" at <ne .data.upcomingCon...>: error calling ne: invalid type for comparison
goroutine 121 [running]:
net/http.(*conn).serve.func1(0xc0002706e0)
	/usr/local/go/src/net/http/server.go:1746 +0xd0
panic(0xb737c0, 0xc00072e840)
	/usr/local/go/src/runtime/panic.go:513 +0x1b9
github.com/gin-gonic/gin.(*Context).Render(0xc0006c34a0, 0xc8, 0xce5d40, 0xc000736570)
	/home/dev/go/src/github.com/gin-gonic/gin/context.go:725 +0x160
github.com/gin-gonic/gin.(*Context).HTML(0xc0006c34a0, 0xc8, 0xc10d4a, 0x5, 0x0, 0x0)
	/home/dev/go/src/github.com/gin-gonic/gin/context.go:734 +0x93
_/mnt/CC9EDBF69EDBD6D4/Development_World/Backup_22-4-18/Projects/Interni/Programming_Contest_Management_Platform/app/views.Render(0xc0006c34a0, 0xc10d4a, 0x5, 0xc000712f60)
	/mnt/CC9EDBF69EDBD6D4/Development World/Backup 22-4-18/Projects/Interni/Programming Contest Management Platform/app/views/views.go:49 +0x2f3
_/mnt/CC9EDBF69EDBD6D4/Development_World/Backup_22-4-18/Projects/Interni/Programming_Contest_Management_Platform/app/controllers.Index(0xc0006c34a0)
	/mnt/CC9EDBF69EDBD6D4/Development World/Backup 22-4-18/Projects/Interni/Programming Contest Management Platform/app/controllers/common.controllers.go:14 +0x231
github.com/gin-gonic/gin.(*Context).Next(0xc0006c34a0)
	/home/dev/go/src/github.com/gin-gonic/gin/context.go:108 +0x43
github.com/gin-contrib/sessions.Sessions.func1(0xc0006c34a0)
	/home/dev/go/src/github.com/gin-contrib/sessions/sessions.go:65 +0x19f
github.com/gin-gonic/gin.(*Context).Next(0xc0006c34a0)
	/home/dev/go/src/github.com/gin-gonic/gin/context.go:108 +0x43
github.com/gin-gonic/gin.LoggerWithWriter.func1(0xc0006c34a0)
	/home/dev/go/src/github.com/gin-gonic/gin/logger.go:84 +0xd2
github.com/gin-gonic/gin.(*Context).Next(0xc0006c34a0)
	/home/dev/go/src/github.com/gin-gonic/gin/context.go:108 +0x43
github.com/gin-gonic/gin.(*Engine).handleHTTPRequest(0xc0002f2000, 0xc0006c34a0)
	/home/dev/go/src/github.com/gin-gonic/gin/gin.go:363 +0x5ab
github.com/gin-gonic/gin.(*Engine).ServeHTTP(0xc0002f2000, 0xce6cc0, 0xc000594460, 0xc000579c00)
	/home/dev/go/src/github.com/gin-gonic/gin/gin.go:328 +0x132
net/http.serverHandler.ServeHTTP(0xc0000d7520, 0xce6cc0, 0xc000594460, 0xc000579c00)
	/usr/local/go/src/net/http/server.go:2741 +0xab
net/http.(*conn).serve(0xc0002706e0, 0xce7800, 0xc0002f97c0)
	/usr/local/go/src/net/http/server.go:1847 +0x646
created by net/http.(*Server).Serve
	/usr/local/go/src/net/http/server.go:2851 +0x2f5
http: panic serving 127.0.0.1:51386: template: index.html:3:5: executing "content" at <ne .data.upcomingCon...>: error calling ne: invalid type for comparison
goroutine 105 [running]:
net/http.(*conn).serve.func1(0xc00022efa0)
	/usr/local/go/src/net/http/server.go:1746 +0xd0
panic(0xb737c0, 0xc00029d0e0)
	/usr/local/go/src/runtime/panic.go:513 +0x1b9
github.com/gin-gonic/gin.(*Context).Render(0xc00011d970, 0xc8, 0xce5d40, 0xc0006a57d0)
	/home/dev/go/src/github.com/gin-gonic/gin/context.go:725 +0x160
github.com/gin-gonic/gin.(*Context).HTML(0xc00011d970, 0xc8, 0xc10d4a, 0x5, 0x0, 0x0)
	/home/dev/go/src/github.com/gin-gonic/gin/context.go:734 +0x93
_/mnt/CC9EDBF69EDBD6D4/Development_World/Backup_22-4-18/Projects/Interni/Programming_Contest_Management_Platform/app/views.Render(0xc00011d970, 0xc10d4a, 0x5, 0xc0006e6e40)
	/mnt/CC9EDBF69EDBD6D4/Development World/Backup 22-4-18/Projects/Interni/Programming Contest Management Platform/app/views/views.go:49 +0x2f3
_/mnt/CC9EDBF69EDBD6D4/Development_World/Backup_22-4-18/Projects/Interni/Programming_Contest_Management_Platform/app/controllers.Index(0xc00011d970)
	/mnt/CC9EDBF69EDBD6D4/Development World/Backup 22-4-18/Projects/Interni/Programming Contest Management Platform/app/controllers/common.controllers.go:14 +0x231
github.com/gin-gonic/gin.(*Context).Next(0xc00011d970)
	/home/dev/go/src/github.com/gin-gonic/gin/context.go:108 +0x43
github.com/gin-contrib/sessions.Sessions.func1(0xc00011d970)
	/home/dev/go/src/github.com/gin-contrib/sessions/sessions.go:65 +0x19f
github.com/gin-gonic/gin.(*Context).Next(0xc00011d970)
	/home/dev/go/src/github.com/gin-gonic/gin/context.go:108 +0x43
github.com/gin-gonic/gin.LoggerWithWriter.func1(0xc00011d970)
	/home/dev/go/src/github.com/gin-gonic/gin/logger.go:84 +0xd2
github.com/gin-gonic/gin.(*Context).Next(0xc00011d970)
	/home/dev/go/src/github.com/gin-gonic/gin/context.go:108 +0x43
github.com/gin-gonic/gin.(*Engine).handleHTTPRequest(0xc0002f2000, 0xc00011d970)
	/home/dev/go/src/github.com/gin-gonic/gin/gin.go:363 +0x5ab
github.com/gin-gonic/gin.(*Engine).ServeHTTP(0xc0002f2000, 0xce6cc0, 0xc000034540, 0xc000169100)
	/home/dev/go/src/github.com/gin-gonic/gin/gin.go:328 +0x132
net/http.serverHandler.ServeHTTP(0xc0000d7520, 0xce6cc0, 0xc000034540, 0xc000169100)
	/usr/local/go/src/net/http/server.go:2741 +0xab
net/http.(*conn).serve(0xc00022efa0, 0xce7800, 0xc0000a6940)
	/usr/local/go/src/net/http/server.go:1847 +0x646
created by net/http.(*Server).Serve
	/usr/local/go/src/net/http/server.go:2851 +0x2f5
http: panic serving 127.0.0.1:51388: template: index.html:3:5: executing "content" at <ne .data.upcomingCon...>: error calling ne: invalid type for comparison
goroutine 109 [running]:
net/http.(*conn).serve.func1(0xc00022f220)
	/usr/local/go/src/net/http/server.go:1746 +0xd0
panic(0xb737c0, 0xc00029da20)
	/usr/local/go/src/runtime/panic.go:513 +0x1b9
github.com/gin-gonic/gin.(*Context).Render(0xc00075e0b0, 0xc8, 0xce5d40, 0xc00077e8d0)
	/home/dev/go/src/github.com/gin-gonic/gin/context.go:725 +0x160
github.com/gin-gonic/gin.(*Context).HTML(0xc00075e0b0, 0xc8, 0xc10d4a, 0x5, 0x0, 0x0)
	/home/dev/go/src/github.com/gin-gonic/gin/context.go:734 +0x93
_/mnt/CC9EDBF69EDBD6D4/Development_World/Backup_22-4-18/Projects/Interni/Programming_Contest_Management_Platform/app/views.Render(0xc00075e0b0, 0xc10d4a, 0x5, 0xc000764690)
	/mnt/CC9EDBF69EDBD6D4/Development World/Backup 22-4-18/Projects/Interni/Programming Contest Management Platform/app/views/views.go:49 +0x2f3
_/mnt/CC9EDBF69EDBD6D4/Development_World/Backup_22-4-18/Projects/Interni/Programming_Contest_Management_Platform/app/controllers.Index(0xc00075e0b0)
	/mnt/CC9EDBF69EDBD6D4/Development World/Backup 22-4-18/Projects/Interni/Programming Contest Management Platform/app/controllers/common.controllers.go:14 +0x231
github.com/gin-gonic/gin.(*Context).Next(0xc00075e0b0)
	/home/dev/go/src/github.com/gin-gonic/gin/context.go:108 +0x43
github.com/gin-contrib/sessions.Sessions.func1(0xc00075e0b0)
	/home/dev/go/src/github.com/gin-contrib/sessions/sessions.go:65 +0x19f
github.com/gin-gonic/gin.(*Context).Next(0xc00075e0b0)
	/home/dev/go/src/github.com/gin-gonic/gin/context.go:108 +0x43
github.com/gin-gonic/gin.LoggerWithWriter.func1(0xc00075e0b0)
	/home/dev/go/src/github.com/gin-gonic/gin/logger.go:84 +0xd2
github.com/gin-gonic/gin.(*Context).Next(0xc00075e0b0)
	/home/dev/go/src/github.com/gin-gonic/gin/context.go:108 +0x43
github.com/gin-gonic/gin.(*Engine).handleHTTPRequest(0xc0002f2000, 0xc00075e0b0)
	/home/dev/go/src/github.com/gin-gonic/gin/gin.go:363 +0x5ab
github.com/gin-gonic/gin.(*Engine).ServeHTTP(0xc0002f2000, 0xce6cc0, 0xc000034620, 0xc000169600)
	/home/dev/go/src/github.com/gin-gonic/gin/gin.go:328 +0x132
net/http.serverHandler.ServeHTTP(0xc0000d7520, 0xce6cc0, 0xc000034620, 0xc000169600)
	/usr/local/go/src/net/http/server.go:2741 +0xab
net/http.(*conn).serve(0xc00022f220, 0xce7800, 0xc0000a73c0)
	/usr/local/go/src/net/http/server.go:1847 +0x646
created by net/http.(*Server).Serve
	/usr/local/go/src/net/http/server.go:2851 +0x2f5
http: panic serving 127.0.0.1:51390: template: index.html:3:5: executing "content" at <ne .data.upcomingCon...>: error calling ne: invalid type for comparison
goroutine 79 [running]:
net/http.(*conn).serve.func1(0xc000268f00)
	/usr/local/go/src/net/http/server.go:1746 +0xd0
panic(0xb737c0, 0xc0007a2120)
	/usr/local/go/src/runtime/panic.go:513 +0x1b9
github.com/gin-gonic/gin.(*Context).Render(0xc0006c3b80, 0xc8, 0xce5d40, 0xc00077f680)
	/home/dev/go/src/github.com/gin-gonic/gin/context.go:725 +0x160
github.com/gin-gonic/gin.(*Context).HTML(0xc0006c3b80, 0xc8, 0xc10d4a, 0x5, 0x0, 0x0)
	/home/dev/go/src/github.com/gin-gonic/gin/context.go:734 +0x93
_/mnt/CC9EDBF69EDBD6D4/Development_World/Backup_22-4-18/Projects/Interni/Programming_Contest_Management_Platform/app/views.Render(0xc0006c3b80, 0xc10d4a, 0x5, 0xc0007371d0)
	/mnt/CC9EDBF69EDBD6D4/Development World/Backup 22-4-18/Projects/Interni/Programming Contest Management Platform/app/views/views.go:49 +0x2f3
_/mnt/CC9EDBF69EDBD6D4/Development_World/Backup_22-4-18/Projects/Interni/Programming_Contest_Management_Platform/app/controllers.Index(0xc0006c3b80)
	/mnt/CC9EDBF69EDBD6D4/Development World/Backup 22-4-18/Projects/Interni/Programming Contest Management Platform/app/controllers/common.controllers.go:14 +0x231
github.com/gin-gonic/gin.(*Context).Next(0xc0006c3b80)
	/home/dev/go/src/github.com/gin-gonic/gin/context.go:108 +0x43
github.com/gin-contrib/sessions.Sessions.func1(0xc0006c3b80)
	/home/dev/go/src/github.com/gin-contrib/sessions/sessions.go:65 +0x19f
github.com/gin-gonic/gin.(*Context).Next(0xc0006c3b80)
	/home/dev/go/src/github.com/gin-gonic/gin/context.go:108 +0x43
github.com/gin-gonic/gin.LoggerWithWriter.func1(0xc0006c3b80)
	/home/dev/go/src/github.com/gin-gonic/gin/logger.go:84 +0xd2
github.com/gin-gonic/gin.(*Context).Next(0xc0006c3b80)
	/home/dev/go/src/github.com/gin-gonic/gin/context.go:108 +0x43
github.com/gin-gonic/gin.(*Engine).handleHTTPRequest(0xc0002f2000, 0xc0006c3b80)
	/home/dev/go/src/github.com/gin-gonic/gin/gin.go:363 +0x5ab
github.com/gin-gonic/gin.(*Engine).ServeHTTP(0xc0002f2000, 0xce6cc0, 0xc000594540, 0xc000734100)
	/home/dev/go/src/github.com/gin-gonic/gin/gin.go:328 +0x132
net/http.serverHandler.ServeHTTP(0xc0000d7520, 0xce6cc0, 0xc000594540, 0xc000734100)
	/usr/local/go/src/net/http/server.go:2741 +0xab
net/http.(*conn).serve(0xc000268f00, 0xce7800, 0xc000738380)
	/usr/local/go/src/net/http/server.go:1847 +0x646
created by net/http.(*Server).Serve
	/usr/local/go/src/net/http/server.go:2851 +0x2f5
http: panic serving 127.0.0.1:51392: template: index.html:3:5: executing "content" at <ne .data.upcomingCon...>: error calling ne: invalid type for comparison
goroutine 80 [running]:
net/http.(*conn).serve.func1(0xc0002692c0)
	/usr/local/go/src/net/http/server.go:1746 +0xd0
panic(0xb737c0, 0xc0007a2f40)
	/usr/local/go/src/runtime/panic.go:513 +0x1b9
github.com/gin-gonic/gin.(*Context).Render(0xc000662dc0, 0xc8, 0xce5d40, 0xc000757950)
	/home/dev/go/src/github.com/gin-gonic/gin/context.go:725 +0x160
github.com/gin-gonic/gin.(*Context).HTML(0xc000662dc0, 0xc8, 0xc10d4a, 0x5, 0x0, 0x0)
	/home/dev/go/src/github.com/gin-gonic/gin/context.go:734 +0x93
_/mnt/CC9EDBF69EDBD6D4/Development_World/Backup_22-4-18/Projects/Interni/Programming_Contest_Management_Platform/app/views.Render(0xc000662dc0, 0xc10d4a, 0x5, 0xc000756360)
	/mnt/CC9EDBF69EDBD6D4/Development World/Backup 22-4-18/Projects/Interni/Programming Contest Management Platform/app/views/views.go:49 +0x2f3
_/mnt/CC9EDBF69EDBD6D4/Development_World/Backup_22-4-18/Projects/Interni/Programming_Contest_Management_Platform/app/controllers.Index(0xc000662dc0)
	/mnt/CC9EDBF69EDBD6D4/Development World/Backup 22-4-18/Projects/Interni/Programming Contest Management Platform/app/controllers/common.controllers.go:14 +0x231
github.com/gin-gonic/gin.(*Context).Next(0xc000662dc0)
	/home/dev/go/src/github.com/gin-gonic/gin/context.go:108 +0x43
github.com/gin-contrib/sessions.Sessions.func1(0xc000662dc0)
	/home/dev/go/src/github.com/gin-contrib/sessions/sessions.go:65 +0x19f
github.com/gin-gonic/gin.(*Context).Next(0xc000662dc0)
	/home/dev/go/src/github.com/gin-gonic/gin/context.go:108 +0x43
github.com/gin-gonic/gin.LoggerWithWriter.func1(0xc000662dc0)
	/home/dev/go/src/github.com/gin-gonic/gin/logger.go:84 +0xd2
github.com/gin-gonic/gin.(*Context).Next(0xc000662dc0)
	/home/dev/go/src/github.com/gin-gonic/gin/context.go:108 +0x43
github.com/gin-gonic/gin.(*Engine).handleHTTPRequest(0xc0002f2000, 0xc000662dc0)
	/home/dev/go/src/github.com/gin-gonic/gin/gin.go:363 +0x5ab
github.com/gin-gonic/gin.(*Engine).ServeHTTP(0xc0002f2000, 0xce6cc0, 0xc00065e1c0, 0xc0002f1700)
	/home/dev/go/src/github.com/gin-gonic/gin/gin.go:328 +0x132
net/http.serverHandler.ServeHTTP(0xc0000d7520, 0xce6cc0, 0xc00065e1c0, 0xc0002f1700)
	/usr/local/go/src/net/http/server.go:2741 +0xab
net/http.(*conn).serve(0xc0002692c0, 0xce7800, 0xc000780800)
	/usr/local/go/src/net/http/server.go:1847 +0x646
created by net/http.(*Server).Serve
	/usr/local/go/src/net/http/server.go:2851 +0x2f5
http: panic serving 127.0.0.1:51394: template: index.html:3:5: executing "content" at <ne .data.upcomingCon...>: error calling ne: invalid type for comparison
goroutine 132 [running]:
net/http.(*conn).serve.func1(0xc0002697c0)
	/usr/local/go/src/net/http/server.go:1746 +0xd0
panic(0xb737c0, 0xc00072f5c0)
	/usr/local/go/src/runtime/panic.go:513 +0x1b9
github.com/gin-gonic/gin.(*Context).Render(0xc0006634a0, 0xc8, 0xce5d40, 0xc0007a05a0)
	/home/dev/go/src/github.com/gin-gonic/gin/context.go:725 +0x160
github.com/gin-gonic/gin.(*Context).HTML(0xc0006634a0, 0xc8, 0xc10d4a, 0x5, 0x0, 0x0)
	/home/dev/go/src/github.com/gin-gonic/gin/context.go:734 +0x93
_/mnt/CC9EDBF69EDBD6D4/Development_World/Backup_22-4-18/Projects/Interni/Programming_Contest_Management_Platform/app/views.Render(0xc0006634a0, 0xc10d4a, 0x5, 0xc00075a630)
	/mnt/CC9EDBF69EDBD6D4/Development World/Backup 22-4-18/Projects/Interni/Programming Contest Management Platform/app/views/views.go:49 +0x2f3
_/mnt/CC9EDBF69EDBD6D4/Development_World/Backup_22-4-18/Projects/Interni/Programming_Contest_Management_Platform/app/controllers.Index(0xc0006634a0)
	/mnt/CC9EDBF69EDBD6D4/Development World/Backup 22-4-18/Projects/Interni/Programming Contest Management Platform/app/controllers/common.controllers.go:14 +0x231
github.com/gin-gonic/gin.(*Context).Next(0xc0006634a0)
	/home/dev/go/src/github.com/gin-gonic/gin/context.go:108 +0x43
github.com/gin-contrib/sessions.Sessions.func1(0xc0006634a0)
	/home/dev/go/src/github.com/gin-contrib/sessions/sessions.go:65 +0x19f
github.com/gin-gonic/gin.(*Context).Next(0xc0006634a0)
	/home/dev/go/src/github.com/gin-gonic/gin/context.go:108 +0x43
github.com/gin-gonic/gin.LoggerWithWriter.func1(0xc0006634a0)
	/home/dev/go/src/github.com/gin-gonic/gin/logger.go:84 +0xd2
github.com/gin-gonic/gin.(*Context).Next(0xc0006634a0)
	/home/dev/go/src/github.com/gin-gonic/gin/context.go:108 +0x43
github.com/gin-gonic/gin.(*Engine).handleHTTPRequest(0xc0002f2000, 0xc0006634a0)
	/home/dev/go/src/github.com/gin-gonic/gin/gin.go:363 +0x5ab
github.com/gin-gonic/gin.(*Engine).ServeHTTP(0xc0002f2000, 0xce6cc0, 0xc00065e2a0, 0xc0002f1c00)
	/home/dev/go/src/github.com/gin-gonic/gin/gin.go:328 +0x132
net/http.serverHandler.ServeHTTP(0xc0000d7520, 0xce6cc0, 0xc00065e2a0, 0xc0002f1c00)
	/usr/local/go/src/net/http/server.go:2741 +0xab
net/http.(*conn).serve(0xc0002697c0, 0xce7800, 0xc0007813c0)
	/usr/local/go/src/net/http/server.go:1847 +0x646
created by net/http.(*Server).Serve
	/usr/local/go/src/net/http/server.go:2851 +0x2f5
http: panic serving 127.0.0.1:51396: template: index.html:3:5: executing "content" at <ne .data.upcomingCon...>: error calling ne: invalid type for comparison
goroutine 136 [running]:
net/http.(*conn).serve.func1(0xc000269a40)
	/usr/local/go/src/net/http/server.go:1746 +0xd0
panic(0xb737c0, 0xc0007f23a0)
	/usr/local/go/src/runtime/panic.go:513 +0x1b9
github.com/gin-gonic/gin.(*Context).Render(0xc00079c2c0, 0xc8, 0xce5d40, 0xc0007ee810)
	/home/dev/go/src/github.com/gin-gonic/gin/context.go:725 +0x160
github.com/gin-gonic/gin.(*Context).HTML(0xc00079c2c0, 0xc8, 0xc10d4a, 0x5, 0x0, 0x0)
	/home/dev/go/src/github.com/gin-gonic/gin/context.go:734 +0x93
_/mnt/CC9EDBF69EDBD6D4/Development_World/Backup_22-4-18/Projects/Interni/Programming_Contest_Management_Platform/app/views.Render(0xc00079c2c0, 0xc10d4a, 0x5, 0xc0007a1200)
	/mnt/CC9EDBF69EDBD6D4/Development World/Backup 22-4-18/Projects/Interni/Programming Contest Management Platform/app/views/views.go:49 +0x2f3
_/mnt/CC9EDBF69EDBD6D4/Development_World/Backup_22-4-18/Projects/Interni/Programming_Contest_Management_Platform/app/controllers.Index(0xc00079c2c0)
	/mnt/CC9EDBF69EDBD6D4/Development World/Backup 22-4-18/Projects/Interni/Programming Contest Management Platform/app/controllers/common.controllers.go:14 +0x231
github.com/gin-gonic/gin.(*Context).Next(0xc00079c2c0)
	/home/dev/go/src/github.com/gin-gonic/gin/context.go:108 +0x43
github.com/gin-contrib/sessions.Sessions.func1(0xc00079c2c0)
	/home/dev/go/src/github.com/gin-contrib/sessions/sessions.go:65 +0x19f
github.com/gin-gonic/gin.(*Context).Next(0xc00079c2c0)
	/home/dev/go/src/github.com/gin-gonic/gin/context.go:108 +0x43
github.com/gin-gonic/gin.LoggerWithWriter.func1(0xc00079c2c0)
	/home/dev/go/src/github.com/gin-gonic/gin/logger.go:84 +0xd2
github.com/gin-gonic/gin.(*Context).Next(0xc00079c2c0)
	/home/dev/go/src/github.com/gin-gonic/gin/context.go:108 +0x43
github.com/gin-gonic/gin.(*Engine).handleHTTPRequest(0xc0002f2000, 0xc00079c2c0)
	/home/dev/go/src/github.com/gin-gonic/gin/gin.go:363 +0x5ab
github.com/gin-gonic/gin.(*Engine).ServeHTTP(0xc0002f2000, 0xce6cc0, 0xc000594620, 0xc000734600)
	/home/dev/go/src/github.com/gin-gonic/gin/gin.go:328 +0x132
net/http.serverHandler.ServeHTTP(0xc0000d7520, 0xce6cc0, 0xc000594620, 0xc000734600)
	/usr/local/go/src/net/http/server.go:2741 +0xab
net/http.(*conn).serve(0xc000269a40, 0xce7800, 0xc000738ec0)
	/usr/local/go/src/net/http/server.go:1847 +0x646
created by net/http.(*Server).Serve
	/usr/local/go/src/net/http/server.go:2851 +0x2f5
http: panic serving 127.0.0.1:51398: template: index.html:3:5: executing "content" at <ne .data.upcomingCon...>: error calling ne: invalid type for comparison
goroutine 147 [running]:
net/http.(*conn).serve.func1(0xc000271360)
	/usr/local/go/src/net/http/server.go:1746 +0xd0
panic(0xb737c0, 0xc000862020)
	/usr/local/go/src/runtime/panic.go:513 +0x1b9
github.com/gin-gonic/gin.(*Context).Render(0xc000663b80, 0xc8, 0xce5d40, 0xc00080d3e0)
	/home/dev/go/src/github.com/gin-gonic/gin/context.go:725 +0x160
github.com/gin-gonic/gin.(*Context).HTML(0xc000663b80, 0xc8, 0xc10d4a, 0x5, 0x0, 0x0)
	/home/dev/go/src/github.com/gin-gonic/gin/context.go:734 +0x93
_/mnt/CC9EDBF69EDBD6D4/Development_World/Backup_22-4-18/Projects/Interni/Programming_Contest_Management_Platform/app/views.Render(0xc000663b80, 0xc10d4a, 0x5, 0xc00075bdd0)
	/mnt/CC9EDBF69EDBD6D4/Development World/Backup 22-4-18/Projects/Interni/Programming Contest Management Platform/app/views/views.go:49 +0x2f3
_/mnt/CC9EDBF69EDBD6D4/Development_World/Backup_22-4-18/Projects/Interni/Programming_Contest_Management_Platform/app/controllers.Index(0xc000663b80)
	/mnt/CC9EDBF69EDBD6D4/Development World/Backup 22-4-18/Projects/Interni/Programming Contest Management Platform/app/controllers/common.controllers.go:14 +0x231
github.com/gin-gonic/gin.(*Context).Next(0xc000663b80)
	/home/dev/go/src/github.com/gin-gonic/gin/context.go:108 +0x43
github.com/gin-contrib/sessions.Sessions.func1(0xc000663b80)
	/home/dev/go/src/github.com/gin-contrib/sessions/sessions.go:65 +0x19f
github.com/gin-gonic/gin.(*Context).Next(0xc000663b80)
	/home/dev/go/src/github.com/gin-gonic/gin/context.go:108 +0x43
github.com/gin-gonic/gin.LoggerWithWriter.func1(0xc000663b80)
	/home/dev/go/src/github.com/gin-gonic/gin/logger.go:84 +0xd2
github.com/gin-gonic/gin.(*Context).Next(0xc000663b80)
	/home/dev/go/src/github.com/gin-gonic/gin/context.go:108 +0x43
github.com/gin-gonic/gin.(*Engine).handleHTTPRequest(0xc0002f2000, 0xc000663b80)
	/home/dev/go/src/github.com/gin-gonic/gin/gin.go:363 +0x5ab
github.com/gin-gonic/gin.(*Engine).ServeHTTP(0xc0002f2000, 0xce6cc0, 0xc00065e380, 0xc0007d0100)
	/home/dev/go/src/github.com/gin-gonic/gin/gin.go:328 +0x132
net/http.serverHandler.ServeHTTP(0xc0000d7520, 0xce6cc0, 0xc00065e380, 0xc0007d0100)
	/usr/local/go/src/net/http/server.go:2741 +0xab
net/http.(*conn).serve(0xc000271360, 0xce7800, 0xc000781c00)
	/usr/local/go/src/net/http/server.go:1847 +0x646
created by net/http.(*Server).Serve
	/usr/local/go/src/net/http/server.go:2851 +0x2f5
http: panic serving 127.0.0.1:51400: template: index.html:3:5: executing "content" at <ne .data.upcomingCon...>: error calling ne: invalid type for comparison
goroutine 112 [running]:
net/http.(*conn).serve.func1(0xc0000ce1e0)
	/usr/local/go/src/net/http/server.go:1746 +0xd0
panic(0xb737c0, 0xc0000e68a0)
	/usr/local/go/src/runtime/panic.go:513 +0x1b9
github.com/gin-gonic/gin.(*Context).Render(0xc00011c2c0, 0xc8, 0xce5d40, 0xc0005f6a50)
	/home/dev/go/src/github.com/gin-gonic/gin/context.go:725 +0x160
github.com/gin-gonic/gin.(*Context).HTML(0xc00011c2c0, 0xc8, 0xc10d4a, 0x5, 0x0, 0x0)
	/home/dev/go/src/github.com/gin-gonic/gin/context.go:734 +0x93
_/mnt/CC9EDBF69EDBD6D4/Development_World/Backup_22-4-18/Projects/Interni/Programming_Contest_Management_Platform/app/views.Render(0xc00011c2c0, 0xc10d4a, 0x5, 0xc0005e87b0)
	/mnt/CC9EDBF69EDBD6D4/Development World/Backup 22-4-18/Projects/Interni/Programming Contest Management Platform/app/views/views.go:49 +0x2f3
_/mnt/CC9EDBF69EDBD6D4/Development_World/Backup_22-4-18/Projects/Interni/Programming_Contest_Management_Platform/app/controllers.Index(0xc00011c2c0)
	/mnt/CC9EDBF69EDBD6D4/Development World/Backup 22-4-18/Projects/Interni/Programming Contest Management Platform/app/controllers/common.controllers.go:14 +0x231
github.com/gin-gonic/gin.(*Context).Next(0xc00011c2c0)
	/home/dev/go/src/github.com/gin-gonic/gin/context.go:108 +0x43
github.com/gin-contrib/sessions.Sessions.func1(0xc00011c2c0)
	/home/dev/go/src/github.com/gin-contrib/sessions/sessions.go:65 +0x19f
github.com/gin-gonic/gin.(*Context).Next(0xc00011c2c0)
	/home/dev/go/src/github.com/gin-gonic/gin/context.go:108 +0x43
github.com/gin-gonic/gin.LoggerWithWriter.func1(0xc00011c2c0)
	/home/dev/go/src/github.com/gin-gonic/gin/logger.go:84 +0xd2
github.com/gin-gonic/gin.(*Context).Next(0xc00011c2c0)
	/home/dev/go/src/github.com/gin-gonic/gin/context.go:108 +0x43
github.com/gin-gonic/gin.(*Engine).handleHTTPRequest(0xc0002f2000, 0xc00011c2c0)
	/home/dev/go/src/github.com/gin-gonic/gin/gin.go:363 +0x5ab
github.com/gin-gonic/gin.(*Engine).ServeHTTP(0xc0002f2000, 0xce6cc0, 0xc00065e000, 0xc0002f0700)
	/home/dev/go/src/github.com/gin-gonic/gin/gin.go:328 +0x132
net/http.serverHandler.ServeHTTP(0xc0000d7520, 0xce6cc0, 0xc00065e000, 0xc0002f0700)
	/usr/local/go/src/net/http/server.go:2741 +0xab
net/http.(*conn).serve(0xc0000ce1e0, 0xce7800, 0xc0005ea080)
	/usr/local/go/src/net/http/server.go:1847 +0x646
created by net/http.(*Server).Serve
	/usr/local/go/src/net/http/server.go:2851 +0x2f5
http: panic serving 127.0.0.1:51402: template: index.html:3:5: executing "content" at <ne .data.upcomingCon...>: error calling ne: invalid type for comparison
goroutine 179 [running]:
net/http.(*conn).serve.func1(0xc000268280)
	/usr/local/go/src/net/http/server.go:1746 +0xd0
panic(0xb737c0, 0xc0000e7bc0)
	/usr/local/go/src/runtime/panic.go:513 +0x1b9
github.com/gin-gonic/gin.(*Context).Render(0xc0003028f0, 0xc8, 0xce5d40, 0xc0005ccd80)
	/home/dev/go/src/github.com/gin-gonic/gin/context.go:725 +0x160
github.com/gin-gonic/gin.(*Context).HTML(0xc0003028f0, 0xc8, 0xc10d4a, 0x5, 0x0, 0x0)
	/home/dev/go/src/github.com/gin-gonic/gin/context.go:734 +0x93
_/mnt/CC9EDBF69EDBD6D4/Development_World/Backup_22-4-18/Projects/Interni/Programming_Contest_Management_Platform/app/views.Render(0xc0003028f0, 0xc10d4a, 0x5, 0xc0005f7740)
	/mnt/CC9EDBF69EDBD6D4/Development World/Backup 22-4-18/Projects/Interni/Programming Contest Management Platform/app/views/views.go:49 +0x2f3
_/mnt/CC9EDBF69EDBD6D4/Development_World/Backup_22-4-18/Projects/Interni/Programming_Contest_Management_Platform/app/controllers.Index(0xc0003028f0)
	/mnt/CC9EDBF69EDBD6D4/Development World/Backup 22-4-18/Projects/Interni/Programming Contest Management Platform/app/controllers/common.controllers.go:14 +0x231
github.com/gin-gonic/gin.(*Context).Next(0xc0003028f0)
	/home/dev/go/src/github.com/gin-gonic/gin/context.go:108 +0x43
github.com/gin-contrib/sessions.Sessions.func1(0xc0003028f0)
	/home/dev/go/src/github.com/gin-contrib/sessions/sessions.go:65 +0x19f
github.com/gin-gonic/gin.(*Context).Next(0xc0003028f0)
	/home/dev/go/src/github.com/gin-gonic/gin/context.go:108 +0x43
github.com/gin-gonic/gin.LoggerWithWriter.func1(0xc0003028f0)
	/home/dev/go/src/github.com/gin-gonic/gin/logger.go:84 +0xd2
github.com/gin-gonic/gin.(*Context).Next(0xc0003028f0)
	/home/dev/go/src/github.com/gin-gonic/gin/context.go:108 +0x43
github.com/gin-gonic/gin.(*Engine).handleHTTPRequest(0xc0002f2000, 0xc0003028f0)
	/home/dev/go/src/github.com/gin-gonic/gin/gin.go:363 +0x5ab
github.com/gin-gonic/gin.(*Engine).ServeHTTP(0xc0002f2000, 0xce6cc0, 0xc0000341c0, 0xc0007d0800)
	/home/dev/go/src/github.com/gin-gonic/gin/gin.go:328 +0x132
net/http.serverHandler.ServeHTTP(0xc0000d7520, 0xce6cc0, 0xc0000341c0, 0xc0007d0800)
	/usr/local/go/src/net/http/server.go:2741 +0xab
net/http.(*conn).serve(0xc000268280, 0xce7800, 0xc0000e2a00)
	/usr/local/go/src/net/http/server.go:1847 +0x646
created by net/http.(*Server).Serve
	/usr/local/go/src/net/http/server.go:2851 +0x2f5
http: panic serving 127.0.0.1:51404: template: index.html:3:5: executing "content" at <ne .data.upcomingCon...>: error calling ne: invalid type for comparison
goroutine 148 [running]:
net/http.(*conn).serve.func1(0xc00022e000)
	/usr/local/go/src/net/http/server.go:1746 +0xd0
panic(0xb737c0, 0xc000204c00)
	/usr/local/go/src/runtime/panic.go:513 +0x1b9
github.com/gin-gonic/gin.(*Context).Render(0xc0003038c0, 0xc8, 0xce5d40, 0xc0001e7b60)
	/home/dev/go/src/github.com/gin-gonic/gin/context.go:725 +0x160
github.com/gin-gonic/gin.(*Context).HTML(0xc0003038c0, 0xc8, 0xc10d4a, 0x5, 0x0, 0x0)
	/home/dev/go/src/github.com/gin-gonic/gin/context.go:734 +0x93
_/mnt/CC9EDBF69EDBD6D4/Development_World/Backup_22-4-18/Projects/Interni/Programming_Contest_Management_Platform/app/views.Render(0xc0003038c0, 0xc10d4a, 0x5, 0xc0005cdbf0)
	/mnt/CC9EDBF69EDBD6D4/Development World/Backup 22-4-18/Projects/Interni/Programming Contest Management Platform/app/views/views.go:49 +0x2f3
_/mnt/CC9EDBF69EDBD6D4/Development_World/Backup_22-4-18/Projects/Interni/Programming_Contest_Management_Platform/app/controllers.Index(0xc0003038c0)
	/mnt/CC9EDBF69EDBD6D4/Development World/Backup 22-4-18/Projects/Interni/Programming Contest Management Platform/app/controllers/common.controllers.go:14 +0x231
github.com/gin-gonic/gin.(*Context).Next(0xc0003038c0)
	/home/dev/go/src/github.com/gin-gonic/gin/context.go:108 +0x43
github.com/gin-contrib/sessions.Sessions.func1(0xc0003038c0)
	/home/dev/go/src/github.com/gin-contrib/sessions/sessions.go:65 +0x19f
github.com/gin-gonic/gin.(*Context).Next(0xc0003038c0)
	/home/dev/go/src/github.com/gin-gonic/gin/context.go:108 +0x43
github.com/gin-gonic/gin.LoggerWithWriter.func1(0xc0003038c0)
	/home/dev/go/src/github.com/gin-gonic/gin/logger.go:84 +0xd2
github.com/gin-gonic/gin.(*Context).Next(0xc0003038c0)
	/home/dev/go/src/github.com/gin-gonic/gin/context.go:108 +0x43
github.com/gin-gonic/gin.(*Engine).handleHTTPRequest(0xc0002f2000, 0xc0003038c0)
	/home/dev/go/src/github.com/gin-gonic/gin/gin.go:363 +0x5ab
github.com/gin-gonic/gin.(*Engine).ServeHTTP(0xc0002f2000, 0xce6cc0, 0xc0000342a0, 0xc0007d0d00)
	/home/dev/go/src/github.com/gin-gonic/gin/gin.go:328 +0x132
net/http.serverHandler.ServeHTTP(0xc0000d7520, 0xce6cc0, 0xc0000342a0, 0xc0007d0d00)
	/usr/local/go/src/net/http/server.go:2741 +0xab
net/http.(*conn).serve(0xc00022e000, 0xce7800, 0xc0001ee7c0)
	/usr/local/go/src/net/http/server.go:1847 +0x646
created by net/http.(*Server).Serve
	/usr/local/go/src/net/http/server.go:2851 +0x2f5
http: panic serving 127.0.0.1:51406: template: index.html:3:5: executing "content" at <ne .data.upcomingCon...>: error calling ne: invalid type for comparison
goroutine 149 [running]:
net/http.(*conn).serve.func1(0xc00022e460)
	/usr/local/go/src/net/http/server.go:1746 +0xd0
panic(0xb737c0, 0xc0008625a0)
	/usr/local/go/src/runtime/panic.go:513 +0x1b9
github.com/gin-gonic/gin.(*Context).Render(0xc000662000, 0xc8, 0xce5d40, 0xc0000d5740)
	/home/dev/go/src/github.com/gin-gonic/gin/context.go:725 +0x160
github.com/gin-gonic/gin.(*Context).HTML(0xc000662000, 0xc8, 0xc10d4a, 0x5, 0x0, 0x0)
	/home/dev/go/src/github.com/gin-gonic/gin/context.go:734 +0x93
_/mnt/CC9EDBF69EDBD6D4/Development_World/Backup_22-4-18/Projects/Interni/Programming_Contest_Management_Platform/app/views.Render(0xc000662000, 0xc10d4a, 0x5, 0xc0001fca20)
	/mnt/CC9EDBF69EDBD6D4/Development World/Backup 22-4-18/Projects/Interni/Programming Contest Management Platform/app/views/views.go:49 +0x2f3
_/mnt/CC9EDBF69EDBD6D4/Development_World/Backup_22-4-18/Projects/Interni/Programming_Contest_Management_Platform/app/controllers.Index(0xc000662000)
	/mnt/CC9EDBF69EDBD6D4/Development World/Backup 22-4-18/Projects/Interni/Programming Contest Management Platform/app/controllers/common.controllers.go:14 +0x231
github.com/gin-gonic/gin.(*Context).Next(0xc000662000)
	/home/dev/go/src/github.com/gin-gonic/gin/context.go:108 +0x43
github.com/gin-contrib/sessions.Sessions.func1(0xc000662000)
	/home/dev/go/src/github.com/gin-contrib/sessions/sessions.go:65 +0x19f
github.com/gin-gonic/gin.(*Context).Next(0xc000662000)
	/home/dev/go/src/github.com/gin-gonic/gin/context.go:108 +0x43
github.com/gin-gonic/gin.LoggerWithWriter.func1(0xc000662000)
	/home/dev/go/src/github.com/gin-gonic/gin/logger.go:84 +0xd2
github.com/gin-gonic/gin.(*Context).Next(0xc000662000)
	/home/dev/go/src/github.com/gin-gonic/gin/context.go:108 +0x43
github.com/gin-gonic/gin.(*Engine).handleHTTPRequest(0xc0002f2000, 0xc000662000)
	/home/dev/go/src/github.com/gin-gonic/gin/gin.go:363 +0x5ab
github.com/gin-gonic/gin.(*Engine).ServeHTTP(0xc0002f2000, 0xce6cc0, 0xc000034380, 0xc0007d1200)
	/home/dev/go/src/github.com/gin-gonic/gin/gin.go:328 +0x132
net/http.serverHandler.ServeHTTP(0xc0000d7520, 0xce6cc0, 0xc000034380, 0xc0007d1200)
	/usr/local/go/src/net/http/server.go:2741 +0xab
net/http.(*conn).serve(0xc00022e460, 0xce7800, 0xc0001ef380)
	/usr/local/go/src/net/http/server.go:1847 +0x646
created by net/http.(*Server).Serve
	/usr/local/go/src/net/http/server.go:2851 +0x2f5
http: panic serving 127.0.0.1:51408: template: index.html:3:5: executing "content" at <ne .data.upcomingCon...>: error calling ne: invalid type for comparison
goroutine 150 [running]:
net/http.(*conn).serve.func1(0xc00022e820)
	/usr/local/go/src/net/http/server.go:1746 +0xd0
panic(0xb737c0, 0xc000863380)
	/usr/local/go/src/runtime/panic.go:513 +0x1b9
github.com/gin-gonic/gin.(*Context).Render(0xc00075e000, 0xc8, 0xce5d40, 0xc000306750)
	/home/dev/go/src/github.com/gin-gonic/gin/context.go:725 +0x160
github.com/gin-gonic/gin.(*Context).HTML(0xc00075e000, 0xc8, 0xc10d4a, 0x5, 0x0, 0x0)
	/home/dev/go/src/github.com/gin-gonic/gin/context.go:734 +0x93
_/mnt/CC9EDBF69EDBD6D4/Development_World/Backup_22-4-18/Projects/Interni/Programming_Contest_Management_Platform/app/views.Render(0xc00075e000, 0xc10d4a, 0x5, 0xc000203e60)
	/mnt/CC9EDBF69EDBD6D4/Development World/Backup 22-4-18/Projects/Interni/Programming Contest Management Platform/app/views/views.go:49 +0x2f3
_/mnt/CC9EDBF69EDBD6D4/Development_World/Backup_22-4-18/Projects/Interni/Programming_Contest_Management_Platform/app/controllers.Index(0xc00075e000)
	/mnt/CC9EDBF69EDBD6D4/Development World/Backup 22-4-18/Projects/Interni/Programming Contest Management Platform/app/controllers/common.controllers.go:14 +0x231
github.com/gin-gonic/gin.(*Context).Next(0xc00075e000)
	/home/dev/go/src/github.com/gin-gonic/gin/context.go:108 +0x43
github.com/gin-contrib/sessions.Sessions.func1(0xc00075e000)
	/home/dev/go/src/github.com/gin-contrib/sessions/sessions.go:65 +0x19f
github.com/gin-gonic/gin.(*Context).Next(0xc00075e000)
	/home/dev/go/src/github.com/gin-gonic/gin/context.go:108 +0x43
github.com/gin-gonic/gin.LoggerWithWriter.func1(0xc00075e000)
	/home/dev/go/src/github.com/gin-gonic/gin/logger.go:84 +0xd2
github.com/gin-gonic/gin.(*Context).Next(0xc00075e000)
	/home/dev/go/src/github.com/gin-gonic/gin/context.go:108 +0x43
github.com/gin-gonic/gin.(*Engine).handleHTTPRequest(0xc0002f2000, 0xc00075e000)
	/home/dev/go/src/github.com/gin-gonic/gin/gin.go:363 +0x5ab
github.com/gin-gonic/gin.(*Engine).ServeHTTP(0xc0002f2000, 0xce6cc0, 0xc000688000, 0xc000168000)
	/home/dev/go/src/github.com/gin-gonic/gin/gin.go:328 +0x132
net/http.serverHandler.ServeHTTP(0xc0000d7520, 0xce6cc0, 0xc000688000, 0xc000168000)
	/usr/local/go/src/net/http/server.go:2741 +0xab
net/http.(*conn).serve(0xc00022e820, 0xce7800, 0xc0001fe6c0)
	/usr/local/go/src/net/http/server.go:1847 +0x646
created by net/http.(*Server).Serve
	/usr/local/go/src/net/http/server.go:2851 +0x2f5
http: panic serving 127.0.0.1:51410: template: index.html:3:5: executing "content" at <ne .data.upcomingCon...>: error calling ne: invalid type for comparison
goroutine 188 [running]:
net/http.(*conn).serve.func1(0xc000268c80)
	/usr/local/go/src/net/http/server.go:1746 +0xd0
panic(0xb737c0, 0xc00029d0e0)
	/usr/local/go/src/runtime/panic.go:513 +0x1b9
github.com/gin-gonic/gin.(*Context).Render(0xc0006626e0, 0xc8, 0xce5d40, 0xc0006e72f0)
	/home/dev/go/src/github.com/gin-gonic/gin/context.go:725 +0x160
github.com/gin-gonic/gin.(*Context).HTML(0xc0006626e0, 0xc8, 0xc10d4a, 0x5, 0x0, 0x0)
	/home/dev/go/src/github.com/gin-gonic/gin/context.go:734 +0x93
_/mnt/CC9EDBF69EDBD6D4/Development_World/Backup_22-4-18/Projects/Interni/Programming_Contest_Management_Platform/app/views.Render(0xc0006626e0, 0xc10d4a, 0x5, 0xc0001fdcb0)
	/mnt/CC9EDBF69EDBD6D4/Development World/Backup 22-4-18/Projects/Interni/Programming Contest Management Platform/app/views/views.go:49 +0x2f3
_/mnt/CC9EDBF69EDBD6D4/Development_World/Backup_22-4-18/Projects/Interni/Programming_Contest_Management_Platform/app/controllers.Index(0xc0006626e0)
	/mnt/CC9EDBF69EDBD6D4/Development World/Backup 22-4-18/Projects/Interni/Programming Contest Management Platform/app/controllers/common.controllers.go:14 +0x231
github.com/gin-gonic/gin.(*Context).Next(0xc0006626e0)
	/home/dev/go/src/github.com/gin-gonic/gin/context.go:108 +0x43
github.com/gin-contrib/sessions.Sessions.func1(0xc0006626e0)
	/home/dev/go/src/github.com/gin-contrib/sessions/sessions.go:65 +0x19f
github.com/gin-gonic/gin.(*Context).Next(0xc0006626e0)
	/home/dev/go/src/github.com/gin-gonic/gin/context.go:108 +0x43
github.com/gin-gonic/gin.LoggerWithWriter.func1(0xc0006626e0)
	/home/dev/go/src/github.com/gin-gonic/gin/logger.go:84 +0xd2
github.com/gin-gonic/gin.(*Context).Next(0xc0006626e0)
	/home/dev/go/src/github.com/gin-gonic/gin/context.go:108 +0x43
github.com/gin-gonic/gin.(*Engine).handleHTTPRequest(0xc0002f2000, 0xc0006626e0)
	/home/dev/go/src/github.com/gin-gonic/gin/gin.go:363 +0x5ab
github.com/gin-gonic/gin.(*Engine).ServeHTTP(0xc0002f2000, 0xce6cc0, 0xc000034460, 0xc0007d1500)
	/home/dev/go/src/github.com/gin-gonic/gin/gin.go:328 +0x132
net/http.serverHandler.ServeHTTP(0xc0000d7520, 0xce6cc0, 0xc000034460, 0xc0007d1500)
	/usr/local/go/src/net/http/server.go:2741 +0xab
net/http.(*conn).serve(0xc000268c80, 0xce7800, 0xc0001ef9c0)
	/usr/local/go/src/net/http/server.go:1847 +0x646
created by net/http.(*Server).Serve
	/usr/local/go/src/net/http/server.go:2851 +0x2f5
http: panic serving 127.0.0.1:51412: template: index.html:3:5: executing "content" at <ne .data.upcomingCon...>: error calling ne: invalid type for comparison
goroutine 164 [running]:
net/http.(*conn).serve.func1(0xc0000ce8c0)
	/usr/local/go/src/net/http/server.go:1746 +0xd0
panic(0xb737c0, 0xc000863960)
	/usr/local/go/src/runtime/panic.go:513 +0x1b9
github.com/gin-gonic/gin.(*Context).Render(0xc00011cb00, 0xc8, 0xce5d40, 0xc000307500)
	/home/dev/go/src/github.com/gin-gonic/gin/context.go:725 +0x160
github.com/gin-gonic/gin.(*Context).HTML(0xc00011cb00, 0xc8, 0xc10d4a, 0x5, 0x0, 0x0)
	/home/dev/go/src/github.com/gin-gonic/gin/context.go:734 +0x93
_/mnt/CC9EDBF69EDBD6D4/Development_World/Backup_22-4-18/Projects/Interni/Programming_Contest_Management_Platform/app/views.Render(0xc00011cb00, 0xc10d4a, 0x5, 0xc0005e9f80)
	/mnt/CC9EDBF69EDBD6D4/Development World/Backup 22-4-18/Projects/Interni/Programming Contest Management Platform/app/views/views.go:49 +0x2f3
_/mnt/CC9EDBF69EDBD6D4/Development_World/Backup_22-4-18/Projects/Interni/Programming_Contest_Management_Platform/app/controllers.Index(0xc00011cb00)
	/mnt/CC9EDBF69EDBD6D4/Development World/Backup 22-4-18/Projects/Interni/Programming Contest Management Platform/app/controllers/common.controllers.go:14 +0x231
github.com/gin-gonic/gin.(*Context).Next(0xc00011cb00)
	/home/dev/go/src/github.com/gin-gonic/gin/context.go:108 +0x43
github.com/gin-contrib/sessions.Sessions.func1(0xc00011cb00)
	/home/dev/go/src/github.com/gin-contrib/sessions/sessions.go:65 +0x19f
github.com/gin-gonic/gin.(*Context).Next(0xc00011cb00)
	/home/dev/go/src/github.com/gin-gonic/gin/context.go:108 +0x43
github.com/gin-gonic/gin.LoggerWithWriter.func1(0xc00011cb00)
	/home/dev/go/src/github.com/gin-gonic/gin/logger.go:84 +0xd2
github.com/gin-gonic/gin.(*Context).Next(0xc00011cb00)
	/home/dev/go/src/github.com/gin-gonic/gin/context.go:108 +0x43
github.com/gin-gonic/gin.(*Engine).handleHTTPRequest(0xc0002f2000, 0xc00011cb00)
	/home/dev/go/src/github.com/gin-gonic/gin/gin.go:363 +0x5ab
github.com/gin-gonic/gin.(*Engine).ServeHTTP(0xc0002f2000, 0xce6cc0, 0xc00065e0e0, 0xc0002f0b00)
	/home/dev/go/src/github.com/gin-gonic/gin/gin.go:328 +0x132
net/http.serverHandler.ServeHTTP(0xc0000d7520, 0xce6cc0, 0xc00065e0e0, 0xc0002f0b00)
	/usr/local/go/src/net/http/server.go:2741 +0xab
net/http.(*conn).serve(0xc0000ce8c0, 0xce7800, 0xc0005eac40)
	/usr/local/go/src/net/http/server.go:1847 +0x646
created by net/http.(*Server).Serve
	/usr/local/go/src/net/http/server.go:2851 +0x2f5
http: panic serving 127.0.0.1:51414: template: index.html:3:5: executing "content" at <ne .data.upcomingCon...>: error calling ne: invalid type for comparison
goroutine 192 [running]:
net/http.(*conn).serve.func1(0xc000269180)
	/usr/local/go/src/net/http/server.go:1746 +0xd0
panic(0xb737c0, 0xc000863d80)
	/usr/local/go/src/runtime/panic.go:513 +0x1b9
github.com/gin-gonic/gin.(*Context).Render(0xc000662dc0, 0xc8, 0xce5d40, 0xc000307c20)
	/home/dev/go/src/github.com/gin-gonic/gin/context.go:725 +0x160
github.com/gin-gonic/gin.(*Context).HTML(0xc000662dc0, 0xc8, 0xc10d4a, 0x5, 0x0, 0x0)
	/home/dev/go/src/github.com/gin-gonic/gin/context.go:734 +0x93
_/mnt/CC9EDBF69EDBD6D4/Development_World/Backup_22-4-18/Projects/Interni/Programming_Contest_Management_Platform/app/views.Render(0xc000662dc0, 0xc10d4a, 0x5, 0xc0006e7fb0)
	/mnt/CC9EDBF69EDBD6D4/Development World/Backup 22-4-18/Projects/Interni/Programming Contest Management Platform/app/views/views.go:49 +0x2f3
_/mnt/CC9EDBF69EDBD6D4/Development_World/Backup_22-4-18/Projects/Interni/Programming_Contest_Management_Platform/app/controllers.Index(0xc000662dc0)
	/mnt/CC9EDBF69EDBD6D4/Development World/Backup 22-4-18/Projects/Interni/Programming Contest Management Platform/app/controllers/common.controllers.go:14 +0x231
github.com/gin-gonic/gin.(*Context).Next(0xc000662dc0)
	/home/dev/go/src/github.com/gin-gonic/gin/context.go:108 +0x43
github.com/gin-contrib/sessions.Sessions.func1(0xc000662dc0)
	/home/dev/go/src/github.com/gin-contrib/sessions/sessions.go:65 +0x19f
github.com/gin-gonic/gin.(*Context).Next(0xc000662dc0)
	/home/dev/go/src/github.com/gin-gonic/gin/context.go:108 +0x43
github.com/gin-gonic/gin.LoggerWithWriter.func1(0xc000662dc0)
	/home/dev/go/src/github.com/gin-gonic/gin/logger.go:84 +0xd2
github.com/gin-gonic/gin.(*Context).Next(0xc000662dc0)
	/home/dev/go/src/github.com/gin-gonic/gin/context.go:108 +0x43
github.com/gin-gonic/gin.(*Engine).handleHTTPRequest(0xc0002f2000, 0xc000662dc0)
	/home/dev/go/src/github.com/gin-gonic/gin/gin.go:363 +0x5ab
github.com/gin-gonic/gin.(*Engine).ServeHTTP(0xc0002f2000, 0xce6cc0, 0xc000034540, 0xc0007d1a00)
	/home/dev/go/src/github.com/gin-gonic/gin/gin.go:328 +0x132
net/http.serverHandler.ServeHTTP(0xc0000d7520, 0xce6cc0, 0xc000034540, 0xc0007d1a00)
	/usr/local/go/src/net/http/server.go:2741 +0xab
net/http.(*conn).serve(0xc000269180, 0xce7800, 0xc0002f8900)
	/usr/local/go/src/net/http/server.go:1847 +0x646
created by net/http.(*Server).Serve
	/usr/local/go/src/net/http/server.go:2851 +0x2f5
http: panic serving 127.0.0.1:51416: template: index.html:3:5: executing "content" at <ne .data.upcomingCon...>: error calling ne: invalid type for comparison
goroutine 169 [running]:
net/http.(*conn).serve.func1(0xc0000ceb40)
	/usr/local/go/src/net/http/server.go:1746 +0xd0
panic(0xb737c0, 0xc0002e4380)
	/usr/local/go/src/runtime/panic.go:513 +0x1b9
github.com/gin-gonic/gin.(*Context).Render(0xc00011d1e0, 0xc8, 0xce5d40, 0xc000765680)
	/home/dev/go/src/github.com/gin-gonic/gin/context.go:725 +0x160
github.com/gin-gonic/gin.(*Context).HTML(0xc00011d1e0, 0xc8, 0xc10d4a, 0x5, 0x0, 0x0)
	/home/dev/go/src/github.com/gin-gonic/gin/context.go:734 +0x93
_/mnt/CC9EDBF69EDBD6D4/Development_World/Backup_22-4-18/Projects/Interni/Programming_Contest_Management_Platform/app/views.Render(0xc00011d1e0, 0xc10d4a, 0x5, 0xc000764060)
	/mnt/CC9EDBF69EDBD6D4/Development World/Backup 22-4-18/Projects/Interni/Programming Contest Management Platform/app/views/views.go:49 +0x2f3
_/mnt/CC9EDBF69EDBD6D4/Development_World/Backup_22-4-18/Projects/Interni/Programming_Contest_Management_Platform/app/controllers.Index(0xc00011d1e0)
	/mnt/CC9EDBF69EDBD6D4/Development World/Backup 22-4-18/Projects/Interni/Programming Contest Management Platform/app/controllers/common.controllers.go:14 +0x231
github.com/gin-gonic/gin.(*Context).Next(0xc00011d1e0)
	/home/dev/go/src/github.com/gin-gonic/gin/context.go:108 +0x43
github.com/gin-contrib/sessions.Sessions.func1(0xc00011d1e0)
	/home/dev/go/src/github.com/gin-contrib/sessions/sessions.go:65 +0x19f
github.com/gin-gonic/gin.(*Context).Next(0xc00011d1e0)
	/home/dev/go/src/github.com/gin-gonic/gin/context.go:108 +0x43
github.com/gin-gonic/gin.LoggerWithWriter.func1(0xc00011d1e0)
	/home/dev/go/src/github.com/gin-gonic/gin/logger.go:84 +0xd2
github.com/gin-gonic/gin.(*Context).Next(0xc00011d1e0)
	/home/dev/go/src/github.com/gin-gonic/gin/context.go:108 +0x43
github.com/gin-gonic/gin.(*Engine).handleHTTPRequest(0xc0002f2000, 0xc00011d1e0)
	/home/dev/go/src/github.com/gin-gonic/gin/gin.go:363 +0x5ab
github.com/gin-gonic/gin.(*Engine).ServeHTTP(0xc0002f2000, 0xce6cc0, 0xc00065e1c0, 0xc0002f1300)
	/home/dev/go/src/github.com/gin-gonic/gin/gin.go:328 +0x132
net/http.serverHandler.ServeHTTP(0xc0000d7520, 0xce6cc0, 0xc00065e1c0, 0xc0002f1300)
	/usr/local/go/src/net/http/server.go:2741 +0xab
net/http.(*conn).serve(0xc0000ceb40, 0xce7800, 0xc0005eba00)
	/usr/local/go/src/net/http/server.go:1847 +0x646
created by net/http.(*Server).Serve
	/usr/local/go/src/net/http/server.go:2851 +0x2f5
http: panic serving 127.0.0.1:51418: template: index.html:3:5: executing "content" at <ne .data.upcomingCon...>: error calling ne: invalid type for comparison
goroutine 195 [running]:
net/http.(*conn).serve.func1(0xc000269400)
	/usr/local/go/src/net/http/server.go:1746 +0xd0
panic(0xb737c0, 0xc0007a2300)
	/usr/local/go/src/runtime/panic.go:513 +0x1b9
github.com/gin-gonic/gin.(*Context).Render(0xc00011d8c0, 0xc8, 0xce5d40, 0xc0008399e0)
	/home/dev/go/src/github.com/gin-gonic/gin/context.go:725 +0x160
github.com/gin-gonic/gin.(*Context).HTML(0xc00011d8c0, 0xc8, 0xc10d4a, 0x5, 0x0, 0x0)
	/home/dev/go/src/github.com/gin-gonic/gin/context.go:734 +0x93
_/mnt/CC9EDBF69EDBD6D4/Development_World/Backup_22-4-18/Projects/Interni/Programming_Contest_Management_Platform/app/views.Render(0xc00011d8c0, 0xc10d4a, 0x5, 0xc0007ee300)
	/mnt/CC9EDBF69EDBD6D4/Development World/Backup 22-4-18/Projects/Interni/Programming Contest Management Platform/app/views/views.go:49 +0x2f3
_/mnt/CC9EDBF69EDBD6D4/Development_World/Backup_22-4-18/Projects/Interni/Programming_Contest_Management_Platform/app/controllers.Index(0xc00011d8c0)
	/mnt/CC9EDBF69EDBD6D4/Development World/Backup 22-4-18/Projects/Interni/Programming Contest Management Platform/app/controllers/common.controllers.go:14 +0x231
github.com/gin-gonic/gin.(*Context).Next(0xc00011d8c0)
	/home/dev/go/src/github.com/gin-gonic/gin/context.go:108 +0x43
github.com/gin-contrib/sessions.Sessions.func1(0xc00011d8c0)
	/home/dev/go/src/github.com/gin-contrib/sessions/sessions.go:65 +0x19f
github.com/gin-gonic/gin.(*Context).Next(0xc00011d8c0)
	/home/dev/go/src/github.com/gin-gonic/gin/context.go:108 +0x43
github.com/gin-gonic/gin.LoggerWithWriter.func1(0xc00011d8c0)
	/home/dev/go/src/github.com/gin-gonic/gin/logger.go:84 +0xd2
github.com/gin-gonic/gin.(*Context).Next(0xc00011d8c0)
	/home/dev/go/src/github.com/gin-gonic/gin/context.go:108 +0x43
github.com/gin-gonic/gin.(*Engine).handleHTTPRequest(0xc0002f2000, 0xc00011d8c0)
	/home/dev/go/src/github.com/gin-gonic/gin/gin.go:363 +0x5ab
github.com/gin-gonic/gin.(*Engine).ServeHTTP(0xc0002f2000, 0xce6cc0, 0xc00065e2a0, 0xc0002f1800)
	/home/dev/go/src/github.com/gin-gonic/gin/gin.go:328 +0x132
net/http.serverHandler.ServeHTTP(0xc0000d7520, 0xce6cc0, 0xc00065e2a0, 0xc0002f1800)
	/usr/local/go/src/net/http/server.go:2741 +0xab
net/http.(*conn).serve(0xc000269400, 0xce7800, 0xc0007806c0)
	/usr/local/go/src/net/http/server.go:1847 +0x646
created by net/http.(*Server).Serve
	/usr/local/go/src/net/http/server.go:2851 +0x2f5
http: panic serving 127.0.0.1:51420: template: index.html:3:5: executing "content" at <ne .data.upcomingCon...>: error calling ne: invalid type for comparison
goroutine 197 [running]:
net/http.(*conn).serve.func1(0xc0002697c0)
	/usr/local/go/src/net/http/server.go:1746 +0xd0
panic(0xb737c0, 0xc0008443a0)
	/usr/local/go/src/runtime/panic.go:513 +0x1b9
github.com/gin-gonic/gin.(*Context).Render(0xc0006634a0, 0xc8, 0xce5d40, 0xc00080d5f0)
	/home/dev/go/src/github.com/gin-gonic/gin/context.go:725 +0x160
github.com/gin-gonic/gin.(*Context).HTML(0xc0006634a0, 0xc8, 0xc10d4a, 0x5, 0x0, 0x0)
	/home/dev/go/src/github.com/gin-gonic/gin/context.go:734 +0x93
_/mnt/CC9EDBF69EDBD6D4/Development_World/Backup_22-4-18/Projects/Interni/Programming_Contest_Management_Platform/app/views.Render(0xc0006634a0, 0xc10d4a, 0x5, 0xc0005846c0)
	/mnt/CC9EDBF69EDBD6D4/Development World/Backup 22-4-18/Projects/Interni/Programming Contest Management Platform/app/views/views.go:49 +0x2f3
_/mnt/CC9EDBF69EDBD6D4/Development_World/Backup_22-4-18/Projects/Interni/Programming_Contest_Management_Platform/app/controllers.Index(0xc0006634a0)
	/mnt/CC9EDBF69EDBD6D4/Development World/Backup 22-4-18/Projects/Interni/Programming Contest Management Platform/app/controllers/common.controllers.go:14 +0x231
github.com/gin-gonic/gin.(*Context).Next(0xc0006634a0)
	/home/dev/go/src/github.com/gin-gonic/gin/context.go:108 +0x43
github.com/gin-contrib/sessions.Sessions.func1(0xc0006634a0)
	/home/dev/go/src/github.com/gin-contrib/sessions/sessions.go:65 +0x19f
github.com/gin-gonic/gin.(*Context).Next(0xc0006634a0)
	/home/dev/go/src/github.com/gin-gonic/gin/context.go:108 +0x43
github.com/gin-gonic/gin.LoggerWithWriter.func1(0xc0006634a0)
	/home/dev/go/src/github.com/gin-gonic/gin/logger.go:84 +0xd2
github.com/gin-gonic/gin.(*Context).Next(0xc0006634a0)
	/home/dev/go/src/github.com/gin-gonic/gin/context.go:108 +0x43
github.com/gin-gonic/gin.(*Engine).handleHTTPRequest(0xc0002f2000, 0xc0006634a0)
	/home/dev/go/src/github.com/gin-gonic/gin/gin.go:363 +0x5ab
github.com/gin-gonic/gin.(*Engine).ServeHTTP(0xc0002f2000, 0xce6cc0, 0xc000034620, 0xc000598000)
	/home/dev/go/src/github.com/gin-gonic/gin/gin.go:328 +0x132
net/http.serverHandler.ServeHTTP(0xc0000d7520, 0xce6cc0, 0xc000034620, 0xc000598000)
	/usr/local/go/src/net/http/server.go:2741 +0xab
net/http.(*conn).serve(0xc0002697c0, 0xce7800, 0xc0002f96c0)
	/usr/local/go/src/net/http/server.go:1847 +0x646
created by net/http.(*Server).Serve
	/usr/local/go/src/net/http/server.go:2851 +0x2f5
http: panic serving 127.0.0.1:51422: template: index.html:3:5: executing "content" at <ne .data.upcomingCon...>: error calling ne: invalid type for comparison
goroutine 201 [running]:
net/http.(*conn).serve.func1(0xc000269a40)
	/usr/local/go/src/net/http/server.go:1746 +0xd0
panic(0xb737c0, 0xc000844880)
	/usr/local/go/src/runtime/panic.go:513 +0x1b9
github.com/gin-gonic/gin.(*Context).Render(0xc000663c30, 0xc8, 0xce5d40, 0xc0005be000)
	/home/dev/go/src/github.com/gin-gonic/gin/context.go:725 +0x160
github.com/gin-gonic/gin.(*Context).HTML(0xc000663c30, 0xc8, 0xc10d4a, 0x5, 0x0, 0x0)
	/home/dev/go/src/github.com/gin-gonic/gin/context.go:734 +0x93
_/mnt/CC9EDBF69EDBD6D4/Development_World/Backup_22-4-18/Projects/Interni/Programming_Contest_Management_Platform/app/views.Render(0xc000663c30, 0xc10d4a, 0x5, 0xc0005b4030)
	/mnt/CC9EDBF69EDBD6D4/Development World/Backup 22-4-18/Projects/Interni/Programming Contest Management Platform/app/views/views.go:49 +0x2f3
_/mnt/CC9EDBF69EDBD6D4/Development_World/Backup_22-4-18/Projects/Interni/Programming_Contest_Management_Platform/app/controllers.Index(0xc000663c30)
	/mnt/CC9EDBF69EDBD6D4/Development World/Backup 22-4-18/Projects/Interni/Programming Contest Management Platform/app/controllers/common.controllers.go:14 +0x231
github.com/gin-gonic/gin.(*Context).Next(0xc000663c30)
	/home/dev/go/src/github.com/gin-gonic/gin/context.go:108 +0x43
github.com/gin-contrib/sessions.Sessions.func1(0xc000663c30)
	/home/dev/go/src/github.com/gin-contrib/sessions/sessions.go:65 +0x19f
github.com/gin-gonic/gin.(*Context).Next(0xc000663c30)
	/home/dev/go/src/github.com/gin-gonic/gin/context.go:108 +0x43
github.com/gin-gonic/gin.LoggerWithWriter.func1(0xc000663c30)
	/home/dev/go/src/github.com/gin-gonic/gin/logger.go:84 +0xd2
github.com/gin-gonic/gin.(*Context).Next(0xc000663c30)
	/home/dev/go/src/github.com/gin-gonic/gin/context.go:108 +0x43
github.com/gin-gonic/gin.(*Engine).handleHTTPRequest(0xc0002f2000, 0xc000663c30)
	/home/dev/go/src/github.com/gin-gonic/gin/gin.go:363 +0x5ab
github.com/gin-gonic/gin.(*Engine).ServeHTTP(0xc0002f2000, 0xce6cc0, 0xc000034700, 0xc000598500)
	/home/dev/go/src/github.com/gin-gonic/gin/gin.go:328 +0x132
net/http.serverHandler.ServeHTTP(0xc0000d7520, 0xce6cc0, 0xc000034700, 0xc000598500)
	/usr/local/go/src/net/http/server.go:2741 +0xab
net/http.(*conn).serve(0xc000269a40, 0xce7800, 0xc0002f9fc0)
	/usr/local/go/src/net/http/server.go:1847 +0x646
created by net/http.(*Server).Serve
	/usr/local/go/src/net/http/server.go:2851 +0x2f5
http: panic serving 127.0.0.1:51424: template: index.html:3:5: executing "content" at <ne .data.upcomingCon...>: error calling ne: invalid type for comparison
goroutine 154 [running]:
net/http.(*conn).serve.func1(0xc00022f720)
	/usr/local/go/src/net/http/server.go:1746 +0xd0
panic(0xb737c0, 0xc0007a3b40)
	/usr/local/go/src/runtime/panic.go:513 +0x1b9
github.com/gin-gonic/gin.(*Context).Render(0xc0006a2000, 0xc8, 0xce5d40, 0xc0005b5da0)
	/home/dev/go/src/github.com/gin-gonic/gin/context.go:725 +0x160
github.com/gin-gonic/gin.(*Context).HTML(0xc0006a2000, 0xc8, 0xc10d4a, 0x5, 0x0, 0x0)
	/home/dev/go/src/github.com/gin-gonic/gin/context.go:734 +0x93
_/mnt/CC9EDBF69EDBD6D4/Development_World/Backup_22-4-18/Projects/Interni/Programming_Contest_Management_Platform/app/views.Render(0xc0006a2000, 0xc10d4a, 0x5, 0xc0007ef560)
	/mnt/CC9EDBF69EDBD6D4/Development World/Backup 22-4-18/Projects/Interni/Programming Contest Management Platform/app/views/views.go:49 +0x2f3
_/mnt/CC9EDBF69EDBD6D4/Development_World/Backup_22-4-18/Projects/Interni/Programming_Contest_Management_Platform/app/controllers.Index(0xc0006a2000)
	/mnt/CC9EDBF69EDBD6D4/Development World/Backup 22-4-18/Projects/Interni/Programming Contest Management Platform/app/controllers/common.controllers.go:14 +0x231
github.com/gin-gonic/gin.(*Context).Next(0xc0006a2000)
	/home/dev/go/src/github.com/gin-gonic/gin/context.go:108 +0x43
github.com/gin-contrib/sessions.Sessions.func1(0xc0006a2000)
	/home/dev/go/src/github.com/gin-contrib/sessions/sessions.go:65 +0x19f
github.com/gin-gonic/gin.(*Context).Next(0xc0006a2000)
	/home/dev/go/src/github.com/gin-gonic/gin/context.go:108 +0x43
github.com/gin-gonic/gin.LoggerWithWriter.func1(0xc0006a2000)
	/home/dev/go/src/github.com/gin-gonic/gin/logger.go:84 +0xd2
github.com/gin-gonic/gin.(*Context).Next(0xc0006a2000)
	/home/dev/go/src/github.com/gin-gonic/gin/context.go:108 +0x43
github.com/gin-gonic/gin.(*Engine).handleHTTPRequest(0xc0002f2000, 0xc0006a2000)
	/home/dev/go/src/github.com/gin-gonic/gin/gin.go:363 +0x5ab
github.com/gin-gonic/gin.(*Engine).ServeHTTP(0xc0002f2000, 0xce6cc0, 0xc00065e460, 0xc0002f1a00)
	/home/dev/go/src/github.com/gin-gonic/gin/gin.go:328 +0x132
net/http.serverHandler.ServeHTTP(0xc0000d7520, 0xce6cc0, 0xc00065e460, 0xc0002f1a00)
	/usr/local/go/src/net/http/server.go:2741 +0xab
net/http.(*conn).serve(0xc00022f720, 0xce7800, 0xc000780cc0)
	/usr/local/go/src/net/http/server.go:1847 +0x646
created by net/http.(*Server).Serve
	/usr/local/go/src/net/http/server.go:2851 +0x2f5
http: panic serving 127.0.0.1:51426: template: index.html:3:5: executing "content" at <ne .data.upcomingCon...>: error calling ne: invalid type for comparison
goroutine 155 [running]:
net/http.(*conn).serve.func1(0xc00022f860)
	/usr/local/go/src/net/http/server.go:1746 +0xd0
panic(0xb737c0, 0xc0008101a0)
	/usr/local/go/src/runtime/panic.go:513 +0x1b9
github.com/gin-gonic/gin.(*Context).Render(0xc00075e6e0, 0xc8, 0xce5d40, 0xc0006ac840)
	/home/dev/go/src/github.com/gin-gonic/gin/context.go:725 +0x160
github.com/gin-gonic/gin.(*Context).HTML(0xc00075e6e0, 0xc8, 0xc10d4a, 0x5, 0x0, 0x0)
	/home/dev/go/src/github.com/gin-gonic/gin/context.go:734 +0x93
_/mnt/CC9EDBF69EDBD6D4/Development_World/Backup_22-4-18/Projects/Interni/Programming_Contest_Management_Platform/app/views.Render(0xc00075e6e0, 0xc10d4a, 0x5, 0xc0005bed20)
	/mnt/CC9EDBF69EDBD6D4/Development World/Backup 22-4-18/Projects/Interni/Programming Contest Management Platform/app/views/views.go:49 +0x2f3
_/mnt/CC9EDBF69EDBD6D4/Development_World/Backup_22-4-18/Projects/Interni/Programming_Contest_Management_Platform/app/controllers.Index(0xc00075e6e0)
	/mnt/CC9EDBF69EDBD6D4/Development World/Backup 22-4-18/Projects/Interni/Programming Contest Management Platform/app/controllers/common.controllers.go:14 +0x231
github.com/gin-gonic/gin.(*Context).Next(0xc00075e6e0)
	/home/dev/go/src/github.com/gin-gonic/gin/context.go:108 +0x43
github.com/gin-contrib/sessions.Sessions.func1(0xc00075e6e0)
	/home/dev/go/src/github.com/gin-contrib/sessions/sessions.go:65 +0x19f
github.com/gin-gonic/gin.(*Context).Next(0xc00075e6e0)
	/home/dev/go/src/github.com/gin-gonic/gin/context.go:108 +0x43
github.com/gin-gonic/gin.LoggerWithWriter.func1(0xc00075e6e0)
	/home/dev/go/src/github.com/gin-gonic/gin/logger.go:84 +0xd2
github.com/gin-gonic/gin.(*Context).Next(0xc00075e6e0)
	/home/dev/go/src/github.com/gin-gonic/gin/context.go:108 +0x43
github.com/gin-gonic/gin.(*Engine).handleHTTPRequest(0xc0002f2000, 0xc00075e6e0)
	/home/dev/go/src/github.com/gin-gonic/gin/gin.go:363 +0x5ab
github.com/gin-gonic/gin.(*Engine).ServeHTTP(0xc0002f2000, 0xce6cc0, 0xc0006880e0, 0xc000168500)
	/home/dev/go/src/github.com/gin-gonic/gin/gin.go:328 +0x132
net/http.serverHandler.ServeHTTP(0xc0000d7520, 0xce6cc0, 0xc0006880e0, 0xc000168500)
	/usr/local/go/src/net/http/server.go:2741 +0xab
net/http.(*conn).serve(0xc00022f860, 0xce7800, 0xc0001ffd80)
	/usr/local/go/src/net/http/server.go:1847 +0x646
created by net/http.(*Server).Serve
	/usr/local/go/src/net/http/server.go:2851 +0x2f5
http: panic serving 127.0.0.1:51428: template: index.html:3:5: executing "content" at <ne .data.upcomingCon...>: error calling ne: invalid type for comparison
goroutine 177 [running]:
net/http.(*conn).serve.func1(0xc0000cf2c0)
	/usr/local/go/src/net/http/server.go:1746 +0xd0
panic(0xb737c0, 0xc000810700)
	/usr/local/go/src/runtime/panic.go:513 +0x1b9
github.com/gin-gonic/gin.(*Context).Render(0xc0006a26e0, 0xc8, 0xce5d40, 0xc0006ad2c0)
	/home/dev/go/src/github.com/gin-gonic/gin/context.go:725 +0x160
github.com/gin-gonic/gin.(*Context).HTML(0xc0006a26e0, 0xc8, 0xc10d4a, 0x5, 0x0, 0x0)
	/home/dev/go/src/github.com/gin-gonic/gin/context.go:734 +0x93
_/mnt/CC9EDBF69EDBD6D4/Development_World/Backup_22-4-18/Projects/Interni/Programming_Contest_Management_Platform/app/views.Render(0xc0006a26e0, 0xc10d4a, 0x5, 0xc0006aa780)
	/mnt/CC9EDBF69EDBD6D4/Development World/Backup 22-4-18/Projects/Interni/Programming Contest Management Platform/app/views/views.go:49 +0x2f3
_/mnt/CC9EDBF69EDBD6D4/Development_World/Backup_22-4-18/Projects/Interni/Programming_Contest_Management_Platform/app/controllers.Index(0xc0006a26e0)
	/mnt/CC9EDBF69EDBD6D4/Development World/Backup 22-4-18/Projects/Interni/Programming Contest Management Platform/app/controllers/common.controllers.go:14 +0x231
github.com/gin-gonic/gin.(*Context).Next(0xc0006a26e0)
	/home/dev/go/src/github.com/gin-gonic/gin/context.go:108 +0x43
github.com/gin-contrib/sessions.Sessions.func1(0xc0006a26e0)
	/home/dev/go/src/github.com/gin-contrib/sessions/sessions.go:65 +0x19f
github.com/gin-gonic/gin.(*Context).Next(0xc0006a26e0)
	/home/dev/go/src/github.com/gin-gonic/gin/context.go:108 +0x43
github.com/gin-gonic/gin.LoggerWithWriter.func1(0xc0006a26e0)
	/home/dev/go/src/github.com/gin-gonic/gin/logger.go:84 +0xd2
github.com/gin-gonic/gin.(*Context).Next(0xc0006a26e0)
	/home/dev/go/src/github.com/gin-gonic/gin/context.go:108 +0x43
github.com/gin-gonic/gin.(*Engine).handleHTTPRequest(0xc0002f2000, 0xc0006a26e0)
	/home/dev/go/src/github.com/gin-gonic/gin/gin.go:363 +0x5ab
github.com/gin-gonic/gin.(*Engine).ServeHTTP(0xc0002f2000, 0xce6cc0, 0xc00065e540, 0xc0002f1c00)
	/home/dev/go/src/github.com/gin-gonic/gin/gin.go:328 +0x132
net/http.serverHandler.ServeHTTP(0xc0000d7520, 0xce6cc0, 0xc00065e540, 0xc0002f1c00)
	/usr/local/go/src/net/http/server.go:2741 +0xab
net/http.(*conn).serve(0xc0000cf2c0, 0xce7800, 0xc000781380)
	/usr/local/go/src/net/http/server.go:1847 +0x646
created by net/http.(*Server).Serve
	/usr/local/go/src/net/http/server.go:2851 +0x2f5
http: panic serving 127.0.0.1:51430: template: index.html:3:5: executing "content" at <ne .data.upcomingCon...>: error calling ne: invalid type for comparison
goroutine 206 [running]:
net/http.(*conn).serve.func1(0xc0002706e0)
	/usr/local/go/src/net/http/server.go:1746 +0xd0
panic(0xb737c0, 0xc000845740)
	/usr/local/go/src/runtime/panic.go:513 +0x1b9
github.com/gin-gonic/gin.(*Context).Render(0xc0005b2370, 0xc8, 0xce5d40, 0xc000702900)
	/home/dev/go/src/github.com/gin-gonic/gin/context.go:725 +0x160
github.com/gin-gonic/gin.(*Context).HTML(0xc0005b2370, 0xc8, 0xc10d4a, 0x5, 0x0, 0x0)
	/home/dev/go/src/github.com/gin-gonic/gin/context.go:734 +0x93
_/mnt/CC9EDBF69EDBD6D4/Development_World/Backup_22-4-18/Projects/Interni/Programming_Contest_Management_Platform/app/views.Render(0xc0005b2370, 0xc10d4a, 0x5, 0xc0006adf80)
	/mnt/CC9EDBF69EDBD6D4/Development World/Backup 22-4-18/Projects/Interni/Programming Contest Management Platform/app/views/views.go:49 +0x2f3
_/mnt/CC9EDBF69EDBD6D4/Development_World/Backup_22-4-18/Projects/Interni/Programming_Contest_Management_Platform/app/controllers.Index(0xc0005b2370)
	/mnt/CC9EDBF69EDBD6D4/Development World/Backup 22-4-18/Projects/Interni/Programming Contest Management Platform/app/controllers/common.controllers.go:14 +0x231
github.com/gin-gonic/gin.(*Context).Next(0xc0005b2370)
	/home/dev/go/src/github.com/gin-gonic/gin/context.go:108 +0x43
github.com/gin-contrib/sessions.Sessions.func1(0xc0005b2370)
	/home/dev/go/src/github.com/gin-contrib/sessions/sessions.go:65 +0x19f
github.com/gin-gonic/gin.(*Context).Next(0xc0005b2370)
	/home/dev/go/src/github.com/gin-gonic/gin/context.go:108 +0x43
github.com/gin-gonic/gin.LoggerWithWriter.func1(0xc0005b2370)
	/home/dev/go/src/github.com/gin-gonic/gin/logger.go:84 +0xd2
github.com/gin-gonic/gin.(*Context).Next(0xc0005b2370)
	/home/dev/go/src/github.com/gin-gonic/gin/context.go:108 +0x43
github.com/gin-gonic/gin.(*Engine).handleHTTPRequest(0xc0002f2000, 0xc0005b2370)
	/home/dev/go/src/github.com/gin-gonic/gin/gin.go:363 +0x5ab
github.com/gin-gonic/gin.(*Engine).ServeHTTP(0xc0002f2000, 0xce6cc0, 0xc0000347e0, 0xc000598d00)
	/home/dev/go/src/github.com/gin-gonic/gin/gin.go:328 +0x132
net/http.serverHandler.ServeHTTP(0xc0000d7520, 0xce6cc0, 0xc0000347e0, 0xc000598d00)
	/usr/local/go/src/net/http/server.go:2741 +0xab
net/http.(*conn).serve(0xc0002706e0, 0xce7800, 0xc000847600)
	/usr/local/go/src/net/http/server.go:1847 +0x646
created by net/http.(*Server).Serve
	/usr/local/go/src/net/http/server.go:2851 +0x2f5
http: panic serving 127.0.0.1:51432: template: index.html:3:5: executing "content" at <ne .data.upcomingCon...>: error calling ne: invalid type for comparison
goroutine 213 [running]:
net/http.(*conn).serve.func1(0xc0000cf540)
	/usr/local/go/src/net/http/server.go:1746 +0xd0
panic(0xb737c0, 0xc00000ca60)
	/usr/local/go/src/runtime/panic.go:513 +0x1b9
github.com/gin-gonic/gin.(*Context).Render(0xc0006a2dc0, 0xc8, 0xce5d40, 0xc0007235f0)
	/home/dev/go/src/github.com/gin-gonic/gin/context.go:725 +0x160
github.com/gin-gonic/gin.(*Context).HTML(0xc0006a2dc0, 0xc8, 0xc10d4a, 0x5, 0x0, 0x0)
	/home/dev/go/src/github.com/gin-gonic/gin/context.go:734 +0x93
_/mnt/CC9EDBF69EDBD6D4/Development_World/Backup_22-4-18/Projects/Interni/Programming_Contest_Management_Platform/app/views.Render(0xc0006a2dc0, 0xc10d4a, 0x5, 0xc000722000)
	/mnt/CC9EDBF69EDBD6D4/Development World/Backup 22-4-18/Projects/Interni/Programming Contest Management Platform/app/views/views.go:49 +0x2f3
_/mnt/CC9EDBF69EDBD6D4/Development_World/Backup_22-4-18/Projects/Interni/Programming_Contest_Management_Platform/app/controllers.Index(0xc0006a2dc0)
	/mnt/CC9EDBF69EDBD6D4/Development World/Backup 22-4-18/Projects/Interni/Programming Contest Management Platform/app/controllers/common.controllers.go:14 +0x231
github.com/gin-gonic/gin.(*Context).Next(0xc0006a2dc0)
	/home/dev/go/src/github.com/gin-gonic/gin/context.go:108 +0x43
github.com/gin-contrib/sessions.Sessions.func1(0xc0006a2dc0)
	/home/dev/go/src/github.com/gin-contrib/sessions/sessions.go:65 +0x19f
github.com/gin-gonic/gin.(*Context).Next(0xc0006a2dc0)
	/home/dev/go/src/github.com/gin-gonic/gin/context.go:108 +0x43
github.com/gin-gonic/gin.LoggerWithWriter.func1(0xc0006a2dc0)
	/home/dev/go/src/github.com/gin-gonic/gin/logger.go:84 +0xd2
github.com/gin-gonic/gin.(*Context).Next(0xc0006a2dc0)
	/home/dev/go/src/github.com/gin-gonic/gin/context.go:108 +0x43
github.com/gin-gonic/gin.(*Engine).handleHTTPRequest(0xc0002f2000, 0xc0006a2dc0)
	/home/dev/go/src/github.com/gin-gonic/gin/gin.go:363 +0x5ab
github.com/gin-gonic/gin.(*Engine).ServeHTTP(0xc0002f2000, 0xce6cc0, 0xc00065e620, 0xc0006e0100)
	/home/dev/go/src/github.com/gin-gonic/gin/gin.go:328 +0x132
net/http.serverHandler.ServeHTTP(0xc0000d7520, 0xce6cc0, 0xc00065e620, 0xc0006e0100)
	/usr/local/go/src/net/http/server.go:2741 +0xab
net/http.(*conn).serve(0xc0000cf540, 0xce7800, 0xc000781dc0)
	/usr/local/go/src/net/http/server.go:1847 +0x646
created by net/http.(*Server).Serve
	/usr/local/go/src/net/http/server.go:2851 +0x2f5
http: panic serving 127.0.0.1:51434: template: index.html:3:5: executing "content" at <ne .data.upcomingCon...>: error calling ne: invalid type for comparison
goroutine 209 [running]:
net/http.(*conn).serve.func1(0xc000270960)
	/usr/local/go/src/net/http/server.go:1746 +0xd0
panic(0xb737c0, 0xc000811c80)
	/usr/local/go/src/runtime/panic.go:513 +0x1b9
github.com/gin-gonic/gin.(*Context).Render(0xc0005b2a50, 0xc8, 0xce5d40, 0xc00074a810)
	/home/dev/go/src/github.com/gin-gonic/gin/context.go:725 +0x160
github.com/gin-gonic/gin.(*Context).HTML(0xc0005b2a50, 0xc8, 0xc10d4a, 0x5, 0x0, 0x0)
	/home/dev/go/src/github.com/gin-gonic/gin/context.go:734 +0x93
_/mnt/CC9EDBF69EDBD6D4/Development_World/Backup_22-4-18/Projects/Interni/Programming_Contest_Management_Platform/app/views.Render(0xc0005b2a50, 0xc10d4a, 0x5, 0xc0006f9200)
	/mnt/CC9EDBF69EDBD6D4/Development World/Backup 22-4-18/Projects/Interni/Programming Contest Management Platform/app/views/views.go:49 +0x2f3
_/mnt/CC9EDBF69EDBD6D4/Development_World/Backup_22-4-18/Projects/Interni/Programming_Contest_Management_Platform/app/controllers.Index(0xc0005b2a50)
	/mnt/CC9EDBF69EDBD6D4/Development World/Backup 22-4-18/Projects/Interni/Programming Contest Management Platform/app/controllers/common.controllers.go:14 +0x231
github.com/gin-gonic/gin.(*Context).Next(0xc0005b2a50)
	/home/dev/go/src/github.com/gin-gonic/gin/context.go:108 +0x43
github.com/gin-contrib/sessions.Sessions.func1(0xc0005b2a50)
	/home/dev/go/src/github.com/gin-contrib/sessions/sessions.go:65 +0x19f
github.com/gin-gonic/gin.(*Context).Next(0xc0005b2a50)
	/home/dev/go/src/github.com/gin-gonic/gin/context.go:108 +0x43
github.com/gin-gonic/gin.LoggerWithWriter.func1(0xc0005b2a50)
	/home/dev/go/src/github.com/gin-gonic/gin/logger.go:84 +0xd2
github.com/gin-gonic/gin.(*Context).Next(0xc0005b2a50)
	/home/dev/go/src/github.com/gin-gonic/gin/context.go:108 +0x43
github.com/gin-gonic/gin.(*Engine).handleHTTPRequest(0xc0002f2000, 0xc0005b2a50)
	/home/dev/go/src/github.com/gin-gonic/gin/gin.go:363 +0x5ab
github.com/gin-gonic/gin.(*Engine).ServeHTTP(0xc0002f2000, 0xce6cc0, 0xc0000348c0, 0xc000599000)
	/home/dev/go/src/github.com/gin-gonic/gin/gin.go:328 +0x132
net/http.serverHandler.ServeHTTP(0xc0000d7520, 0xce6cc0, 0xc0000348c0, 0xc000599000)
	/usr/local/go/src/net/http/server.go:2741 +0xab
net/http.(*conn).serve(0xc000270960, 0xce7800, 0xc000847c40)
	/usr/local/go/src/net/http/server.go:1847 +0x646
created by net/http.(*Server).Serve
	/usr/local/go/src/net/http/server.go:2851 +0x2f5
http: panic serving 127.0.0.1:51436: template: index.html:3:5: executing "content" at <ne .data.upcomingCon...>: error calling ne: invalid type for comparison
goroutine 217 [running]:
net/http.(*conn).serve.func1(0xc0002700a0)
	/usr/local/go/src/net/http/server.go:1746 +0xd0
panic(0xb737c0, 0xc00029d300)
	/usr/local/go/src/runtime/panic.go:513 +0x1b9
github.com/gin-gonic/gin.(*Context).Render(0xc00011c2c0, 0xc8, 0xce5d40, 0xc0005cde60)
	/home/dev/go/src/github.com/gin-gonic/gin/context.go:725 +0x160
github.com/gin-gonic/gin.(*Context).HTML(0xc00011c2c0, 0xc8, 0xc10d4a, 0x5, 0x0, 0x0)
	/home/dev/go/src/github.com/gin-gonic/gin/context.go:734 +0x93
_/mnt/CC9EDBF69EDBD6D4/Development_World/Backup_22-4-18/Projects/Interni/Programming_Contest_Management_Platform/app/views.Render(0xc00011c2c0, 0xc10d4a, 0x5, 0xc0005cc660)
	/mnt/CC9EDBF69EDBD6D4/Development World/Backup 22-4-18/Projects/Interni/Programming Contest Management Platform/app/views/views.go:49 +0x2f3
_/mnt/CC9EDBF69EDBD6D4/Development_World/Backup_22-4-18/Projects/Interni/Programming_Contest_Management_Platform/app/controllers.Index(0xc00011c2c0)
	/mnt/CC9EDBF69EDBD6D4/Development World/Backup 22-4-18/Projects/Interni/Programming Contest Management Platform/app/controllers/common.controllers.go:14 +0x231
github.com/gin-gonic/gin.(*Context).Next(0xc00011c2c0)
	/home/dev/go/src/github.com/gin-gonic/gin/context.go:108 +0x43
github.com/gin-contrib/sessions.Sessions.func1(0xc00011c2c0)
	/home/dev/go/src/github.com/gin-contrib/sessions/sessions.go:65 +0x19f
github.com/gin-gonic/gin.(*Context).Next(0xc00011c2c0)
	/home/dev/go/src/github.com/gin-gonic/gin/context.go:108 +0x43
github.com/gin-gonic/gin.LoggerWithWriter.func1(0xc00011c2c0)
	/home/dev/go/src/github.com/gin-gonic/gin/logger.go:84 +0xd2
github.com/gin-gonic/gin.(*Context).Next(0xc00011c2c0)
	/home/dev/go/src/github.com/gin-gonic/gin/context.go:108 +0x43
github.com/gin-gonic/gin.(*Engine).handleHTTPRequest(0xc0002f2000, 0xc00011c2c0)
	/home/dev/go/src/github.com/gin-gonic/gin/gin.go:363 +0x5ab
github.com/gin-gonic/gin.(*Engine).ServeHTTP(0xc0002f2000, 0xce6cc0, 0xc0000341c0, 0xc000598000)
	/home/dev/go/src/github.com/gin-gonic/gin/gin.go:328 +0x132
net/http.serverHandler.ServeHTTP(0xc0000d7520, 0xce6cc0, 0xc0000341c0, 0xc000598000)
	/usr/local/go/src/net/http/server.go:2741 +0xab
net/http.(*conn).serve(0xc0002700a0, 0xce7800, 0xc0005ea0c0)
	/usr/local/go/src/net/http/server.go:1847 +0x646
created by net/http.(*Server).Serve
	/usr/local/go/src/net/http/server.go:2851 +0x2f5
http: panic serving 127.0.0.1:51438: template: index.html:3:5: executing "content" at <ne .data.upcomingCon...>: error calling ne: invalid type for comparison
goroutine 160 [running]:
net/http.(*conn).serve.func1(0xc000268000)
	/usr/local/go/src/net/http/server.go:1746 +0xd0
panic(0xb737c0, 0xc0002e47a0)
	/usr/local/go/src/runtime/panic.go:513 +0x1b9
github.com/gin-gonic/gin.(*Context).Render(0xc00011cb00, 0xc8, 0xce5d40, 0xc0007649c0)
	/home/dev/go/src/github.com/gin-gonic/gin/context.go:725 +0x160
github.com/gin-gonic/gin.(*Context).HTML(0xc00011cb00, 0xc8, 0xc10d4a, 0x5, 0x0, 0x0)
	/home/dev/go/src/github.com/gin-gonic/gin/context.go:734 +0x93
_/mnt/CC9EDBF69EDBD6D4/Development_World/Backup_22-4-18/Projects/Interni/Programming_Contest_Management_Platform/app/views.Render(0xc00011cb00, 0xc10d4a, 0x5, 0xc0007eeae0)
	/mnt/CC9EDBF69EDBD6D4/Development World/Backup 22-4-18/Projects/Interni/Programming Contest Management Platform/app/views/views.go:49 +0x2f3
_/mnt/CC9EDBF69EDBD6D4/Development_World/Backup_22-4-18/Projects/Interni/Programming_Contest_Management_Platform/app/controllers.Index(0xc00011cb00)
	/mnt/CC9EDBF69EDBD6D4/Development World/Backup 22-4-18/Projects/Interni/Programming Contest Management Platform/app/controllers/common.controllers.go:14 +0x231
github.com/gin-gonic/gin.(*Context).Next(0xc00011cb00)
	/home/dev/go/src/github.com/gin-gonic/gin/context.go:108 +0x43
github.com/gin-contrib/sessions.Sessions.func1(0xc00011cb00)
	/home/dev/go/src/github.com/gin-contrib/sessions/sessions.go:65 +0x19f
github.com/gin-gonic/gin.(*Context).Next(0xc00011cb00)
	/home/dev/go/src/github.com/gin-gonic/gin/context.go:108 +0x43
github.com/gin-gonic/gin.LoggerWithWriter.func1(0xc00011cb00)
	/home/dev/go/src/github.com/gin-gonic/gin/logger.go:84 +0xd2
github.com/gin-gonic/gin.(*Context).Next(0xc00011cb00)
	/home/dev/go/src/github.com/gin-gonic/gin/context.go:108 +0x43
github.com/gin-gonic/gin.(*Engine).handleHTTPRequest(0xc0002f2000, 0xc00011cb00)
	/home/dev/go/src/github.com/gin-gonic/gin/gin.go:363 +0x5ab
github.com/gin-gonic/gin.(*Engine).ServeHTTP(0xc0002f2000, 0xce6cc0, 0xc0000342a0, 0xc000598500)
	/home/dev/go/src/github.com/gin-gonic/gin/gin.go:328 +0x132
net/http.serverHandler.ServeHTTP(0xc0000d7520, 0xce6cc0, 0xc0000342a0, 0xc000598500)
	/usr/local/go/src/net/http/server.go:2741 +0xab
net/http.(*conn).serve(0xc000268000, 0xce7800, 0xc0005eb380)
	/usr/local/go/src/net/http/server.go:1847 +0x646
created by net/http.(*Server).Serve
	/usr/local/go/src/net/http/server.go:2851 +0x2f5
http: panic serving 127.0.0.1:51440: template: index.html:3:5: executing "content" at <ne .data.upcomingCon...>: error calling ne: invalid type for comparison
goroutine 161 [running]:
net/http.(*conn).serve.func1(0xc000268140)
	/usr/local/go/src/net/http/server.go:1746 +0xd0
panic(0xb737c0, 0xc0000e66e0)
	/usr/local/go/src/runtime/panic.go:513 +0x1b9
github.com/gin-gonic/gin.(*Context).Render(0xc0003028f0, 0xc8, 0xce5d40, 0xc0006e60f0)
	/home/dev/go/src/github.com/gin-gonic/gin/context.go:725 +0x160
github.com/gin-gonic/gin.(*Context).HTML(0xc0003028f0, 0xc8, 0xc10d4a, 0x5, 0x0, 0x0)
	/home/dev/go/src/github.com/gin-gonic/gin/context.go:734 +0x93
_/mnt/CC9EDBF69EDBD6D4/Development_World/Backup_22-4-18/Projects/Interni/Programming_Contest_Management_Platform/app/views.Render(0xc0003028f0, 0xc10d4a, 0x5, 0xc00075a690)
	/mnt/CC9EDBF69EDBD6D4/Development World/Backup 22-4-18/Projects/Interni/Programming Contest Management Platform/app/views/views.go:49 +0x2f3
_/mnt/CC9EDBF69EDBD6D4/Development_World/Backup_22-4-18/Projects/Interni/Programming_Contest_Management_Platform/app/controllers.Index(0xc0003028f0)
	/mnt/CC9EDBF69EDBD6D4/Development World/Backup 22-4-18/Projects/Interni/Programming Contest Management Platform/app/controllers/common.controllers.go:14 +0x231
github.com/gin-gonic/gin.(*Context).Next(0xc0003028f0)
	/home/dev/go/src/github.com/gin-gonic/gin/context.go:108 +0x43
github.com/gin-contrib/sessions.Sessions.func1(0xc0003028f0)
	/home/dev/go/src/github.com/gin-contrib/sessions/sessions.go:65 +0x19f
github.com/gin-gonic/gin.(*Context).Next(0xc0003028f0)
	/home/dev/go/src/github.com/gin-gonic/gin/context.go:108 +0x43
github.com/gin-gonic/gin.LoggerWithWriter.func1(0xc0003028f0)
	/home/dev/go/src/github.com/gin-gonic/gin/logger.go:84 +0xd2
github.com/gin-gonic/gin.(*Context).Next(0xc0003028f0)
	/home/dev/go/src/github.com/gin-gonic/gin/context.go:108 +0x43
github.com/gin-gonic/gin.(*Engine).handleHTTPRequest(0xc0002f2000, 0xc0003028f0)
	/home/dev/go/src/github.com/gin-gonic/gin/gin.go:363 +0x5ab
github.com/gin-gonic/gin.(*Engine).ServeHTTP(0xc0002f2000, 0xce6cc0, 0xc0001ac000, 0xc000168000)
	/home/dev/go/src/github.com/gin-gonic/gin/gin.go:328 +0x132
net/http.serverHandler.ServeHTTP(0xc0000d7520, 0xce6cc0, 0xc0001ac000, 0xc000168000)
	/usr/local/go/src/net/http/server.go:2741 +0xab
net/http.(*conn).serve(0xc000268140, 0xce7800, 0xc000780000)
	/usr/local/go/src/net/http/server.go:1847 +0x646
created by net/http.(*Server).Serve
	/usr/local/go/src/net/http/server.go:2851 +0x2f5
http: panic serving 127.0.0.1:51442: template: index.html:3:5: executing "content" at <ne .data.upcomingCon...>: error calling ne: invalid type for comparison
goroutine 141 [running]:
net/http.(*conn).serve.func1(0xc00022e5a0)
	/usr/local/go/src/net/http/server.go:1746 +0xd0
panic(0xb737c0, 0xc0002e5620)
	/usr/local/go/src/runtime/panic.go:513 +0x1b9
github.com/gin-gonic/gin.(*Context).Render(0xc0005b2000, 0xc8, 0xce5d40, 0xc000307380)
	/home/dev/go/src/github.com/gin-gonic/gin/context.go:725 +0x160
github.com/gin-gonic/gin.(*Context).HTML(0xc0005b2000, 0xc8, 0xc10d4a, 0x5, 0x0, 0x0)
	/home/dev/go/src/github.com/gin-gonic/gin/context.go:734 +0x93
_/mnt/CC9EDBF69EDBD6D4/Development_World/Backup_22-4-18/Projects/Interni/Programming_Contest_Management_Platform/app/views.Render(0xc0005b2000, 0xc10d4a, 0x5, 0xc0007656b0)
	/mnt/CC9EDBF69EDBD6D4/Development World/Backup 22-4-18/Projects/Interni/Programming Contest Management Platform/app/views/views.go:49 +0x2f3
_/mnt/CC9EDBF69EDBD6D4/Development_World/Backup_22-4-18/Projects/Interni/Programming_Contest_Management_Platform/app/controllers.Index(0xc0005b2000)
	/mnt/CC9EDBF69EDBD6D4/Development World/Backup 22-4-18/Projects/Interni/Programming Contest Management Platform/app/controllers/common.controllers.go:14 +0x231
github.com/gin-gonic/gin.(*Context).Next(0xc0005b2000)
	/home/dev/go/src/github.com/gin-gonic/gin/context.go:108 +0x43
github.com/gin-contrib/sessions.Sessions.func1(0xc0005b2000)
	/home/dev/go/src/github.com/gin-contrib/sessions/sessions.go:65 +0x19f
github.com/gin-gonic/gin.(*Context).Next(0xc0005b2000)
	/home/dev/go/src/github.com/gin-gonic/gin/context.go:108 +0x43
github.com/gin-gonic/gin.LoggerWithWriter.func1(0xc0005b2000)
	/home/dev/go/src/github.com/gin-gonic/gin/logger.go:84 +0xd2
github.com/gin-gonic/gin.(*Context).Next(0xc0005b2000)
	/home/dev/go/src/github.com/gin-gonic/gin/context.go:108 +0x43
github.com/gin-gonic/gin.(*Engine).handleHTTPRequest(0xc0002f2000, 0xc0005b2000)
	/home/dev/go/src/github.com/gin-gonic/gin/gin.go:363 +0x5ab
github.com/gin-gonic/gin.(*Engine).ServeHTTP(0xc0002f2000, 0xce6cc0, 0xc0005b4000, 0xc0002f0900)
	/home/dev/go/src/github.com/gin-gonic/gin/gin.go:328 +0x132
net/http.serverHandler.ServeHTTP(0xc0000d7520, 0xce6cc0, 0xc0005b4000, 0xc0002f0900)
	/usr/local/go/src/net/http/server.go:2741 +0xab
net/http.(*conn).serve(0xc00022e5a0, 0xce7800, 0xc000846600)
	/usr/local/go/src/net/http/server.go:1847 +0x646
created by net/http.(*Server).Serve
	/usr/local/go/src/net/http/server.go:2851 +0x2f5
http: panic serving 127.0.0.1:51444: template: index.html:3:5: executing "content" at <ne .data.upcomingCon...>: error calling ne: invalid type for comparison
goroutine 260 [running]:
net/http.(*conn).serve.func1(0xc0002683c0)
	/usr/local/go/src/net/http/server.go:1746 +0xd0
panic(0xb737c0, 0xc0000e6d40)
	/usr/local/go/src/runtime/panic.go:513 +0x1b9
github.com/gin-gonic/gin.(*Context).Render(0xc0003038c0, 0xc8, 0xce5d40, 0xc0006e71a0)
	/home/dev/go/src/github.com/gin-gonic/gin/context.go:725 +0x160
github.com/gin-gonic/gin.(*Context).HTML(0xc0003038c0, 0xc8, 0xc10d4a, 0x5, 0x0, 0x0)
	/home/dev/go/src/github.com/gin-gonic/gin/context.go:734 +0x93
_/mnt/CC9EDBF69EDBD6D4/Development_World/Backup_22-4-18/Projects/Interni/Programming_Contest_Management_Platform/app/views.Render(0xc0003038c0, 0xc10d4a, 0x5, 0xc00075b920)
	/mnt/CC9EDBF69EDBD6D4/Development World/Backup 22-4-18/Projects/Interni/Programming Contest Management Platform/app/views/views.go:49 +0x2f3
_/mnt/CC9EDBF69EDBD6D4/Development_World/Backup_22-4-18/Projects/Interni/Programming_Contest_Management_Platform/app/controllers.Index(0xc0003038c0)
	/mnt/CC9EDBF69EDBD6D4/Development World/Backup 22-4-18/Projects/Interni/Programming Contest Management Platform/app/controllers/common.controllers.go:14 +0x231
github.com/gin-gonic/gin.(*Context).Next(0xc0003038c0)
	/home/dev/go/src/github.com/gin-gonic/gin/context.go:108 +0x43
github.com/gin-contrib/sessions.Sessions.func1(0xc0003038c0)
	/home/dev/go/src/github.com/gin-contrib/sessions/sessions.go:65 +0x19f
github.com/gin-gonic/gin.(*Context).Next(0xc0003038c0)
	/home/dev/go/src/github.com/gin-gonic/gin/context.go:108 +0x43
github.com/gin-gonic/gin.LoggerWithWriter.func1(0xc0003038c0)
	/home/dev/go/src/github.com/gin-gonic/gin/logger.go:84 +0xd2
github.com/gin-gonic/gin.(*Context).Next(0xc0003038c0)
	/home/dev/go/src/github.com/gin-gonic/gin/context.go:108 +0x43
github.com/gin-gonic/gin.(*Engine).handleHTTPRequest(0xc0002f2000, 0xc0003038c0)
	/home/dev/go/src/github.com/gin-gonic/gin/gin.go:363 +0x5ab
github.com/gin-gonic/gin.(*Engine).ServeHTTP(0xc0002f2000, 0xce6cc0, 0xc0001ac0e0, 0xc000168300)
	/home/dev/go/src/github.com/gin-gonic/gin/gin.go:328 +0x132
net/http.serverHandler.ServeHTTP(0xc0000d7520, 0xce6cc0, 0xc0001ac0e0, 0xc000168300)
	/usr/local/go/src/net/http/server.go:2741 +0xab
net/http.(*conn).serve(0xc0002683c0, 0xce7800, 0xc000780680)
	/usr/local/go/src/net/http/server.go:1847 +0x646
created by net/http.(*Server).Serve
	/usr/local/go/src/net/http/server.go:2851 +0x2f5
http: panic serving 127.0.0.1:51446: template: index.html:3:5: executing "content" at <ne .data.upcomingCon...>: error calling ne: invalid type for comparison
goroutine 145 [running]:
net/http.(*conn).serve.func1(0xc00022eaa0)
	/usr/local/go/src/net/http/server.go:1746 +0xd0
panic(0xb737c0, 0xc0002fa0e0)
	/usr/local/go/src/runtime/panic.go:513 +0x1b9
github.com/gin-gonic/gin.(*Context).Render(0xc00011d1e0, 0xc8, 0xce5d40, 0xc0001fc270)
	/home/dev/go/src/github.com/gin-gonic/gin/context.go:725 +0x160
github.com/gin-gonic/gin.(*Context).HTML(0xc00011d1e0, 0xc8, 0xc10d4a, 0x5, 0x0, 0x0)
	/home/dev/go/src/github.com/gin-gonic/gin/context.go:734 +0x93
_/mnt/CC9EDBF69EDBD6D4/Development_World/Backup_22-4-18/Projects/Interni/Programming_Contest_Management_Platform/app/views.Render(0xc00011d1e0, 0xc10d4a, 0x5, 0xc0006e7e00)
	/mnt/CC9EDBF69EDBD6D4/Development World/Backup 22-4-18/Projects/Interni/Programming Contest Management Platform/app/views/views.go:49 +0x2f3
_/mnt/CC9EDBF69EDBD6D4/Development_World/Backup_22-4-18/Projects/Interni/Programming_Contest_Management_Platform/app/controllers.Index(0xc00011d1e0)
	/mnt/CC9EDBF69EDBD6D4/Development World/Backup 22-4-18/Projects/Interni/Programming Contest Management Platform/app/controllers/common.controllers.go:14 +0x231
github.com/gin-gonic/gin.(*Context).Next(0xc00011d1e0)
	/home/dev/go/src/github.com/gin-gonic/gin/context.go:108 +0x43
github.com/gin-contrib/sessions.Sessions.func1(0xc00011d1e0)
	/home/dev/go/src/github.com/gin-contrib/sessions/sessions.go:65 +0x19f
github.com/gin-gonic/gin.(*Context).Next(0xc00011d1e0)
	/home/dev/go/src/github.com/gin-gonic/gin/context.go:108 +0x43
github.com/gin-gonic/gin.LoggerWithWriter.func1(0xc00011d1e0)
	/home/dev/go/src/github.com/gin-gonic/gin/logger.go:84 +0xd2
github.com/gin-gonic/gin.(*Context).Next(0xc00011d1e0)
	/home/dev/go/src/github.com/gin-gonic/gin/context.go:108 +0x43
github.com/gin-gonic/gin.(*Engine).handleHTTPRequest(0xc0002f2000, 0xc00011d1e0)
	/home/dev/go/src/github.com/gin-gonic/gin/gin.go:363 +0x5ab
github.com/gin-gonic/gin.(*Engine).ServeHTTP(0xc0002f2000, 0xce6cc0, 0xc000034380, 0xc000598d00)
	/home/dev/go/src/github.com/gin-gonic/gin/gin.go:328 +0x132
net/http.serverHandler.ServeHTTP(0xc0000d7520, 0xce6cc0, 0xc000034380, 0xc000598d00)
	/usr/local/go/src/net/http/server.go:2741 +0xab
net/http.(*conn).serve(0xc00022eaa0, 0xce7800, 0xc0002f8640)
	/usr/local/go/src/net/http/server.go:1847 +0x646
created by net/http.(*Server).Serve
	/usr/local/go/src/net/http/server.go:2851 +0x2f5
http: panic serving 127.0.0.1:51448: template: index.html:3:5: executing "content" at <ne .data.upcomingCon...>: error calling ne: invalid type for comparison
goroutine 274 [running]:
net/http.(*conn).serve.func1(0xc00022ebe0)
	/usr/local/go/src/net/http/server.go:1746 +0xd0
panic(0xb737c0, 0xc000205fa0)
	/usr/local/go/src/runtime/panic.go:513 +0x1b9
github.com/gin-gonic/gin.(*Context).Render(0xc0005b26e0, 0xc8, 0xce5d40, 0xc0002b5650)
	/home/dev/go/src/github.com/gin-gonic/gin/context.go:725 +0x160
github.com/gin-gonic/gin.(*Context).HTML(0xc0005b26e0, 0xc8, 0xc10d4a, 0x5, 0x0, 0x0)
	/home/dev/go/src/github.com/gin-gonic/gin/context.go:734 +0x93
_/mnt/CC9EDBF69EDBD6D4/Development_World/Backup_22-4-18/Projects/Interni/Programming_Contest_Management_Platform/app/views.Render(0xc0005b26e0, 0xc10d4a, 0x5, 0xc0001e62a0)
	/mnt/CC9EDBF69EDBD6D4/Development World/Backup 22-4-18/Projects/Interni/Programming Contest Management Platform/app/views/views.go:49 +0x2f3
_/mnt/CC9EDBF69EDBD6D4/Development_World/Backup_22-4-18/Projects/Interni/Programming_Contest_Management_Platform/app/controllers.Index(0xc0005b26e0)
	/mnt/CC9EDBF69EDBD6D4/Development World/Backup 22-4-18/Projects/Interni/Programming Contest Management Platform/app/controllers/common.controllers.go:14 +0x231
github.com/gin-gonic/gin.(*Context).Next(0xc0005b26e0)
	/home/dev/go/src/github.com/gin-gonic/gin/context.go:108 +0x43
github.com/gin-contrib/sessions.Sessions.func1(0xc0005b26e0)
	/home/dev/go/src/github.com/gin-contrib/sessions/sessions.go:65 +0x19f
github.com/gin-gonic/gin.(*Context).Next(0xc0005b26e0)
	/home/dev/go/src/github.com/gin-gonic/gin/context.go:108 +0x43
github.com/gin-gonic/gin.LoggerWithWriter.func1(0xc0005b26e0)
	/home/dev/go/src/github.com/gin-gonic/gin/logger.go:84 +0xd2
github.com/gin-gonic/gin.(*Context).Next(0xc0005b26e0)
	/home/dev/go/src/github.com/gin-gonic/gin/context.go:108 +0x43
github.com/gin-gonic/gin.(*Engine).handleHTTPRequest(0xc0002f2000, 0xc0005b26e0)
	/home/dev/go/src/github.com/gin-gonic/gin/gin.go:363 +0x5ab
github.com/gin-gonic/gin.(*Engine).ServeHTTP(0xc0002f2000, 0xce6cc0, 0xc0005b40e0, 0xc0002f0e00)
	/home/dev/go/src/github.com/gin-gonic/gin/gin.go:328 +0x132
net/http.serverHandler.ServeHTTP(0xc0000d7520, 0xce6cc0, 0xc0005b40e0, 0xc0002f0e00)
	/usr/local/go/src/net/http/server.go:2741 +0xab
net/http.(*conn).serve(0xc00022ebe0, 0xce7800, 0xc0008471c0)
	/usr/local/go/src/net/http/server.go:1847 +0x646
created by net/http.(*Server).Serve
	/usr/local/go/src/net/http/server.go:2851 +0x2f5
http: panic serving 127.0.0.1:51450: template: index.html:3:5: executing "content" at <ne .data.upcomingCon...>: error calling ne: invalid type for comparison
goroutine 252 [running]:
net/http.(*conn).serve.func1(0xc0000cf400)
	/usr/local/go/src/net/http/server.go:1746 +0xd0
panic(0xb737c0, 0xc0002fa840)
	/usr/local/go/src/runtime/panic.go:513 +0x1b9
github.com/gin-gonic/gin.(*Context).Render(0xc00088e000, 0xc8, 0xce5d40, 0xc0001fcde0)
	/home/dev/go/src/github.com/gin-gonic/gin/context.go:725 +0x160
github.com/gin-gonic/gin.(*Context).HTML(0xc00088e000, 0xc8, 0xc10d4a, 0x5, 0x0, 0x0)
	/home/dev/go/src/github.com/gin-gonic/gin/context.go:734 +0x93
_/mnt/CC9EDBF69EDBD6D4/Development_World/Backup_22-4-18/Projects/Interni/Programming_Contest_Management_Platform/app/views.Render(0xc00088e000, 0xc10d4a, 0x5, 0xc0005f6060)
	/mnt/CC9EDBF69EDBD6D4/Development World/Backup 22-4-18/Projects/Interni/Programming Contest Management Platform/app/views/views.go:49 +0x2f3
_/mnt/CC9EDBF69EDBD6D4/Development_World/Backup_22-4-18/Projects/Interni/Programming_Contest_Management_Platform/app/controllers.Index(0xc00088e000)
	/mnt/CC9EDBF69EDBD6D4/Development World/Backup 22-4-18/Projects/Interni/Programming Contest Management Platform/app/controllers/common.controllers.go:14 +0x231
github.com/gin-gonic/gin.(*Context).Next(0xc00088e000)
	/home/dev/go/src/github.com/gin-gonic/gin/context.go:108 +0x43
github.com/gin-contrib/sessions.Sessions.func1(0xc00088e000)
	/home/dev/go/src/github.com/gin-contrib/sessions/sessions.go:65 +0x19f
github.com/gin-gonic/gin.(*Context).Next(0xc00088e000)
	/home/dev/go/src/github.com/gin-gonic/gin/context.go:108 +0x43
github.com/gin-gonic/gin.LoggerWithWriter.func1(0xc00088e000)
	/home/dev/go/src/github.com/gin-gonic/gin/logger.go:84 +0xd2
github.com/gin-gonic/gin.(*Context).Next(0xc00088e000)
	/home/dev/go/src/github.com/gin-gonic/gin/context.go:108 +0x43
github.com/gin-gonic/gin.(*Engine).handleHTTPRequest(0xc0002f2000, 0xc00088e000)
	/home/dev/go/src/github.com/gin-gonic/gin/gin.go:363 +0x5ab
github.com/gin-gonic/gin.(*Engine).ServeHTTP(0xc0002f2000, 0xce6cc0, 0xc0001ac1c0, 0xc000168500)
	/home/dev/go/src/github.com/gin-gonic/gin/gin.go:328 +0x132
net/http.serverHandler.ServeHTTP(0xc0000d7520, 0xce6cc0, 0xc0001ac1c0, 0xc000168500)
	/usr/local/go/src/net/http/server.go:2741 +0xab
net/http.(*conn).serve(0xc0000cf400, 0xce7800, 0xc000780e80)
	/usr/local/go/src/net/http/server.go:1847 +0x646
created by net/http.(*Server).Serve
	/usr/local/go/src/net/http/server.go:2851 +0x2f5
http: panic serving 127.0.0.1:51452: template: index.html:3:5: executing "content" at <ne .data.upcomingCon...>: error calling ne: invalid type for comparison
goroutine 266 [running]:
net/http.(*conn).serve.func1(0xc000268a00)
	/usr/local/go/src/net/http/server.go:1746 +0xd0
panic(0xb737c0, 0xc0002fb660)
	/usr/local/go/src/runtime/panic.go:513 +0x1b9
github.com/gin-gonic/gin.(*Context).Render(0xc00011d8c0, 0xc8, 0xce5d40, 0xc0005e9230)
	/home/dev/go/src/github.com/gin-gonic/gin/context.go:725 +0x160
github.com/gin-gonic/gin.(*Context).HTML(0xc00011d8c0, 0xc8, 0xc10d4a, 0x5, 0x0, 0x0)
	/home/dev/go/src/github.com/gin-gonic/gin/context.go:734 +0x93
_/mnt/CC9EDBF69EDBD6D4/Development_World/Backup_22-4-18/Projects/Interni/Programming_Contest_Management_Platform/app/views.Render(0xc00011d8c0, 0xc10d4a, 0x5, 0xc0001fda40)
	/mnt/CC9EDBF69EDBD6D4/Development World/Backup 22-4-18/Projects/Interni/Programming Contest Management Platform/app/views/views.go:49 +0x2f3
_/mnt/CC9EDBF69EDBD6D4/Development_World/Backup_22-4-18/Projects/Interni/Programming_Contest_Management_Platform/app/controllers.Index(0xc00011d8c0)
	/mnt/CC9EDBF69EDBD6D4/Development World/Backup 22-4-18/Projects/Interni/Programming Contest Management Platform/app/controllers/common.controllers.go:14 +0x231
github.com/gin-gonic/gin.(*Context).Next(0xc00011d8c0)
	/home/dev/go/src/github.com/gin-gonic/gin/context.go:108 +0x43
github.com/gin-contrib/sessions.Sessions.func1(0xc00011d8c0)
	/home/dev/go/src/github.com/gin-contrib/sessions/sessions.go:65 +0x19f
github.com/gin-gonic/gin.(*Context).Next(0xc00011d8c0)
	/home/dev/go/src/github.com/gin-gonic/gin/context.go:108 +0x43
github.com/gin-gonic/gin.LoggerWithWriter.func1(0xc00011d8c0)
	/home/dev/go/src/github.com/gin-gonic/gin/logger.go:84 +0xd2
github.com/gin-gonic/gin.(*Context).Next(0xc00011d8c0)
	/home/dev/go/src/github.com/gin-gonic/gin/context.go:108 +0x43
github.com/gin-gonic/gin.(*Engine).handleHTTPRequest(0xc0002f2000, 0xc00011d8c0)
	/home/dev/go/src/github.com/gin-gonic/gin/gin.go:363 +0x5ab
github.com/gin-gonic/gin.(*Engine).ServeHTTP(0xc0002f2000, 0xce6cc0, 0xc000034460, 0xc000599300)
	/home/dev/go/src/github.com/gin-gonic/gin/gin.go:328 +0x132
net/http.serverHandler.ServeHTTP(0xc0000d7520, 0xce6cc0, 0xc000034460, 0xc000599300)
	/usr/local/go/src/net/http/server.go:2741 +0xab
net/http.(*conn).serve(0xc000268a00, 0xce7800, 0xc0002f9780)
	/usr/local/go/src/net/http/server.go:1847 +0x646
created by net/http.(*Server).Serve
	/usr/local/go/src/net/http/server.go:2851 +0x2f5
http: panic serving 127.0.0.1:51454: template: index.html:3:5: executing "content" at <ne .data.upcomingCon...>: error calling ne: invalid type for comparison
goroutine 256 [running]:
net/http.(*conn).serve.func1(0xc0000cfb80)
	/usr/local/go/src/net/http/server.go:1746 +0xd0
panic(0xb737c0, 0xc00000c4a0)
	/usr/local/go/src/runtime/panic.go:513 +0x1b9
github.com/gin-gonic/gin.(*Context).Render(0xc0005d2000, 0xc8, 0xce5d40, 0xc0006ab560)
	/home/dev/go/src/github.com/gin-gonic/gin/context.go:725 +0x160
github.com/gin-gonic/gin.(*Context).HTML(0xc0005d2000, 0xc8, 0xc10d4a, 0x5, 0x0, 0x0)
	/home/dev/go/src/github.com/gin-gonic/gin/context.go:734 +0x93
_/mnt/CC9EDBF69EDBD6D4/Development_World/Backup_22-4-18/Projects/Interni/Programming_Contest_Management_Platform/app/views.Render(0xc0005d2000, 0xc10d4a, 0x5, 0xc0005e9f20)
	/mnt/CC9EDBF69EDBD6D4/Development World/Backup 22-4-18/Projects/Interni/Programming Contest Management Platform/app/views/views.go:49 +0x2f3
_/mnt/CC9EDBF69EDBD6D4/Development_World/Backup_22-4-18/Projects/Interni/Programming_Contest_Management_Platform/app/controllers.Index(0xc0005d2000)
	/mnt/CC9EDBF69EDBD6D4/Development World/Backup 22-4-18/Projects/Interni/Programming Contest Management Platform/app/controllers/common.controllers.go:14 +0x231
github.com/gin-gonic/gin.(*Context).Next(0xc0005d2000)
	/home/dev/go/src/github.com/gin-gonic/gin/context.go:108 +0x43
github.com/gin-contrib/sessions.Sessions.func1(0xc0005d2000)
	/home/dev/go/src/github.com/gin-contrib/sessions/sessions.go:65 +0x19f
github.com/gin-gonic/gin.(*Context).Next(0xc0005d2000)
	/home/dev/go/src/github.com/gin-gonic/gin/context.go:108 +0x43
github.com/gin-gonic/gin.LoggerWithWriter.func1(0xc0005d2000)
	/home/dev/go/src/github.com/gin-gonic/gin/logger.go:84 +0xd2
github.com/gin-gonic/gin.(*Context).Next(0xc0005d2000)
	/home/dev/go/src/github.com/gin-gonic/gin/context.go:108 +0x43
github.com/gin-gonic/gin.(*Engine).handleHTTPRequest(0xc0002f2000, 0xc0005d2000)
	/home/dev/go/src/github.com/gin-gonic/gin/gin.go:363 +0x5ab
github.com/gin-gonic/gin.(*Engine).ServeHTTP(0xc0002f2000, 0xce6cc0, 0xc000034540, 0xc000599800)
	/home/dev/go/src/github.com/gin-gonic/gin/gin.go:328 +0x132
net/http.serverHandler.ServeHTTP(0xc0000d7520, 0xce6cc0, 0xc000034540, 0xc000599800)
	/usr/local/go/src/net/http/server.go:2741 +0xab
net/http.(*conn).serve(0xc0000cfb80, 0xce7800, 0xc0001fe680)
	/usr/local/go/src/net/http/server.go:1847 +0x646
created by net/http.(*Server).Serve
	/usr/local/go/src/net/http/server.go:2851 +0x2f5
http: panic serving 127.0.0.1:51456: template: index.html:3:5: executing "content" at <ne .data.upcomingCon...>: error calling ne: invalid type for comparison
goroutine 267 [running]:
net/http.(*conn).serve.func1(0xc000268b40)
	/usr/local/go/src/net/http/server.go:1746 +0xd0
panic(0xb737c0, 0xc000811620)
	/usr/local/go/src/runtime/panic.go:513 +0x1b9
github.com/gin-gonic/gin.(*Context).Render(0xc00088e6e0, 0xc8, 0xce5d40, 0xc0006f8ff0)
	/home/dev/go/src/github.com/gin-gonic/gin/context.go:725 +0x160
github.com/gin-gonic/gin.(*Context).HTML(0xc00088e6e0, 0xc8, 0xc10d4a, 0x5, 0x0, 0x0)
	/home/dev/go/src/github.com/gin-gonic/gin/context.go:734 +0x93
_/mnt/CC9EDBF69EDBD6D4/Development_World/Backup_22-4-18/Projects/Interni/Programming_Contest_Management_Platform/app/views.Render(0xc00088e6e0, 0xc10d4a, 0x5, 0xc0005f7890)
	/mnt/CC9EDBF69EDBD6D4/Development World/Backup 22-4-18/Projects/Interni/Programming Contest Management Platform/app/views/views.go:49 +0x2f3
_/mnt/CC9EDBF69EDBD6D4/Development_World/Backup_22-4-18/Projects/Interni/Programming_Contest_Management_Platform/app/controllers.Index(0xc00088e6e0)
	/mnt/CC9EDBF69EDBD6D4/Development World/Backup 22-4-18/Projects/Interni/Programming Contest Management Platform/app/controllers/common.controllers.go:14 +0x231
github.com/gin-gonic/gin.(*Context).Next(0xc00088e6e0)
	/home/dev/go/src/github.com/gin-gonic/gin/context.go:108 +0x43
github.com/gin-contrib/sessions.Sessions.func1(0xc00088e6e0)
	/home/dev/go/src/github.com/gin-contrib/sessions/sessions.go:65 +0x19f
github.com/gin-gonic/gin.(*Context).Next(0xc00088e6e0)
	/home/dev/go/src/github.com/gin-gonic/gin/context.go:108 +0x43
github.com/gin-gonic/gin.LoggerWithWriter.func1(0xc00088e6e0)
	/home/dev/go/src/github.com/gin-gonic/gin/logger.go:84 +0xd2
github.com/gin-gonic/gin.(*Context).Next(0xc00088e6e0)
	/home/dev/go/src/github.com/gin-gonic/gin/context.go:108 +0x43
github.com/gin-gonic/gin.(*Engine).handleHTTPRequest(0xc0002f2000, 0xc00088e6e0)
	/home/dev/go/src/github.com/gin-gonic/gin/gin.go:363 +0x5ab
github.com/gin-gonic/gin.(*Engine).ServeHTTP(0xc0002f2000, 0xce6cc0, 0xc0001ac2a0, 0xc000168c00)
	/home/dev/go/src/github.com/gin-gonic/gin/gin.go:328 +0x132
net/http.serverHandler.ServeHTTP(0xc0000d7520, 0xce6cc0, 0xc0001ac2a0, 0xc000168c00)
	/usr/local/go/src/net/http/server.go:2741 +0xab
net/http.(*conn).serve(0xc000268b40, 0xce7800, 0xc000781800)
	/usr/local/go/src/net/http/server.go:1847 +0x646
created by net/http.(*Server).Serve
	/usr/local/go/src/net/http/server.go:2851 +0x2f5
http: panic serving 127.0.0.1:51458: template: index.html:3:5: executing "content" at <ne .data.upcomingCon...>: error calling ne: invalid type for comparison
goroutine 271 [running]:
net/http.(*conn).serve.func1(0xc000269040)
	/usr/local/go/src/net/http/server.go:1746 +0xd0
panic(0xb737c0, 0xc000714460)
	/usr/local/go/src/runtime/panic.go:513 +0x1b9
github.com/gin-gonic/gin.(*Context).Render(0xc00088edc0, 0xc8, 0xce5d40, 0xc00074b350)
	/home/dev/go/src/github.com/gin-gonic/gin/context.go:725 +0x160
github.com/gin-gonic/gin.(*Context).HTML(0xc00088edc0, 0xc8, 0xc10d4a, 0x5, 0x0, 0x0)
	/home/dev/go/src/github.com/gin-gonic/gin/context.go:734 +0x93
_/mnt/CC9EDBF69EDBD6D4/Development_World/Backup_22-4-18/Projects/Interni/Programming_Contest_Management_Platform/app/views.Render(0xc00088edc0, 0xc10d4a, 0x5, 0xc0006f9d10)
	/mnt/CC9EDBF69EDBD6D4/Development World/Backup 22-4-18/Projects/Interni/Programming Contest Management Platform/app/views/views.go:49 +0x2f3
_/mnt/CC9EDBF69EDBD6D4/Development_World/Backup_22-4-18/Projects/Interni/Programming_Contest_Management_Platform/app/controllers.Index(0xc00088edc0)
	/mnt/CC9EDBF69EDBD6D4/Development World/Backup 22-4-18/Projects/Interni/Programming Contest Management Platform/app/controllers/common.controllers.go:14 +0x231
github.com/gin-gonic/gin.(*Context).Next(0xc00088edc0)
	/home/dev/go/src/github.com/gin-gonic/gin/context.go:108 +0x43
github.com/gin-contrib/sessions.Sessions.func1(0xc00088edc0)
	/home/dev/go/src/github.com/gin-contrib/sessions/sessions.go:65 +0x19f
github.com/gin-gonic/gin.(*Context).Next(0xc00088edc0)
	/home/dev/go/src/github.com/gin-gonic/gin/context.go:108 +0x43
github.com/gin-gonic/gin.LoggerWithWriter.func1(0xc00088edc0)
	/home/dev/go/src/github.com/gin-gonic/gin/logger.go:84 +0xd2
github.com/gin-gonic/gin.(*Context).Next(0xc00088edc0)
	/home/dev/go/src/github.com/gin-gonic/gin/context.go:108 +0x43
github.com/gin-gonic/gin.(*Engine).handleHTTPRequest(0xc0002f2000, 0xc00088edc0)
	/home/dev/go/src/github.com/gin-gonic/gin/gin.go:363 +0x5ab
github.com/gin-gonic/gin.(*Engine).ServeHTTP(0xc0002f2000, 0xce6cc0, 0xc0001ac380, 0xc000169100)
	/home/dev/go/src/github.com/gin-gonic/gin/gin.go:328 +0x132
net/http.serverHandler.ServeHTTP(0xc0000d7520, 0xce6cc0, 0xc0001ac380, 0xc000169100)
	/usr/local/go/src/net/http/server.go:2741 +0xab
net/http.(*conn).serve(0xc000269040, 0xce7800, 0xc0001ee940)
	/usr/local/go/src/net/http/server.go:1847 +0x646
created by net/http.(*Server).Serve
	/usr/local/go/src/net/http/server.go:2851 +0x2f5
http: panic serving 127.0.0.1:51460: template: index.html:3:5: executing "content" at <ne .data.upcomingCon...>: error calling ne: invalid type for comparison
goroutine 292 [running]:
net/http.(*conn).serve.func1(0xc00028a000)
	/usr/local/go/src/net/http/server.go:1746 +0xd0
panic(0xb737c0, 0xc00000d280)
	/usr/local/go/src/runtime/panic.go:513 +0x1b9
github.com/gin-gonic/gin.(*Context).Render(0xc0005d26e0, 0xc8, 0xce5d40, 0xc000775860)
	/home/dev/go/src/github.com/gin-gonic/gin/context.go:725 +0x160
github.com/gin-gonic/gin.(*Context).HTML(0xc0005d26e0, 0xc8, 0xc10d4a, 0x5, 0x0, 0x0)
	/home/dev/go/src/github.com/gin-gonic/gin/context.go:734 +0x93
_/mnt/CC9EDBF69EDBD6D4/Development_World/Backup_22-4-18/Projects/Interni/Programming_Contest_Management_Platform/app/views.Render(0xc0005d26e0, 0xc10d4a, 0x5, 0xc000774270)
	/mnt/CC9EDBF69EDBD6D4/Development World/Backup 22-4-18/Projects/Interni/Programming Contest Management Platform/app/views/views.go:49 +0x2f3
_/mnt/CC9EDBF69EDBD6D4/Development_World/Backup_22-4-18/Projects/Interni/Programming_Contest_Management_Platform/app/controllers.Index(0xc0005d26e0)
	/mnt/CC9EDBF69EDBD6D4/Development World/Backup 22-4-18/Projects/Interni/Programming Contest Management Platform/app/controllers/common.controllers.go:14 +0x231
github.com/gin-gonic/gin.(*Context).Next(0xc0005d26e0)
	/home/dev/go/src/github.com/gin-gonic/gin/context.go:108 +0x43
github.com/gin-contrib/sessions.Sessions.func1(0xc0005d26e0)
	/home/dev/go/src/github.com/gin-contrib/sessions/sessions.go:65 +0x19f
github.com/gin-gonic/gin.(*Context).Next(0xc0005d26e0)
	/home/dev/go/src/github.com/gin-gonic/gin/context.go:108 +0x43
github.com/gin-gonic/gin.LoggerWithWriter.func1(0xc0005d26e0)
	/home/dev/go/src/github.com/gin-gonic/gin/logger.go:84 +0xd2
github.com/gin-gonic/gin.(*Context).Next(0xc0005d26e0)
	/home/dev/go/src/github.com/gin-gonic/gin/context.go:108 +0x43
github.com/gin-gonic/gin.(*Engine).handleHTTPRequest(0xc0002f2000, 0xc0005d26e0)
	/home/dev/go/src/github.com/gin-gonic/gin/gin.go:363 +0x5ab
github.com/gin-gonic/gin.(*Engine).ServeHTTP(0xc0002f2000, 0xce6cc0, 0xc000034620, 0xc000599d00)
	/home/dev/go/src/github.com/gin-gonic/gin/gin.go:328 +0x132
net/http.serverHandler.ServeHTTP(0xc0000d7520, 0xce6cc0, 0xc000034620, 0xc000599d00)
	/usr/local/go/src/net/http/server.go:2741 +0xab
net/http.(*conn).serve(0xc00028a000, 0xce7800, 0xc0001ff240)
	/usr/local/go/src/net/http/server.go:1847 +0x646
created by net/http.(*Server).Serve
	/usr/local/go/src/net/http/server.go:2851 +0x2f5
http: panic serving 127.0.0.1:51462: template: index.html:3:5: executing "content" at <ne .data.upcomingCon...>: error calling ne: invalid type for comparison
goroutine 296 [running]:
net/http.(*conn).serve.func1(0xc00028a500)
	/usr/local/go/src/net/http/server.go:1746 +0xd0
panic(0xb737c0, 0xc00073a060)
	/usr/local/go/src/runtime/panic.go:513 +0x1b9
github.com/gin-gonic/gin.(*Context).Render(0xc0005d2dc0, 0xc8, 0xce5d40, 0xc00077fb30)
	/home/dev/go/src/github.com/gin-gonic/gin/context.go:725 +0x160
github.com/gin-gonic/gin.(*Context).HTML(0xc0005d2dc0, 0xc8, 0xc10d4a, 0x5, 0x0, 0x0)
	/home/dev/go/src/github.com/gin-gonic/gin/context.go:734 +0x93
_/mnt/CC9EDBF69EDBD6D4/Development_World/Backup_22-4-18/Projects/Interni/Programming_Contest_Management_Platform/app/views.Render(0xc0005d2dc0, 0xc10d4a, 0x5, 0xc00077e540)
	/mnt/CC9EDBF69EDBD6D4/Development World/Backup 22-4-18/Projects/Interni/Programming Contest Management Platform/app/views/views.go:49 +0x2f3
_/mnt/CC9EDBF69EDBD6D4/Development_World/Backup_22-4-18/Projects/Interni/Programming_Contest_Management_Platform/app/controllers.Index(0xc0005d2dc0)
	/mnt/CC9EDBF69EDBD6D4/Development World/Backup 22-4-18/Projects/Interni/Programming Contest Management Platform/app/controllers/common.controllers.go:14 +0x231
github.com/gin-gonic/gin.(*Context).Next(0xc0005d2dc0)
	/home/dev/go/src/github.com/gin-gonic/gin/context.go:108 +0x43
github.com/gin-contrib/sessions.Sessions.func1(0xc0005d2dc0)
	/home/dev/go/src/github.com/gin-contrib/sessions/sessions.go:65 +0x19f
github.com/gin-gonic/gin.(*Context).Next(0xc0005d2dc0)
	/home/dev/go/src/github.com/gin-gonic/gin/context.go:108 +0x43
github.com/gin-gonic/gin.LoggerWithWriter.func1(0xc0005d2dc0)
	/home/dev/go/src/github.com/gin-gonic/gin/logger.go:84 +0xd2
github.com/gin-gonic/gin.(*Context).Next(0xc0005d2dc0)
	/home/dev/go/src/github.com/gin-gonic/gin/context.go:108 +0x43
github.com/gin-gonic/gin.(*Engine).handleHTTPRequest(0xc0002f2000, 0xc0005d2dc0)
	/home/dev/go/src/github.com/gin-gonic/gin/gin.go:363 +0x5ab
github.com/gin-gonic/gin.(*Engine).ServeHTTP(0xc0002f2000, 0xce6cc0, 0xc000034700, 0xc000778200)
	/home/dev/go/src/github.com/gin-gonic/gin/gin.go:328 +0x132
net/http.serverHandler.ServeHTTP(0xc0000d7520, 0xce6cc0, 0xc000034700, 0xc000778200)
	/usr/local/go/src/net/http/server.go:2741 +0xab
net/http.(*conn).serve(0xc00028a500, 0xce7800, 0xc0001ffe40)
	/usr/local/go/src/net/http/server.go:1847 +0x646
created by net/http.(*Server).Serve
	/usr/local/go/src/net/http/server.go:2851 +0x2f5
http: panic serving 127.0.0.1:51464: template: index.html:3:5: executing "content" at <ne .data.upcomingCon...>: error calling ne: invalid type for comparison
goroutine 300 [running]:
net/http.(*conn).serve.func1(0xc00028aa00)
	/usr/local/go/src/net/http/server.go:1746 +0xd0
panic(0xb737c0, 0xc0006da400)
	/usr/local/go/src/runtime/panic.go:513 +0x1b9
github.com/gin-gonic/gin.(*Context).Render(0xc0005d34a0, 0xc8, 0xce5d40, 0xc000676060)
	/home/dev/go/src/github.com/gin-gonic/gin/context.go:725 +0x160
github.com/gin-gonic/gin.(*Context).HTML(0xc0005d34a0, 0xc8, 0xc10d4a, 0x5, 0x0, 0x0)
	/home/dev/go/src/github.com/gin-gonic/gin/context.go:734 +0x93
_/mnt/CC9EDBF69EDBD6D4/Development_World/Backup_22-4-18/Projects/Interni/Programming_Contest_Management_Platform/app/views.Render(0xc0005d34a0, 0xc10d4a, 0x5, 0xc000738810)
	/mnt/CC9EDBF69EDBD6D4/Development World/Backup 22-4-18/Projects/Interni/Programming Contest Management Platform/app/views/views.go:49 +0x2f3
_/mnt/CC9EDBF69EDBD6D4/Development_World/Backup_22-4-18/Projects/Interni/Programming_Contest_Management_Platform/app/controllers.Index(0xc0005d34a0)
	/mnt/CC9EDBF69EDBD6D4/Development World/Backup 22-4-18/Projects/Interni/Programming Contest Management Platform/app/controllers/common.controllers.go:14 +0x231
github.com/gin-gonic/gin.(*Context).Next(0xc0005d34a0)
	/home/dev/go/src/github.com/gin-gonic/gin/context.go:108 +0x43
github.com/gin-contrib/sessions.Sessions.func1(0xc0005d34a0)
	/home/dev/go/src/github.com/gin-contrib/sessions/sessions.go:65 +0x19f
github.com/gin-gonic/gin.(*Context).Next(0xc0005d34a0)
	/home/dev/go/src/github.com/gin-gonic/gin/context.go:108 +0x43
github.com/gin-gonic/gin.LoggerWithWriter.func1(0xc0005d34a0)
	/home/dev/go/src/github.com/gin-gonic/gin/logger.go:84 +0xd2
github.com/gin-gonic/gin.(*Context).Next(0xc0005d34a0)
	/home/dev/go/src/github.com/gin-gonic/gin/context.go:108 +0x43
github.com/gin-gonic/gin.(*Engine).handleHTTPRequest(0xc0002f2000, 0xc0005d34a0)
	/home/dev/go/src/github.com/gin-gonic/gin/gin.go:363 +0x5ab
github.com/gin-gonic/gin.(*Engine).ServeHTTP(0xc0002f2000, 0xce6cc0, 0xc0000347e0, 0xc000778700)
	/home/dev/go/src/github.com/gin-gonic/gin/gin.go:328 +0x132
net/http.serverHandler.ServeHTTP(0xc0000d7520, 0xce6cc0, 0xc0000347e0, 0xc000778700)
	/usr/local/go/src/net/http/server.go:2741 +0xab
net/http.(*conn).serve(0xc00028aa00, 0xce7800, 0xc0000e2e40)
	/usr/local/go/src/net/http/server.go:1847 +0x646
created by net/http.(*Server).Serve
	/usr/local/go/src/net/http/server.go:2851 +0x2f5
http: panic serving 127.0.0.1:51466: template: index.html:3:5: executing "content" at <ne .data.upcomingCon...>: error calling ne: invalid type for comparison
goroutine 304 [running]:
net/http.(*conn).serve.func1(0xc00028ac80)
	/usr/local/go/src/net/http/server.go:1746 +0xd0
panic(0xb737c0, 0xc0006db1e0)
	/usr/local/go/src/runtime/panic.go:513 +0x1b9
github.com/gin-gonic/gin.(*Context).Render(0xc0005b2e70, 0xc8, 0xce5d40, 0xc0006902d0)
	/home/dev/go/src/github.com/gin-gonic/gin/context.go:725 +0x160
github.com/gin-gonic/gin.(*Context).HTML(0xc0005b2e70, 0xc8, 0xc10d4a, 0x5, 0x0, 0x0)
	/home/dev/go/src/github.com/gin-gonic/gin/context.go:734 +0x93
_/mnt/CC9EDBF69EDBD6D4/Development_World/Backup_22-4-18/Projects/Interni/Programming_Contest_Management_Platform/app/views.Render(0xc0005b2e70, 0xc10d4a, 0x5, 0xc000676cc0)
	/mnt/CC9EDBF69EDBD6D4/Development World/Backup 22-4-18/Projects/Interni/Programming Contest Management Platform/app/views/views.go:49 +0x2f3
_/mnt/CC9EDBF69EDBD6D4/Development_World/Backup_22-4-18/Projects/Interni/Programming_Contest_Management_Platform/app/controllers.Index(0xc0005b2e70)
	/mnt/CC9EDBF69EDBD6D4/Development World/Backup 22-4-18/Projects/Interni/Programming Contest Management Platform/app/controllers/common.controllers.go:14 +0x231
github.com/gin-gonic/gin.(*Context).Next(0xc0005b2e70)
	/home/dev/go/src/github.com/gin-gonic/gin/context.go:108 +0x43
github.com/gin-contrib/sessions.Sessions.func1(0xc0005b2e70)
	/home/dev/go/src/github.com/gin-contrib/sessions/sessions.go:65 +0x19f
github.com/gin-gonic/gin.(*Context).Next(0xc0005b2e70)
	/home/dev/go/src/github.com/gin-gonic/gin/context.go:108 +0x43
github.com/gin-gonic/gin.LoggerWithWriter.func1(0xc0005b2e70)
	/home/dev/go/src/github.com/gin-gonic/gin/logger.go:84 +0xd2
github.com/gin-gonic/gin.(*Context).Next(0xc0005b2e70)
	/home/dev/go/src/github.com/gin-gonic/gin/context.go:108 +0x43
github.com/gin-gonic/gin.(*Engine).handleHTTPRequest(0xc0002f2000, 0xc0005b2e70)
	/home/dev/go/src/github.com/gin-gonic/gin/gin.go:363 +0x5ab
github.com/gin-gonic/gin.(*Engine).ServeHTTP(0xc0002f2000, 0xce6cc0, 0xc0005b41c0, 0xc0002f1400)
	/home/dev/go/src/github.com/gin-gonic/gin/gin.go:328 +0x132
net/http.serverHandler.ServeHTTP(0xc0000d7520, 0xce6cc0, 0xc0005b41c0, 0xc0002f1400)
	/usr/local/go/src/net/http/server.go:2741 +0xab
net/http.(*conn).serve(0xc00028ac80, 0xce7800, 0xc000847ec0)
	/usr/local/go/src/net/http/server.go:1847 +0x646
created by net/http.(*Server).Serve
	/usr/local/go/src/net/http/server.go:2851 +0x2f5
http: panic serving 127.0.0.1:51468: template: index.html:3:5: executing "content" at <ne .data.upcomingCon...>: error calling ne: invalid type for comparison
goroutine 281 [running]:
net/http.(*conn).serve.func1(0xc00022f4a0)
	/usr/local/go/src/net/http/server.go:1746 +0xd0
panic(0xb737c0, 0xc0006dbfc0)
	/usr/local/go/src/runtime/panic.go:513 +0x1b9
github.com/gin-gonic/gin.(*Context).Render(0xc0005b3550, 0xc8, 0xce5d40, 0xc0007885a0)
	/home/dev/go/src/github.com/gin-gonic/gin/context.go:725 +0x160
github.com/gin-gonic/gin.(*Context).HTML(0xc0005b3550, 0xc8, 0xc10d4a, 0x5, 0x0, 0x0)
	/home/dev/go/src/github.com/gin-gonic/gin/context.go:734 +0x93
_/mnt/CC9EDBF69EDBD6D4/Development_World/Backup_22-4-18/Projects/Interni/Programming_Contest_Management_Platform/app/views.Render(0xc0005b3550, 0xc10d4a, 0x5, 0xc000690f90)
	/mnt/CC9EDBF69EDBD6D4/Development World/Backup 22-4-18/Projects/Interni/Programming Contest Management Platform/app/views/views.go:49 +0x2f3
_/mnt/CC9EDBF69EDBD6D4/Development_World/Backup_22-4-18/Projects/Interni/Programming_Contest_Management_Platform/app/controllers.Index(0xc0005b3550)
	/mnt/CC9EDBF69EDBD6D4/Development World/Backup 22-4-18/Projects/Interni/Programming Contest Management Platform/app/controllers/common.controllers.go:14 +0x231
github.com/gin-gonic/gin.(*Context).Next(0xc0005b3550)
	/home/dev/go/src/github.com/gin-gonic/gin/context.go:108 +0x43
github.com/gin-contrib/sessions.Sessions.func1(0xc0005b3550)
	/home/dev/go/src/github.com/gin-contrib/sessions/sessions.go:65 +0x19f
github.com/gin-gonic/gin.(*Context).Next(0xc0005b3550)
	/home/dev/go/src/github.com/gin-gonic/gin/context.go:108 +0x43
github.com/gin-gonic/gin.LoggerWithWriter.func1(0xc0005b3550)
	/home/dev/go/src/github.com/gin-gonic/gin/logger.go:84 +0xd2
github.com/gin-gonic/gin.(*Context).Next(0xc0005b3550)
	/home/dev/go/src/github.com/gin-gonic/gin/context.go:108 +0x43
github.com/gin-gonic/gin.(*Engine).handleHTTPRequest(0xc0002f2000, 0xc0005b3550)
	/home/dev/go/src/github.com/gin-gonic/gin/gin.go:363 +0x5ab
github.com/gin-gonic/gin.(*Engine).ServeHTTP(0xc0002f2000, 0xce6cc0, 0xc0005b42a0, 0xc0002f1900)
	/home/dev/go/src/github.com/gin-gonic/gin/gin.go:328 +0x132
net/http.serverHandler.ServeHTTP(0xc0000d7520, 0xce6cc0, 0xc0005b42a0, 0xc0002f1900)
	/usr/local/go/src/net/http/server.go:2741 +0xab
net/http.(*conn).serve(0xc00022f4a0, 0xce7800, 0xc00068aa80)
	/usr/local/go/src/net/http/server.go:1847 +0x646
created by net/http.(*Server).Serve
	/usr/local/go/src/net/http/server.go:2851 +0x2f5
http: panic serving 127.0.0.1:51470: template: index.html:3:5: executing "content" at <ne .data.upcomingCon...>: error calling ne: invalid type for comparison
goroutine 285 [running]:
net/http.(*conn).serve.func1(0xc00022f9a0)
	/usr/local/go/src/net/http/server.go:1746 +0xd0
panic(0xb737c0, 0xc00073b6c0)
	/usr/local/go/src/runtime/panic.go:513 +0x1b9
github.com/gin-gonic/gin.(*Context).Render(0xc0005d3b80, 0xc8, 0xce5d40, 0xc0007a1620)
	/home/dev/go/src/github.com/gin-gonic/gin/context.go:725 +0x160
github.com/gin-gonic/gin.(*Context).HTML(0xc0005d3b80, 0xc8, 0xc10d4a, 0x5, 0x0, 0x0)
	/home/dev/go/src/github.com/gin-gonic/gin/context.go:734 +0x93
_/mnt/CC9EDBF69EDBD6D4/Development_World/Backup_22-4-18/Projects/Interni/Programming_Contest_Management_Platform/app/views.Render(0xc0005d3b80, 0xc10d4a, 0x5, 0xc0007a0030)
	/mnt/CC9EDBF69EDBD6D4/Development World/Backup 22-4-18/Projects/Interni/Programming Contest Management Platform/app/views/views.go:49 +0x2f3
_/mnt/CC9EDBF69EDBD6D4/Development_World/Backup_22-4-18/Projects/Interni/Programming_Contest_Management_Platform/app/controllers.Index(0xc0005d3b80)
	/mnt/CC9EDBF69EDBD6D4/Development World/Backup 22-4-18/Projects/Interni/Programming Contest Management Platform/app/controllers/common.controllers.go:14 +0x231
github.com/gin-gonic/gin.(*Context).Next(0xc0005d3b80)
	/home/dev/go/src/github.com/gin-gonic/gin/context.go:108 +0x43
github.com/gin-contrib/sessions.Sessions.func1(0xc0005d3b80)
	/home/dev/go/src/github.com/gin-contrib/sessions/sessions.go:65 +0x19f
github.com/gin-gonic/gin.(*Context).Next(0xc0005d3b80)
	/home/dev/go/src/github.com/gin-gonic/gin/context.go:108 +0x43
github.com/gin-gonic/gin.LoggerWithWriter.func1(0xc0005d3b80)
	/home/dev/go/src/github.com/gin-gonic/gin/logger.go:84 +0xd2
github.com/gin-gonic/gin.(*Context).Next(0xc0005d3b80)
	/home/dev/go/src/github.com/gin-gonic/gin/context.go:108 +0x43
github.com/gin-gonic/gin.(*Engine).handleHTTPRequest(0xc0002f2000, 0xc0005d3b80)
	/home/dev/go/src/github.com/gin-gonic/gin/gin.go:363 +0x5ab
github.com/gin-gonic/gin.(*Engine).ServeHTTP(0xc0002f2000, 0xce6cc0, 0xc0000349a0, 0xc000778c00)
	/home/dev/go/src/github.com/gin-gonic/gin/gin.go:328 +0x132
net/http.serverHandler.ServeHTTP(0xc0000d7520, 0xce6cc0, 0xc0000349a0, 0xc000778c00)
	/usr/local/go/src/net/http/server.go:2741 +0xab
net/http.(*conn).serve(0xc00022f9a0, 0xce7800, 0xc0000a6580)
	/usr/local/go/src/net/http/server.go:1847 +0x646
created by net/http.(*Server).Serve
	/usr/local/go/src/net/http/server.go:2851 +0x2f5
http: panic serving 127.0.0.1:51472: template: index.html:3:5: executing "content" at <ne .data.upcomingCon...>: error calling ne: invalid type for comparison
goroutine 286 [running]:
net/http.(*conn).serve.func1(0xc00022fae0)
	/usr/local/go/src/net/http/server.go:1746 +0xd0
panic(0xb737c0, 0xc0007c0da0)
	/usr/local/go/src/runtime/panic.go:513 +0x1b9
github.com/gin-gonic/gin.(*Context).Render(0xc0005b3c30, 0xc8, 0xce5d40, 0xc0007cc8d0)
	/home/dev/go/src/github.com/gin-gonic/gin/context.go:725 +0x160
github.com/gin-gonic/gin.(*Context).HTML(0xc0005b3c30, 0xc8, 0xc10d4a, 0x5, 0x0, 0x0)
	/home/dev/go/src/github.com/gin-gonic/gin/context.go:734 +0x93
_/mnt/CC9EDBF69EDBD6D4/Development_World/Backup_22-4-18/Projects/Interni/Programming_Contest_Management_Platform/app/views.Render(0xc0005b3c30, 0xc10d4a, 0x5, 0xc0007892c0)
	/mnt/CC9EDBF69EDBD6D4/Development World/Backup 22-4-18/Projects/Interni/Programming Contest Management Platform/app/views/views.go:49 +0x2f3
_/mnt/CC9EDBF69EDBD6D4/Development_World/Backup_22-4-18/Projects/Interni/Programming_Contest_Management_Platform/app/controllers.Index(0xc0005b3c30)
	/mnt/CC9EDBF69EDBD6D4/Development World/Backup 22-4-18/Projects/Interni/Programming Contest Management Platform/app/controllers/common.controllers.go:14 +0x231
github.com/gin-gonic/gin.(*Context).Next(0xc0005b3c30)
	/home/dev/go/src/github.com/gin-gonic/gin/context.go:108 +0x43
github.com/gin-contrib/sessions.Sessions.func1(0xc0005b3c30)
	/home/dev/go/src/github.com/gin-contrib/sessions/sessions.go:65 +0x19f
github.com/gin-gonic/gin.(*Context).Next(0xc0005b3c30)
	/home/dev/go/src/github.com/gin-gonic/gin/context.go:108 +0x43
github.com/gin-gonic/gin.LoggerWithWriter.func1(0xc0005b3c30)
	/home/dev/go/src/github.com/gin-gonic/gin/logger.go:84 +0xd2
github.com/gin-gonic/gin.(*Context).Next(0xc0005b3c30)
	/home/dev/go/src/github.com/gin-gonic/gin/context.go:108 +0x43
github.com/gin-gonic/gin.(*Engine).handleHTTPRequest(0xc0002f2000, 0xc0005b3c30)
	/home/dev/go/src/github.com/gin-gonic/gin/gin.go:363 +0x5ab
github.com/gin-gonic/gin.(*Engine).ServeHTTP(0xc0002f2000, 0xce6cc0, 0xc0005b4380, 0xc0002f1e00)
	/home/dev/go/src/github.com/gin-gonic/gin/gin.go:328 +0x132
net/http.serverHandler.ServeHTTP(0xc0000d7520, 0xce6cc0, 0xc0005b4380, 0xc0002f1e00)
	/usr/local/go/src/net/http/server.go:2741 +0xab
net/http.(*conn).serve(0xc00022fae0, 0xce7800, 0xc00068b640)
	/usr/local/go/src/net/http/server.go:1847 +0x646
created by net/http.(*Server).Serve
	/usr/local/go/src/net/http/server.go:2851 +0x2f5
http: panic serving 127.0.0.1:51474: template: index.html:3:5: executing "content" at <ne .data.upcomingCon...>: error calling ne: invalid type for comparison
goroutine 324 [running]:
net/http.(*conn).serve.func1(0xc00028b180)
	/usr/local/go/src/net/http/server.go:1746 +0xd0
panic(0xb737c0, 0xc00073a640)
	/usr/local/go/src/runtime/panic.go:513 +0x1b9
github.com/gin-gonic/gin.(*Context).Render(0xc0007c2370, 0xc8, 0xce5d40, 0xc0008beae0)
	/home/dev/go/src/github.com/gin-gonic/gin/context.go:725 +0x160
github.com/gin-gonic/gin.(*Context).HTML(0xc0007c2370, 0xc8, 0xc10d4a, 0x5, 0x0, 0x0)
	/home/dev/go/src/github.com/gin-gonic/gin/context.go:734 +0x93
_/mnt/CC9EDBF69EDBD6D4/Development_World/Backup_22-4-18/Projects/Interni/Programming_Contest_Management_Platform/app/views.Render(0xc0007c2370, 0xc10d4a, 0x5, 0xc0007cd530)
	/mnt/CC9EDBF69EDBD6D4/Development World/Backup 22-4-18/Projects/Interni/Programming Contest Management Platform/app/views/views.go:49 +0x2f3
_/mnt/CC9EDBF69EDBD6D4/Development_World/Backup_22-4-18/Projects/Interni/Programming_Contest_Management_Platform/app/controllers.Index(0xc0007c2370)
	/mnt/CC9EDBF69EDBD6D4/Development World/Backup 22-4-18/Projects/Interni/Programming Contest Management Platform/app/controllers/common.controllers.go:14 +0x231
github.com/gin-gonic/gin.(*Context).Next(0xc0007c2370)
	/home/dev/go/src/github.com/gin-gonic/gin/context.go:108 +0x43
github.com/gin-contrib/sessions.Sessions.func1(0xc0007c2370)
	/home/dev/go/src/github.com/gin-contrib/sessions/sessions.go:65 +0x19f
github.com/gin-gonic/gin.(*Context).Next(0xc0007c2370)
	/home/dev/go/src/github.com/gin-gonic/gin/context.go:108 +0x43
github.com/gin-gonic/gin.LoggerWithWriter.func1(0xc0007c2370)
	/home/dev/go/src/github.com/gin-gonic/gin/logger.go:84 +0xd2
github.com/gin-gonic/gin.(*Context).Next(0xc0007c2370)
	/home/dev/go/src/github.com/gin-gonic/gin/context.go:108 +0x43
github.com/gin-gonic/gin.(*Engine).handleHTTPRequest(0xc0002f2000, 0xc0007c2370)
	/home/dev/go/src/github.com/gin-gonic/gin/gin.go:363 +0x5ab
github.com/gin-gonic/gin.(*Engine).ServeHTTP(0xc0002f2000, 0xce6cc0, 0xc0005b4460, 0xc0007c8300)
	/home/dev/go/src/github.com/gin-gonic/gin/gin.go:328 +0x132
net/http.serverHandler.ServeHTTP(0xc0000d7520, 0xce6cc0, 0xc0005b4460, 0xc0007c8300)
	/usr/local/go/src/net/http/server.go:2741 +0xab
net/http.(*conn).serve(0xc00028b180, 0xce7800, 0xc0007ce200)
	/usr/local/go/src/net/http/server.go:1847 +0x646
created by net/http.(*Server).Serve
	/usr/local/go/src/net/http/server.go:2851 +0x2f5
http: panic serving 127.0.0.1:51476: template: index.html:3:5: executing "content" at <ne .data.upcomingCon...>: error calling ne: invalid type for comparison
goroutine 326 [running]:
net/http.(*conn).serve.func1(0xc00028a280)
	/usr/local/go/src/net/http/server.go:1746 +0xd0
panic(0xb737c0, 0xc0002fafe0)
	/usr/local/go/src/runtime/panic.go:513 +0x1b9
github.com/gin-gonic/gin.(*Context).Render(0xc00011c2c0, 0xc8, 0xce5d40, 0xc0006abbf0)
	/home/dev/go/src/github.com/gin-gonic/gin/context.go:725 +0x160
github.com/gin-gonic/gin.(*Context).HTML(0xc00011c2c0, 0xc8, 0xc10d4a, 0x5, 0x0, 0x0)
	/home/dev/go/src/github.com/gin-gonic/gin/context.go:734 +0x93
_/mnt/CC9EDBF69EDBD6D4/Development_World/Backup_22-4-18/Projects/Interni/Programming_Contest_Management_Platform/app/views.Render(0xc00011c2c0, 0xc10d4a, 0x5, 0xc0006aa600)
	/mnt/CC9EDBF69EDBD6D4/Development World/Backup 22-4-18/Projects/Interni/Programming Contest Management Platform/app/views/views.go:49 +0x2f3
_/mnt/CC9EDBF69EDBD6D4/Development_World/Backup_22-4-18/Projects/Interni/Programming_Contest_Management_Platform/app/controllers.Index(0xc00011c2c0)
	/mnt/CC9EDBF69EDBD6D4/Development World/Backup 22-4-18/Projects/Interni/Programming Contest Management Platform/app/controllers/common.controllers.go:14 +0x231
github.com/gin-gonic/gin.(*Context).Next(0xc00011c2c0)
	/home/dev/go/src/github.com/gin-gonic/gin/context.go:108 +0x43
github.com/gin-contrib/sessions.Sessions.func1(0xc00011c2c0)
	/home/dev/go/src/github.com/gin-contrib/sessions/sessions.go:65 +0x19f
github.com/gin-gonic/gin.(*Context).Next(0xc00011c2c0)
	/home/dev/go/src/github.com/gin-gonic/gin/context.go:108 +0x43
github.com/gin-gonic/gin.LoggerWithWriter.func1(0xc00011c2c0)
	/home/dev/go/src/github.com/gin-gonic/gin/logger.go:84 +0xd2
github.com/gin-gonic/gin.(*Context).Next(0xc00011c2c0)
	/home/dev/go/src/github.com/gin-gonic/gin/context.go:108 +0x43
github.com/gin-gonic/gin.(*Engine).handleHTTPRequest(0xc0002f2000, 0xc00011c2c0)
	/home/dev/go/src/github.com/gin-gonic/gin/gin.go:363 +0x5ab
github.com/gin-gonic/gin.(*Engine).ServeHTTP(0xc0002f2000, 0xce6cc0, 0xc0000341c0, 0xc0002f0700)
	/home/dev/go/src/github.com/gin-gonic/gin/gin.go:328 +0x132
net/http.serverHandler.ServeHTTP(0xc0000d7520, 0xce6cc0, 0xc0000341c0, 0xc0002f0700)
	/usr/local/go/src/net/http/server.go:2741 +0xab
net/http.(*conn).serve(0xc00028a280, 0xce7800, 0xc0005ea0c0)
	/usr/local/go/src/net/http/server.go:1847 +0x646
created by net/http.(*Server).Serve
	/usr/local/go/src/net/http/server.go:2851 +0x2f5
http: panic serving 127.0.0.1:51478: template: index.html:3:5: executing "content" at <ne .data.upcomingCon...>: error calling ne: invalid type for comparison
goroutine 354 [running]:
net/http.(*conn).serve.func1(0xc00022e000)
	/usr/local/go/src/net/http/server.go:1746 +0xd0
panic(0xb737c0, 0xc00073ab80)
	/usr/local/go/src/runtime/panic.go:513 +0x1b9
github.com/gin-gonic/gin.(*Context).Render(0xc0003028f0, 0xc8, 0xce5d40, 0xc0008bf590)
	/home/dev/go/src/github.com/gin-gonic/gin/context.go:725 +0x160
github.com/gin-gonic/gin.(*Context).HTML(0xc0003028f0, 0xc8, 0xc10d4a, 0x5, 0x0, 0x0)
	/home/dev/go/src/github.com/gin-gonic/gin/context.go:734 +0x93
_/mnt/CC9EDBF69EDBD6D4/Development_World/Backup_22-4-18/Projects/Interni/Programming_Contest_Management_Platform/app/views.Render(0xc0003028f0, 0xc10d4a, 0x5, 0xc0005f6720)
	/mnt/CC9EDBF69EDBD6D4/Development World/Backup 22-4-18/Projects/Interni/Programming Contest Management Platform/app/views/views.go:49 +0x2f3
_/mnt/CC9EDBF69EDBD6D4/Development_World/Backup_22-4-18/Projects/Interni/Programming_Contest_Management_Platform/app/controllers.Index(0xc0003028f0)
	/mnt/CC9EDBF69EDBD6D4/Development World/Backup 22-4-18/Projects/Interni/Programming Contest Management Platform/app/controllers/common.controllers.go:14 +0x231
github.com/gin-gonic/gin.(*Context).Next(0xc0003028f0)
	/home/dev/go/src/github.com/gin-gonic/gin/context.go:108 +0x43
github.com/gin-contrib/sessions.Sessions.func1(0xc0003028f0)
	/home/dev/go/src/github.com/gin-contrib/sessions/sessions.go:65 +0x19f
github.com/gin-gonic/gin.(*Context).Next(0xc0003028f0)
	/home/dev/go/src/github.com/gin-gonic/gin/context.go:108 +0x43
github.com/gin-gonic/gin.LoggerWithWriter.func1(0xc0003028f0)
	/home/dev/go/src/github.com/gin-gonic/gin/logger.go:84 +0xd2
github.com/gin-gonic/gin.(*Context).Next(0xc0003028f0)
	/home/dev/go/src/github.com/gin-gonic/gin/context.go:108 +0x43
github.com/gin-gonic/gin.(*Engine).handleHTTPRequest(0xc0002f2000, 0xc0003028f0)
	/home/dev/go/src/github.com/gin-gonic/gin/gin.go:363 +0x5ab
github.com/gin-gonic/gin.(*Engine).ServeHTTP(0xc0002f2000, 0xce6cc0, 0xc0005b4000, 0xc0007c8000)
	/home/dev/go/src/github.com/gin-gonic/gin/gin.go:328 +0x132
net/http.serverHandler.ServeHTTP(0xc0000d7520, 0xce6cc0, 0xc0005b4000, 0xc0007c8000)
	/usr/local/go/src/net/http/server.go:2741 +0xab
net/http.(*conn).serve(0xc00022e000, 0xce7800, 0xc0000e2440)
	/usr/local/go/src/net/http/server.go:1847 +0x646
created by net/http.(*Server).Serve
	/usr/local/go/src/net/http/server.go:2851 +0x2f5
http: panic serving 127.0.0.1:51480: template: index.html:3:5: executing "content" at <ne .data.upcomingCon...>: error calling ne: invalid type for comparison
goroutine 221 [running]:
net/http.(*conn).serve.func1(0xc0000cea00)
	/usr/local/go/src/net/http/server.go:1746 +0xd0
panic(0xb737c0, 0xc00073b960)
	/usr/local/go/src/runtime/panic.go:513 +0x1b9
github.com/gin-gonic/gin.(*Context).Render(0xc0007c2000, 0xc8, 0xce5d40, 0xc0005cdad0)
	/home/dev/go/src/github.com/gin-gonic/gin/context.go:725 +0x160
github.com/gin-gonic/gin.(*Context).HTML(0xc0007c2000, 0xc8, 0xc10d4a, 0x5, 0x0, 0x0)
	/home/dev/go/src/github.com/gin-gonic/gin/context.go:734 +0x93
_/mnt/CC9EDBF69EDBD6D4/Development_World/Backup_22-4-18/Projects/Interni/Programming_Contest_Management_Platform/app/views.Render(0xc0007c2000, 0xc10d4a, 0x5, 0xc0005cc270)
	/mnt/CC9EDBF69EDBD6D4/Development World/Backup 22-4-18/Projects/Interni/Programming Contest Management Platform/app/views/views.go:49 +0x2f3
_/mnt/CC9EDBF69EDBD6D4/Development_World/Backup_22-4-18/Projects/Interni/Programming_Contest_Management_Platform/app/controllers.Index(0xc0007c2000)
	/mnt/CC9EDBF69EDBD6D4/Development World/Backup 22-4-18/Projects/Interni/Programming Contest Management Platform/app/controllers/common.controllers.go:14 +0x231
github.com/gin-gonic/gin.(*Context).Next(0xc0007c2000)
	/home/dev/go/src/github.com/gin-gonic/gin/context.go:108 +0x43
github.com/gin-contrib/sessions.Sessions.func1(0xc0007c2000)
	/home/dev/go/src/github.com/gin-contrib/sessions/sessions.go:65 +0x19f
github.com/gin-gonic/gin.(*Context).Next(0xc0007c2000)
	/home/dev/go/src/github.com/gin-gonic/gin/context.go:108 +0x43
github.com/gin-gonic/gin.LoggerWithWriter.func1(0xc0007c2000)
	/home/dev/go/src/github.com/gin-gonic/gin/logger.go:84 +0xd2
github.com/gin-gonic/gin.(*Context).Next(0xc0007c2000)
	/home/dev/go/src/github.com/gin-gonic/gin/context.go:108 +0x43
github.com/gin-gonic/gin.(*Engine).handleHTTPRequest(0xc0002f2000, 0xc0007c2000)
	/home/dev/go/src/github.com/gin-gonic/gin/gin.go:363 +0x5ab
github.com/gin-gonic/gin.(*Engine).ServeHTTP(0xc0002f2000, 0xce6cc0, 0xc0007e8000, 0xc000778300)
	/home/dev/go/src/github.com/gin-gonic/gin/gin.go:328 +0x132
net/http.serverHandler.ServeHTTP(0xc0000d7520, 0xce6cc0, 0xc0007e8000, 0xc000778300)
	/usr/local/go/src/net/http/server.go:2741 +0xab
net/http.(*conn).serve(0xc0000cea00, 0xce7800, 0xc0000a6c80)
	/usr/local/go/src/net/http/server.go:1847 +0x646
created by net/http.(*Server).Serve
	/usr/local/go/src/net/http/server.go:2851 +0x2f5
http: panic serving 127.0.0.1:51482: template: index.html:3:5: executing "content" at <ne .data.upcomingCon...>: error calling ne: invalid type for comparison
goroutine 330 [running]:
net/http.(*conn).serve.func1(0xc00028aa00)
	/usr/local/go/src/net/http/server.go:1746 +0xd0
panic(0xb737c0, 0xc0000e69c0)
	/usr/local/go/src/runtime/panic.go:513 +0x1b9
github.com/gin-gonic/gin.(*Context).Render(0xc0007c2790, 0xc8, 0xce5d40, 0xc0001e7ef0)
	/home/dev/go/src/github.com/gin-gonic/gin/context.go:725 +0x160
github.com/gin-gonic/gin.(*Context).HTML(0xc0007c2790, 0xc8, 0xc10d4a, 0x5, 0x0, 0x0)
	/home/dev/go/src/github.com/gin-gonic/gin/context.go:734 +0x93
_/mnt/CC9EDBF69EDBD6D4/Development_World/Backup_22-4-18/Projects/Interni/Programming_Contest_Management_Platform/app/views.Render(0xc0007c2790, 0xc10d4a, 0x5, 0xc0000d5f20)
	/mnt/CC9EDBF69EDBD6D4/Development World/Backup 22-4-18/Projects/Interni/Programming Contest Management Platform/app/views/views.go:49 +0x2f3
_/mnt/CC9EDBF69EDBD6D4/Development_World/Backup_22-4-18/Projects/Interni/Programming_Contest_Management_Platform/app/controllers.Index(0xc0007c2790)
	/mnt/CC9EDBF69EDBD6D4/Development World/Backup 22-4-18/Projects/Interni/Programming Contest Management Platform/app/controllers/common.controllers.go:14 +0x231
github.com/gin-gonic/gin.(*Context).Next(0xc0007c2790)
	/home/dev/go/src/github.com/gin-gonic/gin/context.go:108 +0x43
github.com/gin-contrib/sessions.Sessions.func1(0xc0007c2790)
	/home/dev/go/src/github.com/gin-contrib/sessions/sessions.go:65 +0x19f
github.com/gin-gonic/gin.(*Context).Next(0xc0007c2790)
	/home/dev/go/src/github.com/gin-gonic/gin/context.go:108 +0x43
github.com/gin-gonic/gin.LoggerWithWriter.func1(0xc0007c2790)
	/home/dev/go/src/github.com/gin-gonic/gin/logger.go:84 +0xd2
github.com/gin-gonic/gin.(*Context).Next(0xc0007c2790)
	/home/dev/go/src/github.com/gin-gonic/gin/context.go:108 +0x43
github.com/gin-gonic/gin.(*Engine).handleHTTPRequest(0xc0002f2000, 0xc0007c2790)
	/home/dev/go/src/github.com/gin-gonic/gin/gin.go:363 +0x5ab
github.com/gin-gonic/gin.(*Engine).ServeHTTP(0xc0002f2000, 0xce6cc0, 0xc0007e80e0, 0xc000778800)
	/home/dev/go/src/github.com/gin-gonic/gin/gin.go:328 +0x132
net/http.serverHandler.ServeHTTP(0xc0000d7520, 0xce6cc0, 0xc0007e80e0, 0xc000778800)
	/usr/local/go/src/net/http/server.go:2741 +0xab
net/http.(*conn).serve(0xc00028aa00, 0xce7800, 0xc0000a79c0)
	/usr/local/go/src/net/http/server.go:1847 +0x646
created by net/http.(*Server).Serve
	/usr/local/go/src/net/http/server.go:2851 +0x2f5
http: panic serving 127.0.0.1:51484: template: index.html:3:5: executing "content" at <ne .data.upcomingCon...>: error calling ne: invalid type for comparison
goroutine 222 [running]:
net/http.(*conn).serve.func1(0xc0000ceb40)
	/usr/local/go/src/net/http/server.go:1746 +0xd0
panic(0xb737c0, 0xc0002fbc80)
	/usr/local/go/src/runtime/panic.go:513 +0x1b9
github.com/gin-gonic/gin.(*Context).Render(0xc00011cb00, 0xc8, 0xce5d40, 0xc0005e9920)
	/home/dev/go/src/github.com/gin-gonic/gin/context.go:725 +0x160
github.com/gin-gonic/gin.(*Context).HTML(0xc00011cb00, 0xc8, 0xc10d4a, 0x5, 0x0, 0x0)
	/home/dev/go/src/github.com/gin-gonic/gin/context.go:734 +0x93
_/mnt/CC9EDBF69EDBD6D4/Development_World/Backup_22-4-18/Projects/Interni/Programming_Contest_Management_Platform/app/views.Render(0xc00011cb00, 0xc10d4a, 0x5, 0xc0005e8b10)
	/mnt/CC9EDBF69EDBD6D4/Development World/Backup 22-4-18/Projects/Interni/Programming Contest Management Platform/app/views/views.go:49 +0x2f3
_/mnt/CC9EDBF69EDBD6D4/Development_World/Backup_22-4-18/Projects/Interni/Programming_Contest_Management_Platform/app/controllers.Index(0xc00011cb00)
	/mnt/CC9EDBF69EDBD6D4/Development World/Backup 22-4-18/Projects/Interni/Programming Contest Management Platform/app/controllers/common.controllers.go:14 +0x231
github.com/gin-gonic/gin.(*Context).Next(0xc00011cb00)
	/home/dev/go/src/github.com/gin-gonic/gin/context.go:108 +0x43
github.com/gin-contrib/sessions.Sessions.func1(0xc00011cb00)
	/home/dev/go/src/github.com/gin-contrib/sessions/sessions.go:65 +0x19f
github.com/gin-gonic/gin.(*Context).Next(0xc00011cb00)
	/home/dev/go/src/github.com/gin-gonic/gin/context.go:108 +0x43
github.com/gin-gonic/gin.LoggerWithWriter.func1(0xc00011cb00)
	/home/dev/go/src/github.com/gin-gonic/gin/logger.go:84 +0xd2
github.com/gin-gonic/gin.(*Context).Next(0xc00011cb00)
	/home/dev/go/src/github.com/gin-gonic/gin/context.go:108 +0x43
github.com/gin-gonic/gin.(*Engine).handleHTTPRequest(0xc0002f2000, 0xc00011cb00)
	/home/dev/go/src/github.com/gin-gonic/gin/gin.go:363 +0x5ab
github.com/gin-gonic/gin.(*Engine).ServeHTTP(0xc0002f2000, 0xce6cc0, 0xc0000342a0, 0xc0002f0c00)
	/home/dev/go/src/github.com/gin-gonic/gin/gin.go:328 +0x132
net/http.serverHandler.ServeHTTP(0xc0000d7520, 0xce6cc0, 0xc0000342a0, 0xc0002f0c00)
	/usr/local/go/src/net/http/server.go:2741 +0xab
net/http.(*conn).serve(0xc0000ceb40, 0xce7800, 0xc0005eb340)
	/usr/local/go/src/net/http/server.go:1847 +0x646
created by net/http.(*Server).Serve
	/usr/local/go/src/net/http/server.go:2851 +0x2f5
http: panic serving 127.0.0.1:51486: template: index.html:3:5: executing "content" at <ne .data.upcomingCon...>: error calling ne: invalid type for comparison
goroutine 225 [running]:
net/http.(*conn).serve.func1(0xc0000cf040)
	/usr/local/go/src/net/http/server.go:1746 +0xd0
panic(0xb737c0, 0xc000204c60)
	/usr/local/go/src/runtime/panic.go:513 +0x1b9
github.com/gin-gonic/gin.(*Context).Render(0xc00011d1e0, 0xc8, 0xce5d40, 0xc000306e40)
	/home/dev/go/src/github.com/gin-gonic/gin/context.go:725 +0x160
github.com/gin-gonic/gin.(*Context).HTML(0xc00011d1e0, 0xc8, 0xc10d4a, 0x5, 0x0, 0x0)
	/home/dev/go/src/github.com/gin-gonic/gin/context.go:734 +0x93
_/mnt/CC9EDBF69EDBD6D4/Development_World/Backup_22-4-18/Projects/Interni/Programming_Contest_Management_Platform/app/views.Render(0xc00011d1e0, 0xc10d4a, 0x5, 0xc0002792f0)
	/mnt/CC9EDBF69EDBD6D4/Development World/Backup 22-4-18/Projects/Interni/Programming Contest Management Platform/app/views/views.go:49 +0x2f3
_/mnt/CC9EDBF69EDBD6D4/Development_World/Backup_22-4-18/Projects/Interni/Programming_Contest_Management_Platform/app/controllers.Index(0xc00011d1e0)
	/mnt/CC9EDBF69EDBD6D4/Development World/Backup 22-4-18/Projects/Interni/Programming Contest Management Platform/app/controllers/common.controllers.go:14 +0x231
github.com/gin-gonic/gin.(*Context).Next(0xc00011d1e0)
	/home/dev/go/src/github.com/gin-gonic/gin/context.go:108 +0x43
github.com/gin-contrib/sessions.Sessions.func1(0xc00011d1e0)
	/home/dev/go/src/github.com/gin-contrib/sessions/sessions.go:65 +0x19f
github.com/gin-gonic/gin.(*Context).Next(0xc00011d1e0)
	/home/dev/go/src/github.com/gin-gonic/gin/context.go:108 +0x43
github.com/gin-gonic/gin.LoggerWithWriter.func1(0xc00011d1e0)
	/home/dev/go/src/github.com/gin-gonic/gin/logger.go:84 +0xd2
github.com/gin-gonic/gin.(*Context).Next(0xc00011d1e0)
	/home/dev/go/src/github.com/gin-gonic/gin/context.go:108 +0x43
github.com/gin-gonic/gin.(*Engine).handleHTTPRequest(0xc0002f2000, 0xc00011d1e0)
	/home/dev/go/src/github.com/gin-gonic/gin/gin.go:363 +0x5ab
github.com/gin-gonic/gin.(*Engine).ServeHTTP(0xc0002f2000, 0xce6cc0, 0xc000034380, 0xc0002f0e00)
	/home/dev/go/src/github.com/gin-gonic/gin/gin.go:328 +0x132
net/http.serverHandler.ServeHTTP(0xc0000d7520, 0xce6cc0, 0xc000034380, 0xc0002f0e00)
	/usr/local/go/src/net/http/server.go:2741 +0xab
net/http.(*conn).serve(0xc0000cf040, 0xce7800, 0xc0005ebd40)
	/usr/local/go/src/net/http/server.go:1847 +0x646
created by net/http.(*Server).Serve
	/usr/local/go/src/net/http/server.go:2851 +0x2f5
http: panic serving 127.0.0.1:51488: template: index.html:3:5: executing "content" at <ne .data.upcomingCon...>: error calling ne: invalid type for comparison
goroutine 373 [running]:
net/http.(*conn).serve.func1(0xc0000cf540)
	/usr/local/go/src/net/http/server.go:1746 +0xd0
panic(0xb737c0, 0xc00029c760)
	/usr/local/go/src/runtime/panic.go:513 +0x1b9
github.com/gin-gonic/gin.(*Context).Render(0xc00011d8c0, 0xc8, 0xce5d40, 0xc0006e7170)
	/home/dev/go/src/github.com/gin-gonic/gin/context.go:725 +0x160
github.com/gin-gonic/gin.(*Context).HTML(0xc00011d8c0, 0xc8, 0xc10d4a, 0x5, 0x0, 0x0)
	/home/dev/go/src/github.com/gin-gonic/gin/context.go:734 +0x93
_/mnt/CC9EDBF69EDBD6D4/Development_World/Backup_22-4-18/Projects/Interni/Programming_Contest_Management_Platform/app/views.Render(0xc00011d8c0, 0xc10d4a, 0x5, 0xc000307b30)
	/mnt/CC9EDBF69EDBD6D4/Development World/Backup 22-4-18/Projects/Interni/Programming Contest Management Platform/app/views/views.go:49 +0x2f3
_/mnt/CC9EDBF69EDBD6D4/Development_World/Backup_22-4-18/Projects/Interni/Programming_Contest_Management_Platform/app/controllers.Index(0xc00011d8c0)
	/mnt/CC9EDBF69EDBD6D4/Development World/Backup 22-4-18/Projects/Interni/Programming Contest Management Platform/app/controllers/common.controllers.go:14 +0x231
github.com/gin-gonic/gin.(*Context).Next(0xc00011d8c0)
	/home/dev/go/src/github.com/gin-gonic/gin/context.go:108 +0x43
github.com/gin-contrib/sessions.Sessions.func1(0xc00011d8c0)
	/home/dev/go/src/github.com/gin-contrib/sessions/sessions.go:65 +0x19f
github.com/gin-gonic/gin.(*Context).Next(0xc00011d8c0)
	/home/dev/go/src/github.com/gin-gonic/gin/context.go:108 +0x43
github.com/gin-gonic/gin.LoggerWithWriter.func1(0xc00011d8c0)
	/home/dev/go/src/github.com/gin-gonic/gin/logger.go:84 +0xd2
github.com/gin-gonic/gin.(*Context).Next(0xc00011d8c0)
	/home/dev/go/src/github.com/gin-gonic/gin/context.go:108 +0x43
github.com/gin-gonic/gin.(*Engine).handleHTTPRequest(0xc0002f2000, 0xc00011d8c0)
	/home/dev/go/src/github.com/gin-gonic/gin/gin.go:363 +0x5ab
github.com/gin-gonic/gin.(*Engine).ServeHTTP(0xc0002f2000, 0xce6cc0, 0xc000034460, 0xc0002f1400)
	/home/dev/go/src/github.com/gin-gonic/gin/gin.go:328 +0x132
net/http.serverHandler.ServeHTTP(0xc0000d7520, 0xce6cc0, 0xc000034460, 0xc0002f1400)
	/usr/local/go/src/net/http/server.go:2741 +0xab
net/http.(*conn).serve(0xc0000cf540, 0xce7800, 0xc0002f8980)
	/usr/local/go/src/net/http/server.go:1847 +0x646
created by net/http.(*Server).Serve
	/usr/local/go/src/net/http/server.go:2851 +0x2f5
http: panic serving 127.0.0.1:51490: template: index.html:3:5: executing "content" at <ne .data.upcomingCon...>: error calling ne: invalid type for comparison
goroutine 377 [running]:
net/http.(*conn).serve.func1(0xc0000cfa40)
	/usr/local/go/src/net/http/server.go:1746 +0xd0
panic(0xb737c0, 0xc00029da80)
	/usr/local/go/src/runtime/panic.go:513 +0x1b9
github.com/gin-gonic/gin.(*Context).Render(0xc000802000, 0xc8, 0xce5d40, 0xc000765470)
	/home/dev/go/src/github.com/gin-gonic/gin/context.go:725 +0x160
github.com/gin-gonic/gin.(*Context).HTML(0xc000802000, 0xc8, 0xc10d4a, 0x5, 0x0, 0x0)
	/home/dev/go/src/github.com/gin-gonic/gin/context.go:734 +0x93
_/mnt/CC9EDBF69EDBD6D4/Development_World/Backup_22-4-18/Projects/Interni/Programming_Contest_Management_Platform/app/views.Render(0xc000802000, 0xc10d4a, 0x5, 0xc0006e7e30)
	/mnt/CC9EDBF69EDBD6D4/Development World/Backup 22-4-18/Projects/Interni/Programming Contest Management Platform/app/views/views.go:49 +0x2f3
_/mnt/CC9EDBF69EDBD6D4/Development_World/Backup_22-4-18/Projects/Interni/Programming_Contest_Management_Platform/app/controllers.Index(0xc000802000)
	/mnt/CC9EDBF69EDBD6D4/Development World/Backup 22-4-18/Projects/Interni/Programming Contest Management Platform/app/controllers/common.controllers.go:14 +0x231
github.com/gin-gonic/gin.(*Context).Next(0xc000802000)
	/home/dev/go/src/github.com/gin-gonic/gin/context.go:108 +0x43
github.com/gin-contrib/sessions.Sessions.func1(0xc000802000)
	/home/dev/go/src/github.com/gin-contrib/sessions/sessions.go:65 +0x19f
github.com/gin-gonic/gin.(*Context).Next(0xc000802000)
	/home/dev/go/src/github.com/gin-gonic/gin/context.go:108 +0x43
github.com/gin-gonic/gin.LoggerWithWriter.func1(0xc000802000)
	/home/dev/go/src/github.com/gin-gonic/gin/logger.go:84 +0xd2
github.com/gin-gonic/gin.(*Context).Next(0xc000802000)
	/home/dev/go/src/github.com/gin-gonic/gin/context.go:108 +0x43
github.com/gin-gonic/gin.(*Engine).handleHTTPRequest(0xc0002f2000, 0xc000802000)
	/home/dev/go/src/github.com/gin-gonic/gin/gin.go:363 +0x5ab
github.com/gin-gonic/gin.(*Engine).ServeHTTP(0xc0002f2000, 0xce6cc0, 0xc000034540, 0xc0002f1900)
	/home/dev/go/src/github.com/gin-gonic/gin/gin.go:328 +0x132
net/http.serverHandler.ServeHTTP(0xc0000d7520, 0xce6cc0, 0xc000034540, 0xc0002f1900)
	/usr/local/go/src/net/http/server.go:2741 +0xab
net/http.(*conn).serve(0xc0000cfa40, 0xce7800, 0xc0002f9700)
	/usr/local/go/src/net/http/server.go:1847 +0x646
created by net/http.(*Server).Serve
	/usr/local/go/src/net/http/server.go:2851 +0x2f5
http: panic serving 127.0.0.1:51492: template: index.html:3:5: executing "content" at <ne .data.upcomingCon...>: error calling ne: invalid type for comparison
goroutine 334 [running]:
net/http.(*conn).serve.func1(0xc00028af00)
	/usr/local/go/src/net/http/server.go:1746 +0xd0
panic(0xb737c0, 0xc0000e7d20)
	/usr/local/go/src/runtime/panic.go:513 +0x1b9
github.com/gin-gonic/gin.(*Context).Render(0xc0007c2e70, 0xc8, 0xce5d40, 0xc00075a450)
	/home/dev/go/src/github.com/gin-gonic/gin/context.go:725 +0x160
github.com/gin-gonic/gin.(*Context).HTML(0xc0007c2e70, 0xc8, 0xc10d4a, 0x5, 0x0, 0x0)
	/home/dev/go/src/github.com/gin-gonic/gin/context.go:734 +0x93
_/mnt/CC9EDBF69EDBD6D4/Development_World/Backup_22-4-18/Projects/Interni/Programming_Contest_Management_Platform/app/views.Render(0xc0007c2e70, 0xc10d4a, 0x5, 0xc0001fce10)
	/mnt/CC9EDBF69EDBD6D4/Development World/Backup 22-4-18/Projects/Interni/Programming Contest Management Platform/app/views/views.go:49 +0x2f3
_/mnt/CC9EDBF69EDBD6D4/Development_World/Backup_22-4-18/Projects/Interni/Programming_Contest_Management_Platform/app/controllers.Index(0xc0007c2e70)
	/mnt/CC9EDBF69EDBD6D4/Development World/Backup 22-4-18/Projects/Interni/Programming Contest Management Platform/app/controllers/common.controllers.go:14 +0x231
github.com/gin-gonic/gin.(*Context).Next(0xc0007c2e70)
	/home/dev/go/src/github.com/gin-gonic/gin/context.go:108 +0x43
github.com/gin-contrib/sessions.Sessions.func1(0xc0007c2e70)
	/home/dev/go/src/github.com/gin-contrib/sessions/sessions.go:65 +0x19f
github.com/gin-gonic/gin.(*Context).Next(0xc0007c2e70)
	/home/dev/go/src/github.com/gin-gonic/gin/context.go:108 +0x43
github.com/gin-gonic/gin.LoggerWithWriter.func1(0xc0007c2e70)
	/home/dev/go/src/github.com/gin-gonic/gin/logger.go:84 +0xd2
github.com/gin-gonic/gin.(*Context).Next(0xc0007c2e70)
	/home/dev/go/src/github.com/gin-gonic/gin/context.go:108 +0x43
github.com/gin-gonic/gin.(*Engine).handleHTTPRequest(0xc0002f2000, 0xc0007c2e70)
	/home/dev/go/src/github.com/gin-gonic/gin/gin.go:363 +0x5ab
github.com/gin-gonic/gin.(*Engine).ServeHTTP(0xc0002f2000, 0xce6cc0, 0xc0007e81c0, 0xc000778d00)
	/home/dev/go/src/github.com/gin-gonic/gin/gin.go:328 +0x132
net/http.serverHandler.ServeHTTP(0xc0000d7520, 0xce6cc0, 0xc0007e81c0, 0xc000778d00)
	/usr/local/go/src/net/http/server.go:2741 +0xab
net/http.(*conn).serve(0xc00028af00, 0xce7800, 0xc0001fe900)
	/usr/local/go/src/net/http/server.go:1847 +0x646
created by net/http.(*Server).Serve
	/usr/local/go/src/net/http/server.go:2851 +0x2f5
http: panic serving 127.0.0.1:51494: template: index.html:3:5: executing "content" at <ne .data.upcomingCon...>: error calling ne: invalid type for comparison
goroutine 386 [running]:
net/http.(*conn).serve.func1(0xc00028b540)
	/usr/local/go/src/net/http/server.go:1746 +0xd0
panic(0xb737c0, 0xc00000d800)
	/usr/local/go/src/runtime/panic.go:513 +0x1b9
github.com/gin-gonic/gin.(*Context).Render(0xc0003038c0, 0xc8, 0xce5d40, 0xc0007ef290)
	/home/dev/go/src/github.com/gin-gonic/gin/context.go:725 +0x160
github.com/gin-gonic/gin.(*Context).HTML(0xc0003038c0, 0xc8, 0xc10d4a, 0x5, 0x0, 0x0)
	/home/dev/go/src/github.com/gin-gonic/gin/context.go:734 +0x93
_/mnt/CC9EDBF69EDBD6D4/Development_World/Backup_22-4-18/Projects/Interni/Programming_Contest_Management_Platform/app/views.Render(0xc0003038c0, 0xc10d4a, 0x5, 0xc000203740)
	/mnt/CC9EDBF69EDBD6D4/Development World/Backup 22-4-18/Projects/Interni/Programming Contest Management Platform/app/views/views.go:49 +0x2f3
_/mnt/CC9EDBF69EDBD6D4/Development_World/Backup_22-4-18/Projects/Interni/Programming_Contest_Management_Platform/app/controllers.Index(0xc0003038c0)
	/mnt/CC9EDBF69EDBD6D4/Development World/Backup 22-4-18/Projects/Interni/Programming Contest Management Platform/app/controllers/common.controllers.go:14 +0x231
github.com/gin-gonic/gin.(*Context).Next(0xc0003038c0)
	/home/dev/go/src/github.com/gin-gonic/gin/context.go:108 +0x43
github.com/gin-contrib/sessions.Sessions.func1(0xc0003038c0)
	/home/dev/go/src/github.com/gin-contrib/sessions/sessions.go:65 +0x19f
github.com/gin-gonic/gin.(*Context).Next(0xc0003038c0)
	/home/dev/go/src/github.com/gin-gonic/gin/context.go:108 +0x43
github.com/gin-gonic/gin.LoggerWithWriter.func1(0xc0003038c0)
	/home/dev/go/src/github.com/gin-gonic/gin/logger.go:84 +0xd2
github.com/gin-gonic/gin.(*Context).Next(0xc0003038c0)
	/home/dev/go/src/github.com/gin-gonic/gin/context.go:108 +0x43
github.com/gin-gonic/gin.(*Engine).handleHTTPRequest(0xc0002f2000, 0xc0003038c0)
	/home/dev/go/src/github.com/gin-gonic/gin/gin.go:363 +0x5ab
github.com/gin-gonic/gin.(*Engine).ServeHTTP(0xc0002f2000, 0xce6cc0, 0xc0005b40e0, 0xc0007c8a00)
	/home/dev/go/src/github.com/gin-gonic/gin/gin.go:328 +0x132
net/http.serverHandler.ServeHTTP(0xc0000d7520, 0xce6cc0, 0xc0005b40e0, 0xc0007c8a00)
	/usr/local/go/src/net/http/server.go:2741 +0xab
net/http.(*conn).serve(0xc00028b540, 0xce7800, 0xc0000e36c0)
	/usr/local/go/src/net/http/server.go:1847 +0x646
created by net/http.(*Server).Serve
	/usr/local/go/src/net/http/server.go:2851 +0x2f5
http: panic serving 127.0.0.1:51496: template: index.html:3:5: executing "content" at <ne .data.upcomingCon...>: error calling ne: invalid type for comparison
goroutine 362 [running]:
net/http.(*conn).serve.func1(0xc00022e960)
	/usr/local/go/src/net/http/server.go:1746 +0xd0
panic(0xb737c0, 0xc0002e4780)
	/usr/local/go/src/runtime/panic.go:513 +0x1b9
github.com/gin-gonic/gin.(*Context).Render(0xc0006a4000, 0xc8, 0xce5d40, 0xc0007cd770)
	/home/dev/go/src/github.com/gin-gonic/gin/context.go:725 +0x160
github.com/gin-gonic/gin.(*Context).HTML(0xc0006a4000, 0xc8, 0xc10d4a, 0x5, 0x0, 0x0)
	/home/dev/go/src/github.com/gin-gonic/gin/context.go:734 +0x93
_/mnt/CC9EDBF69EDBD6D4/Development_World/Backup_22-4-18/Projects/Interni/Programming_Contest_Management_Platform/app/views.Render(0xc0006a4000, 0xc10d4a, 0x5, 0xc0007eff80)
	/mnt/CC9EDBF69EDBD6D4/Development World/Backup 22-4-18/Projects/Interni/Programming Contest Management Platform/app/views/views.go:49 +0x2f3
_/mnt/CC9EDBF69EDBD6D4/Development_World/Backup_22-4-18/Projects/Interni/Programming_Contest_Management_Platform/app/controllers.Index(0xc0006a4000)
	/mnt/CC9EDBF69EDBD6D4/Development World/Backup 22-4-18/Projects/Interni/Programming Contest Management Platform/app/controllers/common.controllers.go:14 +0x231
github.com/gin-gonic/gin.(*Context).Next(0xc0006a4000)
	/home/dev/go/src/github.com/gin-gonic/gin/context.go:108 +0x43
github.com/gin-contrib/sessions.Sessions.func1(0xc0006a4000)
	/home/dev/go/src/github.com/gin-contrib/sessions/sessions.go:65 +0x19f
github.com/gin-gonic/gin.(*Context).Next(0xc0006a4000)
	/home/dev/go/src/github.com/gin-gonic/gin/context.go:108 +0x43
github.com/gin-gonic/gin.LoggerWithWriter.func1(0xc0006a4000)
	/home/dev/go/src/github.com/gin-gonic/gin/logger.go:84 +0xd2
github.com/gin-gonic/gin.(*Context).Next(0xc0006a4000)
	/home/dev/go/src/github.com/gin-gonic/gin/context.go:108 +0x43
github.com/gin-gonic/gin.(*Engine).handleHTTPRequest(0xc0002f2000, 0xc0006a4000)
	/home/dev/go/src/github.com/gin-gonic/gin/gin.go:363 +0x5ab
github.com/gin-gonic/gin.(*Engine).ServeHTTP(0xc0002f2000, 0xce6cc0, 0xc0005b41c0, 0xc0007c8f00)
	/home/dev/go/src/github.com/gin-gonic/gin/gin.go:328 +0x132
net/http.serverHandler.ServeHTTP(0xc0000d7520, 0xce6cc0, 0xc0005b41c0, 0xc0007c8f00)
	/usr/local/go/src/net/http/server.go:2741 +0xab
net/http.(*conn).serve(0xc00022e960, 0xce7800, 0xc000846d80)
	/usr/local/go/src/net/http/server.go:1847 +0x646
created by net/http.(*Server).Serve
	/usr/local/go/src/net/http/server.go:2851 +0x2f5
http: panic serving 127.0.0.1:51498: template: index.html:3:5: executing "content" at <ne .data.upcomingCon...>: error calling ne: invalid type for comparison
goroutine 387 [running]:
net/http.(*conn).serve.func1(0xc00028b680)
	/usr/local/go/src/net/http/server.go:1746 +0xd0
panic(0xb737c0, 0xc0007c0020)
	/usr/local/go/src/runtime/panic.go:513 +0x1b9
github.com/gin-gonic/gin.(*Context).Render(0xc0006a46e0, 0xc8, 0xce5d40, 0xc000765ce0)
	/home/dev/go/src/github.com/gin-gonic/gin/context.go:725 +0x160
github.com/gin-gonic/gin.(*Context).HTML(0xc0006a46e0, 0xc8, 0xc10d4a, 0x5, 0x0, 0x0)
	/home/dev/go/src/github.com/gin-gonic/gin/context.go:734 +0x93
_/mnt/CC9EDBF69EDBD6D4/Development_World/Backup_22-4-18/Projects/Interni/Programming_Contest_Management_Platform/app/views.Render(0xc0006a46e0, 0xc10d4a, 0x5, 0xc0007a0a80)
	/mnt/CC9EDBF69EDBD6D4/Development World/Backup 22-4-18/Projects/Interni/Programming Contest Management Platform/app/views/views.go:49 +0x2f3
_/mnt/CC9EDBF69EDBD6D4/Development_World/Backup_22-4-18/Projects/Interni/Programming_Contest_Management_Platform/app/controllers.Index(0xc0006a46e0)
	/mnt/CC9EDBF69EDBD6D4/Development World/Backup 22-4-18/Projects/Interni/Programming Contest Management Platform/app/controllers/common.controllers.go:14 +0x231
github.com/gin-gonic/gin.(*Context).Next(0xc0006a46e0)
	/home/dev/go/src/github.com/gin-gonic/gin/context.go:108 +0x43
github.com/gin-contrib/sessions.Sessions.func1(0xc0006a46e0)
	/home/dev/go/src/github.com/gin-contrib/sessions/sessions.go:65 +0x19f
github.com/gin-gonic/gin.(*Context).Next(0xc0006a46e0)
	/home/dev/go/src/github.com/gin-gonic/gin/context.go:108 +0x43
github.com/gin-gonic/gin.LoggerWithWriter.func1(0xc0006a46e0)
	/home/dev/go/src/github.com/gin-gonic/gin/logger.go:84 +0xd2
github.com/gin-gonic/gin.(*Context).Next(0xc0006a46e0)
	/home/dev/go/src/github.com/gin-gonic/gin/context.go:108 +0x43
github.com/gin-gonic/gin.(*Engine).handleHTTPRequest(0xc0002f2000, 0xc0006a46e0)
	/home/dev/go/src/github.com/gin-gonic/gin/gin.go:363 +0x5ab
github.com/gin-gonic/gin.(*Engine).ServeHTTP(0xc0002f2000, 0xce6cc0, 0xc0005b42a0, 0xc000779200)
	/home/dev/go/src/github.com/gin-gonic/gin/gin.go:328 +0x132
net/http.serverHandler.ServeHTTP(0xc0000d7520, 0xce6cc0, 0xc0005b42a0, 0xc000779200)
	/usr/local/go/src/net/http/server.go:2741 +0xab
net/http.(*conn).serve(0xc00028b680, 0xce7800, 0xc0001ff4c0)
	/usr/local/go/src/net/http/server.go:1847 +0x646
created by net/http.(*Server).Serve
	/usr/local/go/src/net/http/server.go:2851 +0x2f5
http: panic serving 127.0.0.1:51500: template: index.html:3:5: executing "content" at <ne .data.upcomingCon...>: error calling ne: invalid type for comparison
goroutine 381 [running]:
net/http.(*conn).serve.func1(0xc0002a4320)
	/usr/local/go/src/net/http/server.go:1746 +0xd0
panic(0xb737c0, 0xc0007c0e00)
	/usr/local/go/src/runtime/panic.go:513 +0x1b9
github.com/gin-gonic/gin.(*Context).Render(0xc0008026e0, 0xc8, 0xce5d40, 0xc000584030)
	/home/dev/go/src/github.com/gin-gonic/gin/context.go:725 +0x160
github.com/gin-gonic/gin.(*Context).HTML(0xc0008026e0, 0xc8, 0xc10d4a, 0x5, 0x0, 0x0)
	/home/dev/go/src/github.com/gin-gonic/gin/context.go:734 +0x93
_/mnt/CC9EDBF69EDBD6D4/Development_World/Backup_22-4-18/Projects/Interni/Programming_Contest_Management_Platform/app/views.Render(0xc0008026e0, 0xc10d4a, 0x5, 0xc0008baa20)
	/mnt/CC9EDBF69EDBD6D4/Development World/Backup 22-4-18/Projects/Interni/Programming Contest Management Platform/app/views/views.go:49 +0x2f3
_/mnt/CC9EDBF69EDBD6D4/Development_World/Backup_22-4-18/Projects/Interni/Programming_Contest_Management_Platform/app/controllers.Index(0xc0008026e0)
	/mnt/CC9EDBF69EDBD6D4/Development World/Backup 22-4-18/Projects/Interni/Programming Contest Management Platform/app/controllers/common.controllers.go:14 +0x231
github.com/gin-gonic/gin.(*Context).Next(0xc0008026e0)
	/home/dev/go/src/github.com/gin-gonic/gin/context.go:108 +0x43
github.com/gin-contrib/sessions.Sessions.func1(0xc0008026e0)
	/home/dev/go/src/github.com/gin-contrib/sessions/sessions.go:65 +0x19f
github.com/gin-gonic/gin.(*Context).Next(0xc0008026e0)
	/home/dev/go/src/github.com/gin-gonic/gin/context.go:108 +0x43
github.com/gin-gonic/gin.LoggerWithWriter.func1(0xc0008026e0)
	/home/dev/go/src/github.com/gin-gonic/gin/logger.go:84 +0xd2
github.com/gin-gonic/gin.(*Context).Next(0xc0008026e0)
	/home/dev/go/src/github.com/gin-gonic/gin/context.go:108 +0x43
github.com/gin-gonic/gin.(*Engine).handleHTTPRequest(0xc0002f2000, 0xc0008026e0)
	/home/dev/go/src/github.com/gin-gonic/gin/gin.go:363 +0x5ab
github.com/gin-gonic/gin.(*Engine).ServeHTTP(0xc0002f2000, 0xce6cc0, 0xc000034620, 0xc0002f1e00)
	/home/dev/go/src/github.com/gin-gonic/gin/gin.go:328 +0x132
net/http.serverHandler.ServeHTTP(0xc0000d7520, 0xce6cc0, 0xc000034620, 0xc0002f1e00)
	/usr/local/go/src/net/http/server.go:2741 +0xab
net/http.(*conn).serve(0xc0002a4320, 0xce7800, 0xc000780500)
	/usr/local/go/src/net/http/server.go:1847 +0x646
created by net/http.(*Server).Serve
	/usr/local/go/src/net/http/server.go:2851 +0x2f5
http: panic serving 127.0.0.1:51502: template: index.html:3:5: executing "content" at <ne .data.upcomingCon...>: error calling ne: invalid type for comparison
goroutine 385 [running]:
net/http.(*conn).serve.func1(0xc0002a4be0)
	/usr/local/go/src/net/http/server.go:1746 +0xd0
panic(0xb737c0, 0xc0007c1d00)
	/usr/local/go/src/runtime/panic.go:513 +0x1b9
github.com/gin-gonic/gin.(*Context).Render(0xc000802dc0, 0xc8, 0xce5d40, 0xc0006ce330)
	/home/dev/go/src/github.com/gin-gonic/gin/context.go:725 +0x160
github.com/gin-gonic/gin.(*Context).HTML(0xc000802dc0, 0xc8, 0xc10d4a, 0x5, 0x0, 0x0)
	/home/dev/go/src/github.com/gin-gonic/gin/context.go:734 +0x93
_/mnt/CC9EDBF69EDBD6D4/Development_World/Backup_22-4-18/Projects/Interni/Programming_Contest_Management_Platform/app/views.Render(0xc000802dc0, 0xc10d4a, 0x5, 0xc000584cf0)
	/mnt/CC9EDBF69EDBD6D4/Development World/Backup 22-4-18/Projects/Interni/Programming Contest Management Platform/app/views/views.go:49 +0x2f3
_/mnt/CC9EDBF69EDBD6D4/Development_World/Backup_22-4-18/Projects/Interni/Programming_Contest_Management_Platform/app/controllers.Index(0xc000802dc0)
	/mnt/CC9EDBF69EDBD6D4/Development World/Backup 22-4-18/Projects/Interni/Programming Contest Management Platform/app/controllers/common.controllers.go:14 +0x231
github.com/gin-gonic/gin.(*Context).Next(0xc000802dc0)
	/home/dev/go/src/github.com/gin-gonic/gin/context.go:108 +0x43
github.com/gin-contrib/sessions.Sessions.func1(0xc000802dc0)
	/home/dev/go/src/github.com/gin-contrib/sessions/sessions.go:65 +0x19f
github.com/gin-gonic/gin.(*Context).Next(0xc000802dc0)
	/home/dev/go/src/github.com/gin-gonic/gin/context.go:108 +0x43
github.com/gin-gonic/gin.LoggerWithWriter.func1(0xc000802dc0)
	/home/dev/go/src/github.com/gin-gonic/gin/logger.go:84 +0xd2
github.com/gin-gonic/gin.(*Context).Next(0xc000802dc0)
	/home/dev/go/src/github.com/gin-gonic/gin/context.go:108 +0x43
github.com/gin-gonic/gin.(*Engine).handleHTTPRequest(0xc0002f2000, 0xc000802dc0)
	/home/dev/go/src/github.com/gin-gonic/gin/gin.go:363 +0x5ab
github.com/gin-gonic/gin.(*Engine).ServeHTTP(0xc0002f2000, 0xce6cc0, 0xc000034700, 0xc000168300)
	/home/dev/go/src/github.com/gin-gonic/gin/gin.go:328 +0x132
net/http.serverHandler.ServeHTTP(0xc0000d7520, 0xce6cc0, 0xc000034700, 0xc000168300)
	/usr/local/go/src/net/http/server.go:2741 +0xab
net/http.(*conn).serve(0xc0002a4be0, 0xce7800, 0xc000781180)
	/usr/local/go/src/net/http/server.go:1847 +0x646
created by net/http.(*Server).Serve
	/usr/local/go/src/net/http/server.go:2851 +0x2f5
http: panic serving 127.0.0.1:51504: template: index.html:3:5: executing "content" at <ne .data.upcomingCon...>: error calling ne: invalid type for comparison
goroutine 405 [running]:
net/http.(*conn).serve.func1(0xc0002a50e0)
	/usr/local/go/src/net/http/server.go:1746 +0xd0
panic(0xb737c0, 0xc00087cae0)
	/usr/local/go/src/runtime/panic.go:513 +0x1b9
github.com/gin-gonic/gin.(*Context).Render(0xc0008034a0, 0xc8, 0xce5d40, 0xc000880600)
	/home/dev/go/src/github.com/gin-gonic/gin/context.go:725 +0x160
github.com/gin-gonic/gin.(*Context).HTML(0xc0008034a0, 0xc8, 0xc10d4a, 0x5, 0x0, 0x0)
	/home/dev/go/src/github.com/gin-gonic/gin/context.go:734 +0x93
_/mnt/CC9EDBF69EDBD6D4/Development_World/Backup_22-4-18/Projects/Interni/Programming_Contest_Management_Platform/app/views.Render(0xc0008034a0, 0xc10d4a, 0x5, 0xc0006ceff0)
	/mnt/CC9EDBF69EDBD6D4/Development World/Backup 22-4-18/Projects/Interni/Programming Contest Management Platform/app/views/views.go:49 +0x2f3
_/mnt/CC9EDBF69EDBD6D4/Development_World/Backup_22-4-18/Projects/Interni/Programming_Contest_Management_Platform/app/controllers.Index(0xc0008034a0)
	/mnt/CC9EDBF69EDBD6D4/Development World/Backup 22-4-18/Projects/Interni/Programming Contest Management Platform/app/controllers/common.controllers.go:14 +0x231
github.com/gin-gonic/gin.(*Context).Next(0xc0008034a0)
	/home/dev/go/src/github.com/gin-gonic/gin/context.go:108 +0x43
github.com/gin-contrib/sessions.Sessions.func1(0xc0008034a0)
	/home/dev/go/src/github.com/gin-contrib/sessions/sessions.go:65 +0x19f
github.com/gin-gonic/gin.(*Context).Next(0xc0008034a0)
	/home/dev/go/src/github.com/gin-gonic/gin/context.go:108 +0x43
github.com/gin-gonic/gin.LoggerWithWriter.func1(0xc0008034a0)
	/home/dev/go/src/github.com/gin-gonic/gin/logger.go:84 +0xd2
github.com/gin-gonic/gin.(*Context).Next(0xc0008034a0)
	/home/dev/go/src/github.com/gin-gonic/gin/context.go:108 +0x43
github.com/gin-gonic/gin.(*Engine).handleHTTPRequest(0xc0002f2000, 0xc0008034a0)
	/home/dev/go/src/github.com/gin-gonic/gin/gin.go:363 +0x5ab
github.com/gin-gonic/gin.(*Engine).ServeHTTP(0xc0002f2000, 0xce6cc0, 0xc0000347e0, 0xc000168a00)
	/home/dev/go/src/github.com/gin-gonic/gin/gin.go:328 +0x132
net/http.serverHandler.ServeHTTP(0xc0000d7520, 0xce6cc0, 0xc0000347e0, 0xc000168a00)
	/usr/local/go/src/net/http/server.go:2741 +0xab
net/http.(*conn).serve(0xc0002a50e0, 0xce7800, 0xc000781e40)
	/usr/local/go/src/net/http/server.go:1847 +0x646
created by net/http.(*Server).Serve
	/usr/local/go/src/net/http/server.go:2851 +0x2f5
http: panic serving 127.0.0.1:51506: template: index.html:3:5: executing "content" at <ne .data.upcomingCon...>: error calling ne: invalid type for comparison
goroutine 369 [running]:
net/http.(*conn).serve.func1(0xc00022efa0)
	/usr/local/go/src/net/http/server.go:1746 +0xd0
panic(0xb737c0, 0xc0002e5f60)
	/usr/local/go/src/runtime/panic.go:513 +0x1b9
github.com/gin-gonic/gin.(*Context).Render(0xc0006a4dc0, 0xc8, 0xce5d40, 0xc000897b30)
	/home/dev/go/src/github.com/gin-gonic/gin/context.go:725 +0x160
github.com/gin-gonic/gin.(*Context).HTML(0xc0006a4dc0, 0xc8, 0xc10d4a, 0x5, 0x0, 0x0)
	/home/dev/go/src/github.com/gin-gonic/gin/context.go:734 +0x93
_/mnt/CC9EDBF69EDBD6D4/Development_World/Backup_22-4-18/Projects/Interni/Programming_Contest_Management_Platform/app/views.Render(0xc0006a4dc0, 0xc10d4a, 0x5, 0xc000896540)
	/mnt/CC9EDBF69EDBD6D4/Development World/Backup 22-4-18/Projects/Interni/Programming Contest Management Platform/app/views/views.go:49 +0x2f3
_/mnt/CC9EDBF69EDBD6D4/Development_World/Backup_22-4-18/Projects/Interni/Programming_Contest_Management_Platform/app/controllers.Index(0xc0006a4dc0)
	/mnt/CC9EDBF69EDBD6D4/Development World/Backup 22-4-18/Projects/Interni/Programming Contest Management Platform/app/controllers/common.controllers.go:14 +0x231
github.com/gin-gonic/gin.(*Context).Next(0xc0006a4dc0)
	/home/dev/go/src/github.com/gin-gonic/gin/context.go:108 +0x43
github.com/gin-contrib/sessions.Sessions.func1(0xc0006a4dc0)
	/home/dev/go/src/github.com/gin-contrib/sessions/sessions.go:65 +0x19f
github.com/gin-gonic/gin.(*Context).Next(0xc0006a4dc0)
	/home/dev/go/src/github.com/gin-gonic/gin/context.go:108 +0x43
github.com/gin-gonic/gin.LoggerWithWriter.func1(0xc0006a4dc0)
	/home/dev/go/src/github.com/gin-gonic/gin/logger.go:84 +0xd2
github.com/gin-gonic/gin.(*Context).Next(0xc0006a4dc0)
	/home/dev/go/src/github.com/gin-gonic/gin/context.go:108 +0x43
github.com/gin-gonic/gin.(*Engine).handleHTTPRequest(0xc0002f2000, 0xc0006a4dc0)
	/home/dev/go/src/github.com/gin-gonic/gin/gin.go:363 +0x5ab
github.com/gin-gonic/gin.(*Engine).ServeHTTP(0xc0002f2000, 0xce6cc0, 0xc0005b4380, 0xc0007c9800)
	/home/dev/go/src/github.com/gin-gonic/gin/gin.go:328 +0x132
net/http.serverHandler.ServeHTTP(0xc0000d7520, 0xce6cc0, 0xc0005b4380, 0xc0007c9800)
	/usr/local/go/src/net/http/server.go:2741 +0xab
net/http.(*conn).serve(0xc00022efa0, 0xce7800, 0xc0008c22c0)
	/usr/local/go/src/net/http/server.go:1847 +0x646
created by net/http.(*Server).Serve
	/usr/local/go/src/net/http/server.go:2851 +0x2f5
http: panic serving 127.0.0.1:51508: template: index.html:3:5: executing "content" at <ne .data.upcomingCon...>: error calling ne: invalid type for comparison
goroutine 421 [running]:
net/http.(*conn).serve.func1(0xc00022f4a0)
	/usr/local/go/src/net/http/server.go:1746 +0xd0
panic(0xb737c0, 0xc00087d180)
	/usr/local/go/src/runtime/panic.go:513 +0x1b9
github.com/gin-gonic/gin.(*Context).Render(0xc0006a54a0, 0xc8, 0xce5d40, 0xc000881890)
	/home/dev/go/src/github.com/gin-gonic/gin/context.go:725 +0x160
github.com/gin-gonic/gin.(*Context).HTML(0xc0006a54a0, 0xc8, 0xc10d4a, 0x5, 0x0, 0x0)
	/home/dev/go/src/github.com/gin-gonic/gin/context.go:734 +0x93
_/mnt/CC9EDBF69EDBD6D4/Development_World/Backup_22-4-18/Projects/Interni/Programming_Contest_Management_Platform/app/views.Render(0xc0006a54a0, 0xc10d4a, 0x5, 0xc000596810)
	/mnt/CC9EDBF69EDBD6D4/Development World/Backup 22-4-18/Projects/Interni/Programming Contest Management Platform/app/views/views.go:49 +0x2f3
_/mnt/CC9EDBF69EDBD6D4/Development_World/Backup_22-4-18/Projects/Interni/Programming_Contest_Management_Platform/app/controllers.Index(0xc0006a54a0)
	/mnt/CC9EDBF69EDBD6D4/Development World/Backup 22-4-18/Projects/Interni/Programming Contest Management Platform/app/controllers/common.controllers.go:14 +0x231
github.com/gin-gonic/gin.(*Context).Next(0xc0006a54a0)
	/home/dev/go/src/github.com/gin-gonic/gin/context.go:108 +0x43
github.com/gin-contrib/sessions.Sessions.func1(0xc0006a54a0)
	/home/dev/go/src/github.com/gin-contrib/sessions/sessions.go:65 +0x19f
github.com/gin-gonic/gin.(*Context).Next(0xc0006a54a0)
	/home/dev/go/src/github.com/gin-gonic/gin/context.go:108 +0x43
github.com/gin-gonic/gin.LoggerWithWriter.func1(0xc0006a54a0)
	/home/dev/go/src/github.com/gin-gonic/gin/logger.go:84 +0xd2
github.com/gin-gonic/gin.(*Context).Next(0xc0006a54a0)
	/home/dev/go/src/github.com/gin-gonic/gin/context.go:108 +0x43
github.com/gin-gonic/gin.(*Engine).handleHTTPRequest(0xc0002f2000, 0xc0006a54a0)
	/home/dev/go/src/github.com/gin-gonic/gin/gin.go:363 +0x5ab
github.com/gin-gonic/gin.(*Engine).ServeHTTP(0xc0002f2000, 0xce6cc0, 0xc0005b4540, 0xc0007c9d00)
	/home/dev/go/src/github.com/gin-gonic/gin/gin.go:328 +0x132
net/http.serverHandler.ServeHTTP(0xc0000d7520, 0xce6cc0, 0xc0005b4540, 0xc0007c9d00)
	/usr/local/go/src/net/http/server.go:2741 +0xab
net/http.(*conn).serve(0xc00022f4a0, 0xce7800, 0xc0008c2ec0)
	/usr/local/go/src/net/http/server.go:1847 +0x646
created by net/http.(*Server).Serve
	/usr/local/go/src/net/http/server.go:2851 +0x2f5
http: panic serving 127.0.0.1:51510: template: index.html:3:5: executing "content" at <ne .data.upcomingCon...>: error calling ne: invalid type for comparison
goroutine 388 [running]:
net/http.(*conn).serve.func1(0xc00028b7c0)
	/usr/local/go/src/net/http/server.go:1746 +0xd0
panic(0xb737c0, 0xc0005a8bc0)
	/usr/local/go/src/runtime/panic.go:513 +0x1b9
github.com/gin-gonic/gin.(*Context).Render(0xc0007c3550, 0xc8, 0xce5d40, 0xc0005975c0)
	/home/dev/go/src/github.com/gin-gonic/gin/context.go:725 +0x160
github.com/gin-gonic/gin.(*Context).HTML(0xc0007c3550, 0xc8, 0xc10d4a, 0x5, 0x0, 0x0)
	/home/dev/go/src/github.com/gin-gonic/gin/context.go:734 +0x93
_/mnt/CC9EDBF69EDBD6D4/Development_World/Backup_22-4-18/Projects/Interni/Programming_Contest_Management_Platform/app/views.Render(0xc0007c3550, 0xc10d4a, 0x5, 0xc00075b230)
	/mnt/CC9EDBF69EDBD6D4/Development World/Backup 22-4-18/Projects/Interni/Programming Contest Management Platform/app/views/views.go:49 +0x2f3
_/mnt/CC9EDBF69EDBD6D4/Development_World/Backup_22-4-18/Projects/Interni/Programming_Contest_Management_Platform/app/controllers.Index(0xc0007c3550)
	/mnt/CC9EDBF69EDBD6D4/Development World/Backup 22-4-18/Projects/Interni/Programming Contest Management Platform/app/controllers/common.controllers.go:14 +0x231
github.com/gin-gonic/gin.(*Context).Next(0xc0007c3550)
	/home/dev/go/src/github.com/gin-gonic/gin/context.go:108 +0x43
github.com/gin-contrib/sessions.Sessions.func1(0xc0007c3550)
	/home/dev/go/src/github.com/gin-contrib/sessions/sessions.go:65 +0x19f
github.com/gin-gonic/gin.(*Context).Next(0xc0007c3550)
	/home/dev/go/src/github.com/gin-gonic/gin/context.go:108 +0x43
github.com/gin-gonic/gin.LoggerWithWriter.func1(0xc0007c3550)
	/home/dev/go/src/github.com/gin-gonic/gin/logger.go:84 +0xd2
github.com/gin-gonic/gin.(*Context).Next(0xc0007c3550)
	/home/dev/go/src/github.com/gin-gonic/gin/context.go:108 +0x43
github.com/gin-gonic/gin.(*Engine).handleHTTPRequest(0xc0002f2000, 0xc0007c3550)
	/home/dev/go/src/github.com/gin-gonic/gin/gin.go:363 +0x5ab
github.com/gin-gonic/gin.(*Engine).ServeHTTP(0xc0002f2000, 0xce6cc0, 0xc0007e82a0, 0xc000779300)
	/home/dev/go/src/github.com/gin-gonic/gin/gin.go:328 +0x132
net/http.serverHandler.ServeHTTP(0xc0000d7520, 0xce6cc0, 0xc0007e82a0, 0xc000779300)
	/usr/local/go/src/net/http/server.go:2741 +0xab
net/http.(*conn).serve(0xc00028b7c0, 0xce7800, 0xc0001ff540)
	/usr/local/go/src/net/http/server.go:1847 +0x646
created by net/http.(*Server).Serve
	/usr/local/go/src/net/http/server.go:2851 +0x2f5
http: panic serving 127.0.0.1:51512: template: index.html:3:5: executing "content" at <ne .data.upcomingCon...>: error calling ne: invalid type for comparison
goroutine 424 [running]:
net/http.(*conn).serve.func1(0xc00022f9a0)
	/usr/local/go/src/net/http/server.go:1746 +0xd0
panic(0xb737c0, 0xc0006fd3c0)
	/usr/local/go/src/runtime/panic.go:513 +0x1b9
github.com/gin-gonic/gin.(*Context).Render(0xc0007c3c30, 0xc8, 0xce5d40, 0xc000646090)
	/home/dev/go/src/github.com/gin-gonic/gin/context.go:725 +0x160
github.com/gin-gonic/gin.(*Context).HTML(0xc0007c3c30, 0xc8, 0xc10d4a, 0x5, 0x0, 0x0)
	/home/dev/go/src/github.com/gin-gonic/gin/context.go:734 +0x93
_/mnt/CC9EDBF69EDBD6D4/Development_World/Backup_22-4-18/Projects/Interni/Programming_Contest_Management_Platform/app/views.Render(0xc0007c3c30, 0xc10d4a, 0x5, 0xc000700a80)
	/mnt/CC9EDBF69EDBD6D4/Development World/Backup 22-4-18/Projects/Interni/Programming Contest Management Platform/app/views/views.go:49 +0x2f3
_/mnt/CC9EDBF69EDBD6D4/Development_World/Backup_22-4-18/Projects/Interni/Programming_Contest_Management_Platform/app/controllers.Index(0xc0007c3c30)
	/mnt/CC9EDBF69EDBD6D4/Development World/Backup 22-4-18/Projects/Interni/Programming Contest Management Platform/app/controllers/common.controllers.go:14 +0x231
github.com/gin-gonic/gin.(*Context).Next(0xc0007c3c30)
	/home/dev/go/src/github.com/gin-gonic/gin/context.go:108 +0x43
github.com/gin-contrib/sessions.Sessions.func1(0xc0007c3c30)
	/home/dev/go/src/github.com/gin-contrib/sessions/sessions.go:65 +0x19f
github.com/gin-gonic/gin.(*Context).Next(0xc0007c3c30)
	/home/dev/go/src/github.com/gin-gonic/gin/context.go:108 +0x43
github.com/gin-gonic/gin.LoggerWithWriter.func1(0xc0007c3c30)
	/home/dev/go/src/github.com/gin-gonic/gin/logger.go:84 +0xd2
github.com/gin-gonic/gin.(*Context).Next(0xc0007c3c30)
	/home/dev/go/src/github.com/gin-gonic/gin/context.go:108 +0x43
github.com/gin-gonic/gin.(*Engine).handleHTTPRequest(0xc0002f2000, 0xc0007c3c30)
	/home/dev/go/src/github.com/gin-gonic/gin/gin.go:363 +0x5ab
github.com/gin-gonic/gin.(*Engine).ServeHTTP(0xc0002f2000, 0xce6cc0, 0xc0007e8380, 0xc000779800)
	/home/dev/go/src/github.com/gin-gonic/gin/gin.go:328 +0x132
net/http.serverHandler.ServeHTTP(0xc0000d7520, 0xce6cc0, 0xc0007e8380, 0xc000779800)
	/usr/local/go/src/net/http/server.go:2741 +0xab
net/http.(*conn).serve(0xc00022f9a0, 0xce7800, 0xc0001ffe00)
	/usr/local/go/src/net/http/server.go:1847 +0x646
created by net/http.(*Server).Serve
	/usr/local/go/src/net/http/server.go:2851 +0x2f5
http: panic serving 127.0.0.1:51514: template: index.html:3:5: executing "content" at <ne .data.upcomingCon...>: error calling ne: invalid type for comparison
goroutine 307 [running]:
net/http.(*conn).serve.func1(0xc0000ce1e0)
	/usr/local/go/src/net/http/server.go:1746 +0xd0
panic(0xb737c0, 0xc00029c720)
	/usr/local/go/src/runtime/panic.go:513 +0x1b9
github.com/gin-gonic/gin.(*Context).Render(0xc0007c2000, 0xc8, 0xce5d40, 0xc00075a2a0)
	/home/dev/go/src/github.com/gin-gonic/gin/context.go:725 +0x160
github.com/gin-gonic/gin.(*Context).HTML(0xc0007c2000, 0xc8, 0xc10d4a, 0x5, 0x0, 0x0)
	/home/dev/go/src/github.com/gin-gonic/gin/context.go:734 +0x93
_/mnt/CC9EDBF69EDBD6D4/Development_World/Backup_22-4-18/Projects/Interni/Programming_Contest_Management_Platform/app/views.Render(0xc0007c2000, 0xc10d4a, 0x5, 0xc0007ee630)
	/mnt/CC9EDBF69EDBD6D4/Development World/Backup 22-4-18/Projects/Interni/Programming Contest Management Platform/app/views/views.go:49 +0x2f3
_/mnt/CC9EDBF69EDBD6D4/Development_World/Backup_22-4-18/Projects/Interni/Programming_Contest_Management_Platform/app/controllers.Index(0xc0007c2000)
	/mnt/CC9EDBF69EDBD6D4/Development World/Backup 22-4-18/Projects/Interni/Programming Contest Management Platform/app/controllers/common.controllers.go:14 +0x231
github.com/gin-gonic/gin.(*Context).Next(0xc0007c2000)
	/home/dev/go/src/github.com/gin-gonic/gin/context.go:108 +0x43
github.com/gin-contrib/sessions.Sessions.func1(0xc0007c2000)
	/home/dev/go/src/github.com/gin-contrib/sessions/sessions.go:65 +0x19f
github.com/gin-gonic/gin.(*Context).Next(0xc0007c2000)
	/home/dev/go/src/github.com/gin-gonic/gin/context.go:108 +0x43
github.com/gin-gonic/gin.LoggerWithWriter.func1(0xc0007c2000)
	/home/dev/go/src/github.com/gin-gonic/gin/logger.go:84 +0xd2
github.com/gin-gonic/gin.(*Context).Next(0xc0007c2000)
	/home/dev/go/src/github.com/gin-gonic/gin/context.go:108 +0x43
github.com/gin-gonic/gin.(*Engine).handleHTTPRequest(0xc0002f2000, 0xc0007c2000)
	/home/dev/go/src/github.com/gin-gonic/gin/gin.go:363 +0x5ab
github.com/gin-gonic/gin.(*Engine).ServeHTTP(0xc0002f2000, 0xce6cc0, 0xc0007e8000, 0xc0002f0700)
	/home/dev/go/src/github.com/gin-gonic/gin/gin.go:328 +0x132
net/http.serverHandler.ServeHTTP(0xc0000d7520, 0xce6cc0, 0xc0007e8000, 0xc0002f0700)
	/usr/local/go/src/net/http/server.go:2741 +0xab
net/http.(*conn).serve(0xc0000ce1e0, 0xce7800, 0xc0000a60c0)
	/usr/local/go/src/net/http/server.go:1847 +0x646
created by net/http.(*Server).Serve
	/usr/local/go/src/net/http/server.go:2851 +0x2f5
http: panic serving 127.0.0.1:51516: template: index.html:3:5: executing "content" at <ne .data.upcomingCon...>: error calling ne: invalid type for comparison
goroutine 340 [running]:
net/http.(*conn).serve.func1(0xc00028a000)
	/usr/local/go/src/net/http/server.go:1746 +0xd0
panic(0xb737c0, 0xc0002e4fa0)
	/usr/local/go/src/runtime/panic.go:513 +0x1b9
github.com/gin-gonic/gin.(*Context).Render(0xc0003028f0, 0xc8, 0xce5d40, 0xc0007efc50)
	/home/dev/go/src/github.com/gin-gonic/gin/context.go:725 +0x160
github.com/gin-gonic/gin.(*Context).HTML(0xc0003028f0, 0xc8, 0xc10d4a, 0x5, 0x0, 0x0)
	/home/dev/go/src/github.com/gin-gonic/gin/context.go:734 +0x93
_/mnt/CC9EDBF69EDBD6D4/Development_World/Backup_22-4-18/Projects/Interni/Programming_Contest_Management_Platform/app/views.Render(0xc0003028f0, 0xc10d4a, 0x5, 0xc00075af30)
	/mnt/CC9EDBF69EDBD6D4/Development World/Backup 22-4-18/Projects/Interni/Programming Contest Management Platform/app/views/views.go:49 +0x2f3
_/mnt/CC9EDBF69EDBD6D4/Development_World/Backup_22-4-18/Projects/Interni/Programming_Contest_Management_Platform/app/controllers.Index(0xc0003028f0)
	/mnt/CC9EDBF69EDBD6D4/Development World/Backup 22-4-18/Projects/Interni/Programming Contest Management Platform/app/controllers/common.controllers.go:14 +0x231
github.com/gin-gonic/gin.(*Context).Next(0xc0003028f0)
	/home/dev/go/src/github.com/gin-gonic/gin/context.go:108 +0x43
github.com/gin-contrib/sessions.Sessions.func1(0xc0003028f0)
	/home/dev/go/src/github.com/gin-contrib/sessions/sessions.go:65 +0x19f
github.com/gin-gonic/gin.(*Context).Next(0xc0003028f0)
	/home/dev/go/src/github.com/gin-gonic/gin/context.go:108 +0x43
github.com/gin-gonic/gin.LoggerWithWriter.func1(0xc0003028f0)
	/home/dev/go/src/github.com/gin-gonic/gin/logger.go:84 +0xd2
github.com/gin-gonic/gin.(*Context).Next(0xc0003028f0)
	/home/dev/go/src/github.com/gin-gonic/gin/context.go:108 +0x43
github.com/gin-gonic/gin.(*Engine).handleHTTPRequest(0xc0002f2000, 0xc0003028f0)
	/home/dev/go/src/github.com/gin-gonic/gin/gin.go:363 +0x5ab
github.com/gin-gonic/gin.(*Engine).ServeHTTP(0xc0002f2000, 0xce6cc0, 0xc0000341c0, 0xc000778000)
	/home/dev/go/src/github.com/gin-gonic/gin/gin.go:328 +0x132
net/http.serverHandler.ServeHTTP(0xc0000d7520, 0xce6cc0, 0xc0000341c0, 0xc000778000)
	/usr/local/go/src/net/http/server.go:2741 +0xab
net/http.(*conn).serve(0xc00028a000, 0xce7800, 0xc0008464c0)
	/usr/local/go/src/net/http/server.go:1847 +0x646
created by net/http.(*Server).Serve
	/usr/local/go/src/net/http/server.go:2851 +0x2f5
http: panic serving 127.0.0.1:51518: template: index.html:3:5: executing "content" at <ne .data.upcomingCon...>: error calling ne: invalid type for comparison
goroutine 341 [running]:
net/http.(*conn).serve.func1(0xc00028a140)
	/usr/local/go/src/net/http/server.go:1746 +0xd0
panic(0xb737c0, 0xc0002050e0)
	/usr/local/go/src/runtime/panic.go:513 +0x1b9
github.com/gin-gonic/gin.(*Context).Render(0xc00011c2c0, 0xc8, 0xce5d40, 0xc000765cb0)
	/home/dev/go/src/github.com/gin-gonic/gin/context.go:725 +0x160
github.com/gin-gonic/gin.(*Context).HTML(0xc00011c2c0, 0xc8, 0xc10d4a, 0x5, 0x0, 0x0)
	/home/dev/go/src/github.com/gin-gonic/gin/context.go:734 +0x93
_/mnt/CC9EDBF69EDBD6D4/Development_World/Backup_22-4-18/Projects/Interni/Programming_Contest_Management_Platform/app/views.Render(0xc00011c2c0, 0xc10d4a, 0x5, 0xc0007646c0)
	/mnt/CC9EDBF69EDBD6D4/Development World/Backup 22-4-18/Projects/Interni/Programming Contest Management Platform/app/views/views.go:49 +0x2f3
_/mnt/CC9EDBF69EDBD6D4/Development_World/Backup_22-4-18/Projects/Interni/Programming_Contest_Management_Platform/app/controllers.Index(0xc00011c2c0)
	/mnt/CC9EDBF69EDBD6D4/Development World/Backup 22-4-18/Projects/Interni/Programming Contest Management Platform/app/controllers/common.controllers.go:14 +0x231
github.com/gin-gonic/gin.(*Context).Next(0xc00011c2c0)
	/home/dev/go/src/github.com/gin-gonic/gin/context.go:108 +0x43
github.com/gin-contrib/sessions.Sessions.func1(0xc00011c2c0)
	/home/dev/go/src/github.com/gin-contrib/sessions/sessions.go:65 +0x19f
github.com/gin-gonic/gin.(*Context).Next(0xc00011c2c0)
	/home/dev/go/src/github.com/gin-gonic/gin/context.go:108 +0x43
github.com/gin-gonic/gin.LoggerWithWriter.func1(0xc00011c2c0)
	/home/dev/go/src/github.com/gin-gonic/gin/logger.go:84 +0xd2
github.com/gin-gonic/gin.(*Context).Next(0xc00011c2c0)
	/home/dev/go/src/github.com/gin-gonic/gin/context.go:108 +0x43
github.com/gin-gonic/gin.(*Engine).handleHTTPRequest(0xc0002f2000, 0xc00011c2c0)
	/home/dev/go/src/github.com/gin-gonic/gin/gin.go:363 +0x5ab
github.com/gin-gonic/gin.(*Engine).ServeHTTP(0xc0002f2000, 0xce6cc0, 0xc000648000, 0xc000168000)
	/home/dev/go/src/github.com/gin-gonic/gin/gin.go:328 +0x132
net/http.serverHandler.ServeHTTP(0xc0000d7520, 0xce6cc0, 0xc000648000, 0xc000168000)
	/usr/local/go/src/net/http/server.go:2741 +0xab
net/http.(*conn).serve(0xc00028a140, 0xce7800, 0xc000780000)
	/usr/local/go/src/net/http/server.go:1847 +0x646
created by net/http.(*Server).Serve
	/usr/local/go/src/net/http/server.go:2851 +0x2f5
http: panic serving 127.0.0.1:51520: template: index.html:3:5: executing "content" at <ne .data.upcomingCon...>: error calling ne: invalid type for comparison
goroutine 345 [running]:
net/http.(*conn).serve.func1(0xc00028a640)
	/usr/local/go/src/net/http/server.go:1746 +0xd0
panic(0xb737c0, 0xc00029db00)
	/usr/local/go/src/runtime/panic.go:513 +0x1b9
github.com/gin-gonic/gin.(*Context).Render(0xc0007c26e0, 0xc8, 0xce5d40, 0xc0006e6720)
	/home/dev/go/src/github.com/gin-gonic/gin/context.go:725 +0x160
github.com/gin-gonic/gin.(*Context).HTML(0xc0007c26e0, 0xc8, 0xc10d4a, 0x5, 0x0, 0x0)
	/home/dev/go/src/github.com/gin-gonic/gin/context.go:734 +0x93
_/mnt/CC9EDBF69EDBD6D4/Development_World/Backup_22-4-18/Projects/Interni/Programming_Contest_Management_Platform/app/views.Render(0xc0007c26e0, 0xc10d4a, 0x5, 0xc000306f60)
	/mnt/CC9EDBF69EDBD6D4/Development World/Backup 22-4-18/Projects/Interni/Programming Contest Management Platform/app/views/views.go:49 +0x2f3
_/mnt/CC9EDBF69EDBD6D4/Development_World/Backup_22-4-18/Projects/Interni/Programming_Contest_Management_Platform/app/controllers.Index(0xc0007c26e0)
	/mnt/CC9EDBF69EDBD6D4/Development World/Backup 22-4-18/Projects/Interni/Programming Contest Management Platform/app/controllers/common.controllers.go:14 +0x231
github.com/gin-gonic/gin.(*Context).Next(0xc0007c26e0)
	/home/dev/go/src/github.com/gin-gonic/gin/context.go:108 +0x43
github.com/gin-contrib/sessions.Sessions.func1(0xc0007c26e0)
	/home/dev/go/src/github.com/gin-contrib/sessions/sessions.go:65 +0x19f
github.com/gin-gonic/gin.(*Context).Next(0xc0007c26e0)
	/home/dev/go/src/github.com/gin-gonic/gin/context.go:108 +0x43
github.com/gin-gonic/gin.LoggerWithWriter.func1(0xc0007c26e0)
	/home/dev/go/src/github.com/gin-gonic/gin/logger.go:84 +0xd2
github.com/gin-gonic/gin.(*Context).Next(0xc0007c26e0)
	/home/dev/go/src/github.com/gin-gonic/gin/context.go:108 +0x43
github.com/gin-gonic/gin.(*Engine).handleHTTPRequest(0xc0002f2000, 0xc0007c26e0)
	/home/dev/go/src/github.com/gin-gonic/gin/gin.go:363 +0x5ab
github.com/gin-gonic/gin.(*Engine).ServeHTTP(0xc0002f2000, 0xce6cc0, 0xc0007e80e0, 0xc0002f0c00)
	/home/dev/go/src/github.com/gin-gonic/gin/gin.go:328 +0x132
net/http.serverHandler.ServeHTTP(0xc0000d7520, 0xce6cc0, 0xc0007e80e0, 0xc0002f0c00)
	/usr/local/go/src/net/http/server.go:2741 +0xab
net/http.(*conn).serve(0xc00028a640, 0xce7800, 0xc0000a6fc0)
	/usr/local/go/src/net/http/server.go:1847 +0x646
created by net/http.(*Server).Serve
	/usr/local/go/src/net/http/server.go:2851 +0x2f5
http: panic serving 127.0.0.1:51522: template: index.html:3:5: executing "content" at <ne .data.upcomingCon...>: error calling ne: invalid type for comparison
goroutine 313 [running]:
net/http.(*conn).serve.func1(0xc0000cec80)
	/usr/local/go/src/net/http/server.go:1746 +0xd0
panic(0xb737c0, 0xc0000e6540)
	/usr/local/go/src/runtime/panic.go:513 +0x1b9
github.com/gin-gonic/gin.(*Context).Render(0xc0007c2dc0, 0xc8, 0xce5d40, 0xc0001fc510)
	/home/dev/go/src/github.com/gin-gonic/gin/context.go:725 +0x160
github.com/gin-gonic/gin.(*Context).HTML(0xc0007c2dc0, 0xc8, 0xc10d4a, 0x5, 0x0, 0x0)
	/home/dev/go/src/github.com/gin-gonic/gin/context.go:734 +0x93
_/mnt/CC9EDBF69EDBD6D4/Development_World/Backup_22-4-18/Projects/Interni/Programming_Contest_Management_Platform/app/views.Render(0xc0007c2dc0, 0xc10d4a, 0x5, 0xc000307f80)
	/mnt/CC9EDBF69EDBD6D4/Development World/Backup 22-4-18/Projects/Interni/Programming Contest Management Platform/app/views/views.go:49 +0x2f3
_/mnt/CC9EDBF69EDBD6D4/Development_World/Backup_22-4-18/Projects/Interni/Programming_Contest_Management_Platform/app/controllers.Index(0xc0007c2dc0)
	/mnt/CC9EDBF69EDBD6D4/Development World/Backup 22-4-18/Projects/Interni/Programming Contest Management Platform/app/controllers/common.controllers.go:14 +0x231
github.com/gin-gonic/gin.(*Context).Next(0xc0007c2dc0)
	/home/dev/go/src/github.com/gin-gonic/gin/context.go:108 +0x43
github.com/gin-contrib/sessions.Sessions.func1(0xc0007c2dc0)
	/home/dev/go/src/github.com/gin-contrib/sessions/sessions.go:65 +0x19f
github.com/gin-gonic/gin.(*Context).Next(0xc0007c2dc0)
	/home/dev/go/src/github.com/gin-gonic/gin/context.go:108 +0x43
github.com/gin-gonic/gin.LoggerWithWriter.func1(0xc0007c2dc0)
	/home/dev/go/src/github.com/gin-gonic/gin/logger.go:84 +0xd2
github.com/gin-gonic/gin.(*Context).Next(0xc0007c2dc0)
	/home/dev/go/src/github.com/gin-gonic/gin/context.go:108 +0x43
github.com/gin-gonic/gin.(*Engine).handleHTTPRequest(0xc0002f2000, 0xc0007c2dc0)
	/home/dev/go/src/github.com/gin-gonic/gin/gin.go:363 +0x5ab
github.com/gin-gonic/gin.(*Engine).ServeHTTP(0xc0002f2000, 0xce6cc0, 0xc0007e81c0, 0xc0002f0e00)
	/home/dev/go/src/github.com/gin-gonic/gin/gin.go:328 +0x132
net/http.serverHandler.ServeHTTP(0xc0000d7520, 0xce6cc0, 0xc0007e81c0, 0xc0002f0e00)
	/usr/local/go/src/net/http/server.go:2741 +0xab
net/http.(*conn).serve(0xc0000cec80, 0xce7800, 0xc0000a7600)
	/usr/local/go/src/net/http/server.go:1847 +0x646
created by net/http.(*Server).Serve
	/usr/local/go/src/net/http/server.go:2851 +0x2f5
http: panic serving 127.0.0.1:51524: template: index.html:3:5: executing "content" at <ne .data.upcomingCon...>: error calling ne: invalid type for comparison
goroutine 316 [running]:
net/http.(*conn).serve.func1(0xc0000cf180)
	/usr/local/go/src/net/http/server.go:1746 +0xd0
panic(0xb737c0, 0xc0000e6aa0)
	/usr/local/go/src/runtime/panic.go:513 +0x1b9
github.com/gin-gonic/gin.(*Context).Render(0xc0003038c0, 0xc8, 0xce5d40, 0xc0001fcff0)
	/home/dev/go/src/github.com/gin-gonic/gin/context.go:725 +0x160
github.com/gin-gonic/gin.(*Context).HTML(0xc0003038c0, 0xc8, 0xc10d4a, 0x5, 0x0, 0x0)
	/home/dev/go/src/github.com/gin-gonic/gin/context.go:734 +0x93
_/mnt/CC9EDBF69EDBD6D4/Development_World/Backup_22-4-18/Projects/Interni/Programming_Contest_Management_Platform/app/views.Render(0xc0003038c0, 0xc10d4a, 0x5, 0xc0006e7680)
	/mnt/CC9EDBF69EDBD6D4/Development World/Backup 22-4-18/Projects/Interni/Programming Contest Management Platform/app/views/views.go:49 +0x2f3
_/mnt/CC9EDBF69EDBD6D4/Development_World/Backup_22-4-18/Projects/Interni/Programming_Contest_Management_Platform/app/controllers.Index(0xc0003038c0)
	/mnt/CC9EDBF69EDBD6D4/Development World/Backup 22-4-18/Projects/Interni/Programming Contest Management Platform/app/controllers/common.controllers.go:14 +0x231
github.com/gin-gonic/gin.(*Context).Next(0xc0003038c0)
	/home/dev/go/src/github.com/gin-gonic/gin/context.go:108 +0x43
github.com/gin-contrib/sessions.Sessions.func1(0xc0003038c0)
	/home/dev/go/src/github.com/gin-contrib/sessions/sessions.go:65 +0x19f
github.com/gin-gonic/gin.(*Context).Next(0xc0003038c0)
	/home/dev/go/src/github.com/gin-gonic/gin/context.go:108 +0x43
github.com/gin-gonic/gin.LoggerWithWriter.func1(0xc0003038c0)
	/home/dev/go/src/github.com/gin-gonic/gin/logger.go:84 +0xd2
github.com/gin-gonic/gin.(*Context).Next(0xc0003038c0)
	/home/dev/go/src/github.com/gin-gonic/gin/context.go:108 +0x43
github.com/gin-gonic/gin.(*Engine).handleHTTPRequest(0xc0002f2000, 0xc0003038c0)
	/home/dev/go/src/github.com/gin-gonic/gin/gin.go:363 +0x5ab
github.com/gin-gonic/gin.(*Engine).ServeHTTP(0xc0002f2000, 0xce6cc0, 0xc0000342a0, 0xc000778500)
	/home/dev/go/src/github.com/gin-gonic/gin/gin.go:328 +0x132
net/http.serverHandler.ServeHTTP(0xc0000d7520, 0xce6cc0, 0xc0000342a0, 0xc000778500)
	/usr/local/go/src/net/http/server.go:2741 +0xab
net/http.(*conn).serve(0xc0000cf180, 0xce7800, 0xc000847340)
	/usr/local/go/src/net/http/server.go:1847 +0x646
created by net/http.(*Server).Serve
	/usr/local/go/src/net/http/server.go:2851 +0x2f5
http: panic serving 127.0.0.1:51526: template: index.html:3:5: executing "content" at <ne .data.upcomingCon...>: error calling ne: invalid type for comparison
goroutine 317 [running]:
net/http.(*conn).serve.func1(0xc0000cf540)
	/usr/local/go/src/net/http/server.go:1746 +0xd0
panic(0xb737c0, 0xc0000e7e00)
	/usr/local/go/src/runtime/panic.go:513 +0x1b9
github.com/gin-gonic/gin.(*Context).Render(0xc0007c34a0, 0xc8, 0xce5d40, 0xc0005cd590)
	/home/dev/go/src/github.com/gin-gonic/gin/context.go:725 +0x160
github.com/gin-gonic/gin.(*Context).HTML(0xc0007c34a0, 0xc8, 0xc10d4a, 0x5, 0x0, 0x0)
	/home/dev/go/src/github.com/gin-gonic/gin/context.go:734 +0x93
_/mnt/CC9EDBF69EDBD6D4/Development_World/Backup_22-4-18/Projects/Interni/Programming_Contest_Management_Platform/app/views.Render(0xc0007c34a0, 0xc10d4a, 0x5, 0xc0001fdce0)
	/mnt/CC9EDBF69EDBD6D4/Development World/Backup 22-4-18/Projects/Interni/Programming Contest Management Platform/app/views/views.go:49 +0x2f3
_/mnt/CC9EDBF69EDBD6D4/Development_World/Backup_22-4-18/Projects/Interni/Programming_Contest_Management_Platform/app/controllers.Index(0xc0007c34a0)
	/mnt/CC9EDBF69EDBD6D4/Development World/Backup 22-4-18/Projects/Interni/Programming Contest Management Platform/app/controllers/common.controllers.go:14 +0x231
github.com/gin-gonic/gin.(*Context).Next(0xc0007c34a0)
	/home/dev/go/src/github.com/gin-gonic/gin/context.go:108 +0x43
github.com/gin-contrib/sessions.Sessions.func1(0xc0007c34a0)
	/home/dev/go/src/github.com/gin-contrib/sessions/sessions.go:65 +0x19f
github.com/gin-gonic/gin.(*Context).Next(0xc0007c34a0)
	/home/dev/go/src/github.com/gin-gonic/gin/context.go:108 +0x43
github.com/gin-gonic/gin.LoggerWithWriter.func1(0xc0007c34a0)
	/home/dev/go/src/github.com/gin-gonic/gin/logger.go:84 +0xd2
github.com/gin-gonic/gin.(*Context).Next(0xc0007c34a0)
	/home/dev/go/src/github.com/gin-gonic/gin/context.go:108 +0x43
github.com/gin-gonic/gin.(*Engine).handleHTTPRequest(0xc0002f2000, 0xc0007c34a0)
	/home/dev/go/src/github.com/gin-gonic/gin/gin.go:363 +0x5ab
github.com/gin-gonic/gin.(*Engine).ServeHTTP(0xc0002f2000, 0xce6cc0, 0xc0007e82a0, 0xc0002f1100)
	/home/dev/go/src/github.com/gin-gonic/gin/gin.go:328 +0x132
net/http.serverHandler.ServeHTTP(0xc0000d7520, 0xce6cc0, 0xc0007e82a0, 0xc0002f1100)
	/usr/local/go/src/net/http/server.go:2741 +0xab
net/http.(*conn).serve(0xc0000cf540, 0xce7800, 0xc0002f8200)
	/usr/local/go/src/net/http/server.go:1847 +0x646
created by net/http.(*Server).Serve
	/usr/local/go/src/net/http/server.go:2851 +0x2f5
http: panic serving 127.0.0.1:51528: template: index.html:3:5: executing "content" at <ne .data.upcomingCon...>: error calling ne: invalid type for comparison
goroutine 349 [running]:
net/http.(*conn).serve.func1(0xc00028a780)
	/usr/local/go/src/net/http/server.go:1746 +0xd0
panic(0xb737c0, 0xc0006fc320)
	/usr/local/go/src/runtime/panic.go:513 +0x1b9
github.com/gin-gonic/gin.(*Context).Render(0xc0007c3b80, 0xc8, 0xce5d40, 0xc0005e80f0)
	/home/dev/go/src/github.com/gin-gonic/gin/context.go:725 +0x160
github.com/gin-gonic/gin.(*Context).HTML(0xc0007c3b80, 0xc8, 0xc10d4a, 0x5, 0x0, 0x0)
	/home/dev/go/src/github.com/gin-gonic/gin/context.go:734 +0x93
_/mnt/CC9EDBF69EDBD6D4/Development_World/Backup_22-4-18/Projects/Interni/Programming_Contest_Management_Platform/app/views.Render(0xc0007c3b80, 0xc10d4a, 0x5, 0xc0005f62d0)
	/mnt/CC9EDBF69EDBD6D4/Development World/Backup 22-4-18/Projects/Interni/Programming Contest Management Platform/app/views/views.go:49 +0x2f3
_/mnt/CC9EDBF69EDBD6D4/Development_World/Backup_22-4-18/Projects/Interni/Programming_Contest_Management_Platform/app/controllers.Index(0xc0007c3b80)
	/mnt/CC9EDBF69EDBD6D4/Development World/Backup 22-4-18/Projects/Interni/Programming Contest Management Platform/app/controllers/common.controllers.go:14 +0x231
github.com/gin-gonic/gin.(*Context).Next(0xc0007c3b80)
	/home/dev/go/src/github.com/gin-gonic/gin/context.go:108 +0x43
github.com/gin-contrib/sessions.Sessions.func1(0xc0007c3b80)
	/home/dev/go/src/github.com/gin-contrib/sessions/sessions.go:65 +0x19f
github.com/gin-gonic/gin.(*Context).Next(0xc0007c3b80)
	/home/dev/go/src/github.com/gin-gonic/gin/context.go:108 +0x43
github.com/gin-gonic/gin.LoggerWithWriter.func1(0xc0007c3b80)
	/home/dev/go/src/github.com/gin-gonic/gin/logger.go:84 +0xd2
github.com/gin-gonic/gin.(*Context).Next(0xc0007c3b80)
	/home/dev/go/src/github.com/gin-gonic/gin/context.go:108 +0x43
github.com/gin-gonic/gin.(*Engine).handleHTTPRequest(0xc0002f2000, 0xc0007c3b80)
	/home/dev/go/src/github.com/gin-gonic/gin/gin.go:363 +0x5ab
github.com/gin-gonic/gin.(*Engine).ServeHTTP(0xc0002f2000, 0xce6cc0, 0xc0007e8460, 0xc0002f1600)
	/home/dev/go/src/github.com/gin-gonic/gin/gin.go:328 +0x132
net/http.serverHandler.ServeHTTP(0xc0000d7520, 0xce6cc0, 0xc0007e8460, 0xc0002f1600)
	/usr/local/go/src/net/http/server.go:2741 +0xab
net/http.(*conn).serve(0xc00028a780, 0xce7800, 0xc0002f8fc0)
	/usr/local/go/src/net/http/server.go:1847 +0x646
created by net/http.(*Server).Serve
	/usr/local/go/src/net/http/server.go:2851 +0x2f5
http: panic serving 127.0.0.1:51530: template: index.html:3:5: executing "content" at <ne .data.upcomingCon...>: error calling ne: invalid type for comparison
goroutine 350 [running]:
net/http.(*conn).serve.func1(0xc00028ab40)
	/usr/local/go/src/net/http/server.go:1746 +0xd0
panic(0xb737c0, 0xc0006fd100)
	/usr/local/go/src/runtime/panic.go:513 +0x1b9
github.com/gin-gonic/gin.(*Context).Render(0xc00011cb00, 0xc8, 0xce5d40, 0xc0005845a0)
	/home/dev/go/src/github.com/gin-gonic/gin/context.go:725 +0x160
github.com/gin-gonic/gin.(*Context).HTML(0xc00011cb00, 0xc8, 0xc10d4a, 0x5, 0x0, 0x0)
	/home/dev/go/src/github.com/gin-gonic/gin/context.go:734 +0x93
_/mnt/CC9EDBF69EDBD6D4/Development_World/Backup_22-4-18/Projects/Interni/Programming_Contest_Management_Platform/app/views.Render(0xc00011cb00, 0xc10d4a, 0x5, 0xc0005e8f60)
	/mnt/CC9EDBF69EDBD6D4/Development World/Backup 22-4-18/Projects/Interni/Programming Contest Management Platform/app/views/views.go:49 +0x2f3
_/mnt/CC9EDBF69EDBD6D4/Development_World/Backup_22-4-18/Projects/Interni/Programming_Contest_Management_Platform/app/controllers.Index(0xc00011cb00)
	/mnt/CC9EDBF69EDBD6D4/Development World/Backup 22-4-18/Projects/Interni/Programming Contest Management Platform/app/controllers/common.controllers.go:14 +0x231
github.com/gin-gonic/gin.(*Context).Next(0xc00011cb00)
	/home/dev/go/src/github.com/gin-gonic/gin/context.go:108 +0x43
github.com/gin-contrib/sessions.Sessions.func1(0xc00011cb00)
	/home/dev/go/src/github.com/gin-contrib/sessions/sessions.go:65 +0x19f
github.com/gin-gonic/gin.(*Context).Next(0xc00011cb00)
	/home/dev/go/src/github.com/gin-gonic/gin/context.go:108 +0x43
github.com/gin-gonic/gin.LoggerWithWriter.func1(0xc00011cb00)
	/home/dev/go/src/github.com/gin-gonic/gin/logger.go:84 +0xd2
github.com/gin-gonic/gin.(*Context).Next(0xc00011cb00)
	/home/dev/go/src/github.com/gin-gonic/gin/context.go:108 +0x43
github.com/gin-gonic/gin.(*Engine).handleHTTPRequest(0xc0002f2000, 0xc00011cb00)
	/home/dev/go/src/github.com/gin-gonic/gin/gin.go:363 +0x5ab
github.com/gin-gonic/gin.(*Engine).ServeHTTP(0xc0002f2000, 0xce6cc0, 0xc0006480e0, 0xc000169000)
	/home/dev/go/src/github.com/gin-gonic/gin/gin.go:328 +0x132
net/http.serverHandler.ServeHTTP(0xc0000d7520, 0xce6cc0, 0xc0006480e0, 0xc000169000)
	/usr/local/go/src/net/http/server.go:2741 +0xab
net/http.(*conn).serve(0xc00028ab40, 0xce7800, 0xc000781980)
	/usr/local/go/src/net/http/server.go:1847 +0x646
created by net/http.(*Server).Serve
	/usr/local/go/src/net/http/server.go:2851 +0x2f5
http: panic serving 127.0.0.1:51532: template: index.html:3:5: executing "content" at <ne .data.upcomingCon...>: error calling ne: invalid type for comparison
goroutine 435 [running]:
net/http.(*conn).serve.func1(0xc0000cfb80)
	/usr/local/go/src/net/http/server.go:1746 +0xd0
panic(0xb737c0, 0xc0002fb5a0)
	/usr/local/go/src/runtime/panic.go:513 +0x1b9
github.com/gin-gonic/gin.(*Context).Render(0xc0007f0370, 0xc8, 0xce5d40, 0xc0006aab70)
	/home/dev/go/src/github.com/gin-gonic/gin/context.go:725 +0x160
github.com/gin-gonic/gin.(*Context).HTML(0xc0007f0370, 0xc8, 0xc10d4a, 0x5, 0x0, 0x0)
	/home/dev/go/src/github.com/gin-gonic/gin/context.go:734 +0x93
_/mnt/CC9EDBF69EDBD6D4/Development_World/Backup_22-4-18/Projects/Interni/Programming_Contest_Management_Platform/app/views.Render(0xc0007f0370, 0xc10d4a, 0x5, 0xc0005f7530)
	/mnt/CC9EDBF69EDBD6D4/Development World/Backup 22-4-18/Projects/Interni/Programming Contest Management Platform/app/views/views.go:49 +0x2f3
_/mnt/CC9EDBF69EDBD6D4/Development_World/Backup_22-4-18/Projects/Interni/Programming_Contest_Management_Platform/app/controllers.Index(0xc0007f0370)
	/mnt/CC9EDBF69EDBD6D4/Development World/Backup 22-4-18/Projects/Interni/Programming Contest Management Platform/app/controllers/common.controllers.go:14 +0x231
github.com/gin-gonic/gin.(*Context).Next(0xc0007f0370)
	/home/dev/go/src/github.com/gin-gonic/gin/context.go:108 +0x43
github.com/gin-contrib/sessions.Sessions.func1(0xc0007f0370)
	/home/dev/go/src/github.com/gin-contrib/sessions/sessions.go:65 +0x19f
github.com/gin-gonic/gin.(*Context).Next(0xc0007f0370)
	/home/dev/go/src/github.com/gin-gonic/gin/context.go:108 +0x43
github.com/gin-gonic/gin.LoggerWithWriter.func1(0xc0007f0370)
	/home/dev/go/src/github.com/gin-gonic/gin/logger.go:84 +0xd2
github.com/gin-gonic/gin.(*Context).Next(0xc0007f0370)
	/home/dev/go/src/github.com/gin-gonic/gin/context.go:108 +0x43
github.com/gin-gonic/gin.(*Engine).handleHTTPRequest(0xc0002f2000, 0xc0007f0370)
	/home/dev/go/src/github.com/gin-gonic/gin/gin.go:363 +0x5ab
github.com/gin-gonic/gin.(*Engine).ServeHTTP(0xc0002f2000, 0xce6cc0, 0xc0007e8540, 0xc0002f1800)
	/home/dev/go/src/github.com/gin-gonic/gin/gin.go:328 +0x132
net/http.serverHandler.ServeHTTP(0xc0000d7520, 0xce6cc0, 0xc0007e8540, 0xc0002f1800)
	/usr/local/go/src/net/http/server.go:2741 +0xab
net/http.(*conn).serve(0xc0000cfb80, 0xce7800, 0xc0002f95c0)
	/usr/local/go/src/net/http/server.go:1847 +0x646
created by net/http.(*Server).Serve
	/usr/local/go/src/net/http/server.go:2851 +0x2f5
http: panic serving 127.0.0.1:51534: template: index.html:3:5: executing "content" at <ne .data.upcomingCon...>: error calling ne: invalid type for comparison
goroutine 401 [running]:
net/http.(*conn).serve.func1(0xc00022eaa0)
	/usr/local/go/src/net/http/server.go:1746 +0xd0
panic(0xb737c0, 0xc00087c380)
	/usr/local/go/src/runtime/panic.go:513 +0x1b9
github.com/gin-gonic/gin.(*Context).Render(0xc0007f0a50, 0xc8, 0xce5d40, 0xc000700f60)
	/home/dev/go/src/github.com/gin-gonic/gin/context.go:725 +0x160
github.com/gin-gonic/gin.(*Context).HTML(0xc0007f0a50, 0xc8, 0xc10d4a, 0x5, 0x0, 0x0)
	/home/dev/go/src/github.com/gin-gonic/gin/context.go:734 +0x93
_/mnt/CC9EDBF69EDBD6D4/Development_World/Backup_22-4-18/Projects/Interni/Programming_Contest_Management_Platform/app/views.Render(0xc0007f0a50, 0xc10d4a, 0x5, 0xc0006ab7d0)
	/mnt/CC9EDBF69EDBD6D4/Development World/Backup 22-4-18/Projects/Interni/Programming Contest Management Platform/app/views/views.go:49 +0x2f3
_/mnt/CC9EDBF69EDBD6D4/Development_World/Backup_22-4-18/Projects/Interni/Programming_Contest_Management_Platform/app/controllers.Index(0xc0007f0a50)
	/mnt/CC9EDBF69EDBD6D4/Development World/Backup 22-4-18/Projects/Interni/Programming Contest Management Platform/app/controllers/common.controllers.go:14 +0x231
github.com/gin-gonic/gin.(*Context).Next(0xc0007f0a50)
	/home/dev/go/src/github.com/gin-gonic/gin/context.go:108 +0x43
github.com/gin-contrib/sessions.Sessions.func1(0xc0007f0a50)
	/home/dev/go/src/github.com/gin-contrib/sessions/sessions.go:65 +0x19f
github.com/gin-gonic/gin.(*Context).Next(0xc0007f0a50)
	/home/dev/go/src/github.com/gin-gonic/gin/context.go:108 +0x43
github.com/gin-gonic/gin.LoggerWithWriter.func1(0xc0007f0a50)
	/home/dev/go/src/github.com/gin-gonic/gin/logger.go:84 +0xd2
github.com/gin-gonic/gin.(*Context).Next(0xc0007f0a50)
	/home/dev/go/src/github.com/gin-gonic/gin/context.go:108 +0x43
github.com/gin-gonic/gin.(*Engine).handleHTTPRequest(0xc0002f2000, 0xc0007f0a50)
	/home/dev/go/src/github.com/gin-gonic/gin/gin.go:363 +0x5ab
github.com/gin-gonic/gin.(*Engine).ServeHTTP(0xc0002f2000, 0xce6cc0, 0xc0007e8620, 0xc0002f1d00)
	/home/dev/go/src/github.com/gin-gonic/gin/gin.go:328 +0x132
net/http.serverHandler.ServeHTTP(0xc0000d7520, 0xce6cc0, 0xc0007e8620, 0xc0002f1d00)
	/usr/local/go/src/net/http/server.go:2741 +0xab
net/http.(*conn).serve(0xc00022eaa0, 0xce7800, 0xc0000e2780)
	/usr/local/go/src/net/http/server.go:1847 +0x646
created by net/http.(*Server).Serve
	/usr/local/go/src/net/http/server.go:2851 +0x2f5
http: panic serving 127.0.0.1:51536: template: index.html:3:5: executing "content" at <ne .data.upcomingCon...>: error calling ne: invalid type for comparison
goroutine 450 [running]:
net/http.(*conn).serve.func1(0xc00022ebe0)
	/usr/local/go/src/net/http/server.go:1746 +0xd0
panic(0xb737c0, 0xc00087d160)
	/usr/local/go/src/runtime/panic.go:513 +0x1b9
github.com/gin-gonic/gin.(*Context).Render(0xc0007f1130, 0xc8, 0xce5d40, 0xc0005971d0)
	/home/dev/go/src/github.com/gin-gonic/gin/context.go:725 +0x160
github.com/gin-gonic/gin.(*Context).HTML(0xc0007f1130, 0xc8, 0xc10d4a, 0x5, 0x0, 0x0)
	/home/dev/go/src/github.com/gin-gonic/gin/context.go:734 +0x93
_/mnt/CC9EDBF69EDBD6D4/Development_World/Backup_22-4-18/Projects/Interni/Programming_Contest_Management_Platform/app/views.Render(0xc0007f1130, 0xc10d4a, 0x5, 0xc000701bc0)
	/mnt/CC9EDBF69EDBD6D4/Development World/Backup 22-4-18/Projects/Interni/Programming Contest Management Platform/app/views/views.go:49 +0x2f3
_/mnt/CC9EDBF69EDBD6D4/Development_World/Backup_22-4-18/Projects/Interni/Programming_Contest_Management_Platform/app/controllers.Index(0xc0007f1130)
	/mnt/CC9EDBF69EDBD6D4/Development World/Backup 22-4-18/Projects/Interni/Programming Contest Management Platform/app/controllers/common.controllers.go:14 +0x231
github.com/gin-gonic/gin.(*Context).Next(0xc0007f1130)
	/home/dev/go/src/github.com/gin-gonic/gin/context.go:108 +0x43
github.com/gin-contrib/sessions.Sessions.func1(0xc0007f1130)
	/home/dev/go/src/github.com/gin-contrib/sessions/sessions.go:65 +0x19f
github.com/gin-gonic/gin.(*Context).Next(0xc0007f1130)
	/home/dev/go/src/github.com/gin-gonic/gin/context.go:108 +0x43
github.com/gin-gonic/gin.LoggerWithWriter.func1(0xc0007f1130)
	/home/dev/go/src/github.com/gin-gonic/gin/logger.go:84 +0xd2
github.com/gin-gonic/gin.(*Context).Next(0xc0007f1130)
	/home/dev/go/src/github.com/gin-gonic/gin/context.go:108 +0x43
github.com/gin-gonic/gin.(*Engine).handleHTTPRequest(0xc0002f2000, 0xc0007f1130)
	/home/dev/go/src/github.com/gin-gonic/gin/gin.go:363 +0x5ab
github.com/gin-gonic/gin.(*Engine).ServeHTTP(0xc0002f2000, 0xce6cc0, 0xc0007e8700, 0xc00057a200)
	/home/dev/go/src/github.com/gin-gonic/gin/gin.go:328 +0x132
net/http.serverHandler.ServeHTTP(0xc0000d7520, 0xce6cc0, 0xc0007e8700, 0xc00057a200)
	/usr/local/go/src/net/http/server.go:2741 +0xab
net/http.(*conn).serve(0xc00022ebe0, 0xce7800, 0xc0005ea580)
	/usr/local/go/src/net/http/server.go:1847 +0x646
created by net/http.(*Server).Serve
	/usr/local/go/src/net/http/server.go:2851 +0x2f5
http: panic serving 127.0.0.1:51538: template: index.html:3:5: executing "content" at <ne .data.upcomingCon...>: error calling ne: invalid type for comparison
goroutine 451 [running]:
net/http.(*conn).serve.func1(0xc00022ed20)
	/usr/local/go/src/net/http/server.go:1746 +0xd0
panic(0xb737c0, 0xc00000cb20)
	/usr/local/go/src/runtime/panic.go:513 +0x1b9
github.com/gin-gonic/gin.(*Context).Render(0xc0007f1810, 0xc8, 0xce5d40, 0xc0001e7500)
	/home/dev/go/src/github.com/gin-gonic/gin/context.go:725 +0x160
github.com/gin-gonic/gin.(*Context).HTML(0xc0007f1810, 0xc8, 0xc10d4a, 0x5, 0x0, 0x0)
	/home/dev/go/src/github.com/gin-gonic/gin/context.go:734 +0x93
_/mnt/CC9EDBF69EDBD6D4/Development_World/Backup_22-4-18/Projects/Interni/Programming_Contest_Management_Platform/app/views.Render(0xc0007f1810, 0xc10d4a, 0x5, 0xc000597e90)
	/mnt/CC9EDBF69EDBD6D4/Development World/Backup 22-4-18/Projects/Interni/Programming Contest Management Platform/app/views/views.go:49 +0x2f3
_/mnt/CC9EDBF69EDBD6D4/Development_World/Backup_22-4-18/Projects/Interni/Programming_Contest_Management_Platform/app/controllers.Index(0xc0007f1810)
	/mnt/CC9EDBF69EDBD6D4/Development World/Backup 22-4-18/Projects/Interni/Programming Contest Management Platform/app/controllers/common.controllers.go:14 +0x231
github.com/gin-gonic/gin.(*Context).Next(0xc0007f1810)
	/home/dev/go/src/github.com/gin-gonic/gin/context.go:108 +0x43
github.com/gin-contrib/sessions.Sessions.func1(0xc0007f1810)
	/home/dev/go/src/github.com/gin-contrib/sessions/sessions.go:65 +0x19f
github.com/gin-gonic/gin.(*Context).Next(0xc0007f1810)
	/home/dev/go/src/github.com/gin-gonic/gin/context.go:108 +0x43
github.com/gin-gonic/gin.LoggerWithWriter.func1(0xc0007f1810)
	/home/dev/go/src/github.com/gin-gonic/gin/logger.go:84 +0xd2
github.com/gin-gonic/gin.(*Context).Next(0xc0007f1810)
	/home/dev/go/src/github.com/gin-gonic/gin/context.go:108 +0x43
github.com/gin-gonic/gin.(*Engine).handleHTTPRequest(0xc0002f2000, 0xc0007f1810)
	/home/dev/go/src/github.com/gin-gonic/gin/gin.go:363 +0x5ab
github.com/gin-gonic/gin.(*Engine).ServeHTTP(0xc0002f2000, 0xce6cc0, 0xc0007e87e0, 0xc00057a700)
	/home/dev/go/src/github.com/gin-gonic/gin/gin.go:328 +0x132
net/http.serverHandler.ServeHTTP(0xc0000d7520, 0xce6cc0, 0xc0007e87e0, 0xc00057a700)
	/usr/local/go/src/net/http/server.go:2741 +0xab
net/http.(*conn).serve(0xc00022ed20, 0xce7800, 0xc0005eb440)
	/usr/local/go/src/net/http/server.go:1847 +0x646
created by net/http.(*Server).Serve
	/usr/local/go/src/net/http/server.go:2851 +0x2f5
http: panic serving 127.0.0.1:51540: template: index.html:3:5: executing "content" at <ne .data.upcomingCon...>: error calling ne: invalid type for comparison
goroutine 452 [running]:
net/http.(*conn).serve.func1(0xc00022f0e0)
	/usr/local/go/src/net/http/server.go:1746 +0xd0
panic(0xb737c0, 0xc0006fd780)
	/usr/local/go/src/runtime/panic.go:513 +0x1b9
github.com/gin-gonic/gin.(*Context).Render(0xc000892000, 0xc8, 0xce5d40, 0xc0005855f0)
	/home/dev/go/src/github.com/gin-gonic/gin/context.go:725 +0x160
github.com/gin-gonic/gin.(*Context).HTML(0xc000892000, 0xc8, 0xc10d4a, 0x5, 0x0, 0x0)
	/home/dev/go/src/github.com/gin-gonic/gin/context.go:734 +0x93
_/mnt/CC9EDBF69EDBD6D4/Development_World/Backup_22-4-18/Projects/Interni/Programming_Contest_Management_Platform/app/views.Render(0xc000892000, 0xc10d4a, 0x5, 0xc0008941e0)
	/mnt/CC9EDBF69EDBD6D4/Development World/Backup 22-4-18/Projects/Interni/Programming Contest Management Platform/app/views/views.go:49 +0x2f3
_/mnt/CC9EDBF69EDBD6D4/Development_World/Backup_22-4-18/Projects/Interni/Programming_Contest_Management_Platform/app/controllers.Index(0xc000892000)
	/mnt/CC9EDBF69EDBD6D4/Development World/Backup 22-4-18/Projects/Interni/Programming Contest Management Platform/app/controllers/common.controllers.go:14 +0x231
github.com/gin-gonic/gin.(*Context).Next(0xc000892000)
	/home/dev/go/src/github.com/gin-gonic/gin/context.go:108 +0x43
github.com/gin-contrib/sessions.Sessions.func1(0xc000892000)
	/home/dev/go/src/github.com/gin-contrib/sessions/sessions.go:65 +0x19f
github.com/gin-gonic/gin.(*Context).Next(0xc000892000)
	/home/dev/go/src/github.com/gin-gonic/gin/context.go:108 +0x43
github.com/gin-gonic/gin.LoggerWithWriter.func1(0xc000892000)
	/home/dev/go/src/github.com/gin-gonic/gin/logger.go:84 +0xd2
github.com/gin-gonic/gin.(*Context).Next(0xc000892000)
	/home/dev/go/src/github.com/gin-gonic/gin/context.go:108 +0x43
github.com/gin-gonic/gin.(*Engine).handleHTTPRequest(0xc0002f2000, 0xc000892000)
	/home/dev/go/src/github.com/gin-gonic/gin/gin.go:363 +0x5ab
github.com/gin-gonic/gin.(*Engine).ServeHTTP(0xc0002f2000, 0xce6cc0, 0xc000034380, 0xc000778a00)
	/home/dev/go/src/github.com/gin-gonic/gin/gin.go:328 +0x132
net/http.serverHandler.ServeHTTP(0xc0000d7520, 0xce6cc0, 0xc000034380, 0xc000778a00)
	/usr/local/go/src/net/http/server.go:2741 +0xab
net/http.(*conn).serve(0xc00022f0e0, 0xce7800, 0xc000847e80)
	/usr/local/go/src/net/http/server.go:1847 +0x646
created by net/http.(*Server).Serve
	/usr/local/go/src/net/http/server.go:2851 +0x2f5
http: panic serving 127.0.0.1:51542: template: index.html:3:5: executing "content" at <ne .data.upcomingCon...>: error calling ne: invalid type for comparison
goroutine 467 [running]:
net/http.(*conn).serve.func1(0xc00028b2c0)
	/usr/local/go/src/net/http/server.go:1746 +0xd0
panic(0xb737c0, 0xc0007825a0)
	/usr/local/go/src/runtime/panic.go:513 +0x1b9
github.com/gin-gonic/gin.(*Context).Render(0xc00011d1e0, 0xc8, 0xce5d40, 0xc0005af8f0)
	/home/dev/go/src/github.com/gin-gonic/gin/context.go:725 +0x160
github.com/gin-gonic/gin.(*Context).HTML(0xc00011d1e0, 0xc8, 0xc10d4a, 0x5, 0x0, 0x0)
	/home/dev/go/src/github.com/gin-gonic/gin/context.go:734 +0x93
_/mnt/CC9EDBF69EDBD6D4/Development_World/Backup_22-4-18/Projects/Interni/Programming_Contest_Management_Platform/app/views.Render(0xc00011d1e0, 0xc10d4a, 0x5, 0xc0005ae300)
	/mnt/CC9EDBF69EDBD6D4/Development World/Backup 22-4-18/Projects/Interni/Programming Contest Management Platform/app/views/views.go:49 +0x2f3
_/mnt/CC9EDBF69EDBD6D4/Development_World/Backup_22-4-18/Projects/Interni/Programming_Contest_Management_Platform/app/controllers.Index(0xc00011d1e0)
	/mnt/CC9EDBF69EDBD6D4/Development World/Backup 22-4-18/Projects/Interni/Programming Contest Management Platform/app/controllers/common.controllers.go:14 +0x231
github.com/gin-gonic/gin.(*Context).Next(0xc00011d1e0)
	/home/dev/go/src/github.com/gin-gonic/gin/context.go:108 +0x43
github.com/gin-contrib/sessions.Sessions.func1(0xc00011d1e0)
	/home/dev/go/src/github.com/gin-contrib/sessions/sessions.go:65 +0x19f
github.com/gin-gonic/gin.(*Context).Next(0xc00011d1e0)
	/home/dev/go/src/github.com/gin-gonic/gin/context.go:108 +0x43
github.com/gin-gonic/gin.LoggerWithWriter.func1(0xc00011d1e0)
	/home/dev/go/src/github.com/gin-gonic/gin/logger.go:84 +0xd2
github.com/gin-gonic/gin.(*Context).Next(0xc00011d1e0)
	/home/dev/go/src/github.com/gin-gonic/gin/context.go:108 +0x43
github.com/gin-gonic/gin.(*Engine).handleHTTPRequest(0xc0002f2000, 0xc00011d1e0)
	/home/dev/go/src/github.com/gin-gonic/gin/gin.go:363 +0x5ab
github.com/gin-gonic/gin.(*Engine).ServeHTTP(0xc0002f2000, 0xce6cc0, 0xc0006481c0, 0xc000169700)
	/home/dev/go/src/github.com/gin-gonic/gin/gin.go:328 +0x132
net/http.serverHandler.ServeHTTP(0xc0000d7520, 0xce6cc0, 0xc0006481c0, 0xc000169700)
	/usr/local/go/src/net/http/server.go:2741 +0xab
net/http.(*conn).serve(0xc00028b2c0, 0xce7800, 0xc0001fee80)
	/usr/local/go/src/net/http/server.go:1847 +0x646
created by net/http.(*Server).Serve
	/usr/local/go/src/net/http/server.go:2851 +0x2f5
http: panic serving 127.0.0.1:51544: template: index.html:3:5: executing "content" at <ne .data.upcomingCon...>: error calling ne: invalid type for comparison
goroutine 455 [running]:
net/http.(*conn).serve.func1(0xc00022f360)
	/usr/local/go/src/net/http/server.go:1746 +0xd0
panic(0xb737c0, 0xc000782ac0)
	/usr/local/go/src/runtime/panic.go:513 +0x1b9
github.com/gin-gonic/gin.(*Context).Render(0xc0008926e0, 0xc8, 0xce5d40, 0xc00079c360)
	/home/dev/go/src/github.com/gin-gonic/gin/context.go:725 +0x160
github.com/gin-gonic/gin.(*Context).HTML(0xc0008926e0, 0xc8, 0xc10d4a, 0x5, 0x0, 0x0)
	/home/dev/go/src/github.com/gin-gonic/gin/context.go:734 +0x93
_/mnt/CC9EDBF69EDBD6D4/Development_World/Backup_22-4-18/Projects/Interni/Programming_Contest_Management_Platform/app/views.Render(0xc0008926e0, 0xc10d4a, 0x5, 0xc000895440)
	/mnt/CC9EDBF69EDBD6D4/Development World/Backup 22-4-18/Projects/Interni/Programming Contest Management Platform/app/views/views.go:49 +0x2f3
_/mnt/CC9EDBF69EDBD6D4/Development_World/Backup_22-4-18/Projects/Interni/Programming_Contest_Management_Platform/app/controllers.Index(0xc0008926e0)
	/mnt/CC9EDBF69EDBD6D4/Development World/Backup 22-4-18/Projects/Interni/Programming Contest Management Platform/app/controllers/common.controllers.go:14 +0x231
github.com/gin-gonic/gin.(*Context).Next(0xc0008926e0)
	/home/dev/go/src/github.com/gin-gonic/gin/context.go:108 +0x43
github.com/gin-contrib/sessions.Sessions.func1(0xc0008926e0)
	/home/dev/go/src/github.com/gin-contrib/sessions/sessions.go:65 +0x19f
github.com/gin-gonic/gin.(*Context).Next(0xc0008926e0)
	/home/dev/go/src/github.com/gin-gonic/gin/context.go:108 +0x43
github.com/gin-gonic/gin.LoggerWithWriter.func1(0xc0008926e0)
	/home/dev/go/src/github.com/gin-gonic/gin/logger.go:84 +0xd2
github.com/gin-gonic/gin.(*Context).Next(0xc0008926e0)
	/home/dev/go/src/github.com/gin-gonic/gin/context.go:108 +0x43
github.com/gin-gonic/gin.(*Engine).handleHTTPRequest(0xc0002f2000, 0xc0008926e0)
	/home/dev/go/src/github.com/gin-gonic/gin/gin.go:363 +0x5ab
github.com/gin-gonic/gin.(*Engine).ServeHTTP(0xc0002f2000, 0xce6cc0, 0xc000034460, 0xc000778d00)
	/home/dev/go/src/github.com/gin-gonic/gin/gin.go:328 +0x132
net/http.serverHandler.ServeHTTP(0xc0000d7520, 0xce6cc0, 0xc000034460, 0xc000778d00)
	/usr/local/go/src/net/http/server.go:2741 +0xab
net/http.(*conn).serve(0xc00022f360, 0xce7800, 0xc0008c2500)
	/usr/local/go/src/net/http/server.go:1847 +0x646
created by net/http.(*Server).Serve
	/usr/local/go/src/net/http/server.go:2851 +0x2f5
http: panic serving 127.0.0.1:51546: template: index.html:3:5: executing "content" at <ne .data.upcomingCon...>: error calling ne: invalid type for comparison
goroutine 448 [running]:
net/http.(*conn).serve.func1(0xc0002a4d20)
	/usr/local/go/src/net/http/server.go:1746 +0xd0
panic(0xb737c0, 0xc0007a07a0)
	/usr/local/go/src/runtime/panic.go:513 +0x1b9
github.com/gin-gonic/gin.(*Context).Render(0xc0007f1ef0, 0xc8, 0xce5d40, 0xc0007a4c90)
	/home/dev/go/src/github.com/gin-gonic/gin/context.go:725 +0x160
github.com/gin-gonic/gin.(*Context).HTML(0xc0007f1ef0, 0xc8, 0xc10d4a, 0x5, 0x0, 0x0)
	/home/dev/go/src/github.com/gin-gonic/gin/context.go:734 +0x93
_/mnt/CC9EDBF69EDBD6D4/Development_World/Backup_22-4-18/Projects/Interni/Programming_Contest_Management_Platform/app/views.Render(0xc0007f1ef0, 0xc10d4a, 0x5, 0xc0006476e0)
	/mnt/CC9EDBF69EDBD6D4/Development World/Backup 22-4-18/Projects/Interni/Programming Contest Management Platform/app/views/views.go:49 +0x2f3
_/mnt/CC9EDBF69EDBD6D4/Development_World/Backup_22-4-18/Projects/Interni/Programming_Contest_Management_Platform/app/controllers.Index(0xc0007f1ef0)
	/mnt/CC9EDBF69EDBD6D4/Development World/Backup 22-4-18/Projects/Interni/Programming Contest Management Platform/app/controllers/common.controllers.go:14 +0x231
github.com/gin-gonic/gin.(*Context).Next(0xc0007f1ef0)
	/home/dev/go/src/github.com/gin-gonic/gin/context.go:108 +0x43
github.com/gin-contrib/sessions.Sessions.func1(0xc0007f1ef0)
	/home/dev/go/src/github.com/gin-contrib/sessions/sessions.go:65 +0x19f
github.com/gin-gonic/gin.(*Context).Next(0xc0007f1ef0)
	/home/dev/go/src/github.com/gin-gonic/gin/context.go:108 +0x43
github.com/gin-gonic/gin.LoggerWithWriter.func1(0xc0007f1ef0)
	/home/dev/go/src/github.com/gin-gonic/gin/logger.go:84 +0xd2
github.com/gin-gonic/gin.(*Context).Next(0xc0007f1ef0)
	/home/dev/go/src/github.com/gin-gonic/gin/context.go:108 +0x43
github.com/gin-gonic/gin.(*Engine).handleHTTPRequest(0xc0002f2000, 0xc0007f1ef0)
	/home/dev/go/src/github.com/gin-gonic/gin/gin.go:363 +0x5ab
github.com/gin-gonic/gin.(*Engine).ServeHTTP(0xc0002f2000, 0xce6cc0, 0xc0007e88c0, 0xc00057ac00)
	/home/dev/go/src/github.com/gin-gonic/gin/gin.go:328 +0x132
net/http.serverHandler.ServeHTTP(0xc0000d7520, 0xce6cc0, 0xc0007e88c0, 0xc00057ac00)
	/usr/local/go/src/net/http/server.go:2741 +0xab
net/http.(*conn).serve(0xc0002a4d20, 0xce7800, 0xc0005ebd80)
	/usr/local/go/src/net/http/server.go:1847 +0x646
created by net/http.(*Server).Serve
	/usr/local/go/src/net/http/server.go:2851 +0x2f5
http: panic serving 127.0.0.1:51548: template: index.html:3:5: executing "content" at <ne .data.upcomingCon...>: error calling ne: invalid type for comparison
goroutine 484 [running]:
net/http.(*conn).serve.func1(0xc0002a5220)
	/usr/local/go/src/net/http/server.go:1746 +0xd0
panic(0xb737c0, 0xc000783120)
	/usr/local/go/src/runtime/panic.go:513 +0x1b9
github.com/gin-gonic/gin.(*Context).Render(0xc0005d2630, 0xc8, 0xce5d40, 0xc00079d440)
	/home/dev/go/src/github.com/gin-gonic/gin/context.go:725 +0x160
github.com/gin-gonic/gin.(*Context).HTML(0xc0005d2630, 0xc8, 0xc10d4a, 0x5, 0x0, 0x0)
	/home/dev/go/src/github.com/gin-gonic/gin/context.go:734 +0x93
_/mnt/CC9EDBF69EDBD6D4/Development_World/Backup_22-4-18/Projects/Interni/Programming_Contest_Management_Platform/app/views.Render(0xc0005d2630, 0xc10d4a, 0x5, 0xc0007a5950)
	/mnt/CC9EDBF69EDBD6D4/Development World/Backup 22-4-18/Projects/Interni/Programming Contest Management Platform/app/views/views.go:49 +0x2f3
_/mnt/CC9EDBF69EDBD6D4/Development_World/Backup_22-4-18/Projects/Interni/Programming_Contest_Management_Platform/app/controllers.Index(0xc0005d2630)
	/mnt/CC9EDBF69EDBD6D4/Development World/Backup 22-4-18/Projects/Interni/Programming Contest Management Platform/app/controllers/common.controllers.go:14 +0x231
github.com/gin-gonic/gin.(*Context).Next(0xc0005d2630)
	/home/dev/go/src/github.com/gin-gonic/gin/context.go:108 +0x43
github.com/gin-contrib/sessions.Sessions.func1(0xc0005d2630)
	/home/dev/go/src/github.com/gin-contrib/sessions/sessions.go:65 +0x19f
github.com/gin-gonic/gin.(*Context).Next(0xc0005d2630)
	/home/dev/go/src/github.com/gin-gonic/gin/context.go:108 +0x43
github.com/gin-gonic/gin.LoggerWithWriter.func1(0xc0005d2630)
	/home/dev/go/src/github.com/gin-gonic/gin/logger.go:84 +0xd2
github.com/gin-gonic/gin.(*Context).Next(0xc0005d2630)
	/home/dev/go/src/github.com/gin-gonic/gin/context.go:108 +0x43
github.com/gin-gonic/gin.(*Engine).handleHTTPRequest(0xc0002f2000, 0xc0005d2630)
	/home/dev/go/src/github.com/gin-gonic/gin/gin.go:363 +0x5ab
github.com/gin-gonic/gin.(*Engine).ServeHTTP(0xc0002f2000, 0xce6cc0, 0xc0007e89a0, 0xc00057b100)
	/home/dev/go/src/github.com/gin-gonic/gin/gin.go:328 +0x132
net/http.serverHandler.ServeHTTP(0xc0000d7520, 0xce6cc0, 0xc0007e89a0, 0xc00057b100)
	/usr/local/go/src/net/http/server.go:2741 +0xab
net/http.(*conn).serve(0xc0002a5220, 0xce7800, 0xc0001eee40)
	/usr/local/go/src/net/http/server.go:1847 +0x646
created by net/http.(*Server).Serve
	/usr/local/go/src/net/http/server.go:2851 +0x2f5
http: panic serving 127.0.0.1:51550: template: index.html:3:5: executing "content" at <ne .data.upcomingCon...>: error calling ne: invalid type for comparison
goroutine 459 [running]:
net/http.(*conn).serve.func1(0xc00022f5e0)
	/usr/local/go/src/net/http/server.go:1746 +0xd0
panic(0xb737c0, 0xc00073a9a0)
	/usr/local/go/src/runtime/panic.go:513 +0x1b9
github.com/gin-gonic/gin.(*Context).Render(0xc000892dc0, 0xc8, 0xce5d40, 0xc000740330)
	/home/dev/go/src/github.com/gin-gonic/gin/context.go:725 +0x160
github.com/gin-gonic/gin.(*Context).HTML(0xc000892dc0, 0xc8, 0xc10d4a, 0x5, 0x0, 0x0)
	/home/dev/go/src/github.com/gin-gonic/gin/context.go:734 +0x93
_/mnt/CC9EDBF69EDBD6D4/Development_World/Backup_22-4-18/Projects/Interni/Programming_Contest_Management_Platform/app/views.Render(0xc000892dc0, 0xc10d4a, 0x5, 0xc000798d20)
	/mnt/CC9EDBF69EDBD6D4/Development World/Backup 22-4-18/Projects/Interni/Programming Contest Management Platform/app/views/views.go:49 +0x2f3
_/mnt/CC9EDBF69EDBD6D4/Development_World/Backup_22-4-18/Projects/Interni/Programming_Contest_Management_Platform/app/controllers.Index(0xc000892dc0)
	/mnt/CC9EDBF69EDBD6D4/Development World/Backup 22-4-18/Projects/Interni/Programming Contest Management Platform/app/controllers/common.controllers.go:14 +0x231
github.com/gin-gonic/gin.(*Context).Next(0xc000892dc0)
	/home/dev/go/src/github.com/gin-gonic/gin/context.go:108 +0x43
github.com/gin-contrib/sessions.Sessions.func1(0xc000892dc0)
	/home/dev/go/src/github.com/gin-contrib/sessions/sessions.go:65 +0x19f
github.com/gin-gonic/gin.(*Context).Next(0xc000892dc0)
	/home/dev/go/src/github.com/gin-gonic/gin/context.go:108 +0x43
github.com/gin-gonic/gin.LoggerWithWriter.func1(0xc000892dc0)
	/home/dev/go/src/github.com/gin-gonic/gin/logger.go:84 +0xd2
github.com/gin-gonic/gin.(*Context).Next(0xc000892dc0)
	/home/dev/go/src/github.com/gin-gonic/gin/context.go:108 +0x43
github.com/gin-gonic/gin.(*Engine).handleHTTPRequest(0xc0002f2000, 0xc000892dc0)
	/home/dev/go/src/github.com/gin-gonic/gin/gin.go:363 +0x5ab
github.com/gin-gonic/gin.(*Engine).ServeHTTP(0xc0002f2000, 0xce6cc0, 0xc000034540, 0xc000779200)
	/home/dev/go/src/github.com/gin-gonic/gin/gin.go:328 +0x132
net/http.serverHandler.ServeHTTP(0xc0000d7520, 0xce6cc0, 0xc000034540, 0xc000779200)
	/usr/local/go/src/net/http/server.go:2741 +0xab
net/http.(*conn).serve(0xc00022f5e0, 0xce7800, 0xc0008c2dc0)
	/usr/local/go/src/net/http/server.go:1847 +0x646
created by net/http.(*Server).Serve
	/usr/local/go/src/net/http/server.go:2851 +0x2f5
http: panic serving 127.0.0.1:51552: template: index.html:3:5: executing "content" at <ne .data.upcomingCon...>: error calling ne: invalid type for comparison
goroutine 463 [running]:
net/http.(*conn).serve.func1(0xc00022fc20)
	/usr/local/go/src/net/http/server.go:1746 +0xd0
panic(0xb737c0, 0xc000783520)
	/usr/local/go/src/runtime/panic.go:513 +0x1b9
github.com/gin-gonic/gin.(*Context).Render(0xc0005d2d10, 0xc8, 0xce5d40, 0xc00079db30)
	/home/dev/go/src/github.com/gin-gonic/gin/context.go:725 +0x160
github.com/gin-gonic/gin.(*Context).HTML(0xc0005d2d10, 0xc8, 0xc10d4a, 0x5, 0x0, 0x0)
	/home/dev/go/src/github.com/gin-gonic/gin/context.go:734 +0x93
_/mnt/CC9EDBF69EDBD6D4/Development_World/Backup_22-4-18/Projects/Interni/Programming_Contest_Management_Platform/app/views.Render(0xc0005d2d10, 0xc10d4a, 0x5, 0xc0007beae0)
	/mnt/CC9EDBF69EDBD6D4/Development World/Backup 22-4-18/Projects/Interni/Programming Contest Management Platform/app/views/views.go:49 +0x2f3
_/mnt/CC9EDBF69EDBD6D4/Development_World/Backup_22-4-18/Projects/Interni/Programming_Contest_Management_Platform/app/controllers.Index(0xc0005d2d10)
	/mnt/CC9EDBF69EDBD6D4/Development World/Backup 22-4-18/Projects/Interni/Programming Contest Management Platform/app/controllers/common.controllers.go:14 +0x231
github.com/gin-gonic/gin.(*Context).Next(0xc0005d2d10)
	/home/dev/go/src/github.com/gin-gonic/gin/context.go:108 +0x43
github.com/gin-contrib/sessions.Sessions.func1(0xc0005d2d10)
	/home/dev/go/src/github.com/gin-contrib/sessions/sessions.go:65 +0x19f
github.com/gin-gonic/gin.(*Context).Next(0xc0005d2d10)
	/home/dev/go/src/github.com/gin-gonic/gin/context.go:108 +0x43
github.com/gin-gonic/gin.LoggerWithWriter.func1(0xc0005d2d10)
	/home/dev/go/src/github.com/gin-gonic/gin/logger.go:84 +0xd2
github.com/gin-gonic/gin.(*Context).Next(0xc0005d2d10)
	/home/dev/go/src/github.com/gin-gonic/gin/context.go:108 +0x43
github.com/gin-gonic/gin.(*Engine).handleHTTPRequest(0xc0002f2000, 0xc0005d2d10)
	/home/dev/go/src/github.com/gin-gonic/gin/gin.go:363 +0x5ab
github.com/gin-gonic/gin.(*Engine).ServeHTTP(0xc0002f2000, 0xce6cc0, 0xc0007e8a80, 0xc00057b300)
	/home/dev/go/src/github.com/gin-gonic/gin/gin.go:328 +0x132
net/http.serverHandler.ServeHTTP(0xc0000d7520, 0xce6cc0, 0xc0007e8a80, 0xc00057b300)
	/usr/local/go/src/net/http/server.go:2741 +0xab
net/http.(*conn).serve(0xc00022fc20, 0xce7800, 0xc0001ef440)
	/usr/local/go/src/net/http/server.go:1847 +0x646
created by net/http.(*Server).Serve
	/usr/local/go/src/net/http/server.go:2851 +0x2f5
http: panic serving 127.0.0.1:51554: template: index.html:3:5: executing "content" at <ne .data.upcomingCon...>: error calling ne: invalid type for comparison
goroutine 490 [running]:
net/http.(*conn).serve.func1(0xc00022e000)
	/usr/local/go/src/net/http/server.go:1746 +0xd0
panic(0xb737c0, 0xc0002050e0)
	/usr/local/go/src/runtime/panic.go:513 +0x1b9
github.com/gin-gonic/gin.(*Context).Render(0xc0003028f0, 0xc8, 0xce5d40, 0xc0007bfd70)
	/home/dev/go/src/github.com/gin-gonic/gin/context.go:725 +0x160
github.com/gin-gonic/gin.(*Context).HTML(0xc0003028f0, 0xc8, 0xc10d4a, 0x5, 0x0, 0x0)
	/home/dev/go/src/github.com/gin-gonic/gin/context.go:734 +0x93
_/mnt/CC9EDBF69EDBD6D4/Development_World/Backup_22-4-18/Projects/Interni/Programming_Contest_Management_Platform/app/views.Render(0xc0003028f0, 0xc10d4a, 0x5, 0xc0007be720)
	/mnt/CC9EDBF69EDBD6D4/Development World/Backup 22-4-18/Projects/Interni/Programming Contest Management Platform/app/views/views.go:49 +0x2f3
_/mnt/CC9EDBF69EDBD6D4/Development_World/Backup_22-4-18/Projects/Interni/Programming_Contest_Management_Platform/app/controllers.Index(0xc0003028f0)
	/mnt/CC9EDBF69EDBD6D4/Development World/Backup 22-4-18/Projects/Interni/Programming Contest Management Platform/app/controllers/common.controllers.go:14 +0x231
github.com/gin-gonic/gin.(*Context).Next(0xc0003028f0)
	/home/dev/go/src/github.com/gin-gonic/gin/context.go:108 +0x43
github.com/gin-contrib/sessions.Sessions.func1(0xc0003028f0)
	/home/dev/go/src/github.com/gin-contrib/sessions/sessions.go:65 +0x19f
github.com/gin-gonic/gin.(*Context).Next(0xc0003028f0)
	/home/dev/go/src/github.com/gin-gonic/gin/context.go:108 +0x43
github.com/gin-gonic/gin.LoggerWithWriter.func1(0xc0003028f0)
	/home/dev/go/src/github.com/gin-gonic/gin/logger.go:84 +0xd2
github.com/gin-gonic/gin.(*Context).Next(0xc0003028f0)
	/home/dev/go/src/github.com/gin-gonic/gin/context.go:108 +0x43
github.com/gin-gonic/gin.(*Engine).handleHTTPRequest(0xc0002f2000, 0xc0003028f0)
	/home/dev/go/src/github.com/gin-gonic/gin/gin.go:363 +0x5ab
github.com/gin-gonic/gin.(*Engine).ServeHTTP(0xc0002f2000, 0xce6cc0, 0xc0000341c0, 0xc000168000)
	/home/dev/go/src/github.com/gin-gonic/gin/gin.go:328 +0x132
net/http.serverHandler.ServeHTTP(0xc0000d7520, 0xce6cc0, 0xc0000341c0, 0xc000168000)
	/usr/local/go/src/net/http/server.go:2741 +0xab
net/http.(*conn).serve(0xc00022e000, 0xce7800, 0xc000780000)
	/usr/local/go/src/net/http/server.go:1847 +0x646
created by net/http.(*Server).Serve
	/usr/local/go/src/net/http/server.go:2851 +0x2f5
http: panic serving 127.0.0.1:51556: template: index.html:3:5: executing "content" at <ne .data.upcomingCon...>: error calling ne: invalid type for comparison
goroutine 494 [running]:
net/http.(*conn).serve.func1(0xc00022e820)
	/usr/local/go/src/net/http/server.go:1746 +0xd0
panic(0xb737c0, 0xc00000c6a0)
	/usr/local/go/src/runtime/panic.go:513 +0x1b9
github.com/gin-gonic/gin.(*Context).Render(0xc0003038c0, 0xc8, 0xce5d40, 0xc000584ab0)
	/home/dev/go/src/github.com/gin-gonic/gin/context.go:725 +0x160
github.com/gin-gonic/gin.(*Context).HTML(0xc0003038c0, 0xc8, 0xc10d4a, 0x5, 0x0, 0x0)
	/home/dev/go/src/github.com/gin-gonic/gin/context.go:734 +0x93
_/mnt/CC9EDBF69EDBD6D4/Development_World/Backup_22-4-18/Projects/Interni/Programming_Contest_Management_Platform/app/views.Render(0xc0003038c0, 0xc10d4a, 0x5, 0xc0006aaa80)
	/mnt/CC9EDBF69EDBD6D4/Development World/Backup 22-4-18/Projects/Interni/Programming Contest Management Platform/app/views/views.go:49 +0x2f3
_/mnt/CC9EDBF69EDBD6D4/Development_World/Backup_22-4-18/Projects/Interni/Programming_Contest_Management_Platform/app/controllers.Index(0xc0003038c0)
	/mnt/CC9EDBF69EDBD6D4/Development World/Backup 22-4-18/Projects/Interni/Programming Contest Management Platform/app/controllers/common.controllers.go:14 +0x231
github.com/gin-gonic/gin.(*Context).Next(0xc0003038c0)
	/home/dev/go/src/github.com/gin-gonic/gin/context.go:108 +0x43
github.com/gin-contrib/sessions.Sessions.func1(0xc0003038c0)
	/home/dev/go/src/github.com/gin-contrib/sessions/sessions.go:65 +0x19f
github.com/gin-gonic/gin.(*Context).Next(0xc0003038c0)
	/home/dev/go/src/github.com/gin-gonic/gin/context.go:108 +0x43
github.com/gin-gonic/gin.LoggerWithWriter.func1(0xc0003038c0)
	/home/dev/go/src/github.com/gin-gonic/gin/logger.go:84 +0xd2
github.com/gin-gonic/gin.(*Context).Next(0xc0003038c0)
	/home/dev/go/src/github.com/gin-gonic/gin/context.go:108 +0x43
github.com/gin-gonic/gin.(*Engine).handleHTTPRequest(0xc0002f2000, 0xc0003038c0)
	/home/dev/go/src/github.com/gin-gonic/gin/gin.go:363 +0x5ab
github.com/gin-gonic/gin.(*Engine).ServeHTTP(0xc0002f2000, 0xce6cc0, 0xc0000342a0, 0xc000168500)
	/home/dev/go/src/github.com/gin-gonic/gin/gin.go:328 +0x132
net/http.serverHandler.ServeHTTP(0xc0000d7520, 0xce6cc0, 0xc0000342a0, 0xc000168500)
	/usr/local/go/src/net/http/server.go:2741 +0xab
net/http.(*conn).serve(0xc00022e820, 0xce7800, 0xc000780cc0)
	/usr/local/go/src/net/http/server.go:1847 +0x646
created by net/http.(*Server).Serve
	/usr/local/go/src/net/http/server.go:2851 +0x2f5
http: panic serving 127.0.0.1:51558: template: index.html:3:5: executing "content" at <ne .data.upcomingCon...>: error calling ne: invalid type for comparison
goroutine 410 [running]:
net/http.(*conn).serve.func1(0xc00028a000)
	/usr/local/go/src/net/http/server.go:1746 +0xd0
panic(0xb737c0, 0xc0002fa8c0)
	/usr/local/go/src/runtime/panic.go:513 +0x1b9
github.com/gin-gonic/gin.(*Context).Render(0xc00011c2c0, 0xc8, 0xce5d40, 0xc0006ab8c0)
	/home/dev/go/src/github.com/gin-gonic/gin/context.go:725 +0x160
github.com/gin-gonic/gin.(*Context).HTML(0xc00011c2c0, 0xc8, 0xc10d4a, 0x5, 0x0, 0x0)
	/home/dev/go/src/github.com/gin-gonic/gin/context.go:734 +0x93
_/mnt/CC9EDBF69EDBD6D4/Development_World/Backup_22-4-18/Projects/Interni/Programming_Contest_Management_Platform/app/views.Render(0xc00011c2c0, 0xc10d4a, 0x5, 0xc0005e87b0)
	/mnt/CC9EDBF69EDBD6D4/Development World/Backup 22-4-18/Projects/Interni/Programming Contest Management Platform/app/views/views.go:49 +0x2f3
_/mnt/CC9EDBF69EDBD6D4/Development_World/Backup_22-4-18/Projects/Interni/Programming_Contest_Management_Platform/app/controllers.Index(0xc00011c2c0)
	/mnt/CC9EDBF69EDBD6D4/Development World/Backup 22-4-18/Projects/Interni/Programming Contest Management Platform/app/controllers/common.controllers.go:14 +0x231
github.com/gin-gonic/gin.(*Context).Next(0xc00011c2c0)
	/home/dev/go/src/github.com/gin-gonic/gin/context.go:108 +0x43
github.com/gin-contrib/sessions.Sessions.func1(0xc00011c2c0)
	/home/dev/go/src/github.com/gin-contrib/sessions/sessions.go:65 +0x19f
github.com/gin-gonic/gin.(*Context).Next(0xc00011c2c0)
	/home/dev/go/src/github.com/gin-gonic/gin/context.go:108 +0x43
github.com/gin-gonic/gin.LoggerWithWriter.func1(0xc00011c2c0)
	/home/dev/go/src/github.com/gin-gonic/gin/logger.go:84 +0xd2
github.com/gin-gonic/gin.(*Context).Next(0xc00011c2c0)
	/home/dev/go/src/github.com/gin-gonic/gin/context.go:108 +0x43
github.com/gin-gonic/gin.(*Engine).handleHTTPRequest(0xc0002f2000, 0xc00011c2c0)
	/home/dev/go/src/github.com/gin-gonic/gin/gin.go:363 +0x5ab
github.com/gin-gonic/gin.(*Engine).ServeHTTP(0xc0002f2000, 0xce6cc0, 0xc0007e8000, 0xc00057a000)
	/home/dev/go/src/github.com/gin-gonic/gin/gin.go:328 +0x132
net/http.serverHandler.ServeHTTP(0xc0000d7520, 0xce6cc0, 0xc0007e8000, 0xc00057a000)
	/usr/local/go/src/net/http/server.go:2741 +0xab
net/http.(*conn).serve(0xc00028a000, 0xce7800, 0xc0000e2440)
	/usr/local/go/src/net/http/server.go:1847 +0x646
created by net/http.(*Server).Serve
	/usr/local/go/src/net/http/server.go:2851 +0x2f5
http: panic serving 127.0.0.1:51560: template: index.html:3:5: executing "content" at <ne .data.upcomingCon...>: error calling ne: invalid type for comparison
goroutine 413 [running]:
net/http.(*conn).serve.func1(0xc00028a280)
	/usr/local/go/src/net/http/server.go:1746 +0xd0
panic(0xb737c0, 0xc0000e7d60)
	/usr/local/go/src/runtime/panic.go:513 +0x1b9
github.com/gin-gonic/gin.(*Context).Render(0xc00011cb00, 0xc8, 0xce5d40, 0xc0005f71d0)
	/home/dev/go/src/github.com/gin-gonic/gin/context.go:725 +0x160
github.com/gin-gonic/gin.(*Context).HTML(0xc00011cb00, 0xc8, 0xc10d4a, 0x5, 0x0, 0x0)
	/home/dev/go/src/github.com/gin-gonic/gin/context.go:734 +0x93
_/mnt/CC9EDBF69EDBD6D4/Development_World/Backup_22-4-18/Projects/Interni/Programming_Contest_Management_Platform/app/views.Render(0xc00011cb00, 0xc10d4a, 0x5, 0xc0005e9aa0)
	/mnt/CC9EDBF69EDBD6D4/Development World/Backup 22-4-18/Projects/Interni/Programming Contest Management Platform/app/views/views.go:49 +0x2f3
_/mnt/CC9EDBF69EDBD6D4/Development_World/Backup_22-4-18/Projects/Interni/Programming_Contest_Management_Platform/app/controllers.Index(0xc00011cb00)
	/mnt/CC9EDBF69EDBD6D4/Development World/Backup 22-4-18/Projects/Interni/Programming Contest Management Platform/app/controllers/common.controllers.go:14 +0x231
github.com/gin-gonic/gin.(*Context).Next(0xc00011cb00)
	/home/dev/go/src/github.com/gin-gonic/gin/context.go:108 +0x43
github.com/gin-contrib/sessions.Sessions.func1(0xc00011cb00)
	/home/dev/go/src/github.com/gin-contrib/sessions/sessions.go:65 +0x19f
github.com/gin-gonic/gin.(*Context).Next(0xc00011cb00)
	/home/dev/go/src/github.com/gin-gonic/gin/context.go:108 +0x43
github.com/gin-gonic/gin.LoggerWithWriter.func1(0xc00011cb00)
	/home/dev/go/src/github.com/gin-gonic/gin/logger.go:84 +0xd2
github.com/gin-gonic/gin.(*Context).Next(0xc00011cb00)
	/home/dev/go/src/github.com/gin-gonic/gin/context.go:108 +0x43
github.com/gin-gonic/gin.(*Engine).handleHTTPRequest(0xc0002f2000, 0xc00011cb00)
	/home/dev/go/src/github.com/gin-gonic/gin/gin.go:363 +0x5ab
github.com/gin-gonic/gin.(*Engine).ServeHTTP(0xc0002f2000, 0xce6cc0, 0xc0007e80e0, 0xc00057a300)
	/home/dev/go/src/github.com/gin-gonic/gin/gin.go:328 +0x132
net/http.serverHandler.ServeHTTP(0xc0000d7520, 0xce6cc0, 0xc0007e80e0, 0xc00057a300)
	/usr/local/go/src/net/http/server.go:2741 +0xab
net/http.(*conn).serve(0xc00028a280, 0xce7800, 0xc0000e2d00)
	/usr/local/go/src/net/http/server.go:1847 +0x646
created by net/http.(*Server).Serve
	/usr/local/go/src/net/http/server.go:2851 +0x2f5
http: panic serving 127.0.0.1:51562: template: index.html:3:5: executing "content" at <ne .data.upcomingCon...>: error calling ne: invalid type for comparison
goroutine 497 [running]:
net/http.(*conn).serve.func1(0xc00022ed20)
	/usr/local/go/src/net/http/server.go:1746 +0xd0
panic(0xb737c0, 0xc0002fb6a0)
	/usr/local/go/src/runtime/panic.go:513 +0x1b9
github.com/gin-gonic/gin.(*Context).Render(0xc0005d2000, 0xc8, 0xce5d40, 0xc0005cde60)
	/home/dev/go/src/github.com/gin-gonic/gin/context.go:725 +0x160
github.com/gin-gonic/gin.(*Context).HTML(0xc0005d2000, 0xc8, 0xc10d4a, 0x5, 0x0, 0x0)
	/home/dev/go/src/github.com/gin-gonic/gin/context.go:734 +0x93
_/mnt/CC9EDBF69EDBD6D4/Development_World/Backup_22-4-18/Projects/Interni/Programming_Contest_Management_Platform/app/views.Render(0xc0005d2000, 0xc10d4a, 0x5, 0xc0005cc660)
	/mnt/CC9EDBF69EDBD6D4/Development World/Backup 22-4-18/Projects/Interni/Programming Contest Management Platform/app/views/views.go:49 +0x2f3
_/mnt/CC9EDBF69EDBD6D4/Development_World/Backup_22-4-18/Projects/Interni/Programming_Contest_Management_Platform/app/controllers.Index(0xc0005d2000)
	/mnt/CC9EDBF69EDBD6D4/Development World/Backup 22-4-18/Projects/Interni/Programming Contest Management Platform/app/controllers/common.controllers.go:14 +0x231
github.com/gin-gonic/gin.(*Context).Next(0xc0005d2000)
	/home/dev/go/src/github.com/gin-gonic/gin/context.go:108 +0x43
github.com/gin-contrib/sessions.Sessions.func1(0xc0005d2000)
	/home/dev/go/src/github.com/gin-contrib/sessions/sessions.go:65 +0x19f
github.com/gin-gonic/gin.(*Context).Next(0xc0005d2000)
	/home/dev/go/src/github.com/gin-gonic/gin/context.go:108 +0x43
github.com/gin-gonic/gin.LoggerWithWriter.func1(0xc0005d2000)
	/home/dev/go/src/github.com/gin-gonic/gin/logger.go:84 +0xd2
github.com/gin-gonic/gin.(*Context).Next(0xc0005d2000)
	/home/dev/go/src/github.com/gin-gonic/gin/context.go:108 +0x43
github.com/gin-gonic/gin.(*Engine).handleHTTPRequest(0xc0002f2000, 0xc0005d2000)
	/home/dev/go/src/github.com/gin-gonic/gin/gin.go:363 +0x5ab
github.com/gin-gonic/gin.(*Engine).ServeHTTP(0xc0002f2000, 0xce6cc0, 0xc000034380, 0xc000168900)
	/home/dev/go/src/github.com/gin-gonic/gin/gin.go:328 +0x132
net/http.serverHandler.ServeHTTP(0xc0000d7520, 0xce6cc0, 0xc000034380, 0xc000168900)
	/usr/local/go/src/net/http/server.go:2741 +0xab
net/http.(*conn).serve(0xc00022ed20, 0xce7800, 0xc0007816c0)
	/usr/local/go/src/net/http/server.go:1847 +0x646
created by net/http.(*Server).Serve
	/usr/local/go/src/net/http/server.go:2851 +0x2f5
http: panic serving 127.0.0.1:51564: template: index.html:3:5: executing "content" at <ne .data.upcomingCon...>: error calling ne: invalid type for comparison
goroutine 517 [running]:
net/http.(*conn).serve.func1(0xc00022f220)
	/usr/local/go/src/net/http/server.go:1746 +0xd0
panic(0xb737c0, 0xc00029d020)
	/usr/local/go/src/runtime/panic.go:513 +0x1b9
github.com/gin-gonic/gin.(*Context).Render(0xc00011d1e0, 0xc8, 0xce5d40, 0xc0001e7da0)
	/home/dev/go/src/github.com/gin-gonic/gin/context.go:725 +0x160
github.com/gin-gonic/gin.(*Context).HTML(0xc00011d1e0, 0xc8, 0xc10d4a, 0x5, 0x0, 0x0)
	/home/dev/go/src/github.com/gin-gonic/gin/context.go:734 +0x93
_/mnt/CC9EDBF69EDBD6D4/Development_World/Backup_22-4-18/Projects/Interni/Programming_Contest_Management_Platform/app/views.Render(0xc00011d1e0, 0xc10d4a, 0x5, 0xc0005f7e30)
	/mnt/CC9EDBF69EDBD6D4/Development World/Backup 22-4-18/Projects/Interni/Programming Contest Management Platform/app/views/views.go:49 +0x2f3
_/mnt/CC9EDBF69EDBD6D4/Development_World/Backup_22-4-18/Projects/Interni/Programming_Contest_Management_Platform/app/controllers.Index(0xc00011d1e0)
	/mnt/CC9EDBF69EDBD6D4/Development World/Backup 22-4-18/Projects/Interni/Programming Contest Management Platform/app/controllers/common.controllers.go:14 +0x231
github.com/gin-gonic/gin.(*Context).Next(0xc00011d1e0)
	/home/dev/go/src/github.com/gin-gonic/gin/context.go:108 +0x43
github.com/gin-contrib/sessions.Sessions.func1(0xc00011d1e0)
	/home/dev/go/src/github.com/gin-contrib/sessions/sessions.go:65 +0x19f
github.com/gin-gonic/gin.(*Context).Next(0xc00011d1e0)
	/home/dev/go/src/github.com/gin-gonic/gin/context.go:108 +0x43
github.com/gin-gonic/gin.LoggerWithWriter.func1(0xc00011d1e0)
	/home/dev/go/src/github.com/gin-gonic/gin/logger.go:84 +0xd2
github.com/gin-gonic/gin.(*Context).Next(0xc00011d1e0)
	/home/dev/go/src/github.com/gin-gonic/gin/context.go:108 +0x43
github.com/gin-gonic/gin.(*Engine).handleHTTPRequest(0xc0002f2000, 0xc00011d1e0)
	/home/dev/go/src/github.com/gin-gonic/gin/gin.go:363 +0x5ab
github.com/gin-gonic/gin.(*Engine).ServeHTTP(0xc0002f2000, 0xce6cc0, 0xc0007e81c0, 0xc00057a800)
	/home/dev/go/src/github.com/gin-gonic/gin/gin.go:328 +0x132
net/http.serverHandler.ServeHTTP(0xc0000d7520, 0xce6cc0, 0xc0007e81c0, 0xc00057a800)
	/usr/local/go/src/net/http/server.go:2741 +0xab
net/http.(*conn).serve(0xc00022f220, 0xce7800, 0xc0001eec00)
	/usr/local/go/src/net/http/server.go:1847 +0x646
created by net/http.(*Server).Serve
	/usr/local/go/src/net/http/server.go:2851 +0x2f5
http: panic serving 127.0.0.1:51566: template: index.html:3:5: executing "content" at <ne .data.upcomingCon...>: error calling ne: invalid type for comparison
goroutine 532 [running]:
net/http.(*conn).serve.func1(0xc00028ab40)
	/usr/local/go/src/net/http/server.go:1746 +0xd0
panic(0xb737c0, 0xc00000ccc0)
	/usr/local/go/src/runtime/panic.go:513 +0x1b9
github.com/gin-gonic/gin.(*Context).Render(0xc0005d26e0, 0xc8, 0xce5d40, 0xc000585aa0)
	/home/dev/go/src/github.com/gin-gonic/gin/context.go:725 +0x160
github.com/gin-gonic/gin.(*Context).HTML(0xc0005d26e0, 0xc8, 0xc10d4a, 0x5, 0x0, 0x0)
	/home/dev/go/src/github.com/gin-gonic/gin/context.go:734 +0x93
_/mnt/CC9EDBF69EDBD6D4/Development_World/Backup_22-4-18/Projects/Interni/Programming_Contest_Management_Platform/app/views.Render(0xc0005d26e0, 0xc10d4a, 0x5, 0xc000202ea0)
	/mnt/CC9EDBF69EDBD6D4/Development World/Backup 22-4-18/Projects/Interni/Programming Contest Management Platform/app/views/views.go:49 +0x2f3
_/mnt/CC9EDBF69EDBD6D4/Development_World/Backup_22-4-18/Projects/Interni/Programming_Contest_Management_Platform/app/controllers.Index(0xc0005d26e0)
	/mnt/CC9EDBF69EDBD6D4/Development World/Backup 22-4-18/Projects/Interni/Programming Contest Management Platform/app/controllers/common.controllers.go:14 +0x231
github.com/gin-gonic/gin.(*Context).Next(0xc0005d26e0)
	/home/dev/go/src/github.com/gin-gonic/gin/context.go:108 +0x43
github.com/gin-contrib/sessions.Sessions.func1(0xc0005d26e0)
	/home/dev/go/src/github.com/gin-contrib/sessions/sessions.go:65 +0x19f
github.com/gin-gonic/gin.(*Context).Next(0xc0005d26e0)
	/home/dev/go/src/github.com/gin-gonic/gin/context.go:108 +0x43
github.com/gin-gonic/gin.LoggerWithWriter.func1(0xc0005d26e0)
	/home/dev/go/src/github.com/gin-gonic/gin/logger.go:84 +0xd2
github.com/gin-gonic/gin.(*Context).Next(0xc0005d26e0)
	/home/dev/go/src/github.com/gin-gonic/gin/context.go:108 +0x43
github.com/gin-gonic/gin.(*Engine).handleHTTPRequest(0xc0002f2000, 0xc0005d26e0)
	/home/dev/go/src/github.com/gin-gonic/gin/gin.go:363 +0x5ab
github.com/gin-gonic/gin.(*Engine).ServeHTTP(0xc0002f2000, 0xce6cc0, 0xc000034460, 0xc000168e00)
	/home/dev/go/src/github.com/gin-gonic/gin/gin.go:328 +0x132
net/http.serverHandler.ServeHTTP(0xc0000d7520, 0xce6cc0, 0xc000034460, 0xc000168e00)
	/usr/local/go/src/net/http/server.go:2741 +0xab
net/http.(*conn).serve(0xc00028ab40, 0xce7800, 0xc0001fe640)
	/usr/local/go/src/net/http/server.go:1847 +0x646
created by net/http.(*Server).Serve
	/usr/local/go/src/net/http/server.go:2851 +0x2f5
http: panic serving 127.0.0.1:51568: template: index.html:3:5: executing "content" at <ne .data.upcomingCon...>: error calling ne: invalid type for comparison
goroutine 534 [running]:
net/http.(*conn).serve.func1(0xc00028ac80)
	/usr/local/go/src/net/http/server.go:1746 +0xd0
panic(0xb737c0, 0xc0002e4380)
	/usr/local/go/src/runtime/panic.go:513 +0x1b9
github.com/gin-gonic/gin.(*Context).Render(0xc00011d8c0, 0xc8, 0xce5d40, 0xc000279290)
	/home/dev/go/src/github.com/gin-gonic/gin/context.go:725 +0x160
github.com/gin-gonic/gin.(*Context).HTML(0xc00011d8c0, 0xc8, 0xc10d4a, 0x5, 0x0, 0x0)
	/home/dev/go/src/github.com/gin-gonic/gin/context.go:734 +0x93
_/mnt/CC9EDBF69EDBD6D4/Development_World/Backup_22-4-18/Projects/Interni/Programming_Contest_Management_Platform/app/views.Render(0xc00011d8c0, 0xc10d4a, 0x5, 0xc0001fd470)
	/mnt/CC9EDBF69EDBD6D4/Development World/Backup 22-4-18/Projects/Interni/Programming Contest Management Platform/app/views/views.go:49 +0x2f3
_/mnt/CC9EDBF69EDBD6D4/Development_World/Backup_22-4-18/Projects/Interni/Programming_Contest_Management_Platform/app/controllers.Index(0xc00011d8c0)
	/mnt/CC9EDBF69EDBD6D4/Development World/Backup 22-4-18/Projects/Interni/Programming Contest Management Platform/app/controllers/common.controllers.go:14 +0x231
github.com/gin-gonic/gin.(*Context).Next(0xc00011d8c0)
	/home/dev/go/src/github.com/gin-gonic/gin/context.go:108 +0x43
github.com/gin-contrib/sessions.Sessions.func1(0xc00011d8c0)
	/home/dev/go/src/github.com/gin-contrib/sessions/sessions.go:65 +0x19f
github.com/gin-gonic/gin.(*Context).Next(0xc00011d8c0)
	/home/dev/go/src/github.com/gin-gonic/gin/context.go:108 +0x43
github.com/gin-gonic/gin.LoggerWithWriter.func1(0xc00011d8c0)
	/home/dev/go/src/github.com/gin-gonic/gin/logger.go:84 +0xd2
github.com/gin-gonic/gin.(*Context).Next(0xc00011d8c0)
	/home/dev/go/src/github.com/gin-gonic/gin/context.go:108 +0x43
github.com/gin-gonic/gin.(*Engine).handleHTTPRequest(0xc0002f2000, 0xc00011d8c0)
	/home/dev/go/src/github.com/gin-gonic/gin/gin.go:363 +0x5ab
github.com/gin-gonic/gin.(*Engine).ServeHTTP(0xc0002f2000, 0xce6cc0, 0xc0007e82a0, 0xc00057b000)
	/home/dev/go/src/github.com/gin-gonic/gin/gin.go:328 +0x132
net/http.serverHandler.ServeHTTP(0xc0000d7520, 0xce6cc0, 0xc0007e82a0, 0xc00057b000)
	/usr/local/go/src/net/http/server.go:2741 +0xab
net/http.(*conn).serve(0xc00028ac80, 0xce7800, 0xc0001efd80)
	/usr/local/go/src/net/http/server.go:1847 +0x646
created by net/http.(*Server).Serve
	/usr/local/go/src/net/http/server.go:2851 +0x2f5
http: panic serving 127.0.0.1:51570: template: index.html:3:5: executing "content" at <ne .data.upcomingCon...>: error calling ne: invalid type for comparison
goroutine 520 [running]:
net/http.(*conn).serve.func1(0xc00022f720)
	/usr/local/go/src/net/http/server.go:1746 +0xd0
panic(0xb737c0, 0xc000782580)
	/usr/local/go/src/runtime/panic.go:513 +0x1b9
github.com/gin-gonic/gin.(*Context).Render(0xc0005d2e70, 0xc8, 0xce5d40, 0xc000307980)
	/home/dev/go/src/github.com/gin-gonic/gin/context.go:725 +0x160
github.com/gin-gonic/gin.(*Context).HTML(0xc0005d2e70, 0xc8, 0xc10d4a, 0x5, 0x0, 0x0)
	/home/dev/go/src/github.com/gin-gonic/gin/context.go:734 +0x93
_/mnt/CC9EDBF69EDBD6D4/Development_World/Backup_22-4-18/Projects/Interni/Programming_Contest_Management_Platform/app/views.Render(0xc0005d2e70, 0xc10d4a, 0x5, 0xc0006e6990)
	/mnt/CC9EDBF69EDBD6D4/Development World/Backup 22-4-18/Projects/Interni/Programming Contest Management Platform/app/views/views.go:49 +0x2f3
_/mnt/CC9EDBF69EDBD6D4/Development_World/Backup_22-4-18/Projects/Interni/Programming_Contest_Management_Platform/app/controllers.Index(0xc0005d2e70)
	/mnt/CC9EDBF69EDBD6D4/Development World/Backup 22-4-18/Projects/Interni/Programming Contest Management Platform/app/controllers/common.controllers.go:14 +0x231
github.com/gin-gonic/gin.(*Context).Next(0xc0005d2e70)
	/home/dev/go/src/github.com/gin-gonic/gin/context.go:108 +0x43
github.com/gin-contrib/sessions.Sessions.func1(0xc0005d2e70)
	/home/dev/go/src/github.com/gin-contrib/sessions/sessions.go:65 +0x19f
github.com/gin-gonic/gin.(*Context).Next(0xc0005d2e70)
	/home/dev/go/src/github.com/gin-gonic/gin/context.go:108 +0x43
github.com/gin-gonic/gin.LoggerWithWriter.func1(0xc0005d2e70)
	/home/dev/go/src/github.com/gin-gonic/gin/logger.go:84 +0xd2
github.com/gin-gonic/gin.(*Context).Next(0xc0005d2e70)
	/home/dev/go/src/github.com/gin-gonic/gin/context.go:108 +0x43
github.com/gin-gonic/gin.(*Engine).handleHTTPRequest(0xc0002f2000, 0xc0005d2e70)
	/home/dev/go/src/github.com/gin-gonic/gin/gin.go:363 +0x5ab
github.com/gin-gonic/gin.(*Engine).ServeHTTP(0xc0002f2000, 0xce6cc0, 0xc000034540, 0xc000169000)
	/home/dev/go/src/github.com/gin-gonic/gin/gin.go:328 +0x132
net/http.serverHandler.ServeHTTP(0xc0000d7520, 0xce6cc0, 0xc000034540, 0xc000169000)
	/usr/local/go/src/net/http/server.go:2741 +0xab
net/http.(*conn).serve(0xc00022f720, 0xce7800, 0xc0001fedc0)
	/usr/local/go/src/net/http/server.go:1847 +0x646
created by net/http.(*Server).Serve
	/usr/local/go/src/net/http/server.go:2851 +0x2f5
http: panic serving 127.0.0.1:51572: template: index.html:3:5: executing "content" at <ne .data.upcomingCon...>: error calling ne: invalid type for comparison
goroutine 523 [running]:
net/http.(*conn).serve.func1(0xc00022f9a0)
	/usr/local/go/src/net/http/server.go:1746 +0xd0
panic(0xb737c0, 0xc00000d240)
	/usr/local/go/src/runtime/panic.go:513 +0x1b9
github.com/gin-gonic/gin.(*Context).Render(0xc0005d3550, 0xc8, 0xce5d40, 0xc0002b54d0)
	/home/dev/go/src/github.com/gin-gonic/gin/context.go:725 +0x160
github.com/gin-gonic/gin.(*Context).HTML(0xc0005d3550, 0xc8, 0xc10d4a, 0x5, 0x0, 0x0)
	/home/dev/go/src/github.com/gin-gonic/gin/context.go:734 +0x93
_/mnt/CC9EDBF69EDBD6D4/Development_World/Backup_22-4-18/Projects/Interni/Programming_Contest_Management_Platform/app/views.Render(0xc0005d3550, 0xc10d4a, 0x5, 0xc0006e7c20)
	/mnt/CC9EDBF69EDBD6D4/Development World/Backup 22-4-18/Projects/Interni/Programming Contest Management Platform/app/views/views.go:49 +0x2f3
_/mnt/CC9EDBF69EDBD6D4/Development_World/Backup_22-4-18/Projects/Interni/Programming_Contest_Management_Platform/app/controllers.Index(0xc0005d3550)
	/mnt/CC9EDBF69EDBD6D4/Development World/Backup 22-4-18/Projects/Interni/Programming Contest Management Platform/app/controllers/common.controllers.go:14 +0x231
github.com/gin-gonic/gin.(*Context).Next(0xc0005d3550)
	/home/dev/go/src/github.com/gin-gonic/gin/context.go:108 +0x43
github.com/gin-contrib/sessions.Sessions.func1(0xc0005d3550)
	/home/dev/go/src/github.com/gin-contrib/sessions/sessions.go:65 +0x19f
github.com/gin-gonic/gin.(*Context).Next(0xc0005d3550)
	/home/dev/go/src/github.com/gin-gonic/gin/context.go:108 +0x43
github.com/gin-gonic/gin.LoggerWithWriter.func1(0xc0005d3550)
	/home/dev/go/src/github.com/gin-gonic/gin/logger.go:84 +0xd2
github.com/gin-gonic/gin.(*Context).Next(0xc0005d3550)
	/home/dev/go/src/github.com/gin-gonic/gin/context.go:108 +0x43
github.com/gin-gonic/gin.(*Engine).handleHTTPRequest(0xc0002f2000, 0xc0005d3550)
	/home/dev/go/src/github.com/gin-gonic/gin/gin.go:363 +0x5ab
github.com/gin-gonic/gin.(*Engine).ServeHTTP(0xc0002f2000, 0xce6cc0, 0xc000034620, 0xc000169300)
	/home/dev/go/src/github.com/gin-gonic/gin/gin.go:328 +0x132
net/http.serverHandler.ServeHTTP(0xc0000d7520, 0xce6cc0, 0xc000034620, 0xc000169300)
	/usr/local/go/src/net/http/server.go:2741 +0xab
net/http.(*conn).serve(0xc00022f9a0, 0xce7800, 0xc0001ff400)
	/usr/local/go/src/net/http/server.go:1847 +0x646
created by net/http.(*Server).Serve
	/usr/local/go/src/net/http/server.go:2851 +0x2f5
http: panic serving 127.0.0.1:51574: template: index.html:3:5: executing "content" at <ne .data.upcomingCon...>: error calling ne: invalid type for comparison
goroutine 539 [running]:
net/http.(*conn).serve.func1(0xc00028b180)
	/usr/local/go/src/net/http/server.go:1746 +0xd0
panic(0xb737c0, 0xc000783360)
	/usr/local/go/src/runtime/panic.go:513 +0x1b9
github.com/gin-gonic/gin.(*Context).Render(0xc000766000, 0xc8, 0xce5d40, 0xc000765c80)
	/home/dev/go/src/github.com/gin-gonic/gin/context.go:725 +0x160
github.com/gin-gonic/gin.(*Context).HTML(0xc000766000, 0xc8, 0xc10d4a, 0x5, 0x0, 0x0)
	/home/dev/go/src/github.com/gin-gonic/gin/context.go:734 +0x93
_/mnt/CC9EDBF69EDBD6D4/Development_World/Backup_22-4-18/Projects/Interni/Programming_Contest_Management_Platform/app/views.Render(0xc000766000, 0xc10d4a, 0x5, 0xc000764690)
	/mnt/CC9EDBF69EDBD6D4/Development World/Backup 22-4-18/Projects/Interni/Programming Contest Management Platform/app/views/views.go:49 +0x2f3
_/mnt/CC9EDBF69EDBD6D4/Development_World/Backup_22-4-18/Projects/Interni/Programming_Contest_Management_Platform/app/controllers.Index(0xc000766000)
	/mnt/CC9EDBF69EDBD6D4/Development World/Backup 22-4-18/Projects/Interni/Programming Contest Management Platform/app/controllers/common.controllers.go:14 +0x231
github.com/gin-gonic/gin.(*Context).Next(0xc000766000)
	/home/dev/go/src/github.com/gin-gonic/gin/context.go:108 +0x43
github.com/gin-contrib/sessions.Sessions.func1(0xc000766000)
	/home/dev/go/src/github.com/gin-contrib/sessions/sessions.go:65 +0x19f
github.com/gin-gonic/gin.(*Context).Next(0xc000766000)
	/home/dev/go/src/github.com/gin-gonic/gin/context.go:108 +0x43
github.com/gin-gonic/gin.LoggerWithWriter.func1(0xc000766000)
	/home/dev/go/src/github.com/gin-gonic/gin/logger.go:84 +0xd2
github.com/gin-gonic/gin.(*Context).Next(0xc000766000)
	/home/dev/go/src/github.com/gin-gonic/gin/context.go:108 +0x43
github.com/gin-gonic/gin.(*Engine).handleHTTPRequest(0xc0002f2000, 0xc000766000)
	/home/dev/go/src/github.com/gin-gonic/gin/gin.go:363 +0x5ab
github.com/gin-gonic/gin.(*Engine).ServeHTTP(0xc0002f2000, 0xce6cc0, 0xc0007e8380, 0xc00057b800)
	/home/dev/go/src/github.com/gin-gonic/gin/gin.go:328 +0x132
net/http.serverHandler.ServeHTTP(0xc0000d7520, 0xce6cc0, 0xc0007e8380, 0xc00057b800)
	/usr/local/go/src/net/http/server.go:2741 +0xab
net/http.(*conn).serve(0xc00028b180, 0xce7800, 0xc0002f9140)
	/usr/local/go/src/net/http/server.go:1847 +0x646
created by net/http.(*Server).Serve
	/usr/local/go/src/net/http/server.go:2851 +0x2f5
http: panic serving 127.0.0.1:51576: template: index.html:3:5: executing "content" at <ne .data.upcomingCon...>: error calling ne: invalid type for comparison
goroutine 527 [running]:
net/http.(*conn).serve.func1(0xc00022fd60)
	/usr/local/go/src/net/http/server.go:1746 +0xd0
panic(0xb737c0, 0xc00000d6c0)
	/usr/local/go/src/runtime/panic.go:513 +0x1b9
github.com/gin-gonic/gin.(*Context).Render(0xc0005d3c30, 0xc8, 0xce5d40, 0xc0007ee390)
	/home/dev/go/src/github.com/gin-gonic/gin/context.go:725 +0x160
github.com/gin-gonic/gin.(*Context).HTML(0xc0005d3c30, 0xc8, 0xc10d4a, 0x5, 0x0, 0x0)
	/home/dev/go/src/github.com/gin-gonic/gin/context.go:734 +0x93
_/mnt/CC9EDBF69EDBD6D4/Development_World/Backup_22-4-18/Projects/Interni/Programming_Contest_Management_Platform/app/views.Render(0xc0005d3c30, 0xc10d4a, 0x5, 0xc00075b3b0)
	/mnt/CC9EDBF69EDBD6D4/Development World/Backup 22-4-18/Projects/Interni/Programming Contest Management Platform/app/views/views.go:49 +0x2f3
_/mnt/CC9EDBF69EDBD6D4/Development_World/Backup_22-4-18/Projects/Interni/Programming_Contest_Management_Platform/app/controllers.Index(0xc0005d3c30)
	/mnt/CC9EDBF69EDBD6D4/Development World/Backup 22-4-18/Projects/Interni/Programming Contest Management Platform/app/controllers/common.controllers.go:14 +0x231
github.com/gin-gonic/gin.(*Context).Next(0xc0005d3c30)
	/home/dev/go/src/github.com/gin-gonic/gin/context.go:108 +0x43
github.com/gin-contrib/sessions.Sessions.func1(0xc0005d3c30)
	/home/dev/go/src/github.com/gin-contrib/sessions/sessions.go:65 +0x19f
github.com/gin-gonic/gin.(*Context).Next(0xc0005d3c30)
	/home/dev/go/src/github.com/gin-gonic/gin/context.go:108 +0x43
github.com/gin-gonic/gin.LoggerWithWriter.func1(0xc0005d3c30)
	/home/dev/go/src/github.com/gin-gonic/gin/logger.go:84 +0xd2
github.com/gin-gonic/gin.(*Context).Next(0xc0005d3c30)
	/home/dev/go/src/github.com/gin-gonic/gin/context.go:108 +0x43
github.com/gin-gonic/gin.(*Engine).handleHTTPRequest(0xc0002f2000, 0xc0005d3c30)
	/home/dev/go/src/github.com/gin-gonic/gin/gin.go:363 +0x5ab
github.com/gin-gonic/gin.(*Engine).ServeHTTP(0xc0002f2000, 0xce6cc0, 0xc000034700, 0xc000169800)
	/home/dev/go/src/github.com/gin-gonic/gin/gin.go:328 +0x132
net/http.serverHandler.ServeHTTP(0xc0000d7520, 0xce6cc0, 0xc000034700, 0xc000169800)
	/usr/local/go/src/net/http/server.go:2741 +0xab
net/http.(*conn).serve(0xc00022fd60, 0xce7800, 0xc0001ffc80)
	/usr/local/go/src/net/http/server.go:1847 +0x646
created by net/http.(*Server).Serve
	/usr/local/go/src/net/http/server.go:2851 +0x2f5
http: panic serving 127.0.0.1:51578: template: index.html:3:5: executing "content" at <ne .data.upcomingCon...>: error calling ne: invalid type for comparison
goroutine 547 [running]:
net/http.(*conn).serve.func1(0xc0002a40a0)
	/usr/local/go/src/net/http/server.go:1746 +0xd0
panic(0xb737c0, 0xc00000db40)
	/usr/local/go/src/runtime/panic.go:513 +0x1b9
github.com/gin-gonic/gin.(*Context).Render(0xc000824370, 0xc8, 0xce5d40, 0xc0007eec00)
	/home/dev/go/src/github.com/gin-gonic/gin/context.go:725 +0x160
github.com/gin-gonic/gin.(*Context).HTML(0xc000824370, 0xc8, 0xc10d4a, 0x5, 0x0, 0x0)
	/home/dev/go/src/github.com/gin-gonic/gin/context.go:734 +0x93
_/mnt/CC9EDBF69EDBD6D4/Development_World/Backup_22-4-18/Projects/Interni/Programming_Contest_Management_Platform/app/views.Render(0xc000824370, 0xc10d4a, 0x5, 0xc0006c6ea0)
	/mnt/CC9EDBF69EDBD6D4/Development World/Backup 22-4-18/Projects/Interni/Programming Contest Management Platform/app/views/views.go:49 +0x2f3
_/mnt/CC9EDBF69EDBD6D4/Development_World/Backup_22-4-18/Projects/Interni/Programming_Contest_Management_Platform/app/controllers.Index(0xc000824370)
	/mnt/CC9EDBF69EDBD6D4/Development World/Backup 22-4-18/Projects/Interni/Programming Contest Management Platform/app/controllers/common.controllers.go:14 +0x231
github.com/gin-gonic/gin.(*Context).Next(0xc000824370)
	/home/dev/go/src/github.com/gin-gonic/gin/context.go:108 +0x43
github.com/gin-contrib/sessions.Sessions.func1(0xc000824370)
	/home/dev/go/src/github.com/gin-contrib/sessions/sessions.go:65 +0x19f
github.com/gin-gonic/gin.(*Context).Next(0xc000824370)
	/home/dev/go/src/github.com/gin-gonic/gin/context.go:108 +0x43
github.com/gin-gonic/gin.LoggerWithWriter.func1(0xc000824370)
	/home/dev/go/src/github.com/gin-gonic/gin/logger.go:84 +0xd2
github.com/gin-gonic/gin.(*Context).Next(0xc000824370)
	/home/dev/go/src/github.com/gin-gonic/gin/context.go:108 +0x43
github.com/gin-gonic/gin.(*Engine).handleHTTPRequest(0xc0002f2000, 0xc000824370)
	/home/dev/go/src/github.com/gin-gonic/gin/gin.go:363 +0x5ab
github.com/gin-gonic/gin.(*Engine).ServeHTTP(0xc0002f2000, 0xce6cc0, 0xc0000347e0, 0xc000169d00)
	/home/dev/go/src/github.com/gin-gonic/gin/gin.go:328 +0x132
net/http.serverHandler.ServeHTTP(0xc0000d7520, 0xce6cc0, 0xc0000347e0, 0xc000169d00)
	/usr/local/go/src/net/http/server.go:2741 +0xab
net/http.(*conn).serve(0xc0002a40a0, 0xce7800, 0xc000846940)
	/usr/local/go/src/net/http/server.go:1847 +0x646
created by net/http.(*Server).Serve
	/usr/local/go/src/net/http/server.go:2851 +0x2f5
http: panic serving 127.0.0.1:51580: template: index.html:3:5: executing "content" at <ne .data.upcomingCon...>: error calling ne: invalid type for comparison
goroutine 500 [running]:
net/http.(*conn).serve.func1(0xc0000cf2c0)
	/usr/local/go/src/net/http/server.go:1746 +0xd0
panic(0xb737c0, 0xc000783a20)
	/usr/local/go/src/runtime/panic.go:513 +0x1b9
github.com/gin-gonic/gin.(*Context).Render(0xc0006c4000, 0xc8, 0xce5d40, 0xc000740d80)
	/home/dev/go/src/github.com/gin-gonic/gin/context.go:725 +0x160
github.com/gin-gonic/gin.(*Context).HTML(0xc0006c4000, 0xc8, 0xc10d4a, 0x5, 0x0, 0x0)
	/home/dev/go/src/github.com/gin-gonic/gin/context.go:734 +0x93
_/mnt/CC9EDBF69EDBD6D4/Development_World/Backup_22-4-18/Projects/Interni/Programming_Contest_Management_Platform/app/views.Render(0xc0006c4000, 0xc10d4a, 0x5, 0xc0007ef920)
	/mnt/CC9EDBF69EDBD6D4/Development World/Backup 22-4-18/Projects/Interni/Programming Contest Management Platform/app/views/views.go:49 +0x2f3
_/mnt/CC9EDBF69EDBD6D4/Development_World/Backup_22-4-18/Projects/Interni/Programming_Contest_Management_Platform/app/controllers.Index(0xc0006c4000)
	/mnt/CC9EDBF69EDBD6D4/Development World/Backup 22-4-18/Projects/Interni/Programming Contest Management Platform/app/controllers/common.controllers.go:14 +0x231
github.com/gin-gonic/gin.(*Context).Next(0xc0006c4000)
	/home/dev/go/src/github.com/gin-gonic/gin/context.go:108 +0x43
github.com/gin-contrib/sessions.Sessions.func1(0xc0006c4000)
	/home/dev/go/src/github.com/gin-contrib/sessions/sessions.go:65 +0x19f
github.com/gin-gonic/gin.(*Context).Next(0xc0006c4000)
	/home/dev/go/src/github.com/gin-gonic/gin/context.go:108 +0x43
github.com/gin-gonic/gin.LoggerWithWriter.func1(0xc0006c4000)
	/home/dev/go/src/github.com/gin-gonic/gin/logger.go:84 +0xd2
github.com/gin-gonic/gin.(*Context).Next(0xc0006c4000)
	/home/dev/go/src/github.com/gin-gonic/gin/context.go:108 +0x43
github.com/gin-gonic/gin.(*Engine).handleHTTPRequest(0xc0002f2000, 0xc0006c4000)
	/home/dev/go/src/github.com/gin-gonic/gin/gin.go:363 +0x5ab
github.com/gin-gonic/gin.(*Engine).ServeHTTP(0xc0002f2000, 0xce6cc0, 0xc0006c2000, 0xc0002f0c00)
	/home/dev/go/src/github.com/gin-gonic/gin/gin.go:328 +0x132
net/http.serverHandler.ServeHTTP(0xc0000d7520, 0xce6cc0, 0xc0006c2000, 0xc0002f0c00)
	/usr/local/go/src/net/http/server.go:2741 +0xab
net/http.(*conn).serve(0xc0000cf2c0, 0xce7800, 0xc0005eba00)
	/usr/local/go/src/net/http/server.go:1847 +0x646
created by net/http.(*Server).Serve
	/usr/local/go/src/net/http/server.go:2851 +0x2f5
http: panic serving 127.0.0.1:51582: template: index.html:3:5: executing "content" at <ne .data.upcomingCon...>: error calling ne: invalid type for comparison
goroutine 551 [running]:
net/http.(*conn).serve.func1(0xc0002a4320)
	/usr/local/go/src/net/http/server.go:1746 +0xd0
panic(0xb737c0, 0xc0007de920)
	/usr/local/go/src/runtime/panic.go:513 +0x1b9
github.com/gin-gonic/gin.(*Context).Render(0xc000824a50, 0xc8, 0xce5d40, 0xc0007e6f90)
	/home/dev/go/src/github.com/gin-gonic/gin/context.go:725 +0x160
github.com/gin-gonic/gin.(*Context).HTML(0xc000824a50, 0xc8, 0xc10d4a, 0x5, 0x0, 0x0)
	/home/dev/go/src/github.com/gin-gonic/gin/context.go:734 +0x93
_/mnt/CC9EDBF69EDBD6D4/Development_World/Backup_22-4-18/Projects/Interni/Programming_Contest_Management_Platform/app/views.Render(0xc000824a50, 0xc10d4a, 0x5, 0xc0006b6930)
	/mnt/CC9EDBF69EDBD6D4/Development World/Backup 22-4-18/Projects/Interni/Programming Contest Management Platform/app/views/views.go:49 +0x2f3
_/mnt/CC9EDBF69EDBD6D4/Development_World/Backup_22-4-18/Projects/Interni/Programming_Contest_Management_Platform/app/controllers.Index(0xc000824a50)
	/mnt/CC9EDBF69EDBD6D4/Development World/Backup 22-4-18/Projects/Interni/Programming Contest Management Platform/app/controllers/common.controllers.go:14 +0x231
github.com/gin-gonic/gin.(*Context).Next(0xc000824a50)
	/home/dev/go/src/github.com/gin-gonic/gin/context.go:108 +0x43
github.com/gin-contrib/sessions.Sessions.func1(0xc000824a50)
	/home/dev/go/src/github.com/gin-contrib/sessions/sessions.go:65 +0x19f
github.com/gin-gonic/gin.(*Context).Next(0xc000824a50)
	/home/dev/go/src/github.com/gin-gonic/gin/context.go:108 +0x43
github.com/gin-gonic/gin.LoggerWithWriter.func1(0xc000824a50)
	/home/dev/go/src/github.com/gin-gonic/gin/logger.go:84 +0xd2
github.com/gin-gonic/gin.(*Context).Next(0xc000824a50)
	/home/dev/go/src/github.com/gin-gonic/gin/context.go:108 +0x43
github.com/gin-gonic/gin.(*Engine).handleHTTPRequest(0xc0002f2000, 0xc000824a50)
	/home/dev/go/src/github.com/gin-gonic/gin/gin.go:363 +0x5ab
github.com/gin-gonic/gin.(*Engine).ServeHTTP(0xc0002f2000, 0xce6cc0, 0xc0000348c0, 0xc0006b4200)
	/home/dev/go/src/github.com/gin-gonic/gin/gin.go:328 +0x132
net/http.serverHandler.ServeHTTP(0xc0000d7520, 0xce6cc0, 0xc0000348c0, 0xc0006b4200)
	/usr/local/go/src/net/http/server.go:2741 +0xab
net/http.(*conn).serve(0xc0002a4320, 0xce7800, 0xc000847400)
	/usr/local/go/src/net/http/server.go:1847 +0x646
created by net/http.(*Server).Serve
	/usr/local/go/src/net/http/server.go:2851 +0x2f5
http: panic serving 127.0.0.1:51584: template: index.html:3:5: executing "content" at <ne .data.upcomingCon...>: error calling ne: invalid type for comparison
goroutine 504 [running]:
net/http.(*conn).serve.func1(0xc0000cf7c0)
	/usr/local/go/src/net/http/server.go:1746 +0xd0
panic(0xb737c0, 0xc0006afcc0)
	/usr/local/go/src/runtime/panic.go:513 +0x1b9
github.com/gin-gonic/gin.(*Context).Render(0xc000825130, 0xc8, 0xce5d40, 0xc00088b0e0)
	/home/dev/go/src/github.com/gin-gonic/gin/context.go:725 +0x160
github.com/gin-gonic/gin.(*Context).HTML(0xc000825130, 0xc8, 0xc10d4a, 0x5, 0x0, 0x0)
	/home/dev/go/src/github.com/gin-gonic/gin/context.go:734 +0x93
_/mnt/CC9EDBF69EDBD6D4/Development_World/Backup_22-4-18/Projects/Interni/Programming_Contest_Management_Platform/app/views.Render(0xc000825130, 0xc10d4a, 0x5, 0xc0006b7ad0)
	/mnt/CC9EDBF69EDBD6D4/Development World/Backup 22-4-18/Projects/Interni/Programming Contest Management Platform/app/views/views.go:49 +0x2f3
_/mnt/CC9EDBF69EDBD6D4/Development_World/Backup_22-4-18/Projects/Interni/Programming_Contest_Management_Platform/app/controllers.Index(0xc000825130)
	/mnt/CC9EDBF69EDBD6D4/Development World/Backup 22-4-18/Projects/Interni/Programming Contest Management Platform/app/controllers/common.controllers.go:14 +0x231
github.com/gin-gonic/gin.(*Context).Next(0xc000825130)
	/home/dev/go/src/github.com/gin-gonic/gin/context.go:108 +0x43
github.com/gin-contrib/sessions.Sessions.func1(0xc000825130)
	/home/dev/go/src/github.com/gin-contrib/sessions/sessions.go:65 +0x19f
github.com/gin-gonic/gin.(*Context).Next(0xc000825130)
	/home/dev/go/src/github.com/gin-gonic/gin/context.go:108 +0x43
github.com/gin-gonic/gin.LoggerWithWriter.func1(0xc000825130)
	/home/dev/go/src/github.com/gin-gonic/gin/logger.go:84 +0xd2
github.com/gin-gonic/gin.(*Context).Next(0xc000825130)
	/home/dev/go/src/github.com/gin-gonic/gin/context.go:108 +0x43
github.com/gin-gonic/gin.(*Engine).handleHTTPRequest(0xc0002f2000, 0xc000825130)
	/home/dev/go/src/github.com/gin-gonic/gin/gin.go:363 +0x5ab
github.com/gin-gonic/gin.(*Engine).ServeHTTP(0xc0002f2000, 0xce6cc0, 0xc0000349a0, 0xc0006b4400)
	/home/dev/go/src/github.com/gin-gonic/gin/gin.go:328 +0x132
net/http.serverHandler.ServeHTTP(0xc0000d7520, 0xce6cc0, 0xc0000349a0, 0xc0006b4400)
	/usr/local/go/src/net/http/server.go:2741 +0xab
net/http.(*conn).serve(0xc0000cf7c0, 0xce7800, 0xc000847b40)
	/usr/local/go/src/net/http/server.go:1847 +0x646
created by net/http.(*Server).Serve
	/usr/local/go/src/net/http/server.go:2851 +0x2f5
http: panic serving 127.0.0.1:51586: template: index.html:3:5: executing "content" at <ne .data.upcomingCon...>: error calling ne: invalid type for comparison
goroutine 505 [running]:
net/http.(*conn).serve.func1(0xc0000cf900)
	/usr/local/go/src/net/http/server.go:1746 +0xd0
panic(0xb737c0, 0xc0006f8300)
	/usr/local/go/src/runtime/panic.go:513 +0x1b9
github.com/gin-gonic/gin.(*Context).Render(0xc0006c46e0, 0xc8, 0xce5d40, 0xc000896150)
	/home/dev/go/src/github.com/gin-gonic/gin/context.go:725 +0x160
github.com/gin-gonic/gin.(*Context).HTML(0xc0006c46e0, 0xc8, 0xc10d4a, 0x5, 0x0, 0x0)
	/home/dev/go/src/github.com/gin-gonic/gin/context.go:734 +0x93
_/mnt/CC9EDBF69EDBD6D4/Development_World/Backup_22-4-18/Projects/Interni/Programming_Contest_Management_Platform/app/views.Render(0xc0006c46e0, 0xc10d4a, 0x5, 0xc0007e7cb0)
	/mnt/CC9EDBF69EDBD6D4/Development World/Backup 22-4-18/Projects/Interni/Programming Contest Management Platform/app/views/views.go:49 +0x2f3
_/mnt/CC9EDBF69EDBD6D4/Development_World/Backup_22-4-18/Projects/Interni/Programming_Contest_Management_Platform/app/controllers.Index(0xc0006c46e0)
	/mnt/CC9EDBF69EDBD6D4/Development World/Backup 22-4-18/Projects/Interni/Programming Contest Management Platform/app/controllers/common.controllers.go:14 +0x231
github.com/gin-gonic/gin.(*Context).Next(0xc0006c46e0)
	/home/dev/go/src/github.com/gin-gonic/gin/context.go:108 +0x43
github.com/gin-contrib/sessions.Sessions.func1(0xc0006c46e0)
	/home/dev/go/src/github.com/gin-contrib/sessions/sessions.go:65 +0x19f
github.com/gin-gonic/gin.(*Context).Next(0xc0006c46e0)
	/home/dev/go/src/github.com/gin-gonic/gin/context.go:108 +0x43
github.com/gin-gonic/gin.LoggerWithWriter.func1(0xc0006c46e0)
	/home/dev/go/src/github.com/gin-gonic/gin/logger.go:84 +0xd2
github.com/gin-gonic/gin.(*Context).Next(0xc0006c46e0)
	/home/dev/go/src/github.com/gin-gonic/gin/context.go:108 +0x43
github.com/gin-gonic/gin.(*Engine).handleHTTPRequest(0xc0002f2000, 0xc0006c46e0)
	/home/dev/go/src/github.com/gin-gonic/gin/gin.go:363 +0x5ab
github.com/gin-gonic/gin.(*Engine).ServeHTTP(0xc0002f2000, 0xce6cc0, 0xc0006c20e0, 0xc0002f1200)
	/home/dev/go/src/github.com/gin-gonic/gin/gin.go:328 +0x132
net/http.serverHandler.ServeHTTP(0xc0000d7520, 0xce6cc0, 0xc0006c20e0, 0xc0002f1200)
	/usr/local/go/src/net/http/server.go:2741 +0xab
net/http.(*conn).serve(0xc0000cf900, 0xce7800, 0xc0000a6940)
	/usr/local/go/src/net/http/server.go:1847 +0x646
created by net/http.(*Server).Serve
	/usr/local/go/src/net/http/server.go:2851 +0x2f5
http: panic serving 127.0.0.1:51588: template: index.html:3:5: executing "content" at <ne .data.upcomingCon...>: error calling ne: invalid type for comparison
goroutine 508 [running]:
net/http.(*conn).serve.func1(0xc0000cfb80)
	/usr/local/go/src/net/http/server.go:1746 +0xd0
panic(0xb737c0, 0xc0007dfc40)
	/usr/local/go/src/runtime/panic.go:513 +0x1b9
github.com/gin-gonic/gin.(*Context).Render(0xc0006c4dc0, 0xc8, 0xce5d40, 0xc000895b90)
	/home/dev/go/src/github.com/gin-gonic/gin/context.go:725 +0x160
github.com/gin-gonic/gin.(*Context).HTML(0xc0006c4dc0, 0xc8, 0xc10d4a, 0x5, 0x0, 0x0)
	/home/dev/go/src/github.com/gin-gonic/gin/context.go:734 +0x93
_/mnt/CC9EDBF69EDBD6D4/Development_World/Backup_22-4-18/Projects/Interni/Programming_Contest_Management_Platform/app/views.Render(0xc0006c4dc0, 0xc10d4a, 0x5, 0xc000894f30)
	/mnt/CC9EDBF69EDBD6D4/Development World/Backup 22-4-18/Projects/Interni/Programming Contest Management Platform/app/views/views.go:49 +0x2f3
_/mnt/CC9EDBF69EDBD6D4/Development_World/Backup_22-4-18/Projects/Interni/Programming_Contest_Management_Platform/app/controllers.Index(0xc0006c4dc0)
	/mnt/CC9EDBF69EDBD6D4/Development World/Backup 22-4-18/Projects/Interni/Programming Contest Management Platform/app/controllers/common.controllers.go:14 +0x231
github.com/gin-gonic/gin.(*Context).Next(0xc0006c4dc0)
	/home/dev/go/src/github.com/gin-gonic/gin/context.go:108 +0x43
github.com/gin-contrib/sessions.Sessions.func1(0xc0006c4dc0)
	/home/dev/go/src/github.com/gin-contrib/sessions/sessions.go:65 +0x19f
github.com/gin-gonic/gin.(*Context).Next(0xc0006c4dc0)
	/home/dev/go/src/github.com/gin-gonic/gin/context.go:108 +0x43
github.com/gin-gonic/gin.LoggerWithWriter.func1(0xc0006c4dc0)
	/home/dev/go/src/github.com/gin-gonic/gin/logger.go:84 +0xd2
github.com/gin-gonic/gin.(*Context).Next(0xc0006c4dc0)
	/home/dev/go/src/github.com/gin-gonic/gin/context.go:108 +0x43
github.com/gin-gonic/gin.(*Engine).handleHTTPRequest(0xc0002f2000, 0xc0006c4dc0)
	/home/dev/go/src/github.com/gin-gonic/gin/gin.go:363 +0x5ab
github.com/gin-gonic/gin.(*Engine).ServeHTTP(0xc0002f2000, 0xce6cc0, 0xc0006c21c0, 0xc0002f1500)
	/home/dev/go/src/github.com/gin-gonic/gin/gin.go:328 +0x132
net/http.serverHandler.ServeHTTP(0xc0000d7520, 0xce6cc0, 0xc0006c21c0, 0xc0002f1500)
	/usr/local/go/src/net/http/server.go:2741 +0xab
net/http.(*conn).serve(0xc0000cfb80, 0xce7800, 0xc0000a70c0)
	/usr/local/go/src/net/http/server.go:1847 +0x646
created by net/http.(*Server).Serve
	/usr/local/go/src/net/http/server.go:2851 +0x2f5
http: panic serving 127.0.0.1:51590: template: index.html:3:5: executing "content" at <ne .data.upcomingCon...>: error calling ne: invalid type for comparison
goroutine 511 [running]:
net/http.(*conn).serve.func1(0xc000268000)
	/usr/local/go/src/net/http/server.go:1746 +0xd0
panic(0xb737c0, 0xc000694a20)
	/usr/local/go/src/runtime/panic.go:513 +0x1b9
github.com/gin-gonic/gin.(*Context).Render(0xc0006c54a0, 0xc8, 0xce5d40, 0xc000681e60)
	/home/dev/go/src/github.com/gin-gonic/gin/context.go:725 +0x160
github.com/gin-gonic/gin.(*Context).HTML(0xc0006c54a0, 0xc8, 0xc10d4a, 0x5, 0x0, 0x0)
	/home/dev/go/src/github.com/gin-gonic/gin/context.go:734 +0x93
_/mnt/CC9EDBF69EDBD6D4/Development_World/Backup_22-4-18/Projects/Interni/Programming_Contest_Management_Platform/app/views.Render(0xc0006c54a0, 0xc10d4a, 0x5, 0xc000680870)
	/mnt/CC9EDBF69EDBD6D4/Development World/Backup 22-4-18/Projects/Interni/Programming Contest Management Platform/app/views/views.go:49 +0x2f3
_/mnt/CC9EDBF69EDBD6D4/Development_World/Backup_22-4-18/Projects/Interni/Programming_Contest_Management_Platform/app/controllers.Index(0xc0006c54a0)
	/mnt/CC9EDBF69EDBD6D4/Development World/Backup 22-4-18/Projects/Interni/Programming Contest Management Platform/app/controllers/common.controllers.go:14 +0x231
github.com/gin-gonic/gin.(*Context).Next(0xc0006c54a0)
	/home/dev/go/src/github.com/gin-gonic/gin/context.go:108 +0x43
github.com/gin-contrib/sessions.Sessions.func1(0xc0006c54a0)
	/home/dev/go/src/github.com/gin-contrib/sessions/sessions.go:65 +0x19f
github.com/gin-gonic/gin.(*Context).Next(0xc0006c54a0)
	/home/dev/go/src/github.com/gin-gonic/gin/context.go:108 +0x43
github.com/gin-gonic/gin.LoggerWithWriter.func1(0xc0006c54a0)
	/home/dev/go/src/github.com/gin-gonic/gin/logger.go:84 +0xd2
github.com/gin-gonic/gin.(*Context).Next(0xc0006c54a0)
	/home/dev/go/src/github.com/gin-gonic/gin/context.go:108 +0x43
github.com/gin-gonic/gin.(*Engine).handleHTTPRequest(0xc0002f2000, 0xc0006c54a0)
	/home/dev/go/src/github.com/gin-gonic/gin/gin.go:363 +0x5ab
github.com/gin-gonic/gin.(*Engine).ServeHTTP(0xc0002f2000, 0xce6cc0, 0xc0006c22a0, 0xc0002f1700)
	/home/dev/go/src/github.com/gin-gonic/gin/gin.go:328 +0x132
net/http.serverHandler.ServeHTTP(0xc0000d7520, 0xce6cc0, 0xc0006c22a0, 0xc0002f1700)
	/usr/local/go/src/net/http/server.go:2741 +0xab
net/http.(*conn).serve(0xc000268000, 0xce7800, 0xc0000a7940)
	/usr/local/go/src/net/http/server.go:1847 +0x646
created by net/http.(*Server).Serve
	/usr/local/go/src/net/http/server.go:2851 +0x2f5
http: panic serving 127.0.0.1:51592: template: index.html:3:5: executing "content" at <ne .data.upcomingCon...>: error calling ne: invalid type for comparison
goroutine 558 [running]:
net/http.(*conn).serve.func1(0xc0002a4fa0)
	/usr/local/go/src/net/http/server.go:1746 +0xd0
panic(0xb737c0, 0xc0006f90e0)
	/usr/local/go/src/runtime/panic.go:513 +0x1b9
github.com/gin-gonic/gin.(*Context).Render(0xc000825810, 0xc8, 0xce5d40, 0xc0006a8420)
	/home/dev/go/src/github.com/gin-gonic/gin/context.go:725 +0x160
github.com/gin-gonic/gin.(*Context).HTML(0xc000825810, 0xc8, 0xc10d4a, 0x5, 0x0, 0x0)
	/home/dev/go/src/github.com/gin-gonic/gin/context.go:734 +0x93
_/mnt/CC9EDBF69EDBD6D4/Development_World/Backup_22-4-18/Projects/Interni/Programming_Contest_Management_Platform/app/views.Render(0xc000825810, 0xc10d4a, 0x5, 0xc000896e10)
	/mnt/CC9EDBF69EDBD6D4/Development World/Backup 22-4-18/Projects/Interni/Programming Contest Management Platform/app/views/views.go:49 +0x2f3
_/mnt/CC9EDBF69EDBD6D4/Development_World/Backup_22-4-18/Projects/Interni/Programming_Contest_Management_Platform/app/controllers.Index(0xc000825810)
	/mnt/CC9EDBF69EDBD6D4/Development World/Backup 22-4-18/Projects/Interni/Programming Contest Management Platform/app/controllers/common.controllers.go:14 +0x231
github.com/gin-gonic/gin.(*Context).Next(0xc000825810)
	/home/dev/go/src/github.com/gin-gonic/gin/context.go:108 +0x43
github.com/gin-contrib/sessions.Sessions.func1(0xc000825810)
	/home/dev/go/src/github.com/gin-contrib/sessions/sessions.go:65 +0x19f
github.com/gin-gonic/gin.(*Context).Next(0xc000825810)
	/home/dev/go/src/github.com/gin-gonic/gin/context.go:108 +0x43
github.com/gin-gonic/gin.LoggerWithWriter.func1(0xc000825810)
	/home/dev/go/src/github.com/gin-gonic/gin/logger.go:84 +0xd2
github.com/gin-gonic/gin.(*Context).Next(0xc000825810)
	/home/dev/go/src/github.com/gin-gonic/gin/context.go:108 +0x43
github.com/gin-gonic/gin.(*Engine).handleHTTPRequest(0xc0002f2000, 0xc000825810)
	/home/dev/go/src/github.com/gin-gonic/gin/gin.go:363 +0x5ab
github.com/gin-gonic/gin.(*Engine).ServeHTTP(0xc0002f2000, 0xce6cc0, 0xc000034a80, 0xc0006b4b00)
	/home/dev/go/src/github.com/gin-gonic/gin/gin.go:328 +0x132
net/http.serverHandler.ServeHTTP(0xc0000d7520, 0xce6cc0, 0xc000034a80, 0xc0006b4b00)
	/usr/local/go/src/net/http/server.go:2741 +0xab
net/http.(*conn).serve(0xc0002a4fa0, 0xce7800, 0xc00088cd80)
	/usr/local/go/src/net/http/server.go:1847 +0x646
created by net/http.(*Server).Serve
	/usr/local/go/src/net/http/server.go:2851 +0x2f5
http: panic serving 127.0.0.1:51594: template: index.html:3:5: executing "content" at <ne .data.upcomingCon...>: error calling ne: invalid type for comparison
goroutine 545 [running]:
net/http.(*conn).serve.func1(0xc0000ce1e0)
	/usr/local/go/src/net/http/server.go:1746 +0xd0
panic(0xb737c0, 0xc0002e4fa0)
	/usr/local/go/src/runtime/panic.go:513 +0x1b9
github.com/gin-gonic/gin.(*Context).Render(0xc0003028f0, 0xc8, 0xce5d40, 0xc0006c71d0)
	/home/dev/go/src/github.com/gin-gonic/gin/context.go:725 +0x160
github.com/gin-gonic/gin.(*Context).HTML(0xc0003028f0, 0xc8, 0xc10d4a, 0x5, 0x0, 0x0)
	/home/dev/go/src/github.com/gin-gonic/gin/context.go:734 +0x93
_/mnt/CC9EDBF69EDBD6D4/Development_World/Backup_22-4-18/Projects/Interni/Programming_Contest_Management_Platform/app/views.Render(0xc0003028f0, 0xc10d4a, 0x5, 0xc000203560)
	/mnt/CC9EDBF69EDBD6D4/Development World/Backup 22-4-18/Projects/Interni/Programming Contest Management Platform/app/views/views.go:49 +0x2f3
_/mnt/CC9EDBF69EDBD6D4/Development_World/Backup_22-4-18/Projects/Interni/Programming_Contest_Management_Platform/app/controllers.Index(0xc0003028f0)
	/mnt/CC9EDBF69EDBD6D4/Development World/Backup 22-4-18/Projects/Interni/Programming Contest Management Platform/app/controllers/common.controllers.go:14 +0x231
github.com/gin-gonic/gin.(*Context).Next(0xc0003028f0)
	/home/dev/go/src/github.com/gin-gonic/gin/context.go:108 +0x43
github.com/gin-contrib/sessions.Sessions.func1(0xc0003028f0)
	/home/dev/go/src/github.com/gin-contrib/sessions/sessions.go:65 +0x19f
github.com/gin-gonic/gin.(*Context).Next(0xc0003028f0)
	/home/dev/go/src/github.com/gin-gonic/gin/context.go:108 +0x43
github.com/gin-gonic/gin.LoggerWithWriter.func1(0xc0003028f0)
	/home/dev/go/src/github.com/gin-gonic/gin/logger.go:84 +0xd2
github.com/gin-gonic/gin.(*Context).Next(0xc0003028f0)
	/home/dev/go/src/github.com/gin-gonic/gin/context.go:108 +0x43
github.com/gin-gonic/gin.(*Engine).handleHTTPRequest(0xc0002f2000, 0xc0003028f0)
	/home/dev/go/src/github.com/gin-gonic/gin/gin.go:363 +0x5ab
github.com/gin-gonic/gin.(*Engine).ServeHTTP(0xc0002f2000, 0xce6cc0, 0xc0000341c0, 0xc0002f0700)
	/home/dev/go/src/github.com/gin-gonic/gin/gin.go:328 +0x132
net/http.serverHandler.ServeHTTP(0xc0000d7520, 0xce6cc0, 0xc0000341c0, 0xc0002f0700)
	/usr/local/go/src/net/http/server.go:2741 +0xab
net/http.(*conn).serve(0xc0000ce1e0, 0xce7800, 0xc0001fe1c0)
	/usr/local/go/src/net/http/server.go:1847 +0x646
created by net/http.(*Server).Serve
	/usr/local/go/src/net/http/server.go:2851 +0x2f5
http: panic serving 127.0.0.1:51596: template: index.html:3:5: executing "content" at <ne .data.upcomingCon...>: error calling ne: invalid type for comparison
goroutine 472 [running]:
net/http.(*conn).serve.func1(0xc00022e000)
	/usr/local/go/src/net/http/server.go:1746 +0xd0
panic(0xb737c0, 0xc00029d300)
	/usr/local/go/src/runtime/panic.go:513 +0x1b9
github.com/gin-gonic/gin.(*Context).Render(0xc00011c2c0, 0xc8, 0xce5d40, 0xc0007efc50)
	/home/dev/go/src/github.com/gin-gonic/gin/context.go:725 +0x160
github.com/gin-gonic/gin.(*Context).HTML(0xc00011c2c0, 0xc8, 0xc10d4a, 0x5, 0x0, 0x0)
	/home/dev/go/src/github.com/gin-gonic/gin/context.go:734 +0x93
_/mnt/CC9EDBF69EDBD6D4/Development_World/Backup_22-4-18/Projects/Interni/Programming_Contest_Management_Platform/app/views.Render(0xc00011c2c0, 0xc10d4a, 0x5, 0xc0007ee630)
	/mnt/CC9EDBF69EDBD6D4/Development World/Backup 22-4-18/Projects/Interni/Programming Contest Management Platform/app/views/views.go:49 +0x2f3
_/mnt/CC9EDBF69EDBD6D4/Development_World/Backup_22-4-18/Projects/Interni/Programming_Contest_Management_Platform/app/controllers.Index(0xc00011c2c0)
	/mnt/CC9EDBF69EDBD6D4/Development World/Backup 22-4-18/Projects/Interni/Programming Contest Management Platform/app/controllers/common.controllers.go:14 +0x231
github.com/gin-gonic/gin.(*Context).Next(0xc00011c2c0)
	/home/dev/go/src/github.com/gin-gonic/gin/context.go:108 +0x43
github.com/gin-contrib/sessions.Sessions.func1(0xc00011c2c0)
	/home/dev/go/src/github.com/gin-contrib/sessions/sessions.go:65 +0x19f
github.com/gin-gonic/gin.(*Context).Next(0xc00011c2c0)
	/home/dev/go/src/github.com/gin-gonic/gin/context.go:108 +0x43
github.com/gin-gonic/gin.LoggerWithWriter.func1(0xc00011c2c0)
	/home/dev/go/src/github.com/gin-gonic/gin/logger.go:84 +0xd2
github.com/gin-gonic/gin.(*Context).Next(0xc00011c2c0)
	/home/dev/go/src/github.com/gin-gonic/gin/context.go:108 +0x43
github.com/gin-gonic/gin.(*Engine).handleHTTPRequest(0xc0002f2000, 0xc00011c2c0)
	/home/dev/go/src/github.com/gin-gonic/gin/gin.go:363 +0x5ab
github.com/gin-gonic/gin.(*Engine).ServeHTTP(0xc0002f2000, 0xce6cc0, 0xc0002fe000, 0xc000168000)
	/home/dev/go/src/github.com/gin-gonic/gin/gin.go:328 +0x132
net/http.serverHandler.ServeHTTP(0xc0000d7520, 0xce6cc0, 0xc0002fe000, 0xc000168000)
	/usr/local/go/src/net/http/server.go:2741 +0xab
net/http.(*conn).serve(0xc00022e000, 0xce7800, 0xc0000a60c0)
	/usr/local/go/src/net/http/server.go:1847 +0x646
created by net/http.(*Server).Serve
	/usr/local/go/src/net/http/server.go:2851 +0x2f5
http: panic serving 127.0.0.1:51598: template: index.html:3:5: executing "content" at <ne .data.upcomingCon...>: error calling ne: invalid type for comparison
goroutine 476 [running]:
net/http.(*conn).serve.func1(0xc00022e820)
	/usr/local/go/src/net/http/server.go:1746 +0xd0
panic(0xb737c0, 0xc0002e54c0)
	/usr/local/go/src/runtime/panic.go:513 +0x1b9
github.com/gin-gonic/gin.(*Context).Render(0xc00011cb00, 0xc8, 0xce5d40, 0xc0006c7b60)
	/home/dev/go/src/github.com/gin-gonic/gin/context.go:725 +0x160
github.com/gin-gonic/gin.(*Context).HTML(0xc00011cb00, 0xc8, 0xc10d4a, 0x5, 0x0, 0x0)
	/home/dev/go/src/github.com/gin-gonic/gin/context.go:734 +0x93
_/mnt/CC9EDBF69EDBD6D4/Development_World/Backup_22-4-18/Projects/Interni/Programming_Contest_Management_Platform/app/views.Render(0xc00011cb00, 0xc10d4a, 0x5, 0xc00075a930)
	/mnt/CC9EDBF69EDBD6D4/Development World/Backup 22-4-18/Projects/Interni/Programming Contest Management Platform/app/views/views.go:49 +0x2f3
_/mnt/CC9EDBF69EDBD6D4/Development_World/Backup_22-4-18/Projects/Interni/Programming_Contest_Management_Platform/app/controllers.Index(0xc00011cb00)
	/mnt/CC9EDBF69EDBD6D4/Development World/Backup 22-4-18/Projects/Interni/Programming Contest Management Platform/app/controllers/common.controllers.go:14 +0x231
github.com/gin-gonic/gin.(*Context).Next(0xc00011cb00)
	/home/dev/go/src/github.com/gin-gonic/gin/context.go:108 +0x43
github.com/gin-contrib/sessions.Sessions.func1(0xc00011cb00)
	/home/dev/go/src/github.com/gin-contrib/sessions/sessions.go:65 +0x19f
github.com/gin-gonic/gin.(*Context).Next(0xc00011cb00)
	/home/dev/go/src/github.com/gin-gonic/gin/context.go:108 +0x43
github.com/gin-gonic/gin.LoggerWithWriter.func1(0xc00011cb00)
	/home/dev/go/src/github.com/gin-gonic/gin/logger.go:84 +0xd2
github.com/gin-gonic/gin.(*Context).Next(0xc00011cb00)
	/home/dev/go/src/github.com/gin-gonic/gin/context.go:108 +0x43
github.com/gin-gonic/gin.(*Engine).handleHTTPRequest(0xc0002f2000, 0xc00011cb00)
	/home/dev/go/src/github.com/gin-gonic/gin/gin.go:363 +0x5ab
github.com/gin-gonic/gin.(*Engine).ServeHTTP(0xc0002f2000, 0xce6cc0, 0xc0002fe0e0, 0xc000168500)
	/home/dev/go/src/github.com/gin-gonic/gin/gin.go:328 +0x132
net/http.serverHandler.ServeHTTP(0xc0000d7520, 0xce6cc0, 0xc0002fe0e0, 0xc000168500)
	/usr/local/go/src/net/http/server.go:2741 +0xab
net/http.(*conn).serve(0xc00022e820, 0xce7800, 0xc0000a6f80)
	/usr/local/go/src/net/http/server.go:1847 +0x646
created by net/http.(*Server).Serve
	/usr/local/go/src/net/http/server.go:2851 +0x2f5
http: panic serving 127.0.0.1:51600: template: index.html:3:5: executing "content" at <ne .data.upcomingCon...>: error calling ne: invalid type for comparison
goroutine 595 [running]:
net/http.(*conn).serve.func1(0xc000268000)
	/usr/local/go/src/net/http/server.go:1746 +0xd0
panic(0xb737c0, 0xc0002e5b40)
	/usr/local/go/src/runtime/panic.go:513 +0x1b9
github.com/gin-gonic/gin.(*Context).Render(0xc000824000, 0xc8, 0xce5d40, 0xc0006e6c90)
	/home/dev/go/src/github.com/gin-gonic/gin/context.go:725 +0x160
github.com/gin-gonic/gin.(*Context).HTML(0xc000824000, 0xc8, 0xc10d4a, 0x5, 0x0, 0x0)
	/home/dev/go/src/github.com/gin-gonic/gin/context.go:734 +0x93
_/mnt/CC9EDBF69EDBD6D4/Development_World/Backup_22-4-18/Projects/Interni/Programming_Contest_Management_Platform/app/views.Render(0xc000824000, 0xc10d4a, 0x5, 0xc000764d20)
	/mnt/CC9EDBF69EDBD6D4/Development World/Backup 22-4-18/Projects/Interni/Programming Contest Management Platform/app/views/views.go:49 +0x2f3
_/mnt/CC9EDBF69EDBD6D4/Development_World/Backup_22-4-18/Projects/Interni/Programming_Contest_Management_Platform/app/controllers.Index(0xc000824000)
	/mnt/CC9EDBF69EDBD6D4/Development World/Backup 22-4-18/Projects/Interni/Programming Contest Management Platform/app/controllers/common.controllers.go:14 +0x231
github.com/gin-gonic/gin.(*Context).Next(0xc000824000)
	/home/dev/go/src/github.com/gin-gonic/gin/context.go:108 +0x43
github.com/gin-contrib/sessions.Sessions.func1(0xc000824000)
	/home/dev/go/src/github.com/gin-contrib/sessions/sessions.go:65 +0x19f
github.com/gin-gonic/gin.(*Context).Next(0xc000824000)
	/home/dev/go/src/github.com/gin-gonic/gin/context.go:108 +0x43
github.com/gin-gonic/gin.LoggerWithWriter.func1(0xc000824000)
	/home/dev/go/src/github.com/gin-gonic/gin/logger.go:84 +0xd2
github.com/gin-gonic/gin.(*Context).Next(0xc000824000)
	/home/dev/go/src/github.com/gin-gonic/gin/context.go:108 +0x43
github.com/gin-gonic/gin.(*Engine).handleHTTPRequest(0xc0002f2000, 0xc000824000)
	/home/dev/go/src/github.com/gin-gonic/gin/gin.go:363 +0x5ab
github.com/gin-gonic/gin.(*Engine).ServeHTTP(0xc0002f2000, 0xce6cc0, 0xc0006b2000, 0xc0006b4200)
	/home/dev/go/src/github.com/gin-gonic/gin/gin.go:328 +0x132
net/http.serverHandler.ServeHTTP(0xc0000d7520, 0xce6cc0, 0xc0006b2000, 0xc0006b4200)
	/usr/local/go/src/net/http/server.go:2741 +0xab
net/http.(*conn).serve(0xc000268000, 0xce7800, 0xc0008464c0)
	/usr/local/go/src/net/http/server.go:1847 +0x646
created by net/http.(*Server).Serve
	/usr/local/go/src/net/http/server.go:2851 +0x2f5
http: panic serving 127.0.0.1:51602: template: index.html:3:5: executing "content" at <ne .data.upcomingCon...>: error calling ne: invalid type for comparison
goroutine 479 [running]:
net/http.(*conn).serve.func1(0xc00022eaa0)
	/usr/local/go/src/net/http/server.go:1746 +0xd0
panic(0xb737c0, 0xc0000e6ea0)
	/usr/local/go/src/runtime/panic.go:513 +0x1b9
github.com/gin-gonic/gin.(*Context).Render(0xc00011d1e0, 0xc8, 0xce5d40, 0xc0003078c0)
	/home/dev/go/src/github.com/gin-gonic/gin/context.go:725 +0x160
github.com/gin-gonic/gin.(*Context).HTML(0xc00011d1e0, 0xc8, 0xc10d4a, 0x5, 0x0, 0x0)
	/home/dev/go/src/github.com/gin-gonic/gin/context.go:734 +0x93
_/mnt/CC9EDBF69EDBD6D4/Development_World/Backup_22-4-18/Projects/Interni/Programming_Contest_Management_Platform/app/views.Render(0xc00011d1e0, 0xc10d4a, 0x5, 0xc00075bbc0)
	/mnt/CC9EDBF69EDBD6D4/Development World/Backup 22-4-18/Projects/Interni/Programming Contest Management Platform/app/views/views.go:49 +0x2f3
_/mnt/CC9EDBF69EDBD6D4/Development_World/Backup_22-4-18/Projects/Interni/Programming_Contest_Management_Platform/app/controllers.Index(0xc00011d1e0)
	/mnt/CC9EDBF69EDBD6D4/Development World/Backup 22-4-18/Projects/Interni/Programming Contest Management Platform/app/controllers/common.controllers.go:14 +0x231
github.com/gin-gonic/gin.(*Context).Next(0xc00011d1e0)
	/home/dev/go/src/github.com/gin-gonic/gin/context.go:108 +0x43
github.com/gin-contrib/sessions.Sessions.func1(0xc00011d1e0)
	/home/dev/go/src/github.com/gin-contrib/sessions/sessions.go:65 +0x19f
github.com/gin-gonic/gin.(*Context).Next(0xc00011d1e0)
	/home/dev/go/src/github.com/gin-gonic/gin/context.go:108 +0x43
github.com/gin-gonic/gin.LoggerWithWriter.func1(0xc00011d1e0)
	/home/dev/go/src/github.com/gin-gonic/gin/logger.go:84 +0xd2
github.com/gin-gonic/gin.(*Context).Next(0xc00011d1e0)
	/home/dev/go/src/github.com/gin-gonic/gin/context.go:108 +0x43
github.com/gin-gonic/gin.(*Engine).handleHTTPRequest(0xc0002f2000, 0xc00011d1e0)
	/home/dev/go/src/github.com/gin-gonic/gin/gin.go:363 +0x5ab
github.com/gin-gonic/gin.(*Engine).ServeHTTP(0xc0002f2000, 0xce6cc0, 0xc0002fe1c0, 0xc000168a00)
	/home/dev/go/src/github.com/gin-gonic/gin/gin.go:328 +0x132
net/http.serverHandler.ServeHTTP(0xc0000d7520, 0xce6cc0, 0xc0002fe1c0, 0xc000168a00)
	/usr/local/go/src/net/http/server.go:2741 +0xab
net/http.(*conn).serve(0xc00022eaa0, 0xce7800, 0xc0000a7700)
	/usr/local/go/src/net/http/server.go:1847 +0x646
created by net/http.(*Server).Serve
	/usr/local/go/src/net/http/server.go:2851 +0x2f5
http: panic serving 127.0.0.1:51604: template: index.html:3:5: executing "content" at <ne .data.upcomingCon...>: error calling ne: invalid type for comparison
goroutine 611 [running]:
net/http.(*conn).serve.func1(0xc00022efa0)
	/usr/local/go/src/net/http/server.go:1746 +0xd0
panic(0xb737c0, 0xc00000c340)
	/usr/local/go/src/runtime/panic.go:513 +0x1b9
github.com/gin-gonic/gin.(*Context).Render(0xc0008246e0, 0xc8, 0xce5d40, 0xc0001fcd50)
	/home/dev/go/src/github.com/gin-gonic/gin/context.go:725 +0x160
github.com/gin-gonic/gin.(*Context).HTML(0xc0008246e0, 0xc8, 0xc10d4a, 0x5, 0x0, 0x0)
	/home/dev/go/src/github.com/gin-gonic/gin/context.go:734 +0x93
_/mnt/CC9EDBF69EDBD6D4/Development_World/Backup_22-4-18/Projects/Interni/Programming_Contest_Management_Platform/app/views.Render(0xc0008246e0, 0xc10d4a, 0x5, 0xc000765e30)
	/mnt/CC9EDBF69EDBD6D4/Development World/Backup 22-4-18/Projects/Interni/Programming Contest Management Platform/app/views/views.go:49 +0x2f3
_/mnt/CC9EDBF69EDBD6D4/Development_World/Backup_22-4-18/Projects/Interni/Programming_Contest_Management_Platform/app/controllers.Index(0xc0008246e0)
	/mnt/CC9EDBF69EDBD6D4/Development World/Backup 22-4-18/Projects/Interni/Programming Contest Management Platform/app/controllers/common.controllers.go:14 +0x231
github.com/gin-gonic/gin.(*Context).Next(0xc0008246e0)
	/home/dev/go/src/github.com/gin-gonic/gin/context.go:108 +0x43
github.com/gin-contrib/sessions.Sessions.func1(0xc0008246e0)
	/home/dev/go/src/github.com/gin-contrib/sessions/sessions.go:65 +0x19f
github.com/gin-gonic/gin.(*Context).Next(0xc0008246e0)
	/home/dev/go/src/github.com/gin-gonic/gin/context.go:108 +0x43
github.com/gin-gonic/gin.LoggerWithWriter.func1(0xc0008246e0)
	/home/dev/go/src/github.com/gin-gonic/gin/logger.go:84 +0xd2
github.com/gin-gonic/gin.(*Context).Next(0xc0008246e0)
	/home/dev/go/src/github.com/gin-gonic/gin/context.go:108 +0x43
github.com/gin-gonic/gin.(*Engine).handleHTTPRequest(0xc0002f2000, 0xc0008246e0)
	/home/dev/go/src/github.com/gin-gonic/gin/gin.go:363 +0x5ab
github.com/gin-gonic/gin.(*Engine).ServeHTTP(0xc0002f2000, 0xce6cc0, 0xc0006b20e0, 0xc000168f00)
	/home/dev/go/src/github.com/gin-gonic/gin/gin.go:328 +0x132
net/http.serverHandler.ServeHTTP(0xc0000d7520, 0xce6cc0, 0xc0006b20e0, 0xc000168f00)
	/usr/local/go/src/net/http/server.go:2741 +0xab
net/http.(*conn).serve(0xc00022efa0, 0xce7800, 0xc000780380)
	/usr/local/go/src/net/http/server.go:1847 +0x646
created by net/http.(*Server).Serve
	/usr/local/go/src/net/http/server.go:2851 +0x2f5
http: panic serving 127.0.0.1:51606: template: index.html:3:5: executing "content" at <ne .data.upcomingCon...>: error calling ne: invalid type for comparison
goroutine 601 [running]:
net/http.(*conn).serve.func1(0xc000268640)
	/usr/local/go/src/net/http/server.go:1746 +0xd0
panic(0xb737c0, 0xc00000d120)
	/usr/local/go/src/runtime/panic.go:513 +0x1b9
github.com/gin-gonic/gin.(*Context).Render(0xc000824dc0, 0xc8, 0xce5d40, 0xc0001e79b0)
	/home/dev/go/src/github.com/gin-gonic/gin/context.go:725 +0x160
github.com/gin-gonic/gin.(*Context).HTML(0xc000824dc0, 0xc8, 0xc10d4a, 0x5, 0x0, 0x0)
	/home/dev/go/src/github.com/gin-gonic/gin/context.go:734 +0x93
_/mnt/CC9EDBF69EDBD6D4/Development_World/Backup_22-4-18/Projects/Interni/Programming_Contest_Management_Platform/app/views.Render(0xc000824dc0, 0xc10d4a, 0x5, 0xc0001fda10)
	/mnt/CC9EDBF69EDBD6D4/Development World/Backup 22-4-18/Projects/Interni/Programming Contest Management Platform/app/views/views.go:49 +0x2f3
_/mnt/CC9EDBF69EDBD6D4/Development_World/Backup_22-4-18/Projects/Interni/Programming_Contest_Management_Platform/app/controllers.Index(0xc000824dc0)
	/mnt/CC9EDBF69EDBD6D4/Development World/Backup 22-4-18/Projects/Interni/Programming Contest Management Platform/app/controllers/common.controllers.go:14 +0x231
github.com/gin-gonic/gin.(*Context).Next(0xc000824dc0)
	/home/dev/go/src/github.com/gin-gonic/gin/context.go:108 +0x43
github.com/gin-contrib/sessions.Sessions.func1(0xc000824dc0)
	/home/dev/go/src/github.com/gin-contrib/sessions/sessions.go:65 +0x19f
github.com/gin-gonic/gin.(*Context).Next(0xc000824dc0)
	/home/dev/go/src/github.com/gin-gonic/gin/context.go:108 +0x43
github.com/gin-gonic/gin.LoggerWithWriter.func1(0xc000824dc0)
	/home/dev/go/src/github.com/gin-gonic/gin/logger.go:84 +0xd2
github.com/gin-gonic/gin.(*Context).Next(0xc000824dc0)
	/home/dev/go/src/github.com/gin-gonic/gin/context.go:108 +0x43
github.com/gin-gonic/gin.(*Engine).handleHTTPRequest(0xc0002f2000, 0xc000824dc0)
	/home/dev/go/src/github.com/gin-gonic/gin/gin.go:363 +0x5ab
github.com/gin-gonic/gin.(*Engine).ServeHTTP(0xc0002f2000, 0xce6cc0, 0xc0006b21c0, 0xc0006b4800)
	/home/dev/go/src/github.com/gin-gonic/gin/gin.go:328 +0x132
net/http.serverHandler.ServeHTTP(0xc0000d7520, 0xce6cc0, 0xc0006b21c0, 0xc0006b4800)
	/usr/local/go/src/net/http/server.go:2741 +0xab
net/http.(*conn).serve(0xc000268640, 0xce7800, 0xc000847900)
	/usr/local/go/src/net/http/server.go:1847 +0x646
created by net/http.(*Server).Serve
	/usr/local/go/src/net/http/server.go:2851 +0x2f5
http: panic serving 127.0.0.1:51608: template: index.html:3:5: executing "content" at <ne .data.upcomingCon...>: error calling ne: invalid type for comparison
goroutine 605 [running]:
net/http.(*conn).serve.func1(0xc000268b40)
	/usr/local/go/src/net/http/server.go:1746 +0xd0
panic(0xb737c0, 0xc0002fa280)
	/usr/local/go/src/runtime/panic.go:513 +0x1b9
github.com/gin-gonic/gin.(*Context).Render(0xc0008254a0, 0xc8, 0xce5d40, 0xc0006e7f20)
	/home/dev/go/src/github.com/gin-gonic/gin/context.go:725 +0x160
github.com/gin-gonic/gin.(*Context).HTML(0xc0008254a0, 0xc8, 0xc10d4a, 0x5, 0x0, 0x0)
	/home/dev/go/src/github.com/gin-gonic/gin/context.go:734 +0x93
_/mnt/CC9EDBF69EDBD6D4/Development_World/Backup_22-4-18/Projects/Interni/Programming_Contest_Management_Platform/app/views.Render(0xc0008254a0, 0xc10d4a, 0x5, 0xc0000d5a70)
	/mnt/CC9EDBF69EDBD6D4/Development World/Backup 22-4-18/Projects/Interni/Programming Contest Management Platform/app/views/views.go:49 +0x2f3
_/mnt/CC9EDBF69EDBD6D4/Development_World/Backup_22-4-18/Projects/Interni/Programming_Contest_Management_Platform/app/controllers.Index(0xc0008254a0)
	/mnt/CC9EDBF69EDBD6D4/Development World/Backup 22-4-18/Projects/Interni/Programming Contest Management Platform/app/controllers/common.controllers.go:14 +0x231
github.com/gin-gonic/gin.(*Context).Next(0xc0008254a0)
	/home/dev/go/src/github.com/gin-gonic/gin/context.go:108 +0x43
github.com/gin-contrib/sessions.Sessions.func1(0xc0008254a0)
	/home/dev/go/src/github.com/gin-contrib/sessions/sessions.go:65 +0x19f
github.com/gin-gonic/gin.(*Context).Next(0xc0008254a0)
	/home/dev/go/src/github.com/gin-gonic/gin/context.go:108 +0x43
github.com/gin-gonic/gin.LoggerWithWriter.func1(0xc0008254a0)
	/home/dev/go/src/github.com/gin-gonic/gin/logger.go:84 +0xd2
github.com/gin-gonic/gin.(*Context).Next(0xc0008254a0)
	/home/dev/go/src/github.com/gin-gonic/gin/context.go:108 +0x43
github.com/gin-gonic/gin.(*Engine).handleHTTPRequest(0xc0002f2000, 0xc0008254a0)
	/home/dev/go/src/github.com/gin-gonic/gin/gin.go:363 +0x5ab
github.com/gin-gonic/gin.(*Engine).ServeHTTP(0xc0002f2000, 0xce6cc0, 0xc0006b22a0, 0xc0006b4e00)
	/home/dev/go/src/github.com/gin-gonic/gin/gin.go:328 +0x132
net/http.serverHandler.ServeHTTP(0xc0000d7520, 0xce6cc0, 0xc0006b22a0, 0xc0006b4e00)
	/usr/local/go/src/net/http/server.go:2741 +0xab
net/http.(*conn).serve(0xc000268b40, 0xce7800, 0xc0002f8600)
	/usr/local/go/src/net/http/server.go:1847 +0x646
created by net/http.(*Server).Serve
	/usr/local/go/src/net/http/server.go:2851 +0x2f5
http: panic serving 127.0.0.1:51610: template: index.html:3:5: executing "content" at <ne .data.upcomingCon...>: error calling ne: invalid type for comparison
goroutine 612 [running]:
net/http.(*conn).serve.func1(0xc00022f0e0)
	/usr/local/go/src/net/http/server.go:1746 +0xd0
panic(0xb737c0, 0xc000914220)
	/usr/local/go/src/runtime/panic.go:513 +0x1b9
github.com/gin-gonic/gin.(*Context).Render(0xc00011d8c0, 0xc8, 0xce5d40, 0xc0005e92c0)
	/home/dev/go/src/github.com/gin-gonic/gin/context.go:725 +0x160
github.com/gin-gonic/gin.(*Context).HTML(0xc00011d8c0, 0xc8, 0xc10d4a, 0x5, 0x0, 0x0)
	/home/dev/go/src/github.com/gin-gonic/gin/context.go:734 +0x93
_/mnt/CC9EDBF69EDBD6D4/Development_World/Backup_22-4-18/Projects/Interni/Programming_Contest_Management_Platform/app/views.Render(0xc00011d8c0, 0xc10d4a, 0x5, 0xc0002b54d0)
	/mnt/CC9EDBF69EDBD6D4/Development World/Backup 22-4-18/Projects/Interni/Programming Contest Management Platform/app/views/views.go:49 +0x2f3
_/mnt/CC9EDBF69EDBD6D4/Development_World/Backup_22-4-18/Projects/Interni/Programming_Contest_Management_Platform/app/controllers.Index(0xc00011d8c0)
	/mnt/CC9EDBF69EDBD6D4/Development World/Backup 22-4-18/Projects/Interni/Programming Contest Management Platform/app/controllers/common.controllers.go:14 +0x231
github.com/gin-gonic/gin.(*Context).Next(0xc00011d8c0)
	/home/dev/go/src/github.com/gin-gonic/gin/context.go:108 +0x43
github.com/gin-contrib/sessions.Sessions.func1(0xc00011d8c0)
	/home/dev/go/src/github.com/gin-contrib/sessions/sessions.go:65 +0x19f
github.com/gin-gonic/gin.(*Context).Next(0xc00011d8c0)
	/home/dev/go/src/github.com/gin-gonic/gin/context.go:108 +0x43
github.com/gin-gonic/gin.LoggerWithWriter.func1(0xc00011d8c0)
	/home/dev/go/src/github.com/gin-gonic/gin/logger.go:84 +0xd2
github.com/gin-gonic/gin.(*Context).Next(0xc00011d8c0)
	/home/dev/go/src/github.com/gin-gonic/gin/context.go:108 +0x43
github.com/gin-gonic/gin.(*Engine).handleHTTPRequest(0xc0002f2000, 0xc00011d8c0)
	/home/dev/go/src/github.com/gin-gonic/gin/gin.go:363 +0x5ab
github.com/gin-gonic/gin.(*Engine).ServeHTTP(0xc0002f2000, 0xce6cc0, 0xc0002fe2a0, 0xc000169000)
	/home/dev/go/src/github.com/gin-gonic/gin/gin.go:328 +0x132
net/http.serverHandler.ServeHTTP(0xc0000d7520, 0xce6cc0, 0xc0002fe2a0, 0xc000169000)
	/usr/local/go/src/net/http/server.go:2741 +0xab
net/http.(*conn).serve(0xc00022f0e0, 0xce7800, 0xc000780400)
	/usr/local/go/src/net/http/server.go:1847 +0x646
created by net/http.(*Server).Serve
	/usr/local/go/src/net/http/server.go:2851 +0x2f5
http: panic serving 127.0.0.1:51612: template: index.html:3:5: executing "content" at <ne .data.upcomingCon...>: error calling ne: invalid type for comparison
goroutine 608 [running]:
net/http.(*conn).serve.func1(0xc000268dc0)
	/usr/local/go/src/net/http/server.go:1746 +0xd0
panic(0xb737c0, 0xc0006f8640)
	/usr/local/go/src/runtime/panic.go:513 +0x1b9
github.com/gin-gonic/gin.(*Context).Render(0xc000825c30, 0xc8, 0xce5d40, 0xc000584780)
	/home/dev/go/src/github.com/gin-gonic/gin/context.go:725 +0x160
github.com/gin-gonic/gin.(*Context).HTML(0xc000825c30, 0xc8, 0xc10d4a, 0x5, 0x0, 0x0)
	/home/dev/go/src/github.com/gin-gonic/gin/context.go:734 +0x93
_/mnt/CC9EDBF69EDBD6D4/Development_World/Backup_22-4-18/Projects/Interni/Programming_Contest_Management_Platform/app/views.Render(0xc000825c30, 0xc10d4a, 0x5, 0xc0005ccf30)
	/mnt/CC9EDBF69EDBD6D4/Development World/Backup 22-4-18/Projects/Interni/Programming Contest Management Platform/app/views/views.go:49 +0x2f3
_/mnt/CC9EDBF69EDBD6D4/Development_World/Backup_22-4-18/Projects/Interni/Programming_Contest_Management_Platform/app/controllers.Index(0xc000825c30)
	/mnt/CC9EDBF69EDBD6D4/Development World/Backup 22-4-18/Projects/Interni/Programming Contest Management Platform/app/controllers/common.controllers.go:14 +0x231
github.com/gin-gonic/gin.(*Context).Next(0xc000825c30)
	/home/dev/go/src/github.com/gin-gonic/gin/context.go:108 +0x43
github.com/gin-contrib/sessions.Sessions.func1(0xc000825c30)
	/home/dev/go/src/github.com/gin-contrib/sessions/sessions.go:65 +0x19f
github.com/gin-gonic/gin.(*Context).Next(0xc000825c30)
	/home/dev/go/src/github.com/gin-gonic/gin/context.go:108 +0x43
github.com/gin-gonic/gin.LoggerWithWriter.func1(0xc000825c30)
	/home/dev/go/src/github.com/gin-gonic/gin/logger.go:84 +0xd2
github.com/gin-gonic/gin.(*Context).Next(0xc000825c30)
	/home/dev/go/src/github.com/gin-gonic/gin/context.go:108 +0x43
github.com/gin-gonic/gin.(*Engine).handleHTTPRequest(0xc0002f2000, 0xc000825c30)
	/home/dev/go/src/github.com/gin-gonic/gin/gin.go:363 +0x5ab
github.com/gin-gonic/gin.(*Engine).ServeHTTP(0xc0002f2000, 0xce6cc0, 0xc0006b2380, 0xc0006b5000)
	/home/dev/go/src/github.com/gin-gonic/gin/gin.go:328 +0x132
net/http.serverHandler.ServeHTTP(0xc0000d7520, 0xce6cc0, 0xc0006b2380, 0xc0006b5000)
	/usr/local/go/src/net/http/server.go:2741 +0xab
net/http.(*conn).serve(0xc000268dc0, 0xce7800, 0xc0002f8d80)
	/usr/local/go/src/net/http/server.go:1847 +0x646
created by net/http.(*Server).Serve
	/usr/local/go/src/net/http/server.go:2851 +0x2f5
http: panic serving 127.0.0.1:51614: template: index.html:3:5: executing "content" at <ne .data.upcomingCon...>: error calling ne: invalid type for comparison
goroutine 628 [running]:
net/http.(*conn).serve.func1(0xc0002692c0)
	/usr/local/go/src/net/http/server.go:1746 +0xd0
panic(0xb737c0, 0xc000914860)
	/usr/local/go/src/runtime/panic.go:513 +0x1b9
github.com/gin-gonic/gin.(*Context).Render(0xc0003038c0, 0xc8, 0xce5d40, 0xc0006aa360)
	/home/dev/go/src/github.com/gin-gonic/gin/context.go:725 +0x160
github.com/gin-gonic/gin.(*Context).HTML(0xc0003038c0, 0xc8, 0xc10d4a, 0x5, 0x0, 0x0)
	/home/dev/go/src/github.com/gin-gonic/gin/context.go:734 +0x93
_/mnt/CC9EDBF69EDBD6D4/Development_World/Backup_22-4-18/Projects/Interni/Programming_Contest_Management_Platform/app/views.Render(0xc0003038c0, 0xc10d4a, 0x5, 0xc0005f6c90)
	/mnt/CC9EDBF69EDBD6D4/Development World/Backup 22-4-18/Projects/Interni/Programming Contest Management Platform/app/views/views.go:49 +0x2f3
_/mnt/CC9EDBF69EDBD6D4/Development_World/Backup_22-4-18/Projects/Interni/Programming_Contest_Management_Platform/app/controllers.Index(0xc0003038c0)
	/mnt/CC9EDBF69EDBD6D4/Development World/Backup 22-4-18/Projects/Interni/Programming Contest Management Platform/app/controllers/common.controllers.go:14 +0x231
github.com/gin-gonic/gin.(*Context).Next(0xc0003038c0)
	/home/dev/go/src/github.com/gin-gonic/gin/context.go:108 +0x43
github.com/gin-contrib/sessions.Sessions.func1(0xc0003038c0)
	/home/dev/go/src/github.com/gin-contrib/sessions/sessions.go:65 +0x19f
github.com/gin-gonic/gin.(*Context).Next(0xc0003038c0)
	/home/dev/go/src/github.com/gin-gonic/gin/context.go:108 +0x43
github.com/gin-gonic/gin.LoggerWithWriter.func1(0xc0003038c0)
	/home/dev/go/src/github.com/gin-gonic/gin/logger.go:84 +0xd2
github.com/gin-gonic/gin.(*Context).Next(0xc0003038c0)
	/home/dev/go/src/github.com/gin-gonic/gin/context.go:108 +0x43
github.com/gin-gonic/gin.(*Engine).handleHTTPRequest(0xc0002f2000, 0xc0003038c0)
	/home/dev/go/src/github.com/gin-gonic/gin/gin.go:363 +0x5ab
github.com/gin-gonic/gin.(*Engine).ServeHTTP(0xc0002f2000, 0xce6cc0, 0xc0000342a0, 0xc0002f1300)
	/home/dev/go/src/github.com/gin-gonic/gin/gin.go:328 +0x132
net/http.serverHandler.ServeHTTP(0xc0000d7520, 0xce6cc0, 0xc0000342a0, 0xc0002f1300)
	/usr/local/go/src/net/http/server.go:2741 +0xab
net/http.(*conn).serve(0xc0002692c0, 0xce7800, 0xc0001fff80)
	/usr/local/go/src/net/http/server.go:1847 +0x646
created by net/http.(*Server).Serve
	/usr/local/go/src/net/http/server.go:2851 +0x2f5
http: panic serving 127.0.0.1:51616: template: index.html:3:5: executing "content" at <ne .data.upcomingCon...>: error calling ne: invalid type for comparison
goroutine 617 [running]:
net/http.(*conn).serve.func1(0xc00022f860)
	/usr/local/go/src/net/http/server.go:1746 +0xd0
panic(0xb737c0, 0xc0002fb240)
	/usr/local/go/src/runtime/panic.go:513 +0x1b9
github.com/gin-gonic/gin.(*Context).Render(0xc0008be000, 0xc8, 0xce5d40, 0xc0006b6390)
	/home/dev/go/src/github.com/gin-gonic/gin/context.go:725 +0x160
github.com/gin-gonic/gin.(*Context).HTML(0xc0008be000, 0xc8, 0xc10d4a, 0x5, 0x0, 0x0)
	/home/dev/go/src/github.com/gin-gonic/gin/context.go:734 +0x93
_/mnt/CC9EDBF69EDBD6D4/Development_World/Backup_22-4-18/Projects/Interni/Programming_Contest_Management_Platform/app/views.Render(0xc0008be000, 0xc10d4a, 0x5, 0xc0006ab050)
	/mnt/CC9EDBF69EDBD6D4/Development World/Backup 22-4-18/Projects/Interni/Programming Contest Management Platform/app/views/views.go:49 +0x2f3
_/mnt/CC9EDBF69EDBD6D4/Development_World/Backup_22-4-18/Projects/Interni/Programming_Contest_Management_Platform/app/controllers.Index(0xc0008be000)
	/mnt/CC9EDBF69EDBD6D4/Development World/Backup 22-4-18/Projects/Interni/Programming Contest Management Platform/app/controllers/common.controllers.go:14 +0x231
github.com/gin-gonic/gin.(*Context).Next(0xc0008be000)
	/home/dev/go/src/github.com/gin-gonic/gin/context.go:108 +0x43
github.com/gin-contrib/sessions.Sessions.func1(0xc0008be000)
	/home/dev/go/src/github.com/gin-contrib/sessions/sessions.go:65 +0x19f
github.com/gin-gonic/gin.(*Context).Next(0xc0008be000)
	/home/dev/go/src/github.com/gin-gonic/gin/context.go:108 +0x43
github.com/gin-gonic/gin.LoggerWithWriter.func1(0xc0008be000)
	/home/dev/go/src/github.com/gin-gonic/gin/logger.go:84 +0xd2
github.com/gin-gonic/gin.(*Context).Next(0xc0008be000)
	/home/dev/go/src/github.com/gin-gonic/gin/context.go:108 +0x43
github.com/gin-gonic/gin.(*Engine).handleHTTPRequest(0xc0002f2000, 0xc0008be000)
	/home/dev/go/src/github.com/gin-gonic/gin/gin.go:363 +0x5ab
github.com/gin-gonic/gin.(*Engine).ServeHTTP(0xc0002f2000, 0xce6cc0, 0xc0002fe380, 0xc000169700)
	/home/dev/go/src/github.com/gin-gonic/gin/gin.go:328 +0x132
net/http.serverHandler.ServeHTTP(0xc0000d7520, 0xce6cc0, 0xc0002fe380, 0xc000169700)
	/usr/local/go/src/net/http/server.go:2741 +0xab
net/http.(*conn).serve(0xc00022f860, 0xce7800, 0xc000781700)
	/usr/local/go/src/net/http/server.go:1847 +0x646
created by net/http.(*Server).Serve
	/usr/local/go/src/net/http/server.go:2851 +0x2f5
http: panic serving 127.0.0.1:51618: template: index.html:3:5: executing "content" at <ne .data.upcomingCon...>: error calling ne: invalid type for comparison
goroutine 586 [running]:
net/http.(*conn).serve.func1(0xc0000cf680)
	/usr/local/go/src/net/http/server.go:1746 +0xd0
panic(0xb737c0, 0xc0002fb880)
	/usr/local/go/src/runtime/panic.go:513 +0x1b9
github.com/gin-gonic/gin.(*Context).Render(0xc00082a370, 0xc8, 0xce5d40, 0xc0006b7470)
	/home/dev/go/src/github.com/gin-gonic/gin/context.go:725 +0x160
github.com/gin-gonic/gin.(*Context).HTML(0xc00082a370, 0xc8, 0xc10d4a, 0x5, 0x0, 0x0)
	/home/dev/go/src/github.com/gin-gonic/gin/context.go:734 +0x93
_/mnt/CC9EDBF69EDBD6D4/Development_World/Backup_22-4-18/Projects/Interni/Programming_Contest_Management_Platform/app/views.Render(0xc00082a370, 0xc10d4a, 0x5, 0xc000585440)
	/mnt/CC9EDBF69EDBD6D4/Development World/Backup 22-4-18/Projects/Interni/Programming Contest Management Platform/app/views/views.go:49 +0x2f3
_/mnt/CC9EDBF69EDBD6D4/Development_World/Backup_22-4-18/Projects/Interni/Programming_Contest_Management_Platform/app/controllers.Index(0xc00082a370)
	/mnt/CC9EDBF69EDBD6D4/Development World/Backup 22-4-18/Projects/Interni/Programming Contest Management Platform/app/controllers/common.controllers.go:14 +0x231
github.com/gin-gonic/gin.(*Context).Next(0xc00082a370)
	/home/dev/go/src/github.com/gin-gonic/gin/context.go:108 +0x43
github.com/gin-contrib/sessions.Sessions.func1(0xc00082a370)
	/home/dev/go/src/github.com/gin-contrib/sessions/sessions.go:65 +0x19f
github.com/gin-gonic/gin.(*Context).Next(0xc00082a370)
	/home/dev/go/src/github.com/gin-gonic/gin/context.go:108 +0x43
github.com/gin-gonic/gin.LoggerWithWriter.func1(0xc00082a370)
	/home/dev/go/src/github.com/gin-gonic/gin/logger.go:84 +0xd2
github.com/gin-gonic/gin.(*Context).Next(0xc00082a370)
	/home/dev/go/src/github.com/gin-gonic/gin/context.go:108 +0x43
github.com/gin-gonic/gin.(*Engine).handleHTTPRequest(0xc0002f2000, 0xc00082a370)
	/home/dev/go/src/github.com/gin-gonic/gin/gin.go:363 +0x5ab
github.com/gin-gonic/gin.(*Engine).ServeHTTP(0xc0002f2000, 0xce6cc0, 0xc0006b2460, 0xc0006b5500)
	/home/dev/go/src/github.com/gin-gonic/gin/gin.go:328 +0x132
net/http.serverHandler.ServeHTTP(0xc0000d7520, 0xce6cc0, 0xc0006b2460, 0xc0006b5500)
	/usr/local/go/src/net/http/server.go:2741 +0xab
net/http.(*conn).serve(0xc0000cf680, 0xce7800, 0xc0002f9980)
	/usr/local/go/src/net/http/server.go:1847 +0x646
created by net/http.(*Server).Serve
	/usr/local/go/src/net/http/server.go:2851 +0x2f5
http: panic serving 127.0.0.1:51620: template: index.html:3:5: executing "content" at <ne .data.upcomingCon...>: error calling ne: invalid type for comparison
goroutine 631 [running]:
net/http.(*conn).serve.func1(0xc000269540)
	/usr/local/go/src/net/http/server.go:1746 +0xd0
panic(0xb737c0, 0xc000915520)
	/usr/local/go/src/runtime/panic.go:513 +0x1b9
github.com/gin-gonic/gin.(*Context).Render(0xc0008f4000, 0xc8, 0xce5d40, 0xc00077c060)
	/home/dev/go/src/github.com/gin-gonic/gin/context.go:725 +0x160
github.com/gin-gonic/gin.(*Context).HTML(0xc0008f4000, 0xc8, 0xc10d4a, 0x5, 0x0, 0x0)
	/home/dev/go/src/github.com/gin-gonic/gin/context.go:734 +0x93
_/mnt/CC9EDBF69EDBD6D4/Development_World/Backup_22-4-18/Projects/Interni/Programming_Contest_Management_Platform/app/views.Render(0xc0008f4000, 0xc10d4a, 0x5, 0xc0006a8120)
	/mnt/CC9EDBF69EDBD6D4/Development World/Backup 22-4-18/Projects/Interni/Programming Contest Management Platform/app/views/views.go:49 +0x2f3
_/mnt/CC9EDBF69EDBD6D4/Development_World/Backup_22-4-18/Projects/Interni/Programming_Contest_Management_Platform/app/controllers.Index(0xc0008f4000)
	/mnt/CC9EDBF69EDBD6D4/Development World/Backup 22-4-18/Projects/Interni/Programming Contest Management Platform/app/controllers/common.controllers.go:14 +0x231
github.com/gin-gonic/gin.(*Context).Next(0xc0008f4000)
	/home/dev/go/src/github.com/gin-gonic/gin/context.go:108 +0x43
github.com/gin-contrib/sessions.Sessions.func1(0xc0008f4000)
	/home/dev/go/src/github.com/gin-contrib/sessions/sessions.go:65 +0x19f
github.com/gin-gonic/gin.(*Context).Next(0xc0008f4000)
	/home/dev/go/src/github.com/gin-gonic/gin/context.go:108 +0x43
github.com/gin-gonic/gin.LoggerWithWriter.func1(0xc0008f4000)
	/home/dev/go/src/github.com/gin-gonic/gin/logger.go:84 +0xd2
github.com/gin-gonic/gin.(*Context).Next(0xc0008f4000)
	/home/dev/go/src/github.com/gin-gonic/gin/context.go:108 +0x43
github.com/gin-gonic/gin.(*Engine).handleHTTPRequest(0xc0002f2000, 0xc0008f4000)
	/home/dev/go/src/github.com/gin-gonic/gin/gin.go:363 +0x5ab
github.com/gin-gonic/gin.(*Engine).ServeHTTP(0xc0002f2000, 0xce6cc0, 0xc000034380, 0xc0002f1b00)
	/home/dev/go/src/github.com/gin-gonic/gin/gin.go:328 +0x132
net/http.serverHandler.ServeHTTP(0xc0000d7520, 0xce6cc0, 0xc000034380, 0xc0002f1b00)
	/usr/local/go/src/net/http/server.go:2741 +0xab
net/http.(*conn).serve(0xc000269540, 0xce7800, 0xc0001ef740)
	/usr/local/go/src/net/http/server.go:1847 +0x646
created by net/http.(*Server).Serve
	/usr/local/go/src/net/http/server.go:2851 +0x2f5
http: panic serving 127.0.0.1:51628: template: index.html:3:5: executing "content" at <gt .data.upcomingCon...>: error calling gt: invalid type for comparison
goroutine 86 [running]:
net/http.(*conn).serve.func1(0xc0000ca280)
	/usr/local/go/src/net/http/server.go:1746 +0xd0
panic(0xb737c0, 0xc00000d160)
	/usr/local/go/src/runtime/panic.go:513 +0x1b9
github.com/gin-gonic/gin.(*Context).Render(0xc0001042c0, 0xc8, 0xce5d40, 0xc0005d2150)
	/home/dev/go/src/github.com/gin-gonic/gin/context.go:725 +0x160
github.com/gin-gonic/gin.(*Context).HTML(0xc0001042c0, 0xc8, 0xc10d4a, 0x5, 0x0, 0x0)
	/home/dev/go/src/github.com/gin-gonic/gin/context.go:734 +0x93
_/mnt/CC9EDBF69EDBD6D4/Development_World/Backup_22-4-18/Projects/Interni/Programming_Contest_Management_Platform/app/views.Render(0xc0001042c0, 0xc10d4a, 0x5, 0xc0005b0b10)
	/mnt/CC9EDBF69EDBD6D4/Development World/Backup 22-4-18/Projects/Interni/Programming Contest Management Platform/app/views/views.go:49 +0x2f3
_/mnt/CC9EDBF69EDBD6D4/Development_World/Backup_22-4-18/Projects/Interni/Programming_Contest_Management_Platform/app/controllers.Index(0xc0001042c0)
	/mnt/CC9EDBF69EDBD6D4/Development World/Backup 22-4-18/Projects/Interni/Programming Contest Management Platform/app/controllers/common.controllers.go:14 +0x231
github.com/gin-gonic/gin.(*Context).Next(0xc0001042c0)
	/home/dev/go/src/github.com/gin-gonic/gin/context.go:108 +0x43
github.com/gin-contrib/sessions.Sessions.func1(0xc0001042c0)
	/home/dev/go/src/github.com/gin-contrib/sessions/sessions.go:65 +0x19f
github.com/gin-gonic/gin.(*Context).Next(0xc0001042c0)
	/home/dev/go/src/github.com/gin-gonic/gin/context.go:108 +0x43
github.com/gin-gonic/gin.LoggerWithWriter.func1(0xc0001042c0)
	/home/dev/go/src/github.com/gin-gonic/gin/logger.go:84 +0xd2
github.com/gin-gonic/gin.(*Context).Next(0xc0001042c0)
	/home/dev/go/src/github.com/gin-gonic/gin/context.go:108 +0x43
github.com/gin-gonic/gin.(*Engine).handleHTTPRequest(0xc0004b67e0, 0xc0001042c0)
	/home/dev/go/src/github.com/gin-gonic/gin/gin.go:363 +0x5ab
github.com/gin-gonic/gin.(*Engine).ServeHTTP(0xc0004b67e0, 0xce6cc0, 0xc0005be000, 0xc000151b00)
	/home/dev/go/src/github.com/gin-gonic/gin/gin.go:328 +0x132
net/http.serverHandler.ServeHTTP(0xc0005a4a90, 0xce6cc0, 0xc0005be000, 0xc000151b00)
	/usr/local/go/src/net/http/server.go:2741 +0xab
net/http.(*conn).serve(0xc0000ca280, 0xce7800, 0xc0005ac980)
	/usr/local/go/src/net/http/server.go:1847 +0x646
created by net/http.(*Server).Serve
	/usr/local/go/src/net/http/server.go:2851 +0x2f5
http: panic serving 127.0.0.1:51630: template: index.html:3:5: executing "content" at <gt .data.upcomingCon...>: error calling gt: invalid type for comparison
goroutine 90 [running]:
net/http.(*conn).serve.func1(0xc0000cae60)
	/usr/local/go/src/net/http/server.go:1746 +0xd0
panic(0xb737c0, 0xc0002c8f60)
	/usr/local/go/src/runtime/panic.go:513 +0x1b9
github.com/gin-gonic/gin.(*Context).Render(0xc000620000, 0xc8, 0xce5d40, 0xc00063f050)
	/home/dev/go/src/github.com/gin-gonic/gin/context.go:725 +0x160
github.com/gin-gonic/gin.(*Context).HTML(0xc000620000, 0xc8, 0xc10d4a, 0x5, 0x0, 0x0)
	/home/dev/go/src/github.com/gin-gonic/gin/context.go:734 +0x93
_/mnt/CC9EDBF69EDBD6D4/Development_World/Backup_22-4-18/Projects/Interni/Programming_Contest_Management_Platform/app/views.Render(0xc000620000, 0xc10d4a, 0x5, 0xc000297350)
	/mnt/CC9EDBF69EDBD6D4/Development World/Backup 22-4-18/Projects/Interni/Programming Contest Management Platform/app/views/views.go:49 +0x2f3
_/mnt/CC9EDBF69EDBD6D4/Development_World/Backup_22-4-18/Projects/Interni/Programming_Contest_Management_Platform/app/controllers.Index(0xc000620000)
	/mnt/CC9EDBF69EDBD6D4/Development World/Backup 22-4-18/Projects/Interni/Programming Contest Management Platform/app/controllers/common.controllers.go:14 +0x231
github.com/gin-gonic/gin.(*Context).Next(0xc000620000)
	/home/dev/go/src/github.com/gin-gonic/gin/context.go:108 +0x43
github.com/gin-contrib/sessions.Sessions.func1(0xc000620000)
	/home/dev/go/src/github.com/gin-contrib/sessions/sessions.go:65 +0x19f
github.com/gin-gonic/gin.(*Context).Next(0xc000620000)
	/home/dev/go/src/github.com/gin-gonic/gin/context.go:108 +0x43
github.com/gin-gonic/gin.LoggerWithWriter.func1(0xc000620000)
	/home/dev/go/src/github.com/gin-gonic/gin/logger.go:84 +0xd2
github.com/gin-gonic/gin.(*Context).Next(0xc000620000)
	/home/dev/go/src/github.com/gin-gonic/gin/context.go:108 +0x43
github.com/gin-gonic/gin.(*Engine).handleHTTPRequest(0xc0004b67e0, 0xc000620000)
	/home/dev/go/src/github.com/gin-gonic/gin/gin.go:363 +0x5ab
github.com/gin-gonic/gin.(*Engine).ServeHTTP(0xc0004b67e0, 0xce6cc0, 0xc00061c000, 0xc00060e000)
	/home/dev/go/src/github.com/gin-gonic/gin/gin.go:328 +0x132
net/http.serverHandler.ServeHTTP(0xc0005a4a90, 0xce6cc0, 0xc00061c000, 0xc00060e000)
	/usr/local/go/src/net/http/server.go:2741 +0xab
net/http.(*conn).serve(0xc0000cae60, 0xce7800, 0xc0001d8180)
	/usr/local/go/src/net/http/server.go:1847 +0x646
created by net/http.(*Server).Serve
	/usr/local/go/src/net/http/server.go:2851 +0x2f5
http: panic serving 127.0.0.1:51632: template: index.html:3:5: executing "content" at <gt .data.upcomingCon...>: error calling gt: invalid type for comparison
goroutine 74 [running]:
net/http.(*conn).serve.func1(0xc00024c000)
	/usr/local/go/src/net/http/server.go:1746 +0xd0
panic(0xb737c0, 0xc0002df3e0)
	/usr/local/go/src/runtime/panic.go:513 +0x1b9
github.com/gin-gonic/gin.(*Context).Render(0xc0006206e0, 0xc8, 0xce5d40, 0xc00066c000)
	/home/dev/go/src/github.com/gin-gonic/gin/context.go:725 +0x160
github.com/gin-gonic/gin.(*Context).HTML(0xc0006206e0, 0xc8, 0xc10d4a, 0x5, 0x0, 0x0)
	/home/dev/go/src/github.com/gin-gonic/gin/context.go:734 +0x93
_/mnt/CC9EDBF69EDBD6D4/Development_World/Backup_22-4-18/Projects/Interni/Programming_Contest_Management_Platform/app/views.Render(0xc0006206e0, 0xc10d4a, 0x5, 0xc00063fcb0)
	/mnt/CC9EDBF69EDBD6D4/Development World/Backup 22-4-18/Projects/Interni/Programming Contest Management Platform/app/views/views.go:49 +0x2f3
_/mnt/CC9EDBF69EDBD6D4/Development_World/Backup_22-4-18/Projects/Interni/Programming_Contest_Management_Platform/app/controllers.Index(0xc0006206e0)
	/mnt/CC9EDBF69EDBD6D4/Development World/Backup 22-4-18/Projects/Interni/Programming Contest Management Platform/app/controllers/common.controllers.go:14 +0x231
github.com/gin-gonic/gin.(*Context).Next(0xc0006206e0)
	/home/dev/go/src/github.com/gin-gonic/gin/context.go:108 +0x43
github.com/gin-contrib/sessions.Sessions.func1(0xc0006206e0)
	/home/dev/go/src/github.com/gin-contrib/sessions/sessions.go:65 +0x19f
github.com/gin-gonic/gin.(*Context).Next(0xc0006206e0)
	/home/dev/go/src/github.com/gin-gonic/gin/context.go:108 +0x43
github.com/gin-gonic/gin.LoggerWithWriter.func1(0xc0006206e0)
	/home/dev/go/src/github.com/gin-gonic/gin/logger.go:84 +0xd2
github.com/gin-gonic/gin.(*Context).Next(0xc0006206e0)
	/home/dev/go/src/github.com/gin-gonic/gin/context.go:108 +0x43
github.com/gin-gonic/gin.(*Engine).handleHTTPRequest(0xc0004b67e0, 0xc0006206e0)
	/home/dev/go/src/github.com/gin-gonic/gin/gin.go:363 +0x5ab
github.com/gin-gonic/gin.(*Engine).ServeHTTP(0xc0004b67e0, 0xce6cc0, 0xc00061c0e0, 0xc00060e500)
	/home/dev/go/src/github.com/gin-gonic/gin/gin.go:328 +0x132
net/http.serverHandler.ServeHTTP(0xc0005a4a90, 0xce6cc0, 0xc00061c0e0, 0xc00060e500)
	/usr/local/go/src/net/http/server.go:2741 +0xab
net/http.(*conn).serve(0xc00024c000, 0xce7800, 0xc0001d8ec0)
	/usr/local/go/src/net/http/server.go:1847 +0x646
created by net/http.(*Server).Serve
	/usr/local/go/src/net/http/server.go:2851 +0x2f5
http: panic serving 127.0.0.1:51634: template: index.html:3:5: executing "content" at <gt .data.upcomingCon...>: error calling gt: invalid type for comparison
goroutine 75 [running]:
net/http.(*conn).serve.func1(0xc0000ca280)
	/usr/local/go/src/net/http/server.go:1746 +0xd0
panic(0xb737c0, 0xc0002813a0)
	/usr/local/go/src/runtime/panic.go:513 +0x1b9
github.com/gin-gonic/gin.(*Context).Render(0xc0001042c0, 0xc8, 0xce5d40, 0xc0002d3b90)
	/home/dev/go/src/github.com/gin-gonic/gin/context.go:725 +0x160
github.com/gin-gonic/gin.(*Context).HTML(0xc0001042c0, 0xc8, 0xc10d4a, 0x5, 0x0, 0x0)
	/home/dev/go/src/github.com/gin-gonic/gin/context.go:734 +0x93
_/mnt/CC9EDBF69EDBD6D4/Development_World/Backup_22-4-18/Projects/Interni/Programming_Contest_Management_Platform/app/views.Render(0xc0001042c0, 0xc10d4a, 0x5, 0xc0000cd9e0)
	/mnt/CC9EDBF69EDBD6D4/Development World/Backup 22-4-18/Projects/Interni/Programming Contest Management Platform/app/views/views.go:49 +0x2f3
_/mnt/CC9EDBF69EDBD6D4/Development_World/Backup_22-4-18/Projects/Interni/Programming_Contest_Management_Platform/app/controllers.Index(0xc0001042c0)
	/mnt/CC9EDBF69EDBD6D4/Development World/Backup 22-4-18/Projects/Interni/Programming Contest Management Platform/app/controllers/common.controllers.go:14 +0x231
github.com/gin-gonic/gin.(*Context).Next(0xc0001042c0)
	/home/dev/go/src/github.com/gin-gonic/gin/context.go:108 +0x43
github.com/gin-contrib/sessions.Sessions.func1(0xc0001042c0)
	/home/dev/go/src/github.com/gin-contrib/sessions/sessions.go:65 +0x19f
github.com/gin-gonic/gin.(*Context).Next(0xc0001042c0)
	/home/dev/go/src/github.com/gin-gonic/gin/context.go:108 +0x43
github.com/gin-gonic/gin.LoggerWithWriter.func1(0xc0001042c0)
	/home/dev/go/src/github.com/gin-gonic/gin/logger.go:84 +0xd2
github.com/gin-gonic/gin.(*Context).Next(0xc0001042c0)
	/home/dev/go/src/github.com/gin-gonic/gin/context.go:108 +0x43
github.com/gin-gonic/gin.(*Engine).handleHTTPRequest(0xc0004b67e0, 0xc0001042c0)
	/home/dev/go/src/github.com/gin-gonic/gin/gin.go:363 +0x5ab
github.com/gin-gonic/gin.(*Engine).ServeHTTP(0xc0004b67e0, 0xce6cc0, 0xc00061c000, 0xc0001f8800)
	/home/dev/go/src/github.com/gin-gonic/gin/gin.go:328 +0x132
net/http.serverHandler.ServeHTTP(0xc0005a4a90, 0xce6cc0, 0xc00061c000, 0xc0001f8800)
	/usr/local/go/src/net/http/server.go:2741 +0xab
net/http.(*conn).serve(0xc0000ca280, 0xce7800, 0xc0001c6580)
	/usr/local/go/src/net/http/server.go:1847 +0x646
created by net/http.(*Server).Serve
	/usr/local/go/src/net/http/server.go:2851 +0x2f5
http: panic serving 127.0.0.1:51636: template: index.html:3:5: executing "content" at <gt .data.upcomingCon...>: error calling gt: invalid type for comparison
goroutine 98 [running]:
net/http.(*conn).serve.func1(0xc000216000)
	/usr/local/go/src/net/http/server.go:1746 +0xd0
panic(0xb737c0, 0xc0001eb120)
	/usr/local/go/src/runtime/panic.go:513 +0x1b9
github.com/gin-gonic/gin.(*Context).Render(0xc000620000, 0xc8, 0xce5d40, 0xc0001dd4d0)
	/home/dev/go/src/github.com/gin-gonic/gin/context.go:725 +0x160
github.com/gin-gonic/gin.(*Context).HTML(0xc000620000, 0xc8, 0xc10d4a, 0x5, 0x0, 0x0)
	/home/dev/go/src/github.com/gin-gonic/gin/context.go:734 +0x93
_/mnt/CC9EDBF69EDBD6D4/Development_World/Backup_22-4-18/Projects/Interni/Programming_Contest_Management_Platform/app/views.Render(0xc000620000, 0xc10d4a, 0x5, 0xc0002593e0)
	/mnt/CC9EDBF69EDBD6D4/Development World/Backup 22-4-18/Projects/Interni/Programming Contest Management Platform/app/views/views.go:49 +0x2f3
_/mnt/CC9EDBF69EDBD6D4/Development_World/Backup_22-4-18/Projects/Interni/Programming_Contest_Management_Platform/app/controllers.Index(0xc000620000)
	/mnt/CC9EDBF69EDBD6D4/Development World/Backup 22-4-18/Projects/Interni/Programming Contest Management Platform/app/controllers/common.controllers.go:14 +0x231
github.com/gin-gonic/gin.(*Context).Next(0xc000620000)
	/home/dev/go/src/github.com/gin-gonic/gin/context.go:108 +0x43
github.com/gin-contrib/sessions.Sessions.func1(0xc000620000)
	/home/dev/go/src/github.com/gin-contrib/sessions/sessions.go:65 +0x19f
github.com/gin-gonic/gin.(*Context).Next(0xc000620000)
	/home/dev/go/src/github.com/gin-gonic/gin/context.go:108 +0x43
github.com/gin-gonic/gin.LoggerWithWriter.func1(0xc000620000)
	/home/dev/go/src/github.com/gin-gonic/gin/logger.go:84 +0xd2
github.com/gin-gonic/gin.(*Context).Next(0xc000620000)
	/home/dev/go/src/github.com/gin-gonic/gin/context.go:108 +0x43
github.com/gin-gonic/gin.(*Engine).handleHTTPRequest(0xc0004b67e0, 0xc000620000)
	/home/dev/go/src/github.com/gin-gonic/gin/gin.go:363 +0x5ab
github.com/gin-gonic/gin.(*Engine).ServeHTTP(0xc0004b67e0, 0xce6cc0, 0xc0000341c0, 0xc000150000)
	/home/dev/go/src/github.com/gin-gonic/gin/gin.go:328 +0x132
net/http.serverHandler.ServeHTTP(0xc0005a4a90, 0xce6cc0, 0xc0000341c0, 0xc000150000)
	/usr/local/go/src/net/http/server.go:2741 +0xab
net/http.(*conn).serve(0xc000216000, 0xce7800, 0xc0002dc0c0)
	/usr/local/go/src/net/http/server.go:1847 +0x646
created by net/http.(*Server).Serve
	/usr/local/go/src/net/http/server.go:2851 +0x2f5
http: panic serving 127.0.0.1:51638: template: index.html:3:5: executing "content" at <gt .data.upcomingCon...>: error calling gt: invalid type for comparison
goroutine 79 [running]:
net/http.(*conn).serve.func1(0xc0000cae60)
	/usr/local/go/src/net/http/server.go:1746 +0xd0
panic(0xb737c0, 0xc0001eb8c0)
	/usr/local/go/src/runtime/panic.go:513 +0x1b9
github.com/gin-gonic/gin.(*Context).Render(0xc0001049a0, 0xc8, 0xce5d40, 0xc000586000)
	/home/dev/go/src/github.com/gin-gonic/gin/context.go:725 +0x160
github.com/gin-gonic/gin.(*Context).HTML(0xc0001049a0, 0xc8, 0xc10d4a, 0x5, 0x0, 0x0)
	/home/dev/go/src/github.com/gin-gonic/gin/context.go:734 +0x93
_/mnt/CC9EDBF69EDBD6D4/Development_World/Backup_22-4-18/Projects/Interni/Programming_Contest_Management_Platform/app/views.Render(0xc0001049a0, 0xc10d4a, 0x5, 0xc000297920)
	/mnt/CC9EDBF69EDBD6D4/Development World/Backup 22-4-18/Projects/Interni/Programming Contest Management Platform/app/views/views.go:49 +0x2f3
_/mnt/CC9EDBF69EDBD6D4/Development_World/Backup_22-4-18/Projects/Interni/Programming_Contest_Management_Platform/app/controllers.Index(0xc0001049a0)
	/mnt/CC9EDBF69EDBD6D4/Development World/Backup 22-4-18/Projects/Interni/Programming Contest Management Platform/app/controllers/common.controllers.go:14 +0x231
github.com/gin-gonic/gin.(*Context).Next(0xc0001049a0)
	/home/dev/go/src/github.com/gin-gonic/gin/context.go:108 +0x43
github.com/gin-contrib/sessions.Sessions.func1(0xc0001049a0)
	/home/dev/go/src/github.com/gin-contrib/sessions/sessions.go:65 +0x19f
github.com/gin-gonic/gin.(*Context).Next(0xc0001049a0)
	/home/dev/go/src/github.com/gin-gonic/gin/context.go:108 +0x43
github.com/gin-gonic/gin.LoggerWithWriter.func1(0xc0001049a0)
	/home/dev/go/src/github.com/gin-gonic/gin/logger.go:84 +0xd2
github.com/gin-gonic/gin.(*Context).Next(0xc0001049a0)
	/home/dev/go/src/github.com/gin-gonic/gin/context.go:108 +0x43
github.com/gin-gonic/gin.(*Engine).handleHTTPRequest(0xc0004b67e0, 0xc0001049a0)
	/home/dev/go/src/github.com/gin-gonic/gin/gin.go:363 +0x5ab
github.com/gin-gonic/gin.(*Engine).ServeHTTP(0xc0004b67e0, 0xce6cc0, 0xc00061c1c0, 0xc0001f8d00)
	/home/dev/go/src/github.com/gin-gonic/gin/gin.go:328 +0x132
net/http.serverHandler.ServeHTTP(0xc0005a4a90, 0xce6cc0, 0xc00061c1c0, 0xc0001f8d00)
	/usr/local/go/src/net/http/server.go:2741 +0xab
net/http.(*conn).serve(0xc0000cae60, 0xce7800, 0xc0001c7180)
	/usr/local/go/src/net/http/server.go:1847 +0x646
created by net/http.(*Server).Serve
	/usr/local/go/src/net/http/server.go:2851 +0x2f5
http: panic serving 127.0.0.1:51640: template: index.html:3:5: executing "content" at <gt .data.upcomingCon...>: error calling gt: invalid type for comparison
goroutine 102 [running]:
net/http.(*conn).serve.func1(0xc000216960)
	/usr/local/go/src/net/http/server.go:1746 +0xd0
panic(0xb737c0, 0xc00000d480)
	/usr/local/go/src/runtime/panic.go:513 +0x1b9
github.com/gin-gonic/gin.(*Context).Render(0xc000105080, 0xc8, 0xce5d40, 0xc0005b1d40)
	/home/dev/go/src/github.com/gin-gonic/gin/context.go:725 +0x160
github.com/gin-gonic/gin.(*Context).HTML(0xc000105080, 0xc8, 0xc10d4a, 0x5, 0x0, 0x0)
	/home/dev/go/src/github.com/gin-gonic/gin/context.go:734 +0x93
_/mnt/CC9EDBF69EDBD6D4/Development_World/Backup_22-4-18/Projects/Interni/Programming_Contest_Management_Platform/app/views.Render(0xc000105080, 0xc10d4a, 0x5, 0xc0005b06c0)
	/mnt/CC9EDBF69EDBD6D4/Development World/Backup 22-4-18/Projects/Interni/Programming Contest Management Platform/app/views/views.go:49 +0x2f3
_/mnt/CC9EDBF69EDBD6D4/Development_World/Backup_22-4-18/Projects/Interni/Programming_Contest_Management_Platform/app/controllers.Index(0xc000105080)
	/mnt/CC9EDBF69EDBD6D4/Development World/Backup 22-4-18/Projects/Interni/Programming Contest Management Platform/app/controllers/common.controllers.go:14 +0x231
github.com/gin-gonic/gin.(*Context).Next(0xc000105080)
	/home/dev/go/src/github.com/gin-gonic/gin/context.go:108 +0x43
github.com/gin-contrib/sessions.Sessions.func1(0xc000105080)
	/home/dev/go/src/github.com/gin-contrib/sessions/sessions.go:65 +0x19f
github.com/gin-gonic/gin.(*Context).Next(0xc000105080)
	/home/dev/go/src/github.com/gin-gonic/gin/context.go:108 +0x43
github.com/gin-gonic/gin.LoggerWithWriter.func1(0xc000105080)
	/home/dev/go/src/github.com/gin-gonic/gin/logger.go:84 +0xd2
github.com/gin-gonic/gin.(*Context).Next(0xc000105080)
	/home/dev/go/src/github.com/gin-gonic/gin/context.go:108 +0x43
github.com/gin-gonic/gin.(*Engine).handleHTTPRequest(0xc0004b67e0, 0xc000105080)
	/home/dev/go/src/github.com/gin-gonic/gin/gin.go:363 +0x5ab
github.com/gin-gonic/gin.(*Engine).ServeHTTP(0xc0004b67e0, 0xce6cc0, 0xc00061c2a0, 0xc0001f9000)
	/home/dev/go/src/github.com/gin-gonic/gin/gin.go:328 +0x132
net/http.serverHandler.ServeHTTP(0xc0005a4a90, 0xce6cc0, 0xc00061c2a0, 0xc0001f9000)
	/usr/local/go/src/net/http/server.go:2741 +0xab
net/http.(*conn).serve(0xc000216960, 0xce7800, 0xc0001c77c0)
	/usr/local/go/src/net/http/server.go:1847 +0x646
created by net/http.(*Server).Serve
	/usr/local/go/src/net/http/server.go:2851 +0x2f5
http: panic serving 127.0.0.1:51642: template: index.html:3:5: executing "content" at <gt .data.upcomingCon...>: error calling gt: invalid type for comparison
goroutine 115 [running]:
net/http.(*conn).serve.func1(0xc00024c140)
	/usr/local/go/src/net/http/server.go:1746 +0xd0
panic(0xb737c0, 0xc0002de9c0)
	/usr/local/go/src/runtime/panic.go:513 +0x1b9
github.com/gin-gonic/gin.(*Context).Render(0xc000105760, 0xc8, 0xce5d40, 0xc0005d2120)
	/home/dev/go/src/github.com/gin-gonic/gin/context.go:725 +0x160
github.com/gin-gonic/gin.(*Context).HTML(0xc000105760, 0xc8, 0xc10d4a, 0x5, 0x0, 0x0)
	/home/dev/go/src/github.com/gin-gonic/gin/context.go:734 +0x93
_/mnt/CC9EDBF69EDBD6D4/Development_World/Backup_22-4-18/Projects/Interni/Programming_Contest_Management_Platform/app/views.Render(0xc000105760, 0xc10d4a, 0x5, 0xc00063e9c0)
	/mnt/CC9EDBF69EDBD6D4/Development World/Backup 22-4-18/Projects/Interni/Programming Contest Management Platform/app/views/views.go:49 +0x2f3
_/mnt/CC9EDBF69EDBD6D4/Development_World/Backup_22-4-18/Projects/Interni/Programming_Contest_Management_Platform/app/controllers.Index(0xc000105760)
	/mnt/CC9EDBF69EDBD6D4/Development World/Backup 22-4-18/Projects/Interni/Programming Contest Management Platform/app/controllers/common.controllers.go:14 +0x231
github.com/gin-gonic/gin.(*Context).Next(0xc000105760)
	/home/dev/go/src/github.com/gin-gonic/gin/context.go:108 +0x43
github.com/gin-contrib/sessions.Sessions.func1(0xc000105760)
	/home/dev/go/src/github.com/gin-contrib/sessions/sessions.go:65 +0x19f
github.com/gin-gonic/gin.(*Context).Next(0xc000105760)
	/home/dev/go/src/github.com/gin-gonic/gin/context.go:108 +0x43
github.com/gin-gonic/gin.LoggerWithWriter.func1(0xc000105760)
	/home/dev/go/src/github.com/gin-gonic/gin/logger.go:84 +0xd2
github.com/gin-gonic/gin.(*Context).Next(0xc000105760)
	/home/dev/go/src/github.com/gin-gonic/gin/context.go:108 +0x43
github.com/gin-gonic/gin.(*Engine).handleHTTPRequest(0xc0004b67e0, 0xc000105760)
	/home/dev/go/src/github.com/gin-gonic/gin/gin.go:363 +0x5ab
github.com/gin-gonic/gin.(*Engine).ServeHTTP(0xc0004b67e0, 0xce6cc0, 0xc00061c380, 0xc0001f9600)
	/home/dev/go/src/github.com/gin-gonic/gin/gin.go:328 +0x132
net/http.serverHandler.ServeHTTP(0xc0005a4a90, 0xce6cc0, 0xc00061c380, 0xc0001f9600)
	/usr/local/go/src/net/http/server.go:2741 +0xab
net/http.(*conn).serve(0xc00024c140, 0xce7800, 0xc0005ac400)
	/usr/local/go/src/net/http/server.go:1847 +0x646
created by net/http.(*Server).Serve
	/usr/local/go/src/net/http/server.go:2851 +0x2f5
http: panic serving 127.0.0.1:51644: template: index.html:3:5: executing "content" at <gt .data.upcomingCon...>: error calling gt: invalid type for comparison
goroutine 136 [running]:
net/http.(*conn).serve.func1(0xc0000cb860)
	/usr/local/go/src/net/http/server.go:1746 +0xd0
panic(0xb737c0, 0xc0002c8fe0)
	/usr/local/go/src/runtime/panic.go:513 +0x1b9
github.com/gin-gonic/gin.(*Context).Render(0xc0002e68f0, 0xc8, 0xce5d40, 0xc00066cba0)
	/home/dev/go/src/github.com/gin-gonic/gin/context.go:725 +0x160
github.com/gin-gonic/gin.(*Context).HTML(0xc0002e68f0, 0xc8, 0xc10d4a, 0x5, 0x0, 0x0)
	/home/dev/go/src/github.com/gin-gonic/gin/context.go:734 +0x93
_/mnt/CC9EDBF69EDBD6D4/Development_World/Backup_22-4-18/Projects/Interni/Programming_Contest_Management_Platform/app/views.Render(0xc0002e68f0, 0xc10d4a, 0x5, 0xc0001c5560)
	/mnt/CC9EDBF69EDBD6D4/Development World/Backup 22-4-18/Projects/Interni/Programming Contest Management Platform/app/views/views.go:49 +0x2f3
_/mnt/CC9EDBF69EDBD6D4/Development_World/Backup_22-4-18/Projects/Interni/Programming_Contest_Management_Platform/app/controllers.Index(0xc0002e68f0)
	/mnt/CC9EDBF69EDBD6D4/Development World/Backup 22-4-18/Projects/Interni/Programming Contest Management Platform/app/controllers/common.controllers.go:14 +0x231
github.com/gin-gonic/gin.(*Context).Next(0xc0002e68f0)
	/home/dev/go/src/github.com/gin-gonic/gin/context.go:108 +0x43
github.com/gin-contrib/sessions.Sessions.func1(0xc0002e68f0)
	/home/dev/go/src/github.com/gin-contrib/sessions/sessions.go:65 +0x19f
github.com/gin-gonic/gin.(*Context).Next(0xc0002e68f0)
	/home/dev/go/src/github.com/gin-gonic/gin/context.go:108 +0x43
github.com/gin-gonic/gin.LoggerWithWriter.func1(0xc0002e68f0)
	/home/dev/go/src/github.com/gin-gonic/gin/logger.go:84 +0xd2
github.com/gin-gonic/gin.(*Context).Next(0xc0002e68f0)
	/home/dev/go/src/github.com/gin-gonic/gin/context.go:108 +0x43
github.com/gin-gonic/gin.(*Engine).handleHTTPRequest(0xc0004b67e0, 0xc0002e68f0)
	/home/dev/go/src/github.com/gin-gonic/gin/gin.go:363 +0x5ab
github.com/gin-gonic/gin.(*Engine).ServeHTTP(0xc0004b67e0, 0xce6cc0, 0xc00057e000, 0xc00060e200)
	/home/dev/go/src/github.com/gin-gonic/gin/gin.go:328 +0x132
net/http.serverHandler.ServeHTTP(0xc0005a4a90, 0xce6cc0, 0xc00057e000, 0xc00060e200)
	/usr/local/go/src/net/http/server.go:2741 +0xab
net/http.(*conn).serve(0xc0000cb860, 0xce7800, 0xc0000a6640)
	/usr/local/go/src/net/http/server.go:1847 +0x646
created by net/http.(*Server).Serve
	/usr/local/go/src/net/http/server.go:2851 +0x2f5
http: panic serving 127.0.0.1:51646: template: index.html:3:5: executing "content" at <gt .data.upcomingCon...>: error calling gt: invalid type for comparison
goroutine 119 [running]:
net/http.(*conn).serve.func1(0xc00024c640)
	/usr/local/go/src/net/http/server.go:1746 +0xd0
panic(0xb737c0, 0xc0002c9dc0)
	/usr/local/go/src/runtime/panic.go:513 +0x1b9
github.com/gin-gonic/gin.(*Context).Render(0xc0002e78c0, 0xc8, 0xce5d40, 0xc0006c8e70)
	/home/dev/go/src/github.com/gin-gonic/gin/context.go:725 +0x160
github.com/gin-gonic/gin.(*Context).HTML(0xc0002e78c0, 0xc8, 0xc10d4a, 0x5, 0x0, 0x0)
	/home/dev/go/src/github.com/gin-gonic/gin/context.go:734 +0x93
_/mnt/CC9EDBF69EDBD6D4/Development_World/Backup_22-4-18/Projects/Interni/Programming_Contest_Management_Platform/app/views.Render(0xc0002e78c0, 0xc10d4a, 0x5, 0xc00066d860)
	/mnt/CC9EDBF69EDBD6D4/Development World/Backup 22-4-18/Projects/Interni/Programming Contest Management Platform/app/views/views.go:49 +0x2f3
_/mnt/CC9EDBF69EDBD6D4/Development_World/Backup_22-4-18/Projects/Interni/Programming_Contest_Management_Platform/app/controllers.Index(0xc0002e78c0)
	/mnt/CC9EDBF69EDBD6D4/Development World/Backup 22-4-18/Projects/Interni/Programming Contest Management Platform/app/controllers/common.controllers.go:14 +0x231
github.com/gin-gonic/gin.(*Context).Next(0xc0002e78c0)
	/home/dev/go/src/github.com/gin-gonic/gin/context.go:108 +0x43
github.com/gin-contrib/sessions.Sessions.func1(0xc0002e78c0)
	/home/dev/go/src/github.com/gin-contrib/sessions/sessions.go:65 +0x19f
github.com/gin-gonic/gin.(*Context).Next(0xc0002e78c0)
	/home/dev/go/src/github.com/gin-gonic/gin/context.go:108 +0x43
github.com/gin-gonic/gin.LoggerWithWriter.func1(0xc0002e78c0)
	/home/dev/go/src/github.com/gin-gonic/gin/logger.go:84 +0xd2
github.com/gin-gonic/gin.(*Context).Next(0xc0002e78c0)
	/home/dev/go/src/github.com/gin-gonic/gin/context.go:108 +0x43
github.com/gin-gonic/gin.(*Engine).handleHTTPRequest(0xc0004b67e0, 0xc0002e78c0)
	/home/dev/go/src/github.com/gin-gonic/gin/gin.go:363 +0x5ab
github.com/gin-gonic/gin.(*Engine).ServeHTTP(0xc0004b67e0, 0xce6cc0, 0xc00057e0e0, 0xc00060e800)
	/home/dev/go/src/github.com/gin-gonic/gin/gin.go:328 +0x132
net/http.serverHandler.ServeHTTP(0xc0005a4a90, 0xce6cc0, 0xc00057e0e0, 0xc00060e800)
	/usr/local/go/src/net/http/server.go:2741 +0xab
net/http.(*conn).serve(0xc00024c640, 0xce7800, 0xc0001d8180)
	/usr/local/go/src/net/http/server.go:1847 +0x646
created by net/http.(*Server).Serve
	/usr/local/go/src/net/http/server.go:2851 +0x2f5
http: panic serving 127.0.0.1:51936: template: index.html:3:5: executing "content" at <gt .data.upcomingCon...>: error calling gt: invalid type for comparison
goroutine 70 [running]:
net/http.(*conn).serve.func1(0xc0000ce1e0)
	/usr/local/go/src/net/http/server.go:1746 +0xd0
panic(0xb73740, 0xc0002e3b00)
	/usr/local/go/src/runtime/panic.go:513 +0x1b9
github.com/gin-gonic/gin.(*Context).Render(0xc00011c370, 0xc8, 0xce5c80, 0xc0001e6cf0)
	/home/dev/go/src/github.com/gin-gonic/gin/context.go:725 +0x160
github.com/gin-gonic/gin.(*Context).HTML(0xc00011c370, 0xc8, 0xc10cca, 0x5, 0x0, 0x0)
	/home/dev/go/src/github.com/gin-gonic/gin/context.go:734 +0x93
_/mnt/CC9EDBF69EDBD6D4/Development_World/Backup_22-4-18/Projects/Interni/Programming_Contest_Management_Platform/app/views.Render(0xc00011c370, 0xc10cca, 0x5, 0xc0001fcba0)
	/mnt/CC9EDBF69EDBD6D4/Development World/Backup 22-4-18/Projects/Interni/Programming Contest Management Platform/app/views/views.go:49 +0x2f3
_/mnt/CC9EDBF69EDBD6D4/Development_World/Backup_22-4-18/Projects/Interni/Programming_Contest_Management_Platform/app/controllers.Index(0xc00011c370)
	/mnt/CC9EDBF69EDBD6D4/Development World/Backup 22-4-18/Projects/Interni/Programming Contest Management Platform/app/controllers/common.controllers.go:12 +0x1a0
github.com/gin-gonic/gin.(*Context).Next(0xc00011c370)
	/home/dev/go/src/github.com/gin-gonic/gin/context.go:108 +0x43
github.com/gin-contrib/sessions.Sessions.func1(0xc00011c370)
	/home/dev/go/src/github.com/gin-contrib/sessions/sessions.go:65 +0x19f
github.com/gin-gonic/gin.(*Context).Next(0xc00011c370)
	/home/dev/go/src/github.com/gin-gonic/gin/context.go:108 +0x43
github.com/gin-gonic/gin.LoggerWithWriter.func1(0xc00011c370)
	/home/dev/go/src/github.com/gin-gonic/gin/logger.go:84 +0xd2
github.com/gin-gonic/gin.(*Context).Next(0xc00011c370)
	/home/dev/go/src/github.com/gin-gonic/gin/context.go:108 +0x43
github.com/gin-gonic/gin.(*Engine).handleHTTPRequest(0xc0005270e0, 0xc00011c370)
	/home/dev/go/src/github.com/gin-gonic/gin/gin.go:363 +0x5ab
github.com/gin-gonic/gin.(*Engine).ServeHTTP(0xc0005270e0, 0xce6c00, 0xc0005de2a0, 0xc000168800)
	/home/dev/go/src/github.com/gin-gonic/gin/gin.go:328 +0x132
net/http.serverHandler.ServeHTTP(0xc0001f6340, 0xce6c00, 0xc0005de2a0, 0xc000168800)
	/usr/local/go/src/net/http/server.go:2741 +0xab
net/http.(*conn).serve(0xc0000ce1e0, 0xce7740, 0xc0001ef2c0)
	/usr/local/go/src/net/http/server.go:1847 +0x646
created by net/http.(*Server).Serve
	/usr/local/go/src/net/http/server.go:2851 +0x2f5
http: panic serving 127.0.0.1:51938: template: index.html:3:5: executing "content" at <gt .data.upcomingCon...>: error calling gt: invalid type for comparison
goroutine 86 [running]:
net/http.(*conn).serve.func1(0xc00022e000)
	/usr/local/go/src/net/http/server.go:1746 +0xd0
panic(0xb73740, 0xc00020a700)
	/usr/local/go/src/runtime/panic.go:513 +0x1b9
github.com/gin-gonic/gin.(*Context).Render(0xc000624000, 0xc8, 0xce5c80, 0xc0002b3dd0)
	/home/dev/go/src/github.com/gin-gonic/gin/context.go:725 +0x160
github.com/gin-gonic/gin.(*Context).HTML(0xc000624000, 0xc8, 0xc10cca, 0x5, 0x0, 0x0)
	/home/dev/go/src/github.com/gin-gonic/gin/context.go:734 +0x93
_/mnt/CC9EDBF69EDBD6D4/Development_World/Backup_22-4-18/Projects/Interni/Programming_Contest_Management_Platform/app/views.Render(0xc000624000, 0xc10cca, 0x5, 0xc000303a40)
	/mnt/CC9EDBF69EDBD6D4/Development World/Backup 22-4-18/Projects/Interni/Programming Contest Management Platform/app/views/views.go:49 +0x2f3
_/mnt/CC9EDBF69EDBD6D4/Development_World/Backup_22-4-18/Projects/Interni/Programming_Contest_Management_Platform/app/controllers.Index(0xc000624000)
	/mnt/CC9EDBF69EDBD6D4/Development World/Backup 22-4-18/Projects/Interni/Programming Contest Management Platform/app/controllers/common.controllers.go:12 +0x1a0
github.com/gin-gonic/gin.(*Context).Next(0xc000624000)
	/home/dev/go/src/github.com/gin-gonic/gin/context.go:108 +0x43
github.com/gin-contrib/sessions.Sessions.func1(0xc000624000)
	/home/dev/go/src/github.com/gin-contrib/sessions/sessions.go:65 +0x19f
github.com/gin-gonic/gin.(*Context).Next(0xc000624000)
	/home/dev/go/src/github.com/gin-gonic/gin/context.go:108 +0x43
github.com/gin-gonic/gin.LoggerWithWriter.func1(0xc000624000)
	/home/dev/go/src/github.com/gin-gonic/gin/logger.go:84 +0xd2
github.com/gin-gonic/gin.(*Context).Next(0xc000624000)
	/home/dev/go/src/github.com/gin-gonic/gin/context.go:108 +0x43
github.com/gin-gonic/gin.(*Engine).handleHTTPRequest(0xc0005270e0, 0xc000624000)
	/home/dev/go/src/github.com/gin-gonic/gin/gin.go:363 +0x5ab
github.com/gin-gonic/gin.(*Engine).ServeHTTP(0xc0005270e0, 0xce6c00, 0xc000034460, 0xc0005aa400)
	/home/dev/go/src/github.com/gin-gonic/gin/gin.go:328 +0x132
net/http.serverHandler.ServeHTTP(0xc0001f6340, 0xce6c00, 0xc000034460, 0xc0005aa400)
	/usr/local/go/src/net/http/server.go:2741 +0xab
net/http.(*conn).serve(0xc00022e000, 0xce7740, 0xc0000a7180)
	/usr/local/go/src/net/http/server.go:1847 +0x646
created by net/http.(*Server).Serve
	/usr/local/go/src/net/http/server.go:2851 +0x2f5
http: panic serving 127.0.0.1:51950: template: index.html:3:5: executing "content" at <gt .data.upcomingCon...>: error calling gt: invalid type for comparison
goroutine 119 [running]:
net/http.(*conn).serve.func1(0xc00022e960)
	/usr/local/go/src/net/http/server.go:1746 +0xd0
panic(0xb73740, 0xc00029a5a0)
	/usr/local/go/src/runtime/panic.go:513 +0x1b9
github.com/gin-gonic/gin.(*Context).Render(0xc0003018c0, 0xc8, 0xce5c80, 0xc000597b30)
	/home/dev/go/src/github.com/gin-gonic/gin/context.go:725 +0x160
github.com/gin-gonic/gin.(*Context).HTML(0xc0003018c0, 0xc8, 0xc10cca, 0x5, 0x0, 0x0)
	/home/dev/go/src/github.com/gin-gonic/gin/context.go:734 +0x93
_/mnt/CC9EDBF69EDBD6D4/Development_World/Backup_22-4-18/Projects/Interni/Programming_Contest_Management_Platform/app/views.Render(0xc0003018c0, 0xc10cca, 0x5, 0xc000596270)
	/mnt/CC9EDBF69EDBD6D4/Development World/Backup 22-4-18/Projects/Interni/Programming Contest Management Platform/app/views/views.go:49 +0x2f3
_/mnt/CC9EDBF69EDBD6D4/Development_World/Backup_22-4-18/Projects/Interni/Programming_Contest_Management_Platform/app/controllers.Index(0xc0003018c0)
	/mnt/CC9EDBF69EDBD6D4/Development World/Backup 22-4-18/Projects/Interni/Programming Contest Management Platform/app/controllers/common.controllers.go:12 +0x1a0
github.com/gin-gonic/gin.(*Context).Next(0xc0003018c0)
	/home/dev/go/src/github.com/gin-gonic/gin/context.go:108 +0x43
github.com/gin-contrib/sessions.Sessions.func1(0xc0003018c0)
	/home/dev/go/src/github.com/gin-contrib/sessions/sessions.go:65 +0x19f
github.com/gin-gonic/gin.(*Context).Next(0xc0003018c0)
	/home/dev/go/src/github.com/gin-gonic/gin/context.go:108 +0x43
github.com/gin-gonic/gin.LoggerWithWriter.func1(0xc0003018c0)
	/home/dev/go/src/github.com/gin-gonic/gin/logger.go:84 +0xd2
github.com/gin-gonic/gin.(*Context).Next(0xc0003018c0)
	/home/dev/go/src/github.com/gin-gonic/gin/context.go:108 +0x43
github.com/gin-gonic/gin.(*Engine).handleHTTPRequest(0xc0005270e0, 0xc0003018c0)
	/home/dev/go/src/github.com/gin-gonic/gin/gin.go:363 +0x5ab
github.com/gin-gonic/gin.(*Engine).ServeHTTP(0xc0005270e0, 0xce6c00, 0xc000034540, 0xc0002eef00)
	/home/dev/go/src/github.com/gin-gonic/gin/gin.go:328 +0x132
net/http.serverHandler.ServeHTTP(0xc0001f6340, 0xce6c00, 0xc000034540, 0xc0002eef00)
	/usr/local/go/src/net/http/server.go:2741 +0xab
net/http.(*conn).serve(0xc00022e960, 0xce7740, 0xc0002f69c0)
	/usr/local/go/src/net/http/server.go:1847 +0x646
created by net/http.(*Server).Serve
	/usr/local/go/src/net/http/server.go:2851 +0x2f5
http: panic serving 127.0.0.1:51952: template: index.html:3:5: executing "content" at <gt .data.upcomingCon...>: error calling gt: invalid type for comparison
goroutine 123 [running]:
net/http.(*conn).serve.func1(0xc00022ed20)
	/usr/local/go/src/net/http/server.go:1746 +0xd0
panic(0xb73740, 0xc00029ae80)
	/usr/local/go/src/runtime/panic.go:513 +0x1b9
github.com/gin-gonic/gin.(*Context).Render(0xc00011ce70, 0xc8, 0xce5c80, 0xc0005dd0b0)
	/home/dev/go/src/github.com/gin-gonic/gin/context.go:725 +0x160
github.com/gin-gonic/gin.(*Context).HTML(0xc00011ce70, 0xc8, 0xc10cca, 0x5, 0x0, 0x0)
	/home/dev/go/src/github.com/gin-gonic/gin/context.go:734 +0x93
_/mnt/CC9EDBF69EDBD6D4/Development_World/Backup_22-4-18/Projects/Interni/Programming_Contest_Management_Platform/app/views.Render(0xc00011ce70, 0xc10cca, 0x5, 0xc0001e7d40)
	/mnt/CC9EDBF69EDBD6D4/Development World/Backup 22-4-18/Projects/Interni/Programming Contest Management Platform/app/views/views.go:49 +0x2f3
_/mnt/CC9EDBF69EDBD6D4/Development_World/Backup_22-4-18/Projects/Interni/Programming_Contest_Management_Platform/app/controllers.Index(0xc00011ce70)
	/mnt/CC9EDBF69EDBD6D4/Development World/Backup 22-4-18/Projects/Interni/Programming Contest Management Platform/app/controllers/common.controllers.go:12 +0x1a0
github.com/gin-gonic/gin.(*Context).Next(0xc00011ce70)
	/home/dev/go/src/github.com/gin-gonic/gin/context.go:108 +0x43
github.com/gin-contrib/sessions.Sessions.func1(0xc00011ce70)
	/home/dev/go/src/github.com/gin-contrib/sessions/sessions.go:65 +0x19f
github.com/gin-gonic/gin.(*Context).Next(0xc00011ce70)
	/home/dev/go/src/github.com/gin-gonic/gin/context.go:108 +0x43
github.com/gin-gonic/gin.LoggerWithWriter.func1(0xc00011ce70)
	/home/dev/go/src/github.com/gin-gonic/gin/logger.go:84 +0xd2
github.com/gin-gonic/gin.(*Context).Next(0xc00011ce70)
	/home/dev/go/src/github.com/gin-gonic/gin/context.go:108 +0x43
github.com/gin-gonic/gin.(*Engine).handleHTTPRequest(0xc0005270e0, 0xc00011ce70)
	/home/dev/go/src/github.com/gin-gonic/gin/gin.go:363 +0x5ab
github.com/gin-gonic/gin.(*Engine).ServeHTTP(0xc0005270e0, 0xce6c00, 0xc0005de380, 0xc000168d00)
	/home/dev/go/src/github.com/gin-gonic/gin/gin.go:328 +0x132
net/http.serverHandler.ServeHTTP(0xc0001f6340, 0xce6c00, 0xc0005de380, 0xc000168d00)
	/usr/local/go/src/net/http/server.go:2741 +0xab
net/http.(*conn).serve(0xc00022ed20, 0xce7740, 0xc0000a6bc0)
	/usr/local/go/src/net/http/server.go:1847 +0x646
created by net/http.(*Server).Serve
	/usr/local/go/src/net/http/server.go:2851 +0x2f5
http: panic serving 127.0.0.1:51954: template: index.html:3:5: executing "content" at <gt .data.upcomingCon...>: error calling gt: invalid type for comparison
goroutine 125 [running]:
net/http.(*conn).serve.func1(0xc00022f0e0)
	/usr/local/go/src/net/http/server.go:1746 +0xd0
panic(0xb73740, 0xc00020aea0)
	/usr/local/go/src/runtime/panic.go:513 +0x1b9
github.com/gin-gonic/gin.(*Context).Render(0xc0006a4000, 0xc8, 0xce5c80, 0xc000577050)
	/home/dev/go/src/github.com/gin-gonic/gin/context.go:725 +0x160
github.com/gin-gonic/gin.(*Context).HTML(0xc0006a4000, 0xc8, 0xc10cca, 0x5, 0x0, 0x0)
	/home/dev/go/src/github.com/gin-gonic/gin/context.go:734 +0x93
_/mnt/CC9EDBF69EDBD6D4/Development_World/Backup_22-4-18/Projects/Interni/Programming_Contest_Management_Platform/app/views.Render(0xc0006a4000, 0xc10cca, 0x5, 0xc0005dddd0)
	/mnt/CC9EDBF69EDBD6D4/Development World/Backup 22-4-18/Projects/Interni/Programming Contest Management Platform/app/views/views.go:49 +0x2f3
_/mnt/CC9EDBF69EDBD6D4/Development_World/Backup_22-4-18/Projects/Interni/Programming_Contest_Management_Platform/app/controllers.Index(0xc0006a4000)
	/mnt/CC9EDBF69EDBD6D4/Development World/Backup 22-4-18/Projects/Interni/Programming Contest Management Platform/app/controllers/common.controllers.go:12 +0x1a0
github.com/gin-gonic/gin.(*Context).Next(0xc0006a4000)
	/home/dev/go/src/github.com/gin-gonic/gin/context.go:108 +0x43
github.com/gin-contrib/sessions.Sessions.func1(0xc0006a4000)
	/home/dev/go/src/github.com/gin-contrib/sessions/sessions.go:65 +0x19f
github.com/gin-gonic/gin.(*Context).Next(0xc0006a4000)
	/home/dev/go/src/github.com/gin-gonic/gin/context.go:108 +0x43
github.com/gin-gonic/gin.LoggerWithWriter.func1(0xc0006a4000)
	/home/dev/go/src/github.com/gin-gonic/gin/logger.go:84 +0xd2
github.com/gin-gonic/gin.(*Context).Next(0xc0006a4000)
	/home/dev/go/src/github.com/gin-gonic/gin/context.go:108 +0x43
github.com/gin-gonic/gin.(*Engine).handleHTTPRequest(0xc0005270e0, 0xc0006a4000)
	/home/dev/go/src/github.com/gin-gonic/gin/gin.go:363 +0x5ab
github.com/gin-gonic/gin.(*Engine).ServeHTTP(0xc0005270e0, 0xce6c00, 0xc000034620, 0xc0002ef800)
	/home/dev/go/src/github.com/gin-gonic/gin/gin.go:328 +0x132
net/http.serverHandler.ServeHTTP(0xc0001f6340, 0xce6c00, 0xc000034620, 0xc0002ef800)
	/usr/local/go/src/net/http/server.go:2741 +0xab
net/http.(*conn).serve(0xc00022f0e0, 0xce7740, 0xc0002f7e00)
	/usr/local/go/src/net/http/server.go:1847 +0x646
created by net/http.(*Server).Serve
	/usr/local/go/src/net/http/server.go:2851 +0x2f5
http: panic serving 127.0.0.1:51956: template: index.html:3:5: executing "content" at <gt .data.upcomingCon...>: error calling gt: invalid type for comparison
goroutine 30 [running]:
net/http.(*conn).serve.func1(0xc0000cf040)
	/usr/local/go/src/net/http/server.go:1746 +0xd0
panic(0xb73740, 0xc0000e74a0)
	/usr/local/go/src/runtime/panic.go:513 +0x1b9
github.com/gin-gonic/gin.(*Context).Render(0xc00011d550, 0xc8, 0xce5c80, 0xc0006c2750)
	/home/dev/go/src/github.com/gin-gonic/gin/context.go:725 +0x160
github.com/gin-gonic/gin.(*Context).HTML(0xc00011d550, 0xc8, 0xc10cca, 0x5, 0x0, 0x0)
	/home/dev/go/src/github.com/gin-gonic/gin/context.go:734 +0x93
_/mnt/CC9EDBF69EDBD6D4/Development_World/Backup_22-4-18/Projects/Interni/Programming_Contest_Management_Platform/app/views.Render(0xc00011d550, 0xc10cca, 0x5, 0xc000641140)
	/mnt/CC9EDBF69EDBD6D4/Development World/Backup 22-4-18/Projects/Interni/Programming Contest Management Platform/app/views/views.go:49 +0x2f3
_/mnt/CC9EDBF69EDBD6D4/Development_World/Backup_22-4-18/Projects/Interni/Programming_Contest_Management_Platform/app/controllers.Index(0xc00011d550)
	/mnt/CC9EDBF69EDBD6D4/Development World/Backup 22-4-18/Projects/Interni/Programming Contest Management Platform/app/controllers/common.controllers.go:12 +0x1a0
github.com/gin-gonic/gin.(*Context).Next(0xc00011d550)
	/home/dev/go/src/github.com/gin-gonic/gin/context.go:108 +0x43
github.com/gin-contrib/sessions.Sessions.func1(0xc00011d550)
	/home/dev/go/src/github.com/gin-contrib/sessions/sessions.go:65 +0x19f
github.com/gin-gonic/gin.(*Context).Next(0xc00011d550)
	/home/dev/go/src/github.com/gin-gonic/gin/context.go:108 +0x43
github.com/gin-gonic/gin.LoggerWithWriter.func1(0xc00011d550)
	/home/dev/go/src/github.com/gin-gonic/gin/logger.go:84 +0xd2
github.com/gin-gonic/gin.(*Context).Next(0xc00011d550)
	/home/dev/go/src/github.com/gin-gonic/gin/context.go:108 +0x43
github.com/gin-gonic/gin.(*Engine).handleHTTPRequest(0xc0005270e0, 0xc00011d550)
	/home/dev/go/src/github.com/gin-gonic/gin/gin.go:363 +0x5ab
github.com/gin-gonic/gin.(*Engine).ServeHTTP(0xc0005270e0, 0xce6c00, 0xc0005de460, 0xc000168f00)
	/home/dev/go/src/github.com/gin-gonic/gin/gin.go:328 +0x132
net/http.serverHandler.ServeHTTP(0xc0001f6340, 0xce6c00, 0xc0005de460, 0xc000168f00)
	/usr/local/go/src/net/http/server.go:2741 +0xab
net/http.(*conn).serve(0xc0000cf040, 0xce7740, 0xc0000a7140)
	/usr/local/go/src/net/http/server.go:1847 +0x646
created by net/http.(*Server).Serve
	/usr/local/go/src/net/http/server.go:2851 +0x2f5
http: panic serving 127.0.0.1:51958: template: index.html:3:5: executing "content" at <gt .data.upcomingCon...>: error calling gt: invalid type for comparison
goroutine 130 [running]:
net/http.(*conn).serve.func1(0xc0000cf400)
	/usr/local/go/src/net/http/server.go:1746 +0xd0
panic(0xb73740, 0xc0006ec0e0)
	/usr/local/go/src/runtime/panic.go:513 +0x1b9
github.com/gin-gonic/gin.(*Context).Render(0xc0006240b0, 0xc8, 0xce5c80, 0xc00060f560)
	/home/dev/go/src/github.com/gin-gonic/gin/context.go:725 +0x160
github.com/gin-gonic/gin.(*Context).HTML(0xc0006240b0, 0xc8, 0xc10cca, 0x5, 0x0, 0x0)
	/home/dev/go/src/github.com/gin-gonic/gin/context.go:734 +0x93
_/mnt/CC9EDBF69EDBD6D4/Development_World/Backup_22-4-18/Projects/Interni/Programming_Contest_Management_Platform/app/views.Render(0xc0006240b0, 0xc10cca, 0x5, 0xc000577f50)
	/mnt/CC9EDBF69EDBD6D4/Development World/Backup 22-4-18/Projects/Interni/Programming Contest Management Platform/app/views/views.go:49 +0x2f3
_/mnt/CC9EDBF69EDBD6D4/Development_World/Backup_22-4-18/Projects/Interni/Programming_Contest_Management_Platform/app/controllers.Index(0xc0006240b0)
	/mnt/CC9EDBF69EDBD6D4/Development World/Backup 22-4-18/Projects/Interni/Programming Contest Management Platform/app/controllers/common.controllers.go:12 +0x1a0
github.com/gin-gonic/gin.(*Context).Next(0xc0006240b0)
	/home/dev/go/src/github.com/gin-gonic/gin/context.go:108 +0x43
github.com/gin-contrib/sessions.Sessions.func1(0xc0006240b0)
	/home/dev/go/src/github.com/gin-contrib/sessions/sessions.go:65 +0x19f
github.com/gin-gonic/gin.(*Context).Next(0xc0006240b0)
	/home/dev/go/src/github.com/gin-gonic/gin/context.go:108 +0x43
github.com/gin-gonic/gin.LoggerWithWriter.func1(0xc0006240b0)
	/home/dev/go/src/github.com/gin-gonic/gin/logger.go:84 +0xd2
github.com/gin-gonic/gin.(*Context).Next(0xc0006240b0)
	/home/dev/go/src/github.com/gin-gonic/gin/context.go:108 +0x43
github.com/gin-gonic/gin.(*Engine).handleHTTPRequest(0xc0005270e0, 0xc0006240b0)
	/home/dev/go/src/github.com/gin-gonic/gin/gin.go:363 +0x5ab
github.com/gin-gonic/gin.(*Engine).ServeHTTP(0xc0005270e0, 0xce6c00, 0xc000620380, 0xc0002efa00)
	/home/dev/go/src/github.com/gin-gonic/gin/gin.go:328 +0x132
net/http.serverHandler.ServeHTTP(0xc0001f6340, 0xce6c00, 0xc000620380, 0xc0002efa00)
	/usr/local/go/src/net/http/server.go:2741 +0xab
net/http.(*conn).serve(0xc0000cf400, 0xce7740, 0xc0001fe540)
	/usr/local/go/src/net/http/server.go:1847 +0x646
created by net/http.(*Server).Serve
	/usr/local/go/src/net/http/server.go:2851 +0x2f5
http: panic serving 127.0.0.1:51960: template: index.html:3:5: executing "content" at <gt .data.upcomingCon...>: error calling gt: invalid type for comparison
goroutine 129 [running]:
net/http.(*conn).serve.func1(0xc00022f4a0)
	/usr/local/go/src/net/http/server.go:1746 +0xd0
panic(0xb73740, 0xc000704860)
	/usr/local/go/src/runtime/panic.go:513 +0x1b9
github.com/gin-gonic/gin.(*Context).Render(0xc00011dc30, 0xc8, 0xce5c80, 0xc000708a20)
	/home/dev/go/src/github.com/gin-gonic/gin/context.go:725 +0x160
github.com/gin-gonic/gin.(*Context).HTML(0xc00011dc30, 0xc8, 0xc10cca, 0x5, 0x0, 0x0)
	/home/dev/go/src/github.com/gin-gonic/gin/context.go:734 +0x93
_/mnt/CC9EDBF69EDBD6D4/Development_World/Backup_22-4-18/Projects/Interni/Programming_Contest_Management_Platform/app/views.Render(0xc00011dc30, 0xc10cca, 0x5, 0xc0006c3410)
	/mnt/CC9EDBF69EDBD6D4/Development World/Backup 22-4-18/Projects/Interni/Programming Contest Management Platform/app/views/views.go:49 +0x2f3
_/mnt/CC9EDBF69EDBD6D4/Development_World/Backup_22-4-18/Projects/Interni/Programming_Contest_Management_Platform/app/controllers.Index(0xc00011dc30)
	/mnt/CC9EDBF69EDBD6D4/Development World/Backup 22-4-18/Projects/Interni/Programming Contest Management Platform/app/controllers/common.controllers.go:12 +0x1a0
github.com/gin-gonic/gin.(*Context).Next(0xc00011dc30)
	/home/dev/go/src/github.com/gin-gonic/gin/context.go:108 +0x43
github.com/gin-contrib/sessions.Sessions.func1(0xc00011dc30)
	/home/dev/go/src/github.com/gin-contrib/sessions/sessions.go:65 +0x19f
github.com/gin-gonic/gin.(*Context).Next(0xc00011dc30)
	/home/dev/go/src/github.com/gin-gonic/gin/context.go:108 +0x43
github.com/gin-gonic/gin.LoggerWithWriter.func1(0xc00011dc30)
	/home/dev/go/src/github.com/gin-gonic/gin/logger.go:84 +0xd2
github.com/gin-gonic/gin.(*Context).Next(0xc00011dc30)
	/home/dev/go/src/github.com/gin-gonic/gin/context.go:108 +0x43
github.com/gin-gonic/gin.(*Engine).handleHTTPRequest(0xc0005270e0, 0xc00011dc30)
	/home/dev/go/src/github.com/gin-gonic/gin/gin.go:363 +0x5ab
github.com/gin-gonic/gin.(*Engine).ServeHTTP(0xc0005270e0, 0xce6c00, 0xc0005de540, 0xc000169400)
	/home/dev/go/src/github.com/gin-gonic/gin/gin.go:328 +0x132
net/http.serverHandler.ServeHTTP(0xc0001f6340, 0xce6c00, 0xc0005de540, 0xc000169400)
	/usr/local/go/src/net/http/server.go:2741 +0xab
net/http.(*conn).serve(0xc00022f4a0, 0xce7740, 0xc0006c4100)
	/usr/local/go/src/net/http/server.go:1847 +0x646
created by net/http.(*Server).Serve
	/usr/local/go/src/net/http/server.go:2851 +0x2f5
http: panic serving 127.0.0.1:51962: template: index.html:3:5: executing "content" at <gt .data.upcomingCon...>: error calling gt: invalid type for comparison
goroutine 97 [running]:
net/http.(*conn).serve.func1(0xc000266780)
	/usr/local/go/src/net/http/server.go:1746 +0xd0
panic(0xb73740, 0xc0007229e0)
	/usr/local/go/src/runtime/panic.go:513 +0x1b9
github.com/gin-gonic/gin.(*Context).Render(0xc000624790, 0xc8, 0xce5c80, 0xc00072a750)
	/home/dev/go/src/github.com/gin-gonic/gin/context.go:725 +0x160
github.com/gin-gonic/gin.(*Context).HTML(0xc000624790, 0xc8, 0xc10cca, 0x5, 0x0, 0x0)
	/home/dev/go/src/github.com/gin-gonic/gin/context.go:734 +0x93
_/mnt/CC9EDBF69EDBD6D4/Development_World/Backup_22-4-18/Projects/Interni/Programming_Contest_Management_Platform/app/views.Render(0xc000624790, 0xc10cca, 0x5, 0xc0006dd140)
	/mnt/CC9EDBF69EDBD6D4/Development World/Backup 22-4-18/Projects/Interni/Programming Contest Management Platform/app/views/views.go:49 +0x2f3
_/mnt/CC9EDBF69EDBD6D4/Development_World/Backup_22-4-18/Projects/Interni/Programming_Contest_Management_Platform/app/controllers.Index(0xc000624790)
	/mnt/CC9EDBF69EDBD6D4/Development World/Backup 22-4-18/Projects/Interni/Programming Contest Management Platform/app/controllers/common.controllers.go:12 +0x1a0
github.com/gin-gonic/gin.(*Context).Next(0xc000624790)
	/home/dev/go/src/github.com/gin-gonic/gin/context.go:108 +0x43
github.com/gin-contrib/sessions.Sessions.func1(0xc000624790)
	/home/dev/go/src/github.com/gin-contrib/sessions/sessions.go:65 +0x19f
github.com/gin-gonic/gin.(*Context).Next(0xc000624790)
	/home/dev/go/src/github.com/gin-gonic/gin/context.go:108 +0x43
github.com/gin-gonic/gin.LoggerWithWriter.func1(0xc000624790)
	/home/dev/go/src/github.com/gin-gonic/gin/logger.go:84 +0xd2
github.com/gin-gonic/gin.(*Context).Next(0xc000624790)
	/home/dev/go/src/github.com/gin-gonic/gin/context.go:108 +0x43
github.com/gin-gonic/gin.(*Engine).handleHTTPRequest(0xc0005270e0, 0xc000624790)
	/home/dev/go/src/github.com/gin-gonic/gin/gin.go:363 +0x5ab
github.com/gin-gonic/gin.(*Engine).ServeHTTP(0xc0005270e0, 0xce6c00, 0xc000620460, 0xc0005aac00)
	/home/dev/go/src/github.com/gin-gonic/gin/gin.go:328 +0x132
net/http.serverHandler.ServeHTTP(0xc0001f6340, 0xce6c00, 0xc000620460, 0xc0005aac00)
	/usr/local/go/src/net/http/server.go:2741 +0xab
net/http.(*conn).serve(0xc000266780, 0xce7740, 0xc0001ef940)
	/usr/local/go/src/net/http/server.go:1847 +0x646
created by net/http.(*Server).Serve
	/usr/local/go/src/net/http/server.go:2851 +0x2f5
http: panic serving 127.0.0.1:51964: template: index.html:3:5: executing "content" at <gt .data.upcomingCon...>: error calling gt: invalid type for comparison
goroutine 149 [running]:
net/http.(*conn).serve.func1(0xc000266b40)
	/usr/local/go/src/net/http/server.go:1746 +0xd0
panic(0xb73740, 0xc000704d20)
	/usr/local/go/src/runtime/panic.go:513 +0x1b9
github.com/gin-gonic/gin.(*Context).Render(0xc000624e70, 0xc8, 0xce5c80, 0xc0007092f0)
	/home/dev/go/src/github.com/gin-gonic/gin/context.go:725 +0x160
github.com/gin-gonic/gin.(*Context).HTML(0xc000624e70, 0xc8, 0xc10cca, 0x5, 0x0, 0x0)
	/home/dev/go/src/github.com/gin-gonic/gin/context.go:734 +0x93
_/mnt/CC9EDBF69EDBD6D4/Development_World/Backup_22-4-18/Projects/Interni/Programming_Contest_Management_Platform/app/views.Render(0xc000624e70, 0xc10cca, 0x5, 0xc00072b410)
	/mnt/CC9EDBF69EDBD6D4/Development World/Backup 22-4-18/Projects/Interni/Programming Contest Management Platform/app/views/views.go:49 +0x2f3
_/mnt/CC9EDBF69EDBD6D4/Development_World/Backup_22-4-18/Projects/Interni/Programming_Contest_Management_Platform/app/controllers.Index(0xc000624e70)
	/mnt/CC9EDBF69EDBD6D4/Development World/Backup 22-4-18/Projects/Interni/Programming Contest Management Platform/app/controllers/common.controllers.go:12 +0x1a0
github.com/gin-gonic/gin.(*Context).Next(0xc000624e70)
	/home/dev/go/src/github.com/gin-gonic/gin/context.go:108 +0x43
github.com/gin-contrib/sessions.Sessions.func1(0xc000624e70)
	/home/dev/go/src/github.com/gin-contrib/sessions/sessions.go:65 +0x19f
github.com/gin-gonic/gin.(*Context).Next(0xc000624e70)
	/home/dev/go/src/github.com/gin-gonic/gin/context.go:108 +0x43
github.com/gin-gonic/gin.LoggerWithWriter.func1(0xc000624e70)
	/home/dev/go/src/github.com/gin-gonic/gin/logger.go:84 +0xd2
github.com/gin-gonic/gin.(*Context).Next(0xc000624e70)
	/home/dev/go/src/github.com/gin-gonic/gin/context.go:108 +0x43
github.com/gin-gonic/gin.(*Engine).handleHTTPRequest(0xc0005270e0, 0xc000624e70)
	/home/dev/go/src/github.com/gin-gonic/gin/gin.go:363 +0x5ab
github.com/gin-gonic/gin.(*Engine).ServeHTTP(0xc0005270e0, 0xce6c00, 0xc000620540, 0xc0005ab200)
	/home/dev/go/src/github.com/gin-gonic/gin/gin.go:328 +0x132
net/http.serverHandler.ServeHTTP(0xc0001f6340, 0xce6c00, 0xc000620540, 0xc0005ab200)
	/usr/local/go/src/net/http/server.go:2741 +0xab
net/http.(*conn).serve(0xc000266b40, 0xce7740, 0xc000724600)
	/usr/local/go/src/net/http/server.go:1847 +0x646
created by net/http.(*Server).Serve
	/usr/local/go/src/net/http/server.go:2851 +0x2f5
http: panic serving 127.0.0.1:58620: template: contest-detail.html:66:5: executing "content" at <eq .data.contestStar...>: error calling eq: invalid type for comparison
goroutine 78 [running]:
net/http.(*conn).serve.func1(0xc0000ca820)
	/usr/local/go/src/net/http/server.go:1746 +0xd0
panic(0xb737e0, 0xc00027e600)
	/usr/local/go/src/runtime/panic.go:513 +0x1b9
github.com/gin-gonic/gin.(*Context).Render(0xc0002e7b80, 0xc8, 0xce5d00, 0xc0005883c0)
	/home/dev/go/src/github.com/gin-gonic/gin/context.go:725 +0x160
github.com/gin-gonic/gin.(*Context).HTML(0xc0002e7b80, 0xc8, 0xc173d5, 0xe, 0xb4cb40, 0xc00063a570)
	/home/dev/go/src/github.com/gin-gonic/gin/context.go:734 +0x93
_/mnt/CC9EDBF69EDBD6D4/Development_World/Backup_22-4-18/Projects/Interni/Programming_Contest_Management_Platform/app/views.Render(0xc0002e7b80, 0xc173d5, 0xe, 0xc00063a540)
	/mnt/CC9EDBF69EDBD6D4/Development World/Backup 22-4-18/Projects/Interni/Programming Contest Management Platform/app/views/views.go:44 +0x1d6
_/mnt/CC9EDBF69EDBD6D4/Development_World/Backup_22-4-18/Projects/Interni/Programming_Contest_Management_Platform/app/controllers.ContestDetail(0xc0002e7b80)
	/mnt/CC9EDBF69EDBD6D4/Development World/Backup 22-4-18/Projects/Interni/Programming Contest Management Platform/app/controllers/contest.controllers.go:103 +0xd3b
github.com/gin-gonic/gin.(*Context).Next(0xc0002e7b80)
	/home/dev/go/src/github.com/gin-gonic/gin/context.go:108 +0x43
github.com/gin-contrib/sessions.Sessions.func1(0xc0002e7b80)
	/home/dev/go/src/github.com/gin-contrib/sessions/sessions.go:65 +0x19f
github.com/gin-gonic/gin.(*Context).Next(0xc0002e7b80)
	/home/dev/go/src/github.com/gin-gonic/gin/context.go:108 +0x43
github.com/gin-gonic/gin.LoggerWithWriter.func1(0xc0002e7b80)
	/home/dev/go/src/github.com/gin-gonic/gin/logger.go:84 +0xd2
github.com/gin-gonic/gin.(*Context).Next(0xc0002e7b80)
	/home/dev/go/src/github.com/gin-gonic/gin/context.go:108 +0x43
github.com/gin-gonic/gin.(*Engine).handleHTTPRequest(0xc00040ea20, 0xc0002e7b80)
	/home/dev/go/src/github.com/gin-gonic/gin/gin.go:363 +0x5ab
github.com/gin-gonic/gin.(*Engine).ServeHTTP(0xc00040ea20, 0xce6c80, 0xc0000342a0, 0xc0002daa00)
	/home/dev/go/src/github.com/gin-gonic/gin/gin.go:328 +0x132
net/http.serverHandler.ServeHTTP(0xc0005c4d00, 0xce6c80, 0xc0000342a0, 0xc0002daa00)
	/usr/local/go/src/net/http/server.go:2741 +0xab
net/http.(*conn).serve(0xc0000ca820, 0xce77c0, 0xc0005ccec0)
	/usr/local/go/src/net/http/server.go:1847 +0x646
created by net/http.(*Server).Serve
	/usr/local/go/src/net/http/server.go:2851 +0x2f5
http: panic serving 127.0.0.1:58616: template: contest-detail.html:66:5: executing "content" at <eq .data.contestStar...>: error calling eq: invalid type for comparison
goroutine 76 [running]:
net/http.(*conn).serve.func1(0xc0000ca140)
	/usr/local/go/src/net/http/server.go:1746 +0xd0
panic(0xb737e0, 0xc00069afe0)
	/usr/local/go/src/runtime/panic.go:513 +0x1b9
github.com/gin-gonic/gin.(*Context).Render(0xc0002e7760, 0xc8, 0xce5d00, 0xc00070f110)
	/home/dev/go/src/github.com/gin-gonic/gin/context.go:725 +0x160
github.com/gin-gonic/gin.(*Context).HTML(0xc0002e7760, 0xc8, 0xc173d5, 0xe, 0xb4cb40, 0xc00059faa0)
	/home/dev/go/src/github.com/gin-gonic/gin/context.go:734 +0x93
_/mnt/CC9EDBF69EDBD6D4/Development_World/Backup_22-4-18/Projects/Interni/Programming_Contest_Management_Platform/app/views.Render(0xc0002e7760, 0xc173d5, 0xe, 0xc00059fa70)
	/mnt/CC9EDBF69EDBD6D4/Development World/Backup 22-4-18/Projects/Interni/Programming Contest Management Platform/app/views/views.go:44 +0x1d6
_/mnt/CC9EDBF69EDBD6D4/Development_World/Backup_22-4-18/Projects/Interni/Programming_Contest_Management_Platform/app/controllers.ContestDetail(0xc0002e7760)
	/mnt/CC9EDBF69EDBD6D4/Development World/Backup 22-4-18/Projects/Interni/Programming Contest Management Platform/app/controllers/contest.controllers.go:103 +0xd3b
github.com/gin-gonic/gin.(*Context).Next(0xc0002e7760)
	/home/dev/go/src/github.com/gin-gonic/gin/context.go:108 +0x43
github.com/gin-contrib/sessions.Sessions.func1(0xc0002e7760)
	/home/dev/go/src/github.com/gin-contrib/sessions/sessions.go:65 +0x19f
github.com/gin-gonic/gin.(*Context).Next(0xc0002e7760)
	/home/dev/go/src/github.com/gin-gonic/gin/context.go:108 +0x43
github.com/gin-gonic/gin.LoggerWithWriter.func1(0xc0002e7760)
	/home/dev/go/src/github.com/gin-gonic/gin/logger.go:84 +0xd2
github.com/gin-gonic/gin.(*Context).Next(0xc0002e7760)
	/home/dev/go/src/github.com/gin-gonic/gin/context.go:108 +0x43
github.com/gin-gonic/gin.(*Engine).handleHTTPRequest(0xc00040ea20, 0xc0002e7760)
	/home/dev/go/src/github.com/gin-gonic/gin/gin.go:363 +0x5ab
github.com/gin-gonic/gin.(*Engine).ServeHTTP(0xc00040ea20, 0xce6c80, 0xc00068a2a0, 0xc0005e6500)
	/home/dev/go/src/github.com/gin-gonic/gin/gin.go:328 +0x132
net/http.serverHandler.ServeHTTP(0xc0005c4d00, 0xce6c80, 0xc00068a2a0, 0xc0005e6500)
	/usr/local/go/src/net/http/server.go:2741 +0xab
net/http.(*conn).serve(0xc0000ca140, 0xce77c0, 0xc0005cce00)
	/usr/local/go/src/net/http/server.go:1847 +0x646
created by net/http.(*Server).Serve
	/usr/local/go/src/net/http/server.go:2851 +0x2f5
http: panic serving 127.0.0.1:58630: template: contest-detail.html:66:5: executing "content" at <eq .data.contestStar...>: error calling eq: invalid type for comparison
goroutine 48 [running]:
net/http.(*conn).serve.func1(0xc00024a500)
	/usr/local/go/src/net/http/server.go:1746 +0xd0
panic(0xb737e0, 0xc000659ea0)
	/usr/local/go/src/runtime/panic.go:513 +0x1b9
github.com/gin-gonic/gin.(*Context).Render(0xc0006a0000, 0xc8, 0xce5d00, 0xc000742420)
	/home/dev/go/src/github.com/gin-gonic/gin/context.go:725 +0x160
github.com/gin-gonic/gin.(*Context).HTML(0xc0006a0000, 0xc8, 0xc173d5, 0xe, 0xb4cb40, 0xc00061fa10)
	/home/dev/go/src/github.com/gin-gonic/gin/context.go:734 +0x93
_/mnt/CC9EDBF69EDBD6D4/Development_World/Backup_22-4-18/Projects/Interni/Programming_Contest_Management_Platform/app/views.Render(0xc0006a0000, 0xc173d5, 0xe, 0xc00061f9e0)
	/mnt/CC9EDBF69EDBD6D4/Development World/Backup 22-4-18/Projects/Interni/Programming Contest Management Platform/app/views/views.go:44 +0x1d6
_/mnt/CC9EDBF69EDBD6D4/Development_World/Backup_22-4-18/Projects/Interni/Programming_Contest_Management_Platform/app/controllers.ContestDetail(0xc0006a0000)
	/mnt/CC9EDBF69EDBD6D4/Development World/Backup 22-4-18/Projects/Interni/Programming Contest Management Platform/app/controllers/contest.controllers.go:103 +0xd3b
github.com/gin-gonic/gin.(*Context).Next(0xc0006a0000)
	/home/dev/go/src/github.com/gin-gonic/gin/context.go:108 +0x43
github.com/gin-contrib/sessions.Sessions.func1(0xc0006a0000)
	/home/dev/go/src/github.com/gin-contrib/sessions/sessions.go:65 +0x19f
github.com/gin-gonic/gin.(*Context).Next(0xc0006a0000)
	/home/dev/go/src/github.com/gin-gonic/gin/context.go:108 +0x43
github.com/gin-gonic/gin.LoggerWithWriter.func1(0xc0006a0000)
	/home/dev/go/src/github.com/gin-gonic/gin/logger.go:84 +0xd2
github.com/gin-gonic/gin.(*Context).Next(0xc0006a0000)
	/home/dev/go/src/github.com/gin-gonic/gin/context.go:108 +0x43
github.com/gin-gonic/gin.(*Engine).handleHTTPRequest(0xc00040ea20, 0xc0006a0000)
	/home/dev/go/src/github.com/gin-gonic/gin/gin.go:363 +0x5ab
github.com/gin-gonic/gin.(*Engine).ServeHTTP(0xc00040ea20, 0xce6c80, 0xc0005fa620, 0xc0002db000)
	/home/dev/go/src/github.com/gin-gonic/gin/gin.go:328 +0x132
net/http.serverHandler.ServeHTTP(0xc0005c4d00, 0xce6c80, 0xc0005fa620, 0xc0002db000)
	/usr/local/go/src/net/http/server.go:2741 +0xab
net/http.(*conn).serve(0xc00024a500, 0xce77c0, 0xc0001d2680)
	/usr/local/go/src/net/http/server.go:1847 +0x646
created by net/http.(*Server).Serve
	/usr/local/go/src/net/http/server.go:2851 +0x2f5
http: panic serving 127.0.0.1:58632: template: contest-detail.html:66:5: executing "content" at <eq .data.contestStar...>: error calling eq: invalid type for comparison
goroutine 115 [running]:
net/http.(*conn).serve.func1(0xc0000cb220)
	/usr/local/go/src/net/http/server.go:1746 +0xd0
panic(0xb737e0, 0xc00076fd40)
	/usr/local/go/src/runtime/panic.go:513 +0x1b9
github.com/gin-gonic/gin.(*Context).Render(0xc000103970, 0xc8, 0xce5d00, 0xc00077de90)
	/home/dev/go/src/github.com/gin-gonic/gin/context.go:725 +0x160
github.com/gin-gonic/gin.(*Context).HTML(0xc000103970, 0xc8, 0xc173d5, 0xe, 0xb4cb40, 0xc00074dbc0)
	/home/dev/go/src/github.com/gin-gonic/gin/context.go:734 +0x93
_/mnt/CC9EDBF69EDBD6D4/Development_World/Backup_22-4-18/Projects/Interni/Programming_Contest_Management_Platform/app/views.Render(0xc000103970, 0xc173d5, 0xe, 0xc00074db90)
	/mnt/CC9EDBF69EDBD6D4/Development World/Backup 22-4-18/Projects/Interni/Programming Contest Management Platform/app/views/views.go:44 +0x1d6
_/mnt/CC9EDBF69EDBD6D4/Development_World/Backup_22-4-18/Projects/Interni/Programming_Contest_Management_Platform/app/controllers.ContestDetail(0xc000103970)
	/mnt/CC9EDBF69EDBD6D4/Development World/Backup 22-4-18/Projects/Interni/Programming Contest Management Platform/app/controllers/contest.controllers.go:103 +0xd3b
github.com/gin-gonic/gin.(*Context).Next(0xc000103970)
	/home/dev/go/src/github.com/gin-gonic/gin/context.go:108 +0x43
github.com/gin-contrib/sessions.Sessions.func1(0xc000103970)
	/home/dev/go/src/github.com/gin-contrib/sessions/sessions.go:65 +0x19f
github.com/gin-gonic/gin.(*Context).Next(0xc000103970)
	/home/dev/go/src/github.com/gin-gonic/gin/context.go:108 +0x43
github.com/gin-gonic/gin.LoggerWithWriter.func1(0xc000103970)
	/home/dev/go/src/github.com/gin-gonic/gin/logger.go:84 +0xd2
github.com/gin-gonic/gin.(*Context).Next(0xc000103970)
	/home/dev/go/src/github.com/gin-gonic/gin/context.go:108 +0x43
github.com/gin-gonic/gin.(*Engine).handleHTTPRequest(0xc00040ea20, 0xc000103970)
	/home/dev/go/src/github.com/gin-gonic/gin/gin.go:363 +0x5ab
github.com/gin-gonic/gin.(*Engine).ServeHTTP(0xc00040ea20, 0xce6c80, 0xc000034380, 0xc0002db500)
	/home/dev/go/src/github.com/gin-gonic/gin/gin.go:328 +0x132
net/http.serverHandler.ServeHTTP(0xc0005c4d00, 0xce6c80, 0xc000034380, 0xc0002db500)
	/usr/local/go/src/net/http/server.go:2741 +0xab
net/http.(*conn).serve(0xc0000cb220, 0xce77c0, 0xc0001d2ec0)
	/usr/local/go/src/net/http/server.go:1847 +0x646
created by net/http.(*Server).Serve
	/usr/local/go/src/net/http/server.go:2851 +0x2f5
http: panic serving 127.0.0.1:58634: template: contest-detail.html:66:5: executing "content" at <eq .data.contestStar...>: error calling eq: invalid type for comparison
goroutine 113 [running]:
net/http.(*conn).serve.func1(0xc000210820)
	/usr/local/go/src/net/http/server.go:1746 +0xd0
panic(0xb737e0, 0xc0007ba560)
	/usr/local/go/src/runtime/panic.go:513 +0x1b9
github.com/gin-gonic/gin.(*Context).Render(0xc00072cc60, 0xc8, 0xce5d00, 0xc0007b70b0)
	/home/dev/go/src/github.com/gin-gonic/gin/context.go:725 +0x160
github.com/gin-gonic/gin.(*Context).HTML(0xc00072cc60, 0xc8, 0xc173d5, 0xe, 0xb4cb40, 0xc00073fc20)
	/home/dev/go/src/github.com/gin-gonic/gin/context.go:734 +0x93
_/mnt/CC9EDBF69EDBD6D4/Development_World/Backup_22-4-18/Projects/Interni/Programming_Contest_Management_Platform/app/views.Render(0xc00072cc60, 0xc173d5, 0xe, 0xc00073fbf0)
	/mnt/CC9EDBF69EDBD6D4/Development World/Backup 22-4-18/Projects/Interni/Programming Contest Management Platform/app/views/views.go:44 +0x1d6
_/mnt/CC9EDBF69EDBD6D4/Development_World/Backup_22-4-18/Projects/Interni/Programming_Contest_Management_Platform/app/controllers.ContestDetail(0xc00072cc60)
	/mnt/CC9EDBF69EDBD6D4/Development World/Backup 22-4-18/Projects/Interni/Programming Contest Management Platform/app/controllers/contest.controllers.go:103 +0xd3b
github.com/gin-gonic/gin.(*Context).Next(0xc00072cc60)
	/home/dev/go/src/github.com/gin-gonic/gin/context.go:108 +0x43
github.com/gin-contrib/sessions.Sessions.func1(0xc00072cc60)
	/home/dev/go/src/github.com/gin-contrib/sessions/sessions.go:65 +0x19f
github.com/gin-gonic/gin.(*Context).Next(0xc00072cc60)
	/home/dev/go/src/github.com/gin-gonic/gin/context.go:108 +0x43
github.com/gin-gonic/gin.LoggerWithWriter.func1(0xc00072cc60)
	/home/dev/go/src/github.com/gin-gonic/gin/logger.go:84 +0xd2
github.com/gin-gonic/gin.(*Context).Next(0xc00072cc60)
	/home/dev/go/src/github.com/gin-gonic/gin/context.go:108 +0x43
github.com/gin-gonic/gin.(*Engine).handleHTTPRequest(0xc00040ea20, 0xc00072cc60)
	/home/dev/go/src/github.com/gin-gonic/gin/gin.go:363 +0x5ab
github.com/gin-gonic/gin.(*Engine).ServeHTTP(0xc00040ea20, 0xce6c80, 0xc0005fa700, 0xc0005e6000)
	/home/dev/go/src/github.com/gin-gonic/gin/gin.go:328 +0x132
net/http.serverHandler.ServeHTTP(0xc0005c4d00, 0xce6c80, 0xc0005fa700, 0xc0005e6000)
	/usr/local/go/src/net/http/server.go:2741 +0xab
net/http.(*conn).serve(0xc000210820, 0xce77c0, 0xc000740240)
	/usr/local/go/src/net/http/server.go:1847 +0x646
created by net/http.(*Server).Serve
	/usr/local/go/src/net/http/server.go:2851 +0x2f5
http: panic serving 127.0.0.1:58636: template: contest-detail.html:66:5: executing "content" at <eq .data.contestStar...>: error calling eq: invalid type for comparison
goroutine 49 [running]:
net/http.(*conn).serve.func1(0xc00024a640)
	/usr/local/go/src/net/http/server.go:1746 +0xd0
panic(0xb737e0, 0xc0007fa1a0)
	/usr/local/go/src/runtime/panic.go:513 +0x1b9
github.com/gin-gonic/gin.(*Context).Render(0xc000702e70, 0xc8, 0xce5d00, 0xc0007f4000)
	/home/dev/go/src/github.com/gin-gonic/gin/context.go:725 +0x160
github.com/gin-gonic/gin.(*Context).HTML(0xc000702e70, 0xc8, 0xc173d5, 0xe, 0xb4cb40, 0xc0007dc9f0)
	/home/dev/go/src/github.com/gin-gonic/gin/context.go:734 +0x93
_/mnt/CC9EDBF69EDBD6D4/Development_World/Backup_22-4-18/Projects/Interni/Programming_Contest_Management_Platform/app/views.Render(0xc000702e70, 0xc173d5, 0xe, 0xc0007dc9c0)
	/mnt/CC9EDBF69EDBD6D4/Development World/Backup 22-4-18/Projects/Interni/Programming Contest Management Platform/app/views/views.go:44 +0x1d6
_/mnt/CC9EDBF69EDBD6D4/Development_World/Backup_22-4-18/Projects/Interni/Programming_Contest_Management_Platform/app/controllers.ContestDetail(0xc000702e70)
	/mnt/CC9EDBF69EDBD6D4/Development World/Backup 22-4-18/Projects/Interni/Programming Contest Management Platform/app/controllers/contest.controllers.go:103 +0xd3b
github.com/gin-gonic/gin.(*Context).Next(0xc000702e70)
	/home/dev/go/src/github.com/gin-gonic/gin/context.go:108 +0x43
github.com/gin-contrib/sessions.Sessions.func1(0xc000702e70)
	/home/dev/go/src/github.com/gin-contrib/sessions/sessions.go:65 +0x19f
github.com/gin-gonic/gin.(*Context).Next(0xc000702e70)
	/home/dev/go/src/github.com/gin-gonic/gin/context.go:108 +0x43
github.com/gin-gonic/gin.LoggerWithWriter.func1(0xc000702e70)
	/home/dev/go/src/github.com/gin-gonic/gin/logger.go:84 +0xd2
github.com/gin-gonic/gin.(*Context).Next(0xc000702e70)
	/home/dev/go/src/github.com/gin-gonic/gin/context.go:108 +0x43
github.com/gin-gonic/gin.(*Engine).handleHTTPRequest(0xc00040ea20, 0xc000702e70)
	/home/dev/go/src/github.com/gin-gonic/gin/gin.go:363 +0x5ab
github.com/gin-gonic/gin.(*Engine).ServeHTTP(0xc00040ea20, 0xce6c80, 0xc00068a380, 0xc0007b2200)
	/home/dev/go/src/github.com/gin-gonic/gin/gin.go:328 +0x132
net/http.serverHandler.ServeHTTP(0xc0005c4d00, 0xce6c80, 0xc00068a380, 0xc0007b2200)
	/usr/local/go/src/net/http/server.go:2741 +0xab
net/http.(*conn).serve(0xc00024a640, 0xce77c0, 0xc000631740)
	/usr/local/go/src/net/http/server.go:1847 +0x646
created by net/http.(*Server).Serve
	/usr/local/go/src/net/http/server.go:2851 +0x2f5
http: panic serving 127.0.0.1:58638: template: contest-detail.html:66:5: executing "content" at <eq .data.contestStar...>: error calling eq: invalid type for comparison
goroutine 149 [running]:
net/http.(*conn).serve.func1(0xc00024a780)
	/usr/local/go/src/net/http/server.go:1746 +0xd0
panic(0xb737e0, 0xc0007fada0)
	/usr/local/go/src/runtime/panic.go:513 +0x1b9
github.com/gin-gonic/gin.(*Context).Render(0xc0007e04d0, 0xc8, 0xce5d00, 0xc0008245d0)
	/home/dev/go/src/github.com/gin-gonic/gin/context.go:725 +0x160
github.com/gin-gonic/gin.(*Context).HTML(0xc0007e04d0, 0xc8, 0xc173d5, 0xe, 0xb4cb40, 0xc0007ede60)
	/home/dev/go/src/github.com/gin-gonic/gin/context.go:734 +0x93
_/mnt/CC9EDBF69EDBD6D4/Development_World/Backup_22-4-18/Projects/Interni/Programming_Contest_Management_Platform/app/views.Render(0xc0007e04d0, 0xc173d5, 0xe, 0xc0007ede30)
	/mnt/CC9EDBF69EDBD6D4/Development World/Backup 22-4-18/Projects/Interni/Programming Contest Management Platform/app/views/views.go:44 +0x1d6
_/mnt/CC9EDBF69EDBD6D4/Development_World/Backup_22-4-18/Projects/Interni/Programming_Contest_Management_Platform/app/controllers.ContestDetail(0xc0007e04d0)
	/mnt/CC9EDBF69EDBD6D4/Development World/Backup 22-4-18/Projects/Interni/Programming Contest Management Platform/app/controllers/contest.controllers.go:103 +0xd3b
github.com/gin-gonic/gin.(*Context).Next(0xc0007e04d0)
	/home/dev/go/src/github.com/gin-gonic/gin/context.go:108 +0x43
github.com/gin-contrib/sessions.Sessions.func1(0xc0007e04d0)
	/home/dev/go/src/github.com/gin-contrib/sessions/sessions.go:65 +0x19f
github.com/gin-gonic/gin.(*Context).Next(0xc0007e04d0)
	/home/dev/go/src/github.com/gin-gonic/gin/context.go:108 +0x43
github.com/gin-gonic/gin.LoggerWithWriter.func1(0xc0007e04d0)
	/home/dev/go/src/github.com/gin-gonic/gin/logger.go:84 +0xd2
github.com/gin-gonic/gin.(*Context).Next(0xc0007e04d0)
	/home/dev/go/src/github.com/gin-gonic/gin/context.go:108 +0x43
github.com/gin-gonic/gin.(*Engine).handleHTTPRequest(0xc00040ea20, 0xc0007e04d0)
	/home/dev/go/src/github.com/gin-gonic/gin/gin.go:363 +0x5ab
github.com/gin-gonic/gin.(*Engine).ServeHTTP(0xc00040ea20, 0xce6c80, 0xc00068a460, 0xc0007b2a00)
	/home/dev/go/src/github.com/gin-gonic/gin/gin.go:328 +0x132
net/http.serverHandler.ServeHTTP(0xc0005c4d00, 0xce6c80, 0xc00068a460, 0xc0007b2a00)
	/usr/local/go/src/net/http/server.go:2741 +0xab
net/http.(*conn).serve(0xc00024a780, 0xce77c0, 0xc0007e6900)
	/usr/local/go/src/net/http/server.go:1847 +0x646
created by net/http.(*Server).Serve
	/usr/local/go/src/net/http/server.go:2851 +0x2f5
http: panic serving 127.0.0.1:58640: template: contest-detail.html:66:5: executing "content" at <eq .data.contestStar...>: error calling eq: invalid type for comparison
goroutine 133 [running]:
net/http.(*conn).serve.func1(0xc000210e60)
	/usr/local/go/src/net/http/server.go:1746 +0xd0
panic(0xb737e0, 0xc000850ae0)
	/usr/local/go/src/runtime/panic.go:513 +0x1b9
github.com/gin-gonic/gin.(*Context).Render(0xc0007ae2c0, 0xc8, 0xce5d00, 0xc0008537d0)
	/home/dev/go/src/github.com/gin-gonic/gin/context.go:725 +0x160
github.com/gin-gonic/gin.(*Context).HTML(0xc0007ae2c0, 0xc8, 0xc173d5, 0xe, 0xb4cb40, 0xc000829d40)
	/home/dev/go/src/github.com/gin-gonic/gin/context.go:734 +0x93
_/mnt/CC9EDBF69EDBD6D4/Development_World/Backup_22-4-18/Projects/Interni/Programming_Contest_Management_Platform/app/views.Render(0xc0007ae2c0, 0xc173d5, 0xe, 0xc000829d10)
	/mnt/CC9EDBF69EDBD6D4/Development World/Backup 22-4-18/Projects/Interni/Programming Contest Management Platform/app/views/views.go:44 +0x1d6
_/mnt/CC9EDBF69EDBD6D4/Development_World/Backup_22-4-18/Projects/Interni/Programming_Contest_Management_Platform/app/controllers.ContestDetail(0xc0007ae2c0)
	/mnt/CC9EDBF69EDBD6D4/Development World/Backup 22-4-18/Projects/Interni/Programming Contest Management Platform/app/controllers/contest.controllers.go:103 +0xd3b
github.com/gin-gonic/gin.(*Context).Next(0xc0007ae2c0)
	/home/dev/go/src/github.com/gin-gonic/gin/context.go:108 +0x43
github.com/gin-contrib/sessions.Sessions.func1(0xc0007ae2c0)
	/home/dev/go/src/github.com/gin-contrib/sessions/sessions.go:65 +0x19f
github.com/gin-gonic/gin.(*Context).Next(0xc0007ae2c0)
	/home/dev/go/src/github.com/gin-gonic/gin/context.go:108 +0x43
github.com/gin-gonic/gin.LoggerWithWriter.func1(0xc0007ae2c0)
	/home/dev/go/src/github.com/gin-gonic/gin/logger.go:84 +0xd2
github.com/gin-gonic/gin.(*Context).Next(0xc0007ae2c0)
	/home/dev/go/src/github.com/gin-gonic/gin/context.go:108 +0x43
github.com/gin-gonic/gin.(*Engine).handleHTTPRequest(0xc00040ea20, 0xc0007ae2c0)
	/home/dev/go/src/github.com/gin-gonic/gin/gin.go:363 +0x5ab
github.com/gin-gonic/gin.(*Engine).ServeHTTP(0xc00040ea20, 0xce6c80, 0xc0005fa7e0, 0xc0005e7000)
	/home/dev/go/src/github.com/gin-gonic/gin/gin.go:328 +0x132
net/http.serverHandler.ServeHTTP(0xc0005c4d00, 0xce6c80, 0xc0005fa7e0, 0xc0005e7000)
	/usr/local/go/src/net/http/server.go:2741 +0xab
net/http.(*conn).serve(0xc000210e60, 0xce77c0, 0xc0008228c0)
	/usr/local/go/src/net/http/server.go:1847 +0x646
created by net/http.(*Server).Serve
	/usr/local/go/src/net/http/server.go:2851 +0x2f5
http: panic serving 127.0.0.1:58642: template: contest-detail.html:66:5: executing "content" at <eq .data.contestStar...>: error calling eq: invalid type for comparison
goroutine 162 [running]:
net/http.(*conn).serve.func1(0xc000210000)
	/usr/local/go/src/net/http/server.go:1746 +0xd0
panic(0xb737e0, 0xc000672360)
	/usr/local/go/src/runtime/panic.go:513 +0x1b9
github.com/gin-gonic/gin.(*Context).Render(0xc0007ae000, 0xc8, 0xce5d00, 0xc00061f080)
	/home/dev/go/src/github.com/gin-gonic/gin/context.go:725 +0x160
github.com/gin-gonic/gin.(*Context).HTML(0xc0007ae000, 0xc8, 0xc173d5, 0xe, 0xb4cb40, 0xc000829860)
	/home/dev/go/src/github.com/gin-gonic/gin/context.go:734 +0x93
_/mnt/CC9EDBF69EDBD6D4/Development_World/Backup_22-4-18/Projects/Interni/Programming_Contest_Management_Platform/app/views.Render(0xc0007ae000, 0xc173d5, 0xe, 0xc000829830)
	/mnt/CC9EDBF69EDBD6D4/Development World/Backup 22-4-18/Projects/Interni/Programming Contest Management Platform/app/views/views.go:44 +0x1d6
_/mnt/CC9EDBF69EDBD6D4/Development_World/Backup_22-4-18/Projects/Interni/Programming_Contest_Management_Platform/app/controllers.ContestDetail(0xc0007ae000)
	/mnt/CC9EDBF69EDBD6D4/Development World/Backup 22-4-18/Projects/Interni/Programming Contest Management Platform/app/controllers/contest.controllers.go:103 +0xd3b
github.com/gin-gonic/gin.(*Context).Next(0xc0007ae000)
	/home/dev/go/src/github.com/gin-gonic/gin/context.go:108 +0x43
github.com/gin-contrib/sessions.Sessions.func1(0xc0007ae000)
	/home/dev/go/src/github.com/gin-contrib/sessions/sessions.go:65 +0x19f
github.com/gin-gonic/gin.(*Context).Next(0xc0007ae000)
	/home/dev/go/src/github.com/gin-gonic/gin/context.go:108 +0x43
github.com/gin-gonic/gin.LoggerWithWriter.func1(0xc0007ae000)
	/home/dev/go/src/github.com/gin-gonic/gin/logger.go:84 +0xd2
github.com/gin-gonic/gin.(*Context).Next(0xc0007ae000)
	/home/dev/go/src/github.com/gin-gonic/gin/context.go:108 +0x43
github.com/gin-gonic/gin.(*Engine).handleHTTPRequest(0xc00040ea20, 0xc0007ae000)
	/home/dev/go/src/github.com/gin-gonic/gin/gin.go:363 +0x5ab
github.com/gin-gonic/gin.(*Engine).ServeHTTP(0xc00040ea20, 0xce6c80, 0xc0005fa000, 0xc0005e6000)
	/home/dev/go/src/github.com/gin-gonic/gin/gin.go:328 +0x132
net/http.serverHandler.ServeHTTP(0xc0005c4d00, 0xce6c80, 0xc0005fa000, 0xc0005e6000)
	/usr/local/go/src/net/http/server.go:2741 +0xab
net/http.(*conn).serve(0xc000210000, 0xce77c0, 0xc0008920c0)
	/usr/local/go/src/net/http/server.go:1847 +0x646
created by net/http.(*Server).Serve
	/usr/local/go/src/net/http/server.go:2851 +0x2f5
http: panic serving 127.0.0.1:58644: template: contest-detail.html:66:5: executing "content" at <eq .data.contestStar...>: error calling eq: invalid type for comparison
goroutine 166 [running]:
net/http.(*conn).serve.func1(0xc000210460)
	/usr/local/go/src/net/http/server.go:1746 +0xd0
panic(0xb737e0, 0xc000659e20)
	/usr/local/go/src/runtime/panic.go:513 +0x1b9
github.com/gin-gonic/gin.(*Context).Render(0xc0007af6b0, 0xc8, 0xce5d00, 0xc0000cd500)
	/home/dev/go/src/github.com/gin-gonic/gin/context.go:725 +0x160
github.com/gin-gonic/gin.(*Context).HTML(0xc0007af6b0, 0xc8, 0xc173d5, 0xe, 0xb4cb40, 0xc0005ce930)
	/home/dev/go/src/github.com/gin-gonic/gin/context.go:734 +0x93
_/mnt/CC9EDBF69EDBD6D4/Development_World/Backup_22-4-18/Projects/Interni/Programming_Contest_Management_Platform/app/views.Render(0xc0007af6b0, 0xc173d5, 0xe, 0xc0005ce900)
	/mnt/CC9EDBF69EDBD6D4/Development World/Backup 22-4-18/Projects/Interni/Programming Contest Management Platform/app/views/views.go:44 +0x1d6
_/mnt/CC9EDBF69EDBD6D4/Development_World/Backup_22-4-18/Projects/Interni/Programming_Contest_Management_Platform/app/controllers.ContestDetail(0xc0007af6b0)
	/mnt/CC9EDBF69EDBD6D4/Development World/Backup 22-4-18/Projects/Interni/Programming Contest Management Platform/app/controllers/contest.controllers.go:103 +0xd3b
github.com/gin-gonic/gin.(*Context).Next(0xc0007af6b0)
	/home/dev/go/src/github.com/gin-gonic/gin/context.go:108 +0x43
github.com/gin-contrib/sessions.Sessions.func1(0xc0007af6b0)
	/home/dev/go/src/github.com/gin-contrib/sessions/sessions.go:65 +0x19f
github.com/gin-gonic/gin.(*Context).Next(0xc0007af6b0)
	/home/dev/go/src/github.com/gin-gonic/gin/context.go:108 +0x43
github.com/gin-gonic/gin.LoggerWithWriter.func1(0xc0007af6b0)
	/home/dev/go/src/github.com/gin-gonic/gin/logger.go:84 +0xd2
github.com/gin-gonic/gin.(*Context).Next(0xc0007af6b0)
	/home/dev/go/src/github.com/gin-gonic/gin/context.go:108 +0x43
github.com/gin-gonic/gin.(*Engine).handleHTTPRequest(0xc00040ea20, 0xc0007af6b0)
	/home/dev/go/src/github.com/gin-gonic/gin/gin.go:363 +0x5ab
github.com/gin-gonic/gin.(*Engine).ServeHTTP(0xc00040ea20, 0xce6c80, 0xc0005fa0e0, 0xc0005e6c00)
	/home/dev/go/src/github.com/gin-gonic/gin/gin.go:328 +0x132
net/http.serverHandler.ServeHTTP(0xc0005c4d00, 0xce6c80, 0xc0005fa0e0, 0xc0005e6c00)
	/usr/local/go/src/net/http/server.go:2741 +0xab
net/http.(*conn).serve(0xc000210460, 0xce77c0, 0xc000630000)
	/usr/local/go/src/net/http/server.go:1847 +0x646
created by net/http.(*Server).Serve
	/usr/local/go/src/net/http/server.go:2851 +0x2f5
